 Align

 Timestamp is 5987bee0 (Mon Aug  7 04:14:08 2017)

 Preferred load address is 10000000

 Start         Length     Name                   Class
 0001:00000000 00000004H .CRT$XCA                CODE
 0001:00000004 00000004H .CRT$XCZ                CODE
 0001:00000008 00000004H .CRT$XIA                CODE
 0001:0000000c 0000000cH .CRT$XIC                CODE
 0001:00000018 00000004H .CRT$XIZ                CODE
 0001:0000001c 00000004H .CRT$XPA                CODE
 0001:00000020 00000008H .CRT$XPX                CODE
 0001:00000028 00000004H .CRT$XPXA               CODE
 0001:0000002c 00000004H .CRT$XPZ                CODE
 0001:00000030 00000004H .CRT$XTA                CODE
 0001:00000034 0000000cH .CRT$XTZ                CODE
 0001:00000040 00004bdcH .rdata                  CODE
 0001:00004c1c 00000134H .rdata$r                CODE
 0001:00004d50 0000000cH .rdata$sxdata           CODE
 0001:00004d5c 000002c4H .rdata$zzzdbg           CODE
 0001:00005020 00000004H .rtc$IAA                CODE
 0001:00005024 00000004H .rtc$IZZ                CODE
 0001:00005028 00000004H .rtc$TAA                CODE
 0001:0000502c 00000004H .rtc$TZZ                CODE
 0001:00005030 0000c7b0H .text$mn                CODE
 0001:000117e0 00000040H .text$yd                CODE
 0001:00011820 00000420H .xdata$x                CODE
 0001:00011c40 0000008eH .edata                  CODE
 0002:00000000 00000770H .data                   DATA
 0002:00000770 00000078H .data$r                 DATA
 0002:000007e8 00000be4H .bss                    DATA
 0003:00000000 00000110H .idata$5                DATA
 0003:00000110 00000004H .00cfg                  DATA
 0003:00000114 00000014H .idata$2                DATA
 0003:00000128 00000014H .idata$3                DATA
 0003:0000013c 00000110H .idata$4                DATA
 0003:0000024c 000004deH .idata$6                DATA
 0004:00000000 0000008cH .gfids$x                DATA
 0004:0000008c 00000044H .gfids$y                DATA
 0005:00000000 00000060H .rsrc$01                DATA
 0005:00000060 00000360H .rsrc$02                DATA

  Address         Publics by Value              Rva+Base       Lib:Object

 0000:00000000       ___guard_fids_count        00000000     <absolute>
 0000:00000000       ___guard_longjmp_count     00000000     <absolute>
 0000:00000000       ___guard_longjmp_table     00000000     <absolute>
 0000:00000000       __except_list              00000000     <absolute>
 0000:00000000       ___guard_iat_table         00000000     <absolute>
 0000:00000000       ___guard_iat_count         00000000     <absolute>
 0000:00000000       ___guard_fids_table        00000000     <absolute>
 0000:00000000       ___dynamic_value_reloc_table 00000000     <absolute>
 0000:00000003       ___safe_se_handler_count   00000003     <absolute>
 0000:00000100       ___guard_flags             00000100     <absolute>
 0000:00000000       ___ImageBase               10000000     <linker-defined>
 0001:00000000       ___xc_a                    10001000     LIBCMT:initializers.obj
 0001:00000004       ___xc_z                    10001004     LIBCMT:initializers.obj
 0001:00000008       ___xi_a                    10001008     LIBCMT:initializers.obj
 0001:0000000c       ___acrt_multibyte_initializer 1000100c     libucrt:multibyte_initializer.obj
 0001:00000010       ___acrt_stdio_initializer  10001010     libucrt:stdio_initializer.obj
 0001:00000014       ___acrt_tran_sse2_initializer 10001014     libucrt:sse2_initializer.obj
 0001:00000018       ___xi_z                    10001018     LIBCMT:initializers.obj
 0001:0000001c       ___xp_a                    1000101c     LIBCMT:initializers.obj
 0001:00000020       ___acrt_locale_terminator  10001020     libucrt:locale_initializer.obj
 0001:00000024       ___dcrt_console_output_terminator 10001024     libucrt:console_output_initializer.obj
 0001:00000028       ___acrt_stdio_terminator   10001028     libucrt:stdio_initializer.obj
 0001:0000002c       ___xp_z                    1000102c     LIBCMT:initializers.obj
 0001:00000030       ___xt_a                    10001030     LIBCMT:initializers.obj
 0001:00000034       ___xt_z                    10001034     LIBCMT:initializers.obj
 0001:00000040       _MainGuid                  10001040     Align.obj
 0001:00000050       _MenuGuid                  10001050     Align.obj
 0001:00000060       _DialogGuid                10001060     Align.obj
 0001:00000070       ??_7?$DialogItemBinding@UFarDialogItem@@@@6B@ 10001070     Align.obj
 0001:00000078       ??_7PluginCheckBoxBinding@@6B@ 10001078     Align.obj
 0001:00000080       ??_7PluginRadioButtonBinding@@6B@ 10001080     Align.obj
 0001:00000088       ??_7PluginIntEditFieldBinding@@6B@ 10001088     Align.obj
 0001:00000090       ??_C@_15EFLNJKHH@?$AA?$CF?$AAu?$AA?$AA@ 10001090     Align.obj
 0001:00000098       ??_7PluginUIntEditFieldBinding@@6B@ 10001098     Align.obj
 0001:000000a0       ??_7?$DialogBuilderBase@UFarDialogItem@@@@6B@ 100010a0     Align.obj
 0001:000000c4       ??_7PluginDialogBuilder@@6B@ 100010c4     Align.obj
 0001:000000e8       ??_C@_11LOCGONAA@?$AA?$AA@ 100010e8     Align.obj
 0001:000000ec       ??_C@_1M@OFJLCCLD@?$AAA?$AAl?$AAi?$AAg?$AAn?$AA?$AA@ 100010ec     Align.obj
 0001:000000f8       ??_C@_1DI@GCKLIMEF@?$AAA?$AAl?$AAi?$AAg?$AAn?$AA?5?$AAb?$AAl?$AAo?$AAc?$AAk?$AA?5?$AAf?$AAo?$AAr?$AA?5?$AAF?$AAa?$AAr?$AA?5?$AAM?$AAa?$AAn?$AAa?$AAg?$AAe?$AAr?$AA?$AA@ 100010f8     Align.obj
 0001:00000130       ??_C@_1DE@BGKMIKPD@?$AAE?$AAu?$AAg?$AAe?$AAn?$AAe?$AA?5?$AAR?$AAo?$AAs?$AAh?$AAa?$AAl?$AA?5?$AA?$CG?$AA?5?$AAF?$AAa?$AAr?$AA?5?$AAG?$AAr?$AAo?$AAu?$AAp?$AA?$AA@ 10001130     Align.obj
 0001:00000164       ??_C@_1BI@JMKBMFLI@?$AAR?$AAi?$AAg?$AAh?$AAt?$AAM?$AAa?$AAr?$AAg?$AAi?$AAn?$AA?$AA@ 10001164     Align.obj
 0001:0000017c       ??_C@_1BC@PKHIBLMF@?$AAR?$AAe?$AAf?$AAo?$AAr?$AAm?$AAa?$AAt?$AA?$AA@ 1000117c     Align.obj
 0001:00000190       ??_C@_1BE@NIKLIADP@?$AAS?$AAm?$AAa?$AAr?$AAt?$AAM?$AAo?$AAd?$AAe?$AA?$AA@ 10001190     Align.obj
 0001:000001a4       ??_C@_1BA@MANOLHD@?$AAJ?$AAu?$AAs?$AAt?$AAi?$AAf?$AAy?$AA?$AA@ 100011a4     Align.obj
 0001:000001c0       __imp__EncodePointer@4     100011c0     vc_crt_fix.obj
 0001:000001c4       __imp__DecodePointer@4     100011c4     vc_crt_fix.obj
 0001:000001c8       __imp__GetModuleHandleExW@12 100011c8     vc_crt_fix.obj
 0001:000001cc       __imp__InitializeSListHead@4 100011cc     vc_crt_fix.obj
 0001:000001d0       __imp__InterlockedFlushSList@4 100011d0     vc_crt_fix.obj
 0001:000001d4       __imp__InterlockedPopEntrySList@4 100011d4     vc_crt_fix.obj
 0001:000001d8       __imp__InterlockedPushEntrySList@8 100011d8     vc_crt_fix.obj
 0001:000001dc       __imp__InterlockedPushListSListEx@16 100011dc     vc_crt_fix.obj
 0001:000001e0       __imp__RtlFirstEntrySList@4 100011e0     vc_crt_fix.obj
 0001:000001e4       __imp__QueryDepthSList@4   100011e4     vc_crt_fix.obj
 0001:000001fc       ??_C@_0O@NLDKAIKN@EncodePointer?$AA@ 100011fc     vc_crt_fix_impl.obj
 0001:0000020c       ??_C@_0O@KBPMFGHI@DecodePointer?$AA@ 1000120c     vc_crt_fix_impl.obj
 0001:0000021c       ??_C@_0BD@GIGEJCNH@GetModuleHandleExW?$AA@ 1000121c     vc_crt_fix_impl.obj
 0001:00000230       ??_C@_0BE@NBEJPEJA@InitializeSListHead?$AA@ 10001230     vc_crt_fix_impl.obj
 0001:00000244       ??_C@_0BG@PLLPFLHB@InterlockedFlushSList?$AA@ 10001244     vc_crt_fix_impl.obj
 0001:0000025c       ??_C@_0BJ@PNEEKDOK@InterlockedPopEntrySList?$AA@ 1000125c     vc_crt_fix_impl.obj
 0001:00000278       ??_C@_0BK@JFGGAIOA@InterlockedPushEntrySList?$AA@ 10001278     vc_crt_fix_impl.obj
 0001:00000294       ??_C@_0BL@FOECAEGO@InterlockedPushListSListEx?$AA@ 10001294     vc_crt_fix_impl.obj
 0001:000002b0       ??_C@_0BD@FHMMIGCI@RtlFirstEntrySList?$AA@ 100012b0     vc_crt_fix_impl.obj
 0001:000002c4       ??_C@_0BA@FGPHPMJB@QueryDepthSList?$AA@ 100012c4     vc_crt_fix_impl.obj
 0001:000002d4       __pRawDllMain              100012d4     LIBCMT:dll_dllmain.obj
 0001:000002d4       __pDefaultRawDllMain       100012d4     LIBCMT:dll_dllmain.obj
 0001:000002dc       ??_7exception@std@@6B@     100012dc     LIBCMT:throw_bad_alloc.obj
 0001:000002e4       ??_C@_0BC@EOODALEL@Unknown?5exception?$AA@ 100012e4     LIBCMT:throw_bad_alloc.obj
 0001:000002fc       ??_7bad_alloc@std@@6B@     100012fc     LIBCMT:throw_bad_alloc.obj
 0001:00000304       ??_C@_0P@GHFPNOJB@bad?5allocation?$AA@ 10001304     LIBCMT:throw_bad_alloc.obj
 0001:00000318       ??_7bad_array_new_length@std@@6B@ 10001318     LIBCMT:throw_bad_alloc.obj
 0001:00000320       ??_C@_0BF@KINCDENJ@bad?5array?5new?5length?$AA@ 10001320     LIBCMT:throw_bad_alloc.obj
 0001:0000033c       ??_7type_info@@6B@         1000133c     LIBCMT:std_type_info_static.obj
 0001:00000378       ??_C@_1BC@DNHGCMLG@?$AAa?$AAd?$AAv?$AAa?$AAp?$AAi?$AA3?$AA2?$AA?$AA@ 10001378     libvcruntime:winapi_downlevel.obj
 0001:0000038c       ??_C@_1DM@KHCHBNEB@?$AAa?$AAp?$AAi?$AA?9?$AAm?$AAs?$AA?9?$AAw?$AAi?$AAn?$AA?9?$AAc?$AAo?$AAr?$AAe?$AA?9?$AAf?$AAi?$AAb?$AAe?$AAr?$AAs?$AA?9?$AAl?$AA1?$AA?9?$AA1?$AA?9?$AA1?$AA?$AA@ 1000138c     libvcruntime:winapi_downlevel.obj
 0001:000003c8       ??_C@_1DK@LPPGFMPP@?$AAa?$AAp?$AAi?$AA?9?$AAm?$AAs?$AA?9?$AAw?$AAi?$AAn?$AA?9?$AAc?$AAo?$AAr?$AAe?$AA?9?$AAs?$AAy?$AAn?$AAc?$AAh?$AA?9?$AAl?$AA1?$AA?9?$AA2?$AA?9?$AA0?$AA?$AA@ 100013c8     libvcruntime:winapi_downlevel.obj
 0001:00000404       ??_C@_1BC@GDMECMAK@?$AAk?$AAe?$AAr?$AAn?$AAe?$AAl?$AA3?$AA2?$AA?$AA@ 10001404     libvcruntime:winapi_downlevel.obj
 0001:00000420       ??_C@_08KNHFBNJ@FlsAlloc?$AA@ 10001420     libvcruntime:winapi_downlevel.obj
 0001:00000434       ??_C@_07PEJMOBNF@FlsFree?$AA@ 10001434     libvcruntime:winapi_downlevel.obj
 0001:00000444       ??_C@_0M@GDNOONDI@FlsGetValue?$AA@ 10001444     libvcruntime:winapi_downlevel.obj
 0001:00000458       ??_C@_0M@JCPCPOEF@FlsSetValue?$AA@ 10001458     libvcruntime:winapi_downlevel.obj
 0001:0000046c       ??_C@_0BM@HCFOFFN@InitializeCriticalSectionEx?$AA@ 1000146c     libvcruntime:winapi_downlevel.obj
 0001:00000618       ??_C@_08EHJDFFNH@__based?$CI?$AA@ 10001618     libvcruntime:undname.obj
 0001:00000624       ??_C@_07KOLFKCDI@__cdecl?$AA@ 10001624     libvcruntime:undname.obj
 0001:0000062c       ??_C@_08GHMPAG@__pascal?$AA@ 1000162c     libvcruntime:undname.obj
 0001:00000638       ??_C@_09IFJBGAPI@__stdcall?$AA@ 10001638     libvcruntime:undname.obj
 0001:00000644       ??_C@_0L@NPHFGOKO@__thiscall?$AA@ 10001644     libvcruntime:undname.obj
 0001:00000650       ??_C@_0L@JMKHOMEK@__fastcall?$AA@ 10001650     libvcruntime:undname.obj
 0001:0000065c       ??_C@_0N@BCKKPABJ@__vectorcall?$AA@ 1000165c     libvcruntime:undname.obj
 0001:0000066c       ??_C@_09HIJEGCPM@__clrcall?$AA@ 1000166c     libvcruntime:undname.obj
 0001:00000678       ??_C@_06GHPCKEAG@__eabi?$AA@ 10001678     libvcruntime:undname.obj
 0001:00000680       ??_C@_07JOMMBBKO@__ptr64?$AA@ 10001680     libvcruntime:undname.obj
 0001:00000688       ??_C@_0L@PILCLIHE@__restrict?$AA@ 10001688     libvcruntime:undname.obj
 0001:00000694       ??_C@_0M@GFIIJFMG@__unaligned?$AA@ 10001694     libvcruntime:undname.obj
 0001:000006a0       ??_C@_09DHDLOLLB@restrict?$CI?$AA@ 100016a0     libvcruntime:undname.obj
 0001:000006aa       ??_C@_00CNPNBAHC@?$AA@     100016aa     libvcruntime:undname.obj
 0001:000006ac       ??_C@_04NIHEBCM@?5new?$AA@ 100016ac     libvcruntime:undname.obj
 0001:000006b4       ??_C@_07FPCDHGMM@?5delete?$AA@ 100016b4     libvcruntime:undname.obj
 0001:000006bc       ??_C@_01NEMOKFLO@?$DN?$AA@ 100016bc     libvcruntime:undname.obj
 0001:000006c0       ??_C@_02GPIOPFAK@?$DO?$DO?$AA@ 100016c0     libvcruntime:undname.obj
 0001:000006c4       ??_C@_02FODMEDOG@?$DM?$DM?$AA@ 100016c4     libvcruntime:undname.obj
 0001:000006c8       ??_C@_01DCLJPIOD@?$CB?$AA@ 100016c8     libvcruntime:undname.obj
 0001:000006cc       ??_C@_02EGOFBIJA@?$DN?$DN?$AA@ 100016cc     libvcruntime:undname.obj
 0001:000006d0       ??_C@_02FDNJECIE@?$CB?$DN?$AA@ 100016d0     libvcruntime:undname.obj
 0001:000006d4       ??_C@_02GPECMEKF@?$FL?$FN?$AA@ 100016d4     libvcruntime:undname.obj
 0001:000006d8       ??_C@_08LHJFAFGD@operator?$AA@ 100016d8     libvcruntime:undname.obj
 0001:000006e4       ??_C@_02HBOOOICD@?9?$DO?$AA@ 100016e4     libvcruntime:undname.obj
 0001:000006e8       ??_C@_01NBENCBCI@?$CK?$AA@ 100016e8     libvcruntime:undname.obj
 0001:000006ec       ??_C@_02ECNGHCIF@?$CL?$CL?$AA@ 100016ec     libvcruntime:undname.obj
 0001:000006f0       ??_C@_02BAABKJLB@?9?9?$AA@ 100016f0     libvcruntime:undname.obj
 0001:000006f4       ??_C@_01JOAMLHOP@?9?$AA@   100016f4     libvcruntime:undname.obj
 0001:000006f8       ??_C@_01MIFGBAGJ@?$CL?$AA@ 100016f8     libvcruntime:undname.obj
 0001:000006fc       ??_C@_01HNPIGOCE@?$CG?$AA@ 100016fc     libvcruntime:undname.obj
 0001:00000700       ??_C@_03MNHNFDLC@?9?$DO?$CK?$AA@ 10001700     libvcruntime:undname.obj
 0001:00000704       ??_C@_01KMDKNFGN@?1?$AA@   10001704     libvcruntime:undname.obj
 0001:00000708       ??_C@_01FGNFDNOH@?$CF?$AA@ 10001708     libvcruntime:undname.obj
 0001:0000070c       ??_C@_01MNNFJEPP@?$DM?$AA@ 1000170c     libvcruntime:undname.obj
 0001:00000710       ??_C@_02EHCHHCKH@?$DM?$DN?$AA@ 10001710     libvcruntime:undname.obj
 0001:00000714       ??_C@_01PPODPGHN@?$DO?$AA@ 10001714     libvcruntime:undname.obj
 0001:00000718       ??_C@_02EEKDKGMJ@?$DO?$DN?$AA@ 10001718     libvcruntime:undname.obj
 0001:0000071c       ??_C@_01IHBHIGKO@?0?$AA@   1000171c     libvcruntime:undname.obj
 0001:00000720       ??_C@_02HCKGKOFO@?$CI?$CJ?$AA@ 10001720     libvcruntime:undname.obj
 0001:00000724       ??_C@_01PJKLJHI@?$HO?$AA@  10001724     libvcruntime:undname.obj
 0001:00000728       ??_C@_01JKBOJNNK@?$FO?$AA@ 10001728     libvcruntime:undname.obj
 0001:0000072c       ??_C@_01DNKMNLPK@?$HM?$AA@ 1000172c     libvcruntime:undname.obj
 0001:00000730       ??_C@_02PPKAJPJL@?$CG?$CG?$AA@ 10001730     libvcruntime:undname.obj
 0001:00000734       ??_C@_02NONPIBCD@?$HM?$HM?$AA@ 10001734     libvcruntime:undname.obj
 0001:00000738       ??_C@_02FPIMKNGF@?$CK?$DN?$AA@ 10001738     libvcruntime:undname.obj
 0001:0000073c       ??_C@_02FOEOMHFC@?$CL?$DN?$AA@ 1000173c     libvcruntime:undname.obj
 0001:00000740       ??_C@_02FKMDLLOA@?9?$DN?$AA@ 10001740     libvcruntime:undname.obj
 0001:00000744       ??_C@_02FJEHGPIO@?1?$DN?$AA@ 10001744     libvcruntime:undname.obj
 0001:00000748       ??_C@_02FENAOKFI@?$CF?$DN?$AA@ 10001748     libvcruntime:undname.obj
 0001:0000074c       ??_C@_03IKFCCPFF@?$DO?$DO?$DN?$AA@ 1000174c     libvcruntime:undname.obj
 0001:00000750       ??_C@_03CDNPDDLA@?$DM?$DM?$DN?$AA@ 10001750     libvcruntime:undname.obj
 0001:00000754       ??_C@_02FGJGFEAB@?$CG?$DN?$AA@ 10001754     libvcruntime:undname.obj
 0001:00000758       ??_C@_02DHLNPPGH@?$HM?$DN?$AA@ 10001758     libvcruntime:undname.obj
 0001:0000075c       ??_C@_02MHEGNOJ@?$FO?$DN?$AA@ 1000175c     libvcruntime:undname.obj
 0001:00000760       ??_C@_09IFPLHPGF@?$GAvftable?8?$AA@ 10001760     libvcruntime:undname.obj
 0001:0000076c       ??_C@_09BLBHBJP@?$GAvbtable?8?$AA@ 1000176c     libvcruntime:undname.obj
 0001:00000778       ??_C@_07FEEIOKP@?$GAvcall?8?$AA@ 10001778     libvcruntime:undname.obj
 0001:00000780       ??_C@_08LLFFHHDJ@?$GAtypeof?8?$AA@ 10001780     libvcruntime:undname.obj
 0001:0000078c       ??_C@_0BF@KDPPACIK@?$GAlocal?5static?5guard?8?$AA@ 1000178c     libvcruntime:undname.obj
 0001:000007a4       ??_C@_08OBABFOLI@?$GAstring?8?$AA@ 100017a4     libvcruntime:undname.obj
 0001:000007b0       ??_C@_0BD@JDLKDPAB@?$GAvbase?5destructor?8?$AA@ 100017b0     libvcruntime:undname.obj
 0001:000007c4       ??_C@_0BN@DEGPLNFK@?$GAvector?5deleting?5destructor?8?$AA@ 100017c4     libvcruntime:undname.obj
 0001:000007e4       ??_C@_0BO@OBMKPJIG@?$GAdefault?5constructor?5closure?8?$AA@ 100017e4     libvcruntime:undname.obj
 0001:00000804       ??_C@_0BN@IMDCHIKM@?$GAscalar?5deleting?5destructor?8?$AA@ 10001804     libvcruntime:undname.obj
 0001:00000824       ??_C@_0BO@PFGOCPJJ@?$GAvector?5constructor?5iterator?8?$AA@ 10001824     libvcruntime:undname.obj
 0001:00000844       ??_C@_0BN@LFPFMEDL@?$GAvector?5destructor?5iterator?8?$AA@ 10001844     libvcruntime:undname.obj
 0001:00000864       ??_C@_0CE@IKBNEHA@?$GAvector?5vbase?5constructor?5iterat@ 10001864     libvcruntime:undname.obj
 0001:00000888       ??_C@_0BL@NILFHHPC@?$GAvirtual?5displacement?5map?8?$AA@ 10001888     libvcruntime:undname.obj
 0001:000008a4       ??_C@_0CB@JONCMFFK@?$GAeh?5vector?5constructor?5iterator?8@ 100018a4     libvcruntime:undname.obj
 0001:000008c8       ??_C@_0CA@GCEOPDGL@?$GAeh?5vector?5destructor?5iterator?8?$AA@ 100018c8     libvcruntime:undname.obj
 0001:000008e8       ??_C@_0CH@OOJPLCPH@?$GAeh?5vector?5vbase?5constructor?5ite@ 100018e8     libvcruntime:undname.obj
 0001:00000910       ??_C@_0BL@LLKPOHJI@?$GAcopy?5constructor?5closure?8?$AA@ 10001910     libvcruntime:undname.obj
 0001:0000092c       ??_C@_0BA@KBCDOMBN@?$GAudt?5returning?8?$AA@ 1000192c     libvcruntime:undname.obj
 0001:0000093c       ??_C@_03KLGMFNMG@?$GAEH?$AA@ 1000193c     libvcruntime:undname.obj
 0001:00000940       ??_C@_05KHLCHHI@?$GARTTI?$AA@ 10001940     libvcruntime:undname.obj
 0001:00000948       ??_C@_0BA@KKLDJDLB@?$GAlocal?5vftable?8?$AA@ 10001948     libvcruntime:undname.obj
 0001:00000958       ??_C@_0CE@IIHCMGGL@?$GAlocal?5vftable?5constructor?5closu@ 10001958     libvcruntime:undname.obj
 0001:0000097c       ??_C@_06FHBGPFGH@?5new?$FL?$FN?$AA@ 1000197c     libvcruntime:undname.obj
 0001:00000984       ??_C@_09LBNFPBCA@?5delete?$FL?$FN?$AA@ 10001984     libvcruntime:undname.obj
 0001:00000990       ??_C@_0P@HJKNJFNN@?$GAomni?5callsig?8?$AA@ 10001990     libvcruntime:undname.obj
 0001:000009a0       ??_C@_0BL@CNOONJFP@?$GAplacement?5delete?5closure?8?$AA@ 100019a0     libvcruntime:undname.obj
 0001:000009bc       ??_C@_0BN@CKNJLHMB@?$GAplacement?5delete?$FL?$FN?5closure?8?$AA@ 100019bc     libvcruntime:undname.obj
 0001:000009dc       ??_C@_0CG@CFDHKGGD@?$GAmanaged?5vector?5constructor?5iter@ 100019dc     libvcruntime:undname.obj
 0001:00000a04       ??_C@_0CF@IMGKMJNO@?$GAmanaged?5vector?5destructor?5itera@ 10001a04     libvcruntime:undname.obj
 0001:00000a2c       ??_C@_0CG@HLDDJMAG@?$GAeh?5vector?5copy?5constructor?5iter@ 10001a2c     libvcruntime:undname.obj
 0001:00000a54       ??_C@_0CM@FCBBDIGB@?$GAeh?5vector?5vbase?5copy?5constructo@ 10001a54     libvcruntime:undname.obj
 0001:00000a80       ??_C@_0BL@CLIPGLGB@?$GAdynamic?5initializer?5for?5?8?$AA@ 10001a80     libvcruntime:undname.obj
 0001:00000a9c       ??_C@_0CB@PDBIFEP@?$GAdynamic?5atexit?5destructor?5for?5?8@ 10001a9c     libvcruntime:undname.obj
 0001:00000ac0       ??_C@_0CD@CGAJBKEJ@?$GAvector?5copy?5constructor?5iterato@ 10001ac0     libvcruntime:undname.obj
 0001:00000ae4       ??_C@_0CJ@GJELGAMM@?$GAvector?5vbase?5copy?5constructor?5i@ 10001ae4     libvcruntime:undname.obj
 0001:00000b10       ??_C@_0CL@FGIJHLCE@?$GAmanaged?5vector?5copy?5constructor@ 10001b10     libvcruntime:undname.obj
 0001:00000b3c       ??_C@_0BM@PMGGMLDN@?$GAlocal?5static?5thread?5guard?8?$AA@ 10001b3c     libvcruntime:undname.obj
 0001:00000b58       ??_C@_0N@BDNMDMOL@operator?5?$CC?$CC?5?$AA@ 10001b58     libvcruntime:undname.obj
 0001:00000b68       ??_C@_0BC@DAFEJGAK@?5Type?5Descriptor?8?$AA@ 10001b68     libvcruntime:undname.obj
 0001:00000b7c       ??_C@_0BM@LDKODKLH@?5Base?5Class?5Descriptor?5at?5?$CI?$AA@ 10001b7c     libvcruntime:undname.obj
 0001:00000b98       ??_C@_0BD@LGICGFMM@?5Base?5Class?5Array?8?$AA@ 10001b98     libvcruntime:undname.obj
 0001:00000bac       ??_C@_0BN@MECKDCOJ@?5Class?5Hierarchy?5Descriptor?8?$AA@ 10001bac     libvcruntime:undname.obj
 0001:00000bcc       ??_C@_0BK@CFCOFLF@?5Complete?5Object?5Locator?8?$AA@ 10001bcc     libvcruntime:undname.obj
 0001:00000be8       ___acrt_exception_action_table 10001be8     libucrt:exception_filter.obj
 0001:00000c78       ___acrt_signal_action_table_count 10001c78     libucrt:exception_filter.obj
 0001:00000c7c       ___acrt_signal_action_first_fpe_index 10001c7c     libucrt:exception_filter.obj
 0001:00000c80       ___acrt_signal_action_fpe_count 10001c80     libucrt:exception_filter.obj
 0001:00000c84       ??_C@_1BI@BGOHAHKC@?$AAm?$AAs?$AAc?$AAo?$AAr?$AAe?$AAe?$AA?4?$AAd?$AAl?$AAl?$AA?$AA@ 10001c84     libucrt:exit.obj
 0001:00000c9c       ??_C@_0P@MIGLKIOC@CorExitProcess?$AA@ 10001c9c     libucrt:exit.obj
 0001:00000d78       ??_C@_1EG@CNNIPFIM@?$AAa?$AAp?$AAi?$AA?9?$AAm?$AAs?$AA?9?$AAw?$AAi?$AAn?$AA?9?$AAa?$AAp?$AAp?$AAm?$AAo?$AAd?$AAe?$AAl?$AA?9?$AAr?$AAu?$AAn?$AAt?$AAi?$AAm?$AAe?$AA?9?$AAl?$AA1?$AA?9?$AA1@ 10001d78     libucrt:winapi_thunks.obj
 0001:00000dc0       ??_C@_1EA@JGEFHKEI@?$AAa?$AAp?$AAi?$AA?9?$AAm?$AAs?$AA?9?$AAw?$AAi?$AAn?$AA?9?$AAc?$AAo?$AAr?$AAe?$AA?9?$AAd?$AAa?$AAt?$AAe?$AAt?$AAi?$AAm?$AAe?$AA?9?$AAl?$AA1?$AA?9?$AA1?$AA?9?$AA1?$AA?$AA@ 10001dc0     libucrt:winapi_thunks.obj
 0001:00000e00       ??_C@_1DI@GCIAAENM@?$AAa?$AAp?$AAi?$AA?9?$AAm?$AAs?$AA?9?$AAw?$AAi?$AAn?$AA?9?$AAc?$AAo?$AAr?$AAe?$AA?9?$AAf?$AAi?$AAl?$AAe?$AA?9?$AAl?$AA2?$AA?9?$AA1?$AA?9?$AA1?$AA?$AA@ 10001e00     libucrt:winapi_thunks.obj
 0001:00000e38       ??_C@_1EI@MPIAOHOC@?$AAa?$AAp?$AAi?$AA?9?$AAm?$AAs?$AA?9?$AAw?$AAi?$AAn?$AA?9?$AAc?$AAo?$AAr?$AAe?$AA?9?$AAl?$AAo?$AAc?$AAa?$AAl?$AAi?$AAz?$AAa?$AAt?$AAi?$AAo?$AAn?$AA?9?$AAl?$AA1?$AA?9@ 10001e38     libucrt:winapi_thunks.obj
 0001:00000e80       ??_C@_1FK@FPHCKFIE@?$AAa?$AAp?$AAi?$AA?9?$AAm?$AAs?$AA?9?$AAw?$AAi?$AAn?$AA?9?$AAc?$AAo?$AAr?$AAe?$AA?9?$AAl?$AAo?$AAc?$AAa?$AAl?$AAi?$AAz?$AAa?$AAt?$AAi?$AAo?$AAn?$AA?9?$AAo?$AAb?$AAs@ 10001e80     libucrt:winapi_thunks.obj
 0001:00000ee0       ??_C@_1EM@DILCGIIO@?$AAa?$AAp?$AAi?$AA?9?$AAm?$AAs?$AA?9?$AAw?$AAi?$AAn?$AA?9?$AAc?$AAo?$AAr?$AAe?$AA?9?$AAp?$AAr?$AAo?$AAc?$AAe?$AAs?$AAs?$AAt?$AAh?$AAr?$AAe?$AAa?$AAd?$AAs?$AA?9?$AAl@ 10001ee0     libucrt:winapi_thunks.obj
 0001:00000f2c       ??_C@_1DM@LNCGDDPN@?$AAa?$AAp?$AAi?$AA?9?$AAm?$AAs?$AA?9?$AAw?$AAi?$AAn?$AA?9?$AAc?$AAo?$AAr?$AAe?$AA?9?$AAs?$AAt?$AAr?$AAi?$AAn?$AAg?$AA?9?$AAl?$AA1?$AA?9?$AA1?$AA?9?$AA0?$AA?$AA@ 10001f2c     libucrt:winapi_thunks.obj
 0001:00000f68       ??_C@_1DO@FPAPJEMD@?$AAa?$AAp?$AAi?$AA?9?$AAm?$AAs?$AA?9?$AAw?$AAi?$AAn?$AA?9?$AAc?$AAo?$AAr?$AAe?$AA?9?$AAs?$AAy?$AAs?$AAi?$AAn?$AAf?$AAo?$AA?9?$AAl?$AA1?$AA?9?$AA2?$AA?9?$AA1?$AA?$AA@ 10001f68     libucrt:winapi_thunks.obj
 0001:00000fa8       ??_C@_1DK@NDHNAHIO@?$AAa?$AAp?$AAi?$AA?9?$AAm?$AAs?$AA?9?$AAw?$AAi?$AAn?$AA?9?$AAc?$AAo?$AAr?$AAe?$AA?9?$AAw?$AAi?$AAn?$AAr?$AAt?$AA?9?$AAl?$AA1?$AA?9?$AA1?$AA?9?$AA0?$AA?$AA@ 10001fa8     libucrt:winapi_thunks.obj
 0001:00000fe4       ??_C@_1DM@KGHDGBCM@?$AAa?$AAp?$AAi?$AA?9?$AAm?$AAs?$AA?9?$AAw?$AAi?$AAn?$AA?9?$AAc?$AAo?$AAr?$AAe?$AA?9?$AAx?$AAs?$AAt?$AAa?$AAt?$AAe?$AA?9?$AAl?$AA2?$AA?9?$AA1?$AA?9?$AA0?$AA?$AA@ 10001fe4     libucrt:winapi_thunks.obj
 0001:00001020       ??_C@_1EO@IJIOEFOH@?$AAa?$AAp?$AAi?$AA?9?$AAm?$AAs?$AA?9?$AAw?$AAi?$AAn?$AA?9?$AAr?$AAt?$AAc?$AAo?$AAr?$AAe?$AA?9?$AAn?$AAt?$AAu?$AAs?$AAe?$AAr?$AA?9?$AAw?$AAi?$AAn?$AAd?$AAo?$AAw?$AA?9@ 10002020     libucrt:winapi_thunks.obj
 0001:00001070       ??_C@_1FG@HHGEKANL@?$AAa?$AAp?$AAi?$AA?9?$AAm?$AAs?$AA?9?$AAw?$AAi?$AAn?$AA?9?$AAs?$AAe?$AAc?$AAu?$AAr?$AAi?$AAt?$AAy?$AA?9?$AAs?$AAy?$AAs?$AAt?$AAe?$AAm?$AAf?$AAu?$AAn?$AAc?$AAt?$AAi@ 10002070     libucrt:winapi_thunks.obj
 0001:000010c8       ??_C@_1FG@NCKKOLKO@?$AAe?$AAx?$AAt?$AA?9?$AAm?$AAs?$AA?9?$AAw?$AAi?$AAn?$AA?9?$AAk?$AAe?$AAr?$AAn?$AAe?$AAl?$AA3?$AA2?$AA?9?$AAp?$AAa?$AAc?$AAk?$AAa?$AAg?$AAe?$AA?9?$AAc?$AAu?$AAr?$AAr@ 100020c8     libucrt:winapi_thunks.obj
 0001:00001120       ??_C@_1EG@DBIOJECG@?$AAe?$AAx?$AAt?$AA?9?$AAm?$AAs?$AA?9?$AAw?$AAi?$AAn?$AA?9?$AAn?$AAt?$AAu?$AAs?$AAe?$AAr?$AA?9?$AAd?$AAi?$AAa?$AAl?$AAo?$AAg?$AAb?$AAo?$AAx?$AA?9?$AAl?$AA1?$AA?9?$AA1@ 10002120     libucrt:winapi_thunks.obj
 0001:00001168       ??_C@_1EO@FIHMJCLF@?$AAe?$AAx?$AAt?$AA?9?$AAm?$AAs?$AA?9?$AAw?$AAi?$AAn?$AA?9?$AAn?$AAt?$AAu?$AAs?$AAe?$AAr?$AA?9?$AAw?$AAi?$AAn?$AAd?$AAo?$AAw?$AAs?$AAt?$AAa?$AAt?$AAi?$AAo?$AAn?$AA?9@ 10002168     libucrt:winapi_thunks.obj
 0001:000011b8       ??_C@_1O@BCCLBEOE@?$AAu?$AAs?$AAe?$AAr?$AA3?$AA2?$AA?$AA@ 100021b8     libucrt:winapi_thunks.obj
 0001:000011f0       ??_C@_0BE@JOGNEJCI@GetCurrentPackageId?$AA@ 100021f0     libucrt:winapi_thunks.obj
 0001:00001214       ??_C@_0O@KKBNKAPF@LCMapStringEx?$AA@ 10002214     libucrt:winapi_thunks.obj
 0001:0000122c       ??_C@_0BB@HBDEELFH@LocaleNameToLCID?$AA@ 1000222c     libucrt:winapi_thunks.obj
 0001:000013b8       ??_C@_1M@HPNHIDJI@?$AAj?$AAa?$AA?9?$AAJ?$AAP?$AA?$AA@ 100023b8     libucrt:mbctype.obj
 0001:000013c4       ??_C@_1M@BIBDDEMK@?$AAz?$AAh?$AA?9?$AAC?$AAN?$AA?$AA@ 100023c4     libucrt:mbctype.obj
 0001:000013d0       ??_C@_1M@JLOOOEGK@?$AAk?$AAo?$AA?9?$AAK?$AAR?$AA?$AA@ 100023d0     libucrt:mbctype.obj
 0001:000013dc       ??_C@_1M@CLNBBOPM@?$AAz?$AAh?$AA?9?$AAT?$AAW?$AA?$AA@ 100023dc     libucrt:mbctype.obj
 0001:000013e8       ??_C@_03KOEHGMDN@Sun?$AA@  100023e8     libucrt:nlsdata.obj
 0001:000013ec       ??_C@_03PDAGKDH@Mon?$AA@   100023ec     libucrt:nlsdata.obj
 0001:000013f0       ??_C@_03NAGEINEP@Tue?$AA@  100023f0     libucrt:nlsdata.obj
 0001:000013f4       ??_C@_03MHOMLAJA@Wed?$AA@  100023f4     libucrt:nlsdata.obj
 0001:000013f8       ??_C@_03IOFIKPDN@Thu?$AA@  100023f8     libucrt:nlsdata.obj
 0001:000013fc       ??_C@_03IDIOELNC@Fri?$AA@  100023fc     libucrt:nlsdata.obj
 0001:00001400       ??_C@_03FEFJNEK@Sat?$AA@   10002400     libucrt:nlsdata.obj
 0001:00001404       ??_C@_06OOPIFAJ@Sunday?$AA@ 10002404     libucrt:nlsdata.obj
 0001:0000140c       ??_C@_06JLEDEDGH@Monday?$AA@ 1000240c     libucrt:nlsdata.obj
 0001:00001414       ??_C@_07BAAGCFCM@Tuesday?$AA@ 10002414     libucrt:nlsdata.obj
 0001:0000141c       ??_C@_09DLIGFAKA@Wednesday?$AA@ 1000241c     libucrt:nlsdata.obj
 0001:00001428       ??_C@_08HACCIKIA@Thursday?$AA@ 10002428     libucrt:nlsdata.obj
 0001:00001434       ??_C@_06JECMNKMI@Friday?$AA@ 10002434     libucrt:nlsdata.obj
 0001:0000143c       ??_C@_08INBOOONO@Saturday?$AA@ 1000243c     libucrt:nlsdata.obj
 0001:00001448       ??_C@_03JIHJHPIE@Jan?$AA@  10002448     libucrt:nlsdata.obj
 0001:0000144c       ??_C@_03HJBDCHOM@Feb?$AA@  1000244c     libucrt:nlsdata.obj
 0001:00001450       ??_C@_03ODNJBKGA@Mar?$AA@  10002450     libucrt:nlsdata.obj
 0001:00001454       ??_C@_03LEOLGMJP@Apr?$AA@  10002454     libucrt:nlsdata.obj
 0001:00001458       ??_C@_03CNMDKL@May?$AA@    10002458     libucrt:nlsdata.obj
 0001:0000145c       ??_C@_03IDFGHECI@Jun?$AA@  1000245c     libucrt:nlsdata.obj
 0001:00001460       ??_C@_03LBGABGKK@Jul?$AA@  10002460     libucrt:nlsdata.obj
 0001:00001464       ??_C@_03IFJFEIGA@Aug?$AA@  10002464     libucrt:nlsdata.obj
 0001:00001468       ??_C@_03GGCAPAJC@Sep?$AA@  10002468     libucrt:nlsdata.obj
 0001:0000146c       ??_C@_03BMAOKBAD@Oct?$AA@  1000246c     libucrt:nlsdata.obj
 0001:00001470       ??_C@_03JPJOFNIA@Nov?$AA@  10002470     libucrt:nlsdata.obj
 0001:00001474       ??_C@_03MKABNOCG@Dec?$AA@  10002474     libucrt:nlsdata.obj
 0001:00001478       ??_C@_07CGJPFGJA@January?$AA@ 10002478     libucrt:nlsdata.obj
 0001:00001480       ??_C@_08GNJGEPFN@February?$AA@ 10002480     libucrt:nlsdata.obj
 0001:0000148c       ??_C@_05HPCKOFNC@March?$AA@ 1000248c     libucrt:nlsdata.obj
 0001:00001494       ??_C@_05DMJDNLEJ@April?$AA@ 10002494     libucrt:nlsdata.obj
 0001:0000149c       ??_C@_04CNLMGBGM@June?$AA@ 1000249c     libucrt:nlsdata.obj
 0001:000014a4       ??_C@_04MIEPOIFP@July?$AA@ 100024a4     libucrt:nlsdata.obj
 0001:000014ac       ??_C@_06LBBHFDDG@August?$AA@ 100024ac     libucrt:nlsdata.obj
 0001:000014b4       ??_C@_09BHHEALKD@September?$AA@ 100024b4     libucrt:nlsdata.obj
 0001:000014c0       ??_C@_07JJNFCEND@October?$AA@ 100024c0     libucrt:nlsdata.obj
 0001:000014c8       ??_C@_08HCHEGEOA@November?$AA@ 100024c8     libucrt:nlsdata.obj
 0001:000014d4       ??_C@_08EDHMEBNP@December?$AA@ 100024d4     libucrt:nlsdata.obj
 0001:000014e0       ??_C@_02DEDBPAFC@AM?$AA@   100024e0     libucrt:nlsdata.obj
 0001:000014e4       ??_C@_02CJNFDJBF@PM?$AA@   100024e4     libucrt:nlsdata.obj
 0001:000014e8       ??_C@_08BPBNCDIB@MM?1dd?1yy?$AA@ 100024e8     libucrt:nlsdata.obj
 0001:000014f4       ??_C@_0BE@CKGJFCPC@dddd?0?5MMMM?5dd?0?5yyyy?$AA@ 100024f4     libucrt:nlsdata.obj
 0001:00001508       ??_C@_08JCCMCCIL@HH?3mm?3ss?$AA@ 10002508     libucrt:nlsdata.obj
 0001:00001514       ??_C@_17MBGCMIPB@?$AAS?$AAu?$AAn?$AA?$AA@ 10002514     libucrt:nlsdata.obj
 0001:0000151c       ??_C@_17KBOMKBF@?$AAM?$AAo?$AAn?$AA?$AA@ 1000251c     libucrt:nlsdata.obj
 0001:00001524       ??_C@_17BMKGEGOJ@?$AAT?$AAu?$AAe?$AA?$AA@ 10002524     libucrt:nlsdata.obj
 0001:0000152c       ??_C@_17CJEDCEPE@?$AAW?$AAe?$AAd?$AA?$AA@ 1000252c     libucrt:nlsdata.obj
 0001:00001534       ??_C@_17PDPHAADD@?$AAT?$AAh?$AAu?$AA?$AA@ 10002534     libucrt:nlsdata.obj
 0001:0000153c       ??_C@_17HFOLPPLP@?$AAF?$AAr?$AAi?$AA?$AA@ 1000253c     libucrt:nlsdata.obj
 0001:00001544       ??_C@_17GGIBDPIH@?$AAS?$AAa?$AAt?$AA?$AA@ 10002544     libucrt:nlsdata.obj
 0001:0000154c       ??_C@_1O@IHNHDHPB@?$AAS?$AAu?$AAn?$AAd?$AAa?$AAy?$AA?$AA@ 1000254c     libucrt:nlsdata.obj
 0001:0000155c       ??_C@_1O@MMNBFLIA@?$AAM?$AAo?$AAn?$AAd?$AAa?$AAy?$AA?$AA@ 1000255c     libucrt:nlsdata.obj
 0001:0000156c       ??_C@_1BA@ENFBFFEK@?$AAT?$AAu?$AAe?$AAs?$AAd?$AAa?$AAy?$AA?$AA@ 1000256c     libucrt:nlsdata.obj
 0001:0000157c       ??_C@_1BE@EBOGMDOH@?$AAW?$AAe?$AAd?$AAn?$AAe?$AAs?$AAd?$AAa?$AAy?$AA?$AA@ 1000257c     libucrt:nlsdata.obj
 0001:00001590       ??_C@_1BC@HHMNLIHE@?$AAT?$AAh?$AAu?$AAr?$AAs?$AAd?$AAa?$AAy?$AA?$AA@ 10002590     libucrt:nlsdata.obj
 0001:000015a4       ??_C@_1O@PDICJHAG@?$AAF?$AAr?$AAi?$AAd?$AAa?$AAy?$AA?$AA@ 100025a4     libucrt:nlsdata.obj
 0001:000015b4       ??_C@_1BC@ENMNNPAJ@?$AAS?$AAa?$AAt?$AAu?$AAr?$AAd?$AAa?$AAy?$AA?$AA@ 100025b4     libucrt:nlsdata.obj
 0001:000015c8       ??_C@_17DKNBKCHM@?$AAJ?$AAa?$AAn?$AA?$AA@ 100025c8     libucrt:nlsdata.obj
 0001:000015d0       ??_C@_17LMDJEKJN@?$AAF?$AAe?$AAb?$AA?$AA@ 100025d0     libucrt:nlsdata.obj
 0001:000015d8       ??_C@_17CKNLEDEC@?$AAM?$AAa?$AAr?$AA?$AA@ 100025d8     libucrt:nlsdata.obj
 0001:000015e0       ??_C@_17LFPOIHDD@?$AAA?$AAp?$AAr?$AA?$AA@ 100025e0     libucrt:nlsdata.obj
 0001:000015e8       ??_C@_17PNNKMEED@?$AAM?$AAa?$AAy?$AA?$AA@ 100025e8     libucrt:nlsdata.obj
 0001:000015f0       ??_C@_17KCJGOCPB@?$AAJ?$AAu?$AAn?$AA?$AA@ 100025f0     libucrt:nlsdata.obj
 0001:000015f8       ??_C@_17IJPCKHK@?$AAJ?$AAu?$AAl?$AA?$AA@ 100025f8     libucrt:nlsdata.obj
 0001:00001600       ??_C@_17ICPELBCN@?$AAA?$AAu?$AAg?$AA?$AA@ 10002600     libucrt:nlsdata.obj
 0001:00001608       ??_C@_17HCHCOKMG@?$AAS?$AAe?$AAp?$AA?$AA@ 10002608     libucrt:nlsdata.obj
 0001:00001610       ??_C@_17FNLKOI@?$AAO?$AAc?$AAt?$AA?$AA@ 10002610     libucrt:nlsdata.obj
 0001:00001618       ??_C@_17BBDMLCIG@?$AAN?$AAo?$AAv?$AA?$AA@ 10002618     libucrt:nlsdata.obj
 0001:00001620       ??_C@_17EGKACKIF@?$AAD?$AAe?$AAc?$AA?$AA@ 10002620     libucrt:nlsdata.obj
 0001:00001628       ??_C@_1BA@EFMEIEBA@?$AAJ?$AAa?$AAn?$AAu?$AAa?$AAr?$AAy?$AA?$AA@ 10002628     libucrt:nlsdata.obj
 0001:00001638       ??_C@_1BC@JGDDFFAM@?$AAF?$AAe?$AAb?$AAr?$AAu?$AAa?$AAr?$AAy?$AA?$AA@ 10002638     libucrt:nlsdata.obj
 0001:0000164c       ??_C@_1M@IKEENEDF@?$AAM?$AAa?$AAr?$AAc?$AAh?$AA?$AA@ 1000264c     libucrt:nlsdata.obj
 0001:00001658       ??_C@_1M@GJNLMHFD@?$AAA?$AAp?$AAr?$AAi?$AAl?$AA?$AA@ 10002658     libucrt:nlsdata.obj
 0001:00001664       ??_C@_19EPFLPGAP@?$AAJ?$AAu?$AAn?$AAe?$AA?$AA@ 10002664     libucrt:nlsdata.obj
 0001:00001670       ??_C@_19BIFMLPCD@?$AAJ?$AAu?$AAl?$AAy?$AA?$AA@ 10002670     libucrt:nlsdata.obj
 0001:0000167c       ??_C@_1O@PAHLKOAC@?$AAA?$AAu?$AAg?$AAu?$AAs?$AAt?$AA?$AA@ 1000267c     libucrt:nlsdata.obj
 0001:0000168c       ??_C@_1BE@DKAAMBJL@?$AAS?$AAe?$AAp?$AAt?$AAe?$AAm?$AAb?$AAe?$AAr?$AA?$AA@ 1000268c     libucrt:nlsdata.obj
 0001:000016a0       ??_C@_1BA@EPANDLNG@?$AAO?$AAc?$AAt?$AAo?$AAb?$AAe?$AAr?$AA?$AA@ 100026a0     libucrt:nlsdata.obj
 0001:000016b0       ??_C@_1BC@BGLIFPF@?$AAN?$AAo?$AAv?$AAe?$AAm?$AAb?$AAe?$AAr?$AA?$AA@ 100026b0     libucrt:nlsdata.obj
 0001:000016c4       ??_C@_1BC@FEMKIFH@?$AAD?$AAe?$AAc?$AAe?$AAm?$AAb?$AAe?$AAr?$AA?$AA@ 100026c4     libucrt:nlsdata.obj
 0001:000016d8       ??_C@_15ODEHAHHF@?$AAA?$AAM?$AA?$AA@ 100026d8     libucrt:nlsdata.obj
 0001:000016e0       ??_C@_15CLMNNGEL@?$AAP?$AAM?$AA?$AA@ 100026e0     libucrt:nlsdata.obj
 0001:000016e8       ??_C@_1BC@IEBCMHCM@?$AAM?$AAM?$AA?1?$AAd?$AAd?$AA?1?$AAy?$AAy?$AA?$AA@ 100026e8     libucrt:nlsdata.obj
 0001:000016fc       ??_C@_1CI@KNAKOEBC@?$AAd?$AAd?$AAd?$AAd?$AA?0?$AA?5?$AAM?$AAM?$AAM?$AAM?$AA?5?$AAd?$AAd?$AA?0?$AA?5?$AAy?$AAy?$AAy?$AAy?$AA?$AA@ 100026fc     libucrt:nlsdata.obj
 0001:00001724       ??_C@_1BC@GDGBMEMK@?$AAH?$AAH?$AA?3?$AAm?$AAm?$AA?3?$AAs?$AAs?$AA?$AA@ 10002724     libucrt:nlsdata.obj
 0001:00001738       ??_C@_1M@BMHNFIME@?$AAe?$AAn?$AA?9?$AAU?$AAS?$AA?$AA@ 10002738     libucrt:nlsdata.obj
 0001:00001748       ___lc_time_c               10002748     libucrt:nlsdata.obj
 0001:000018b0       ___newctype                100028b0     libucrt:ctype.obj
 0001:00001bb0       ___newclmap                10002bb0     libucrt:ctype.obj
 0001:00001d30       ___newcumap                10002d30     libucrt:ctype.obj
 0001:000025d0       ??_C@_15EMKDOKLE@?$AAa?$AAr?$AA?$AA@ 100035d0     libucrt:lcidtoname_downlevel.obj
 0001:000025d8       ??_C@_15KNPADPLH@?$AAb?$AAg?$AA?$AA@ 100035d8     libucrt:lcidtoname_downlevel.obj
 0001:000025e0       ??_C@_15EDMHLDMO@?$AAc?$AAa?$AA?$AA@ 100035e0     libucrt:lcidtoname_downlevel.obj
 0001:000025e8       ??_C@_1O@BPEAJADD@?$AAz?$AAh?$AA?9?$AAC?$AAH?$AAS?$AA?$AA@ 100035e8     libucrt:lcidtoname_downlevel.obj
 0001:000025f8       ??_C@_15LJNHCMNK@?$AAc?$AAs?$AA?$AA@ 100035f8     libucrt:lcidtoname_downlevel.obj
 0001:00002600       ??_C@_15FOMCIDHG@?$AAd?$AAa?$AA?$AA@ 10003600     libucrt:lcidtoname_downlevel.obj
 0001:00002608       ??_C@_15NBKABECB@?$AAd?$AAe?$AA?$AA@ 10003608     libucrt:lcidtoname_downlevel.obj
 0001:00002610       ??_C@_15GHPEIIAO@?$AAe?$AAl?$AA?$AA@ 10003610     libucrt:lcidtoname_downlevel.obj
 0001:00002618       ??_C@_15MNPNEAIF@?$AAe?$AAn?$AA?$AA@ 10003618     libucrt:lcidtoname_downlevel.obj
 0001:00002620       ??_C@_15GPIOMPMH@?$AAe?$AAs?$AA?$AA@ 10003620     libucrt:lcidtoname_downlevel.obj
 0001:00002628       ??_C@_15NGLOAKJC@?$AAf?$AAi?$AA?$AA@ 10003628     libucrt:lcidtoname_downlevel.obj
 0001:00002630       ??_C@_15FBKGNKAM@?$AAf?$AAr?$AA?$AA@ 10003630     libucrt:lcidtoname_downlevel.obj
 0001:00002638       ??_C@_15KGGCNEFK@?$AAh?$AAe?$AA?$AA@ 10003638     libucrt:lcidtoname_downlevel.obj
 0001:00002640       ??_C@_15PGHLIDMF@?$AAh?$AAu?$AA?$AA@ 10003640     libucrt:lcidtoname_downlevel.obj
 0001:00002648       ??_C@_15BIEMAPLM@?$AAi?$AAs?$AA?$AA@ 10003648     libucrt:lcidtoname_downlevel.obj
 0001:00002650       ??_C@_15IFJLDHAF@?$AAi?$AAt?$AA?$AA@ 10003650     libucrt:lcidtoname_downlevel.obj
 0001:00002658       ??_C@_15GEMIOCAG@?$AAj?$AAa?$AA?$AA@ 10003658     libucrt:lcidtoname_downlevel.obj
 0001:00002660       ??_C@_15EPELEGJA@?$AAk?$AAo?$AA?$AA@ 10003660     libucrt:lcidtoname_downlevel.obj
 0001:00002668       ??_C@_15NDDHIMN@?$AAn?$AAl?$AA?$AA@ 10003668     libucrt:lcidtoname_downlevel.obj
 0001:00002670       ??_C@_15BPIGNHCD@?$AAn?$AAo?$AA?$AA@ 10003670     libucrt:lcidtoname_downlevel.obj
 0001:00002678       ??_C@_15DEOPBLCG@?$AAp?$AAl?$AA?$AA@ 10003678     libucrt:lcidtoname_downlevel.obj
 0001:00002680       ??_C@_15KBECGEFG@?$AAp?$AAt?$AA?$AA@ 10003680     libucrt:lcidtoname_downlevel.obj
 0001:00002688       ??_C@_15GLJCBFMD@?$AAr?$AAo?$AA?$AA@ 10003688     libucrt:lcidtoname_downlevel.obj
 0001:00002690       ??_C@_15FEDGKCDI@?$AAr?$AAu?$AA?$AA@ 10003690     libucrt:lcidtoname_downlevel.obj
 0001:00002698       ??_C@_15GLKMLLHM@?$AAh?$AAr?$AA?$AA@ 10003698     libucrt:lcidtoname_downlevel.obj
 0001:000026a0       ??_C@_15CPKMFBDB@?$AAs?$AAk?$AA?$AA@ 100036a0     libucrt:lcidtoname_downlevel.obj
 0001:000026a8       ??_C@_15BAAIOGMK@?$AAs?$AAq?$AA?$AA@ 100036a8     libucrt:lcidtoname_downlevel.obj
 0001:000026b0       ??_C@_15INNPNOHD@?$AAs?$AAv?$AA?$AA@ 100036b0     libucrt:lcidtoname_downlevel.obj
 0001:000026b8       ??_C@_15CABMMOGH@?$AAt?$AAh?$AA?$AA@ 100036b8     libucrt:lcidtoname_downlevel.obj
 0001:000026c0       ??_C@_15BPLIHJJM@?$AAt?$AAr?$AA?$AA@ 100036c0     libucrt:lcidtoname_downlevel.obj
 0001:000026c8       ??_C@_15NEOEKKDJ@?$AAu?$AAr?$AA?$AA@ 100036c8     libucrt:lcidtoname_downlevel.obj
 0001:000026d0       ??_C@_15NFICGAJK@?$AAi?$AAd?$AA?$AA@ 100036d0     libucrt:lcidtoname_downlevel.obj
 0001:000026d8       ??_C@_15PJPFLCCM@?$AAu?$AAk?$AA?$AA@ 100036d8     libucrt:lcidtoname_downlevel.obj
 0001:000026e0       ??_C@_15HPJPHDM@?$AAb?$AAe?$AA?$AA@ 100036e0     libucrt:lcidtoname_downlevel.obj
 0001:000026e8       ??_C@_15LCHLGJII@?$AAs?$AAl?$AA?$AA@ 100036e8     libucrt:lcidtoname_downlevel.obj
 0001:000026f0       ??_C@_15PCFJPHHO@?$AAe?$AAt?$AA?$AA@ 100036f0     libucrt:lcidtoname_downlevel.obj
 0001:000026f8       ??_C@_15HPFPGODN@?$AAl?$AAv?$AA?$AA@ 100036f8     libucrt:lcidtoname_downlevel.obj
 0001:00002700       ??_C@_15NFFGKGLG@?$AAl?$AAt?$AA?$AA@ 10003700     libucrt:lcidtoname_downlevel.obj
 0001:00002708       ??_C@_15BDAKCCHN@?$AAf?$AAa?$AA?$AA@ 10003708     libucrt:lcidtoname_downlevel.obj
 0001:00002710       ??_C@_15NFGIAIAJ@?$AAv?$AAi?$AA?$AA@ 10003710     libucrt:lcidtoname_downlevel.obj
 0001:00002718       ??_C@_15LMKNDMHN@?$AAh?$AAy?$AA?$AA@ 10003718     libucrt:lcidtoname_downlevel.obj
 0001:00002720       ??_C@_15IJBHMCFL@?$AAa?$AAz?$AA?$AA@ 10003720     libucrt:lcidtoname_downlevel.obj
 0001:00002728       ??_C@_15EKOFJABL@?$AAe?$AAu?$AA?$AA@ 10003728     libucrt:lcidtoname_downlevel.obj
 0001:00002730       ??_C@_15BGHADCNK@?$AAm?$AAk?$AA?$AA@ 10003730     libucrt:lcidtoname_downlevel.obj
 0001:00002738       ??_C@_15JDNICKHM@?$AAa?$AAf?$AA?$AA@ 10003738     libucrt:lcidtoname_downlevel.obj
 0001:00002740       ??_C@_15KPJEDBKD@?$AAk?$AAa?$AA?$AA@ 10003740     libucrt:lcidtoname_downlevel.obj
 0001:00002748       ??_C@_15PDNFFFEO@?$AAf?$AAo?$AA?$AA@ 10003748     libucrt:lcidtoname_downlevel.obj
 0001:00002750       ??_C@_15OMLEGLOC@?$AAh?$AAi?$AA?$AA@ 10003750     libucrt:lcidtoname_downlevel.obj
 0001:00002758       ??_C@_15IDNNENKK@?$AAm?$AAs?$AA?$AA@ 10003758     libucrt:lcidtoname_downlevel.obj
 0001:00002760       ??_C@_15MACJNBMH@?$AAk?$AAk?$AA?$AA@ 10003760     libucrt:lcidtoname_downlevel.obj
 0001:00002768       ??_C@_15DKDJEOND@?$AAk?$AAy?$AA?$AA@ 10003768     libucrt:lcidtoname_downlevel.obj
 0001:00002770       ??_C@_15DFGDLJBG@?$AAs?$AAw?$AA?$AA@ 10003770     libucrt:lcidtoname_downlevel.obj
 0001:00002778       ??_C@_15BBFAICNG@?$AAu?$AAz?$AA?$AA@ 10003778     libucrt:lcidtoname_downlevel.obj
 0001:00002780       ??_C@_15DKNDCGEA@?$AAt?$AAt?$AA?$AA@ 10003780     libucrt:lcidtoname_downlevel.obj
 0001:00002788       ??_C@_15MGIFMDPL@?$AAp?$AAa?$AA?$AA@ 10003788     libucrt:lcidtoname_downlevel.obj
 0001:00002790       ??_C@_15HCNDBBA@?$AAg?$AAu?$AA?$AA@ 10003790     libucrt:lcidtoname_downlevel.obj
 0001:00002798       ??_C@_15FNBEIBON@?$AAt?$AAa?$AA?$AA@ 10003798     libucrt:lcidtoname_downlevel.obj
 0001:000027a0       ??_C@_15NCHGBGLK@?$AAt?$AAe?$AA?$AA@ 100037a0     libucrt:lcidtoname_downlevel.obj
 0001:000027a8       ??_C@_15PHPHCBPF@?$AAk?$AAn?$AA?$AA@ 100037a8     libucrt:lcidtoname_downlevel.obj
 0001:000027b0       ??_C@_15DLGBCKMP@?$AAm?$AAr?$AA?$AA@ 100037b0     libucrt:lcidtoname_downlevel.obj
 0001:000027b8       ??_C@_15EABBLBFF@?$AAs?$AAa?$AA?$AA@ 100037b8     libucrt:lcidtoname_downlevel.obj
 0001:000027c0       ??_C@_15CBKOMCOI@?$AAm?$AAn?$AA?$AA@ 100037c0     libucrt:lcidtoname_downlevel.obj
 0001:000027c8       ??_C@_15CKDMCJAF@?$AAg?$AAl?$AA?$AA@ 100037c8     libucrt:lcidtoname_downlevel.obj
 0001:000027d0       ??_C@_17CNJFBPG@?$AAk?$AAo?$AAk?$AA?$AA@ 100037d0     libucrt:lcidtoname_downlevel.obj
 0001:000027d8       ??_C@_17FFBJICPL@?$AAs?$AAy?$AAr?$AA?$AA@ 100037d8     libucrt:lcidtoname_downlevel.obj
 0001:000027e0       ??_C@_17KPNDCPAF@?$AAd?$AAi?$AAv?$AA?$AA@ 100037e0     libucrt:lcidtoname_downlevel.obj
 0001:000027e8       ??_C@_1M@OKAHONE@?$AAa?$AAr?$AA?9?$AAS?$AAA?$AA?$AA@ 100037e8     libucrt:lcidtoname_downlevel.obj
 0001:000027f4       ??_C@_1M@FFFIGIGK@?$AAb?$AAg?$AA?9?$AAB?$AAG?$AA?$AA@ 100037f4     libucrt:lcidtoname_downlevel.obj
 0001:00002800       ??_C@_1M@BJNKEDC@?$AAc?$AAa?$AA?9?$AAE?$AAS?$AA?$AA@ 10003800     libucrt:lcidtoname_downlevel.obj
 0001:0000280c       ??_C@_1M@IJJHFJHA@?$AAc?$AAs?$AA?9?$AAC?$AAZ?$AA?$AA@ 1000380c     libucrt:lcidtoname_downlevel.obj
 0001:00002818       ??_C@_1M@CLPEOBGI@?$AAd?$AAa?$AA?9?$AAD?$AAK?$AA?$AA@ 10003818     libucrt:lcidtoname_downlevel.obj
 0001:00002824       ??_C@_1M@MCMADGCB@?$AAd?$AAe?$AA?9?$AAD?$AAE?$AA?$AA@ 10003824     libucrt:lcidtoname_downlevel.obj
 0001:00002830       ??_C@_1M@OOCKEMAM@?$AAe?$AAl?$AA?9?$AAG?$AAR?$AA?$AA@ 10003830     libucrt:lcidtoname_downlevel.obj
 0001:0000283c       ??_C@_1M@DDNJFGID@?$AAf?$AAi?$AA?9?$AAF?$AAI?$AA?$AA@ 1000383c     libucrt:lcidtoname_downlevel.obj
 0001:00002848       ??_C@_1M@GLIPPMAC@?$AAf?$AAr?$AA?9?$AAF?$AAR?$AA?$AA@ 10003848     libucrt:lcidtoname_downlevel.obj
 0001:00002854       ??_C@_1M@GFMCHPE@?$AAh?$AAe?$AA?9?$AAI?$AAL?$AA?$AA@ 10003854     libucrt:lcidtoname_downlevel.obj
 0001:00002860       ??_C@_1M@MHLPGNKM@?$AAh?$AAu?$AA?9?$AAH?$AAU?$AA?$AA@ 10003860     libucrt:lcidtoname_downlevel.obj
 0001:0000286c       ??_C@_1M@LPDDNNPN@?$AAi?$AAs?$AA?9?$AAI?$AAS?$AA?$AA@ 1000386c     libucrt:lcidtoname_downlevel.obj
 0001:00002878       ??_C@_1M@MADIPODN@?$AAi?$AAt?$AA?9?$AAI?$AAT?$AA?$AA@ 10003878     libucrt:lcidtoname_downlevel.obj
 0001:00002884       ??_C@_1M@IHBJJGG@?$AAn?$AAl?$AA?9?$AAN?$AAL?$AA?$AA@ 10003884     libucrt:lcidtoname_downlevel.obj
 0001:00002890       ??_C@_1M@EANAGDL@?$AAn?$AAb?$AA?9?$AAN?$AAO?$AA?$AA@ 10003890     libucrt:lcidtoname_downlevel.obj
 0001:0000289c       ??_C@_1M@NEIEMEGP@?$AAp?$AAl?$AA?9?$AAP?$AAL?$AA?$AA@ 1000389c     libucrt:lcidtoname_downlevel.obj
 0001:000028a8       ??_C@_1M@BOCFIGEP@?$AAp?$AAt?$AA?9?$AAB?$AAR?$AA?$AA@ 100038a8     libucrt:lcidtoname_downlevel.obj
 0001:000028b4       ??_C@_1M@IMPFOPBG@?$AAr?$AAo?$AA?9?$AAR?$AAO?$AA?$AA@ 100038b4     libucrt:lcidtoname_downlevel.obj
 0001:000028c0       ??_C@_1M@IDNNEJMM@?$AAr?$AAu?$AA?9?$AAR?$AAU?$AA?$AA@ 100038c0     libucrt:lcidtoname_downlevel.obj
 0001:000028cc       ??_C@_1M@LILEEOGM@?$AAh?$AAr?$AA?9?$AAH?$AAR?$AA?$AA@ 100038cc     libucrt:lcidtoname_downlevel.obj
 0001:000028d8       ??_C@_1M@FKIFEHPB@?$AAs?$AAk?$AA?9?$AAS?$AAK?$AA?$AA@ 100038d8     libucrt:lcidtoname_downlevel.obj
 0001:000028e4       ??_C@_1M@LJMAMNPJ@?$AAs?$AAq?$AA?9?$AAA?$AAL?$AA?$AA@ 100038e4     libucrt:lcidtoname_downlevel.obj
 0001:000028f0       ??_C@_1M@GIAKDKJK@?$AAs?$AAv?$AA?9?$AAS?$AAE?$AA?$AA@ 100038f0     libucrt:lcidtoname_downlevel.obj
 0001:000028fc       ??_C@_1M@MKJKIKCL@?$AAt?$AAh?$AA?9?$AAT?$AAH?$AA?$AA@ 100038fc     libucrt:lcidtoname_downlevel.obj
 0001:00002908       ??_C@_1M@MFLCCMPB@?$AAt?$AAr?$AA?9?$AAT?$AAR?$AA?$AA@ 10003908     libucrt:lcidtoname_downlevel.obj
 0001:00002914       ??_C@_1M@OIJHDKJN@?$AAu?$AAr?$AA?9?$AAP?$AAK?$AA?$AA@ 10003914     libucrt:lcidtoname_downlevel.obj
 0001:00002920       ??_C@_1M@LHIPCIEK@?$AAi?$AAd?$AA?9?$AAI?$AAD?$AA?$AA@ 10003920     libucrt:lcidtoname_downlevel.obj
 0001:0000292c       ??_C@_1M@MFMOBGI@?$AAu?$AAk?$AA?9?$AAU?$AAA?$AA?$AA@ 1000392c     libucrt:lcidtoname_downlevel.obj
 0001:00002938       ??_C@_1M@OBGLJIPL@?$AAb?$AAe?$AA?9?$AAB?$AAY?$AA?$AA@ 10003938     libucrt:lcidtoname_downlevel.obj
 0001:00002944       ??_C@_1M@BCFAJEAD@?$AAs?$AAl?$AA?9?$AAS?$AAI?$AA?$AA@ 10003944     libucrt:lcidtoname_downlevel.obj
 0001:00002950       ??_C@_1M@FKFFEDDN@?$AAe?$AAt?$AA?9?$AAE?$AAE?$AA?$AA@ 10003950     libucrt:lcidtoname_downlevel.obj
 0001:0000295c       ??_C@_1M@KGKKAACI@?$AAl?$AAv?$AA?9?$AAL?$AAV?$AA?$AA@ 1000395c     libucrt:lcidtoname_downlevel.obj
 0001:00002968       ??_C@_1M@IFGBIJO@?$AAl?$AAt?$AA?9?$AAL?$AAT?$AA?$AA@ 10003968     libucrt:lcidtoname_downlevel.obj
 0001:00002974       ??_C@_1M@FGEAHEDM@?$AAf?$AAa?$AA?9?$AAI?$AAR?$AA?$AA@ 10003974     libucrt:lcidtoname_downlevel.obj
 0001:00002980       ??_C@_1M@KBMAIBFN@?$AAv?$AAi?$AA?9?$AAV?$AAN?$AA?$AA@ 10003980     libucrt:lcidtoname_downlevel.obj
 0001:0000298c       ??_C@_1M@GPCBKDJK@?$AAh?$AAy?$AA?9?$AAA?$AAM?$AA?$AA@ 1000398c     libucrt:lcidtoname_downlevel.obj
 0001:00002998       ??_C@_1BG@BECMDDJB@?$AAa?$AAz?$AA?9?$AAA?$AAZ?$AA?9?$AAL?$AAa?$AAt?$AAn?$AA?$AA@ 10003998     libucrt:lcidtoname_downlevel.obj
 0001:000029b0       ??_C@_1M@MAOFCAEA@?$AAe?$AAu?$AA?9?$AAE?$AAS?$AA?$AA@ 100039b0     libucrt:lcidtoname_downlevel.obj
 0001:000029bc       ??_C@_1M@IGHABKPI@?$AAm?$AAk?$AA?9?$AAM?$AAK?$AA?$AA@ 100039bc     libucrt:lcidtoname_downlevel.obj
 0001:000029c8       ??_C@_1M@IAIGNEJG@?$AAt?$AAn?$AA?9?$AAZ?$AAA?$AA?$AA@ 100039c8     libucrt:lcidtoname_downlevel.obj
 0001:000029d4       ??_C@_1M@IIJCOJFA@?$AAx?$AAh?$AA?9?$AAZ?$AAA?$AA?$AA@ 100039d4     libucrt:lcidtoname_downlevel.obj
 0001:000029e0       ??_C@_1M@LGPJHNJH@?$AAz?$AAu?$AA?9?$AAZ?$AAA?$AA?$AA@ 100039e0     libucrt:lcidtoname_downlevel.obj
 0001:000029ec       ??_C@_1M@HOKAOIO@?$AAa?$AAf?$AA?9?$AAZ?$AAA?$AA?$AA@ 100039ec     libucrt:lcidtoname_downlevel.obj
 0001:000029f8       ??_C@_1M@DPCLHLIE@?$AAk?$AAa?$AA?9?$AAG?$AAE?$AA?$AA@ 100039f8     libucrt:lcidtoname_downlevel.obj
 0001:00002a04       ??_C@_1M@BLKMHJBI@?$AAf?$AAo?$AA?9?$AAF?$AAO?$AA?$AA@ 10003a04     libucrt:lcidtoname_downlevel.obj
 0001:00002a10       ??_C@_1M@LGGJAPPB@?$AAh?$AAi?$AA?9?$AAI?$AAN?$AA?$AA@ 10003a10     libucrt:lcidtoname_downlevel.obj
 0001:00002a1c       ??_C@_1M@FIKPIHFE@?$AAm?$AAt?$AA?9?$AAM?$AAT?$AA?$AA@ 10003a1c     libucrt:lcidtoname_downlevel.obj
 0001:00002a28       ??_C@_1M@HEGGPBFA@?$AAs?$AAe?$AA?9?$AAN?$AAO?$AA?$AA@ 10003a28     libucrt:lcidtoname_downlevel.obj
 0001:00002a34       ??_C@_1M@EIBJEEPA@?$AAm?$AAs?$AA?9?$AAM?$AAY?$AA?$AA@ 10003a34     libucrt:lcidtoname_downlevel.obj
 0001:00002a40       ??_C@_1M@FHLBGMPP@?$AAk?$AAk?$AA?9?$AAK?$AAZ?$AA?$AA@ 10003a40     libucrt:lcidtoname_downlevel.obj
 0001:00002a4c       ??_C@_1M@NGJJLCGI@?$AAk?$AAy?$AA?9?$AAK?$AAG?$AA?$AA@ 10003a4c     libucrt:lcidtoname_downlevel.obj
 0001:00002a58       ??_C@_1M@GIENNBFC@?$AAs?$AAw?$AA?9?$AAK?$AAE?$AA?$AA@ 10003a58     libucrt:lcidtoname_downlevel.obj
 0001:00002a64       ??_C@_1BG@NDGMJIMJ@?$AAu?$AAz?$AA?9?$AAU?$AAZ?$AA?9?$AAL?$AAa?$AAt?$AAn?$AA?$AA@ 10003a64     libucrt:lcidtoname_downlevel.obj
 0001:00002a7c       ??_C@_1M@IDCCIHBC@?$AAt?$AAt?$AA?9?$AAR?$AAU?$AA?$AA@ 10003a7c     libucrt:lcidtoname_downlevel.obj
 0001:00002a88       ??_C@_1M@LOICPMOJ@?$AAb?$AAn?$AA?9?$AAI?$AAN?$AA?$AA@ 10003a88     libucrt:lcidtoname_downlevel.obj
 0001:00002a94       ??_C@_1M@KPKKNEAH@?$AAp?$AAa?$AA?9?$AAI?$AAN?$AA?$AA@ 10003a94     libucrt:lcidtoname_downlevel.obj
 0001:00002aa0       ??_C@_1M@PJGPPBOG@?$AAg?$AAu?$AA?9?$AAI?$AAN?$AA?$AA@ 10003aa0     libucrt:lcidtoname_downlevel.obj
 0001:00002aac       ??_C@_1M@KMKMOPHI@?$AAt?$AAa?$AA?9?$AAI?$AAN?$AA?$AA@ 10003aac     libucrt:lcidtoname_downlevel.obj
 0001:00002ab8       ??_C@_1M@KFEHEPAC@?$AAt?$AAe?$AA?9?$AAI?$AAN?$AA?$AA@ 10003ab8     libucrt:lcidtoname_downlevel.obj
 0001:00002ac4       ??_C@_1M@CDCLMGHI@?$AAk?$AAn?$AA?9?$AAI?$AAN?$AA?$AA@ 10003ac4     libucrt:lcidtoname_downlevel.obj
 0001:00002ad0       ??_C@_1M@MIODLDKF@?$AAm?$AAl?$AA?9?$AAI?$AAN?$AA?$AA@ 10003ad0     libucrt:lcidtoname_downlevel.obj
 0001:00002adc       ??_C@_1M@PBIEACPO@?$AAm?$AAr?$AA?9?$AAI?$AAN?$AA?$AA@ 10003adc     libucrt:lcidtoname_downlevel.obj
 0001:00002ae8       ??_C@_1M@NIDEAGPH@?$AAs?$AAa?$AA?9?$AAI?$AAN?$AA?$AA@ 10003ae8     libucrt:lcidtoname_downlevel.obj
 0001:00002af4       ??_C@_1M@FHIHCBIO@?$AAm?$AAn?$AA?9?$AAM?$AAN?$AA?$AA@ 10003af4     libucrt:lcidtoname_downlevel.obj
 0001:00002b00       ??_C@_1M@JAIJPENP@?$AAc?$AAy?$AA?9?$AAG?$AAB?$AA?$AA@ 10003b00     libucrt:lcidtoname_downlevel.obj
 0001:00002b0c       ??_C@_1M@PHGFBEPN@?$AAg?$AAl?$AA?9?$AAE?$AAS?$AA?$AA@ 10003b0c     libucrt:lcidtoname_downlevel.obj
 0001:00002b18       ??_C@_1O@KPIPDNCP@?$AAk?$AAo?$AAk?$AA?9?$AAI?$AAN?$AA?$AA@ 10003b18     libucrt:lcidtoname_downlevel.obj
 0001:00002b28       ??_C@_1O@KNHJLDJA@?$AAs?$AAy?$AAr?$AA?9?$AAS?$AAY?$AA?$AA@ 10003b28     libucrt:lcidtoname_downlevel.obj
 0001:00002b38       ??_C@_1O@MKEKBLAH@?$AAd?$AAi?$AAv?$AA?9?$AAM?$AAV?$AA?$AA@ 10003b38     libucrt:lcidtoname_downlevel.obj
 0001:00002b48       ??_C@_1O@OHDCKDDF@?$AAq?$AAu?$AAz?$AA?9?$AAB?$AAO?$AA?$AA@ 10003b48     libucrt:lcidtoname_downlevel.obj
 0001:00002b58       ??_C@_1M@LEPJNLFD@?$AAn?$AAs?$AA?9?$AAZ?$AAA?$AA?$AA@ 10003b58     libucrt:lcidtoname_downlevel.obj
 0001:00002b64       ??_C@_1M@OMLEIIJB@?$AAm?$AAi?$AA?9?$AAN?$AAZ?$AA?$AA@ 10003b64     libucrt:lcidtoname_downlevel.obj
 0001:00002b70       ??_C@_1M@PMPEAILG@?$AAa?$AAr?$AA?9?$AAI?$AAQ?$AA?$AA@ 10003b70     libucrt:lcidtoname_downlevel.obj
 0001:00002b7c       ??_C@_1M@CNKPNOEE@?$AAd?$AAe?$AA?9?$AAC?$AAH?$AA?$AA@ 10003b7c     libucrt:lcidtoname_downlevel.obj
 0001:00002b88       ??_C@_1M@LKMGMLKO@?$AAe?$AAn?$AA?9?$AAG?$AAB?$AA?$AA@ 10003b88     libucrt:lcidtoname_downlevel.obj
 0001:00002b94       ??_C@_1M@PGKJFFGL@?$AAe?$AAs?$AA?9?$AAM?$AAX?$AA?$AA@ 10003b94     libucrt:lcidtoname_downlevel.obj
 0001:00002ba0       ??_C@_1M@DNNANBDC@?$AAf?$AAr?$AA?9?$AAB?$AAE?$AA?$AA@ 10003ba0     libucrt:lcidtoname_downlevel.obj
 0001:00002bac       ??_C@_1M@HLGMDFHM@?$AAi?$AAt?$AA?9?$AAC?$AAH?$AA?$AA@ 10003bac     libucrt:lcidtoname_downlevel.obj
 0001:00002bb8       ??_C@_1M@CLLBGJH@?$AAn?$AAl?$AA?9?$AAB?$AAE?$AA?$AA@ 10003bb8     libucrt:lcidtoname_downlevel.obj
 0001:00002bc4       ??_C@_1M@BODBOGLF@?$AAn?$AAn?$AA?9?$AAN?$AAO?$AA?$AA@ 10003bc4     libucrt:lcidtoname_downlevel.obj
 0001:00002bd0       ??_C@_1M@HFFAHKAD@?$AAp?$AAt?$AA?9?$AAP?$AAT?$AA?$AA@ 10003bd0     libucrt:lcidtoname_downlevel.obj
 0001:00002bdc       ??_C@_1BG@LNOAKHIE@?$AAs?$AAr?$AA?9?$AAS?$AAP?$AA?9?$AAL?$AAa?$AAt?$AAn?$AA?$AA@ 10003bdc     libucrt:lcidtoname_downlevel.obj
 0001:00002bf4       ??_C@_1M@HBMHBGAK@?$AAs?$AAv?$AA?9?$AAF?$AAI?$AA?$AA@ 10003bf4     libucrt:lcidtoname_downlevel.obj
 0001:00002c00       ??_C@_1BG@DGCJGJBE@?$AAa?$AAz?$AA?9?$AAA?$AAZ?$AA?9?$AAC?$AAy?$AAr?$AAl?$AA?$AA@ 10003c00     libucrt:lcidtoname_downlevel.obj
 0001:00002c18       ??_C@_1M@KEJDAAHB@?$AAs?$AAe?$AA?9?$AAS?$AAE?$AA?$AA@ 10003c18     libucrt:lcidtoname_downlevel.obj
 0001:00002c24       ??_C@_1M@HEIBJJAD@?$AAm?$AAs?$AA?9?$AAB?$AAN?$AA?$AA@ 10003c24     libucrt:lcidtoname_downlevel.obj
 0001:00002c30       ??_C@_1BG@PBGJMCEM@?$AAu?$AAz?$AA?9?$AAU?$AAZ?$AA?9?$AAC?$AAy?$AAr?$AAl?$AA?$AA@ 10003c30     libucrt:lcidtoname_downlevel.obj
 0001:00002c48       ??_C@_1O@LAOBCMDF@?$AAq?$AAu?$AAz?$AA?9?$AAE?$AAC?$AA?$AA@ 10003c48     libucrt:lcidtoname_downlevel.obj
 0001:00002c58       ??_C@_1M@POEEMAIO@?$AAa?$AAr?$AA?9?$AAE?$AAG?$AA?$AA@ 10003c58     libucrt:lcidtoname_downlevel.obj
 0001:00002c64       ??_C@_1M@EFAKDEDL@?$AAz?$AAh?$AA?9?$AAH?$AAK?$AA?$AA@ 10003c64     libucrt:lcidtoname_downlevel.obj
 0001:00002c70       ??_C@_1M@HKKIJHGI@?$AAd?$AAe?$AA?9?$AAA?$AAT?$AA?$AA@ 10003c70     libucrt:lcidtoname_downlevel.obj
 0001:00002c7c       ??_C@_1M@KBFBEHJF@?$AAe?$AAn?$AA?9?$AAA?$AAU?$AA?$AA@ 10003c7c     libucrt:lcidtoname_downlevel.obj
 0001:00002c88       ??_C@_1M@MNPLFAAH@?$AAe?$AAs?$AA?9?$AAE?$AAS?$AA?$AA@ 10003c88     libucrt:lcidtoname_downlevel.obj
 0001:00002c94       ??_C@_1M@HJOOJFMA@?$AAf?$AAr?$AA?9?$AAC?$AAA?$AA?$AA@ 10003c94     libucrt:lcidtoname_downlevel.obj
 0001:00002ca0       ??_C@_1BG@JPOFPNAB@?$AAs?$AAr?$AA?9?$AAS?$AAP?$AA?9?$AAC?$AAy?$AAr?$AAl?$AA?$AA@ 10003ca0     libucrt:lcidtoname_downlevel.obj
 0001:00002cb8       ??_C@_1M@LNFOCMOB@?$AAs?$AAe?$AA?9?$AAF?$AAI?$AA?$AA@ 10003cb8     libucrt:lcidtoname_downlevel.obj
 0001:00002cc4       ??_C@_1O@MGJBOAMB@?$AAq?$AAu?$AAz?$AA?9?$AAP?$AAE?$AA?$AA@ 10003cc4     libucrt:lcidtoname_downlevel.obj
 0001:00002cd4       ??_C@_1M@GJINLBOK@?$AAa?$AAr?$AA?9?$AAL?$AAY?$AA?$AA@ 10003cd4     libucrt:lcidtoname_downlevel.obj
 0001:00002ce0       ??_C@_1M@GGMNHJNL@?$AAz?$AAh?$AA?9?$AAS?$AAG?$AA?$AA@ 10003ce0     libucrt:lcidtoname_downlevel.obj
 0001:00002cec       ??_C@_1M@HOIKODND@?$AAd?$AAe?$AA?9?$AAL?$AAU?$AA?$AA@ 10003cec     libucrt:lcidtoname_downlevel.obj
 0001:00002cf8       ??_C@_1M@DDOCCGFG@?$AAe?$AAn?$AA?9?$AAC?$AAA?$AA?$AA@ 10003cf8     libucrt:lcidtoname_downlevel.obj
 0001:00002d04       ??_C@_1M@BNOEMJLF@?$AAe?$AAs?$AA?9?$AAG?$AAT?$AA?$AA@ 10003d04     libucrt:lcidtoname_downlevel.obj
 0001:00002d10       ??_C@_1M@EOGNKEK@?$AAf?$AAr?$AA?9?$AAC?$AAH?$AA?$AA@ 10003d10     libucrt:lcidtoname_downlevel.obj
 0001:00002d1c       ??_C@_1M@FLIDJFHL@?$AAh?$AAr?$AA?9?$AAB?$AAA?$AA?$AA@ 10003d1c     libucrt:lcidtoname_downlevel.obj
 0001:00002d28       ??_C@_1O@FMCELNAJ@?$AAs?$AAm?$AAj?$AA?9?$AAN?$AAO?$AA?$AA@ 10003d28     libucrt:lcidtoname_downlevel.obj
 0001:00002d38       ??_C@_1M@JHGLJMGJ@?$AAa?$AAr?$AA?9?$AAD?$AAZ?$AA?$AA@ 10003d38     libucrt:lcidtoname_downlevel.obj
 0001:00002d44       ??_C@_1M@JKKFDCNP@?$AAz?$AAh?$AA?9?$AAM?$AAO?$AA?$AA@ 10003d44     libucrt:lcidtoname_downlevel.obj
 0001:00002d50       ??_C@_1M@GEEFALPE@?$AAd?$AAe?$AA?9?$AAL?$AAI?$AA?$AA@ 10003d50     libucrt:lcidtoname_downlevel.obj
 0001:00002d5c       ??_C@_1M@IGEOFBG@?$AAe?$AAn?$AA?9?$AAN?$AAZ?$AA?$AA@ 10003d5c     libucrt:lcidtoname_downlevel.obj
 0001:00002d68       ??_C@_1M@KDBONEHP@?$AAe?$AAs?$AA?9?$AAC?$AAR?$AA?$AA@ 10003d68     libucrt:lcidtoname_downlevel.obj
 0001:00002d74       ??_C@_1M@FHMDOHNN@?$AAf?$AAr?$AA?9?$AAL?$AAU?$AA?$AA@ 10003d74     libucrt:lcidtoname_downlevel.obj
 0001:00002d80       ??_C@_1BG@NFKKMAFG@?$AAb?$AAs?$AA?9?$AAB?$AAA?$AA?9?$AAL?$AAa?$AAt?$AAn?$AA?$AA@ 10003d80     libucrt:lcidtoname_downlevel.obj
 0001:00002d98       ??_C@_1O@IMNBEMCI@?$AAs?$AAm?$AAj?$AA?9?$AAS?$AAE?$AA?$AA@ 10003d98     libucrt:lcidtoname_downlevel.obj
 0001:00002da8       ??_C@_1M@DHHMBNDP@?$AAa?$AAr?$AA?9?$AAM?$AAA?$AA?$AA@ 10003da8     libucrt:lcidtoname_downlevel.obj
 0001:00002db4       ??_C@_1M@BNBLJCGH@?$AAe?$AAn?$AA?9?$AAI?$AAE?$AA?$AA@ 10003db4     libucrt:lcidtoname_downlevel.obj
 0001:00002dc0       ??_C@_1M@GEPAFMDL@?$AAe?$AAs?$AA?9?$AAP?$AAA?$AA?$AA@ 10003dc0     libucrt:lcidtoname_downlevel.obj
 0001:00002dcc       ??_C@_1M@OJONDMDL@?$AAf?$AAr?$AA?9?$AAM?$AAC?$AA?$AA@ 10003dcc     libucrt:lcidtoname_downlevel.obj
 0001:00002dd8       ??_C@_1BG@OBCNFJB@?$AAs?$AAr?$AA?9?$AAB?$AAA?$AA?9?$AAL?$AAa?$AAt?$AAn?$AA?$AA@ 10003dd8     libucrt:lcidtoname_downlevel.obj
 0001:00002df0       ??_C@_1O@KEMEEGPO@?$AAs?$AAm?$AAa?$AA?9?$AAN?$AAO?$AA?$AA@ 10003df0     libucrt:lcidtoname_downlevel.obj
 0001:00002e00       ??_C@_1M@ELMGFODK@?$AAa?$AAr?$AA?9?$AAT?$AAN?$AA?$AA@ 10003e00     libucrt:lcidtoname_downlevel.obj
 0001:00002e0c       ??_C@_1M@BHDLHFAF@?$AAe?$AAn?$AA?9?$AAZ?$AAA?$AA?$AA@ 10003e0c     libucrt:lcidtoname_downlevel.obj
 0001:00002e18       ??_C@_1M@BMGIGLIF@?$AAe?$AAs?$AA?9?$AAD?$AAO?$AA?$AA@ 10003e18     libucrt:lcidtoname_downlevel.obj
 0001:00002e24       ??_C@_1BG@CMBHIPBE@?$AAs?$AAr?$AA?9?$AAB?$AAA?$AA?9?$AAC?$AAy?$AAr?$AAl?$AA?$AA@ 10003e24     libucrt:lcidtoname_downlevel.obj
 0001:00002e3c       ??_C@_1O@HEDBLHNP@?$AAs?$AAm?$AAa?$AA?9?$AAS?$AAE?$AA?$AA@ 10003e3c     libucrt:lcidtoname_downlevel.obj
 0001:00002e4c       ??_C@_1M@DAGCADIM@?$AAa?$AAr?$AA?9?$AAO?$AAM?$AA?$AA@ 10003e4c     libucrt:lcidtoname_downlevel.obj
 0001:00002e58       ??_C@_1M@FODLMICG@?$AAe?$AAn?$AA?9?$AAJ?$AAM?$AA?$AA@ 10003e58     libucrt:lcidtoname_downlevel.obj
 0001:00002e64       ??_C@_1M@DNMLCIHB@?$AAe?$AAs?$AA?9?$AAV?$AAE?$AA?$AA@ 10003e64     libucrt:lcidtoname_downlevel.obj
 0001:00002e70       ??_C@_1O@EOKHMKJK@?$AAs?$AAm?$AAs?$AA?9?$AAF?$AAI?$AA?$AA@ 10003e70     libucrt:lcidtoname_downlevel.obj
 0001:00002e80       ??_C@_1M@CAFJMKOF@?$AAa?$AAr?$AA?9?$AAY?$AAE?$AA?$AA@ 10003e80     libucrt:lcidtoname_downlevel.obj
 0001:00002e8c       ??_C@_1M@CBFHIJLI@?$AAe?$AAn?$AA?9?$AAC?$AAB?$AA?$AA@ 10003e8c     libucrt:lcidtoname_downlevel.obj
 0001:00002e98       ??_C@_1M@BGNFLDN@?$AAe?$AAs?$AA?9?$AAC?$AAO?$AA?$AA@ 10003e98     libucrt:lcidtoname_downlevel.obj
 0001:00002ea4       ??_C@_1O@JMPHMAMC@?$AAs?$AAm?$AAn?$AA?9?$AAF?$AAI?$AA?$AA@ 10003ea4     libucrt:lcidtoname_downlevel.obj
 0001:00002eb4       ??_C@_1M@JLANABKE@?$AAa?$AAr?$AA?9?$AAS?$AAY?$AA?$AA@ 10003eb4     libucrt:lcidtoname_downlevel.obj
 0001:00002ec0       ??_C@_1M@HPKGCFGN@?$AAe?$AAn?$AA?9?$AAB?$AAZ?$AA?$AA@ 10003ec0     libucrt:lcidtoname_downlevel.obj
 0001:00002ecc       ??_C@_1M@OLJCMLGM@?$AAe?$AAs?$AA?9?$AAP?$AAE?$AA?$AA@ 10003ecc     libucrt:lcidtoname_downlevel.obj
 0001:00002ed8       ??_C@_1M@MKKGFKLE@?$AAa?$AAr?$AA?9?$AAJ?$AAO?$AA?$AA@ 10003ed8     libucrt:lcidtoname_downlevel.obj
 0001:00002ee4       ??_C@_1M@EKPGLDNI@?$AAe?$AAn?$AA?9?$AAT?$AAT?$AA?$AA@ 10003ee4     libucrt:lcidtoname_downlevel.obj
 0001:00002ef0       ??_C@_1M@OONGHFHE@?$AAe?$AAs?$AA?9?$AAA?$AAR?$AA?$AA@ 10003ef0     libucrt:lcidtoname_downlevel.obj
 0001:00002efc       ??_C@_1M@OOJFGBHE@?$AAa?$AAr?$AA?9?$AAL?$AAB?$AA?$AA@ 10003efc     libucrt:lcidtoname_downlevel.obj
 0001:00002f08       ??_C@_1M@GCEJHNEG@?$AAe?$AAn?$AA?9?$AAZ?$AAW?$AA?$AA@ 10003f08     libucrt:lcidtoname_downlevel.obj
 0001:00002f14       ??_C@_1M@JNOCAHJI@?$AAe?$AAs?$AA?9?$AAE?$AAC?$AA?$AA@ 10003f14     libucrt:lcidtoname_downlevel.obj
 0001:00002f20       ??_C@_1M@JEFHPGGB@?$AAa?$AAr?$AA?9?$AAK?$AAW?$AA?$AA@ 10003f20     libucrt:lcidtoname_downlevel.obj
 0001:00002f2c       ??_C@_1M@MLKIBJOJ@?$AAe?$AAn?$AA?9?$AAP?$AAH?$AA?$AA@ 10003f2c     libucrt:lcidtoname_downlevel.obj
 0001:00002f38       ??_C@_1M@BDNIPEND@?$AAe?$AAs?$AA?9?$AAC?$AAL?$AA?$AA@ 10003f38     libucrt:lcidtoname_downlevel.obj
 0001:00002f44       ??_C@_1M@MPNMEKBD@?$AAa?$AAr?$AA?9?$AAA?$AAE?$AA?$AA@ 10003f44     libucrt:lcidtoname_downlevel.obj
 0001:00002f50       ??_C@_1M@KBJALCPI@?$AAe?$AAs?$AA?9?$AAU?$AAY?$AA?$AA@ 10003f50     libucrt:lcidtoname_downlevel.obj
 0001:00002f5c       ??_C@_1M@LLCCOAGA@?$AAa?$AAr?$AA?9?$AAB?$AAH?$AA?$AA@ 10003f5c     libucrt:lcidtoname_downlevel.obj
 0001:00002f68       ??_C@_1M@PBFNCDEL@?$AAe?$AAs?$AA?9?$AAP?$AAY?$AA?$AA@ 10003f68     libucrt:lcidtoname_downlevel.obj
 0001:00002f74       ??_C@_1M@EDGINPNP@?$AAa?$AAr?$AA?9?$AAQ?$AAA?$AA?$AA@ 10003f74     libucrt:lcidtoname_downlevel.obj
 0001:00002f80       ??_C@_1M@MKDBIIJI@?$AAe?$AAs?$AA?9?$AAB?$AAO?$AA?$AA@ 10003f80     libucrt:lcidtoname_downlevel.obj
 0001:00002f8c       ??_C@_1M@CPKKEBLD@?$AAe?$AAs?$AA?9?$AAS?$AAV?$AA?$AA@ 10003f8c     libucrt:lcidtoname_downlevel.obj
 0001:00002f98       ??_C@_1M@NDBGMMJL@?$AAe?$AAs?$AA?9?$AAH?$AAN?$AA?$AA@ 10003f98     libucrt:lcidtoname_downlevel.obj
 0001:00002fa4       ??_C@_1M@JIJIBHDP@?$AAe?$AAs?$AA?9?$AAN?$AAI?$AA?$AA@ 10003fa4     libucrt:lcidtoname_downlevel.obj
 0001:00002fb0       ??_C@_1M@CGFMKEEK@?$AAe?$AAs?$AA?9?$AAP?$AAR?$AA?$AA@ 10003fb0     libucrt:lcidtoname_downlevel.obj
 0001:00002fbc       ??_C@_1O@ICJHKIIK@?$AAz?$AAh?$AA?9?$AAC?$AAH?$AAT?$AA?$AA@ 10003fbc     libucrt:lcidtoname_downlevel.obj
 0001:00002fcc       ??_C@_15CLNEJCE@?$AAs?$AAr?$AA?$AA@ 10003fcc     libucrt:lcidtoname_downlevel.obj
 0001:000036f8       ??_C@_1M@KAHEKEIG@?$AAa?$AAf?$AA?9?$AAz?$AAa?$AA?$AA@ 100046f8     libucrt:lcidtoname_downlevel.obj
 0001:00003704       ??_C@_1M@GIECOABL@?$AAa?$AAr?$AA?9?$AAa?$AAe?$AA?$AA@ 10004704     libucrt:lcidtoname_downlevel.obj
 0001:00003710       ??_C@_1M@BMLMEKGI@?$AAa?$AAr?$AA?9?$AAb?$AAh?$AA?$AA@ 10004710     libucrt:lcidtoname_downlevel.obj
 0001:0000371c       ??_C@_1M@DAPFDGGB@?$AAa?$AAr?$AA?9?$AAd?$AAz?$AA?$AA@ 1000471c     libucrt:lcidtoname_downlevel.obj
 0001:00003728       ??_C@_1M@FJNKGKIG@?$AAa?$AAr?$AA?9?$AAe?$AAg?$AA?$AA@ 10004728     libucrt:lcidtoname_downlevel.obj
 0001:00003734       ??_C@_1M@FLGKKCLO@?$AAa?$AAr?$AA?9?$AAi?$AAq?$AA?$AA@ 10004734     libucrt:lcidtoname_downlevel.obj
 0001:00003740       ??_C@_1M@GNDIPALM@?$AAa?$AAr?$AA?9?$AAj?$AAo?$AA?$AA@ 10004740     libucrt:lcidtoname_downlevel.obj
 0001:0000374c       ??_C@_1M@DDMJFMGJ@?$AAa?$AAr?$AA?9?$AAk?$AAw?$AA?$AA@ 1000474c     libucrt:lcidtoname_downlevel.obj
 0001:00003758       ??_C@_1M@EJALMLHM@?$AAa?$AAr?$AA?9?$AAl?$AAb?$AA?$AA@ 10004758     libucrt:lcidtoname_downlevel.obj
 0001:00003764       ??_C@_1M@MOBDBLOC@?$AAa?$AAr?$AA?9?$AAl?$AAy?$AA?$AA@ 10004764     libucrt:lcidtoname_downlevel.obj
 0001:00003770       ??_C@_1M@JAOCLHDH@?$AAa?$AAr?$AA?9?$AAm?$AAa?$AA?$AA@ 10004770     libucrt:lcidtoname_downlevel.obj
 0001:0000377c       ??_C@_1M@JHPMKJIE@?$AAa?$AAr?$AA?9?$AAo?$AAm?$AA?$AA@ 1000477c     libucrt:lcidtoname_downlevel.obj
 0001:00003788       ??_C@_1M@OEPGHFNH@?$AAa?$AAr?$AA?9?$AAq?$AAa?$AA?$AA@ 10004788     libucrt:lcidtoname_downlevel.obj
 0001:00003794       ??_C@_1M@KJDONENM@?$AAa?$AAr?$AA?9?$AAs?$AAa?$AA?$AA@ 10004794     libucrt:lcidtoname_downlevel.obj
 0001:000037a0       ??_C@_1M@DMJDKLKM@?$AAa?$AAr?$AA?9?$AAs?$AAy?$AA?$AA@ 100047a0     libucrt:lcidtoname_downlevel.obj
 0001:000037ac       ??_C@_1M@OMFIPEDC@?$AAa?$AAr?$AA?9?$AAt?$AAn?$AA?$AA@ 100047ac     libucrt:lcidtoname_downlevel.obj
 0001:000037b8       ??_C@_1M@IHMHGAON@?$AAa?$AAr?$AA?9?$AAy?$AAe?$AA?$AA@ 100047b8     libucrt:lcidtoname_downlevel.obj
 0001:000037c4       ??_C@_1BG@KDCPGJGB@?$AAa?$AAz?$AA?9?$AAa?$AAz?$AA?9?$AAc?$AAy?$AAr?$AAl?$AA?$AA@ 100047c4     libucrt:lcidtoname_downlevel.obj
 0001:000037dc       ??_C@_1BG@IBCKDDOE@?$AAa?$AAz?$AA?9?$AAa?$AAz?$AA?9?$AAl?$AAa?$AAt?$AAn?$AA?$AA@ 100047dc     libucrt:lcidtoname_downlevel.obj
 0001:000037f4       ??_C@_1M@EGPFDCPD@?$AAb?$AAe?$AA?9?$AAb?$AAy?$AA?$AA@ 100047f4     libucrt:lcidtoname_downlevel.obj
 0001:00003800       ??_C@_1M@PCMGMCGC@?$AAb?$AAg?$AA?9?$AAb?$AAg?$AA?$AA@ 10004800     libucrt:lcidtoname_downlevel.obj
 0001:0000380c       ??_C@_1M@BJBMFGOB@?$AAb?$AAn?$AA?9?$AAi?$AAn?$AA?$AA@ 1000480c     libucrt:lcidtoname_downlevel.obj
 0001:00003818       ??_C@_1BG@EAKMMACD@?$AAb?$AAs?$AA?9?$AAb?$AAa?$AA?9?$AAl?$AAa?$AAt?$AAn?$AA?$AA@ 10004818     libucrt:lcidtoname_downlevel.obj
 0001:00003830       ??_C@_1M@KGADAODK@?$AAc?$AAa?$AA?9?$AAe?$AAs?$AA?$AA@ 10004830     libucrt:lcidtoname_downlevel.obj
 0001:0000383c       ??_C@_1M@COAJPDHI@?$AAc?$AAs?$AA?9?$AAc?$AAz?$AA?$AA@ 1000483c     libucrt:lcidtoname_downlevel.obj
 0001:00003848       ??_C@_1M@DHBHFONH@?$AAc?$AAy?$AA?9?$AAg?$AAb?$AA?$AA@ 10004848     libucrt:lcidtoname_downlevel.obj
 0001:00003854       ??_C@_1M@IMGKELGA@?$AAd?$AAa?$AA?9?$AAd?$AAk?$AA?$AA@ 10004854     libucrt:lcidtoname_downlevel.obj
 0001:00003860       ??_C@_1M@NNDGDNGA@?$AAd?$AAe?$AA?9?$AAa?$AAt?$AA?$AA@ 10004860     libucrt:lcidtoname_downlevel.obj
 0001:0000386c       ??_C@_1M@IKDBHEEM@?$AAd?$AAe?$AA?9?$AAc?$AAh?$AA?$AA@ 1000486c     libucrt:lcidtoname_downlevel.obj
 0001:00003878       ??_C@_1M@GFFOJMCJ@?$AAd?$AAe?$AA?9?$AAd?$AAe?$AA?$AA@ 10004878     libucrt:lcidtoname_downlevel.obj
 0001:00003884       ??_C@_1M@MDNLKBPM@?$AAd?$AAe?$AA?9?$AAl?$AAi?$AA?$AA@ 10004884     libucrt:lcidtoname_downlevel.obj
 0001:00003890       ??_C@_1M@NJBEEJNL@?$AAd?$AAe?$AA?9?$AAl?$AAu?$AA?$AA@ 10004890     libucrt:lcidtoname_downlevel.obj
 0001:0000389c       ??_C@_1O@GNNELBAP@?$AAd?$AAi?$AAv?$AA?9?$AAm?$AAv?$AA?$AA@ 1000489c     libucrt:lcidtoname_downlevel.obj
 0001:000038ac       ??_C@_1M@EJLEOGAE@?$AAe?$AAl?$AA?9?$AAg?$AAr?$AA?$AA@ 100048ac     libucrt:lcidtoname_downlevel.obj
 0001:000038b8       ??_C@_1M@GMPONJN@?$AAe?$AAn?$AA?9?$AAa?$AAu?$AA?$AA@ 100048b8     libucrt:lcidtoname_downlevel.obj
 0001:000038c4       ??_C@_1M@NIDIIPGF@?$AAe?$AAn?$AA?9?$AAb?$AAz?$AA?$AA@ 100048c4     libucrt:lcidtoname_downlevel.obj
 0001:000038d0       ??_C@_1M@JEHMIMFO@?$AAe?$AAn?$AA?9?$AAc?$AAa?$AA?$AA@ 100048d0     libucrt:lcidtoname_downlevel.obj
 0001:000038dc       ??_C@_1M@IGMJCDLA@?$AAe?$AAn?$AA?9?$AAc?$AAb?$AA?$AA@ 100048dc     libucrt:lcidtoname_downlevel.obj
 0001:000038e8       ??_C@_1M@BNFIGBKG@?$AAe?$AAn?$AA?9?$AAg?$AAb?$AA?$AA@ 100048e8     libucrt:lcidtoname_downlevel.obj
 0001:000038f4       ??_C@_1M@LKIFDIGP@?$AAe?$AAn?$AA?9?$AAi?$AAe?$AA?$AA@ 100048f4     libucrt:lcidtoname_downlevel.obj
 0001:00003900       ??_C@_1M@PJKFGCCO@?$AAe?$AAn?$AA?9?$AAj?$AAm?$AA?$AA@ 10004900     libucrt:lcidtoname_downlevel.obj
 0001:0000390c       ??_C@_1M@KPPKEPBO@?$AAe?$AAn?$AA?9?$AAn?$AAz?$AA?$AA@ 1000490c     libucrt:lcidtoname_downlevel.obj
 0001:00003918       ??_C@_1M@GMDGLDOB@?$AAe?$AAn?$AA?9?$AAp?$AAh?$AA?$AA@ 10004918     libucrt:lcidtoname_downlevel.obj
 0001:00003924       ??_C@_1M@ONGIBJNA@?$AAe?$AAn?$AA?9?$AAt?$AAt?$AA?$AA@ 10004924     libucrt:lcidtoname_downlevel.obj
 0001:00003930       ??_C@_1M@LLODPCMM@?$AAe?$AAn?$AA?9?$AAu?$AAs?$AA?$AA@ 10004930     libucrt:lcidtoname_downlevel.obj
 0001:0000393c       ??_C@_1M@LAKFNPAN@?$AAe?$AAn?$AA?9?$AAz?$AAa?$AA?$AA@ 1000493c     libucrt:lcidtoname_downlevel.obj
 0001:00003948       ??_C@_1M@MFNHNHEO@?$AAe?$AAn?$AA?9?$AAz?$AAw?$AA?$AA@ 10004948     libucrt:lcidtoname_downlevel.obj
 0001:00003954       ??_C@_1M@EJEINPHM@?$AAe?$AAs?$AA?9?$AAa?$AAr?$AA?$AA@ 10004954     libucrt:lcidtoname_downlevel.obj
 0001:00003960       ??_C@_1M@GNKPCCJA@?$AAe?$AAs?$AA?9?$AAb?$AAo?$AA?$AA@ 10004960     libucrt:lcidtoname_downlevel.obj
 0001:0000396c       ??_C@_1M@LEEGFONL@?$AAe?$AAs?$AA?9?$AAc?$AAl?$AA?$AA@ 1000496c     libucrt:lcidtoname_downlevel.obj
 0001:00003978       ??_C@_1M@KGPDPBDF@?$AAe?$AAs?$AA?9?$AAc?$AAo?$AA?$AA@ 10004978     libucrt:lcidtoname_downlevel.obj
 0001:00003984       ??_C@_1M@EIAHOHH@?$AAe?$AAs?$AA?9?$AAc?$AAr?$AA?$AA@ 10004984     libucrt:lcidtoname_downlevel.obj
 0001:00003990       ??_C@_1M@LLPGMBIN@?$AAe?$AAs?$AA?9?$AAd?$AAo?$AA?$AA@ 10004990     libucrt:lcidtoname_downlevel.obj
 0001:0000399c       ??_C@_1M@DKHMKNJA@?$AAe?$AAs?$AA?9?$AAe?$AAc?$AA?$AA@ 1000499c     libucrt:lcidtoname_downlevel.obj
 0001:000039a8       ??_C@_1M@GKGFPKAP@?$AAe?$AAs?$AA?9?$AAe?$AAs?$AA?$AA@ 100049a8     libucrt:lcidtoname_downlevel.obj
 0001:000039b4       ??_C@_1M@LKHKGDLN@?$AAe?$AAs?$AA?9?$AAg?$AAt?$AA?$AA@ 100049b4     libucrt:lcidtoname_downlevel.obj
 0001:000039c0       ??_C@_1M@HEIIGGJD@?$AAe?$AAs?$AA?9?$AAh?$AAn?$AA?$AA@ 100049c0     libucrt:lcidtoname_downlevel.obj
 0001:000039cc       ??_C@_1M@FBDHPPGD@?$AAe?$AAs?$AA?9?$AAm?$AAx?$AA?$AA@ 100049cc     libucrt:lcidtoname_downlevel.obj
 0001:000039d8       ??_C@_1M@DPAGLNDH@?$AAe?$AAs?$AA?9?$AAn?$AAi?$AA?$AA@ 100049d8     libucrt:lcidtoname_downlevel.obj
 0001:000039e4       ??_C@_1M@MDGOPGDD@?$AAe?$AAs?$AA?9?$AAp?$AAa?$AA?$AA@ 100049e4     libucrt:lcidtoname_downlevel.obj
 0001:000039f0       ??_C@_1M@EMAMGBGE@?$AAe?$AAs?$AA?9?$AAp?$AAe?$AA?$AA@ 100049f0     libucrt:lcidtoname_downlevel.obj
 0001:000039fc       ??_C@_1M@IBMCAOEC@?$AAe?$AAs?$AA?9?$AAp?$AAr?$AA?$AA@ 100049fc     libucrt:lcidtoname_downlevel.obj
 0001:00003a08       ??_C@_1M@FGMDIJED@?$AAe?$AAs?$AA?9?$AAp?$AAy?$AA?$AA@ 10004a08     libucrt:lcidtoname_downlevel.obj
 0001:00003a14       ??_C@_1M@IIDEOLLL@?$AAe?$AAs?$AA?9?$AAs?$AAv?$AA?$AA@ 10004a14     libucrt:lcidtoname_downlevel.obj
 0001:00003a20       ??_C@_1M@GAOBIPA@?$AAe?$AAs?$AA?9?$AAu?$AAy?$AA?$AA@ 10004a20     libucrt:lcidtoname_downlevel.obj
 0001:00003a2c       ??_C@_1M@JKFFICHJ@?$AAe?$AAs?$AA?9?$AAv?$AAe?$AA?$AA@ 10004a2c     libucrt:lcidtoname_downlevel.obj
 0001:00003a38       ??_C@_1M@PNMLOJDF@?$AAe?$AAt?$AA?9?$AAe?$AAe?$AA?$AA@ 10004a38     libucrt:lcidtoname_downlevel.obj
 0001:00003a44       ??_C@_1M@GHHLIKEI@?$AAe?$AAu?$AA?9?$AAe?$AAs?$AA?$AA@ 10004a44     libucrt:lcidtoname_downlevel.obj
 0001:00003a50       ??_C@_1M@PBNONODE@?$AAf?$AAa?$AA?9?$AAi?$AAr?$AA?$AA@ 10004a50     libucrt:lcidtoname_downlevel.obj
 0001:00003a5c       ??_C@_1M@JEEHPMIL@?$AAf?$AAi?$AA?9?$AAf?$AAi?$AA?$AA@ 10004a5c     libucrt:lcidtoname_downlevel.obj
 0001:00003a68       ??_C@_1M@LMDCNDBA@?$AAf?$AAo?$AA?9?$AAf?$AAo?$AA?$AA@ 10004a68     libucrt:lcidtoname_downlevel.obj
 0001:00003a74       ??_C@_1M@JKEOHLDK@?$AAf?$AAr?$AA?9?$AAb?$AAe?$AA?$AA@ 10004a74     libucrt:lcidtoname_downlevel.obj
 0001:00003a80       ??_C@_1M@NOHADPMI@?$AAf?$AAr?$AA?9?$AAc?$AAa?$AA?$AA@ 10004a80     libucrt:lcidtoname_downlevel.obj
 0001:00003a8c       ??_C@_1M@KDHIHAEC@?$AAf?$AAr?$AA?9?$AAc?$AAh?$AA?$AA@ 10004a8c     libucrt:lcidtoname_downlevel.obj
 0001:00003a98       ??_C@_1M@MMBBFGAK@?$AAf?$AAr?$AA?9?$AAf?$AAr?$AA?$AA@ 10004a98     libucrt:lcidtoname_downlevel.obj
 0001:00003aa4       ??_C@_1M@PAFNENNF@?$AAf?$AAr?$AA?9?$AAl?$AAu?$AA?$AA@ 10004aa4     libucrt:lcidtoname_downlevel.obj
 0001:00003ab0       ??_C@_1M@EOHDJGDD@?$AAf?$AAr?$AA?9?$AAm?$AAc?$AA?$AA@ 10004ab0     libucrt:lcidtoname_downlevel.obj
 0001:00003abc       ??_C@_1M@FAPLLOPF@?$AAg?$AAl?$AA?9?$AAe?$AAs?$AA?$AA@ 10004abc     libucrt:lcidtoname_downlevel.obj
 0001:00003ac8       ??_C@_1M@FOPBFLOO@?$AAg?$AAu?$AA?9?$AAi?$AAn?$AA?$AA@ 10004ac8     libucrt:lcidtoname_downlevel.obj
 0001:00003ad4       ??_C@_1M@KBMCINPM@?$AAh?$AAe?$AA?9?$AAi?$AAl?$AA?$AA@ 10004ad4     libucrt:lcidtoname_downlevel.obj
 0001:00003ae0       ??_C@_1M@BBPHKFPJ@?$AAh?$AAi?$AA?9?$AAi?$AAn?$AA?$AA@ 10004ae0     libucrt:lcidtoname_downlevel.obj
 0001:00003aec       ??_C@_1M@PMBNDPHD@?$AAh?$AAr?$AA?9?$AAb?$AAa?$AA?$AA@ 10004aec     libucrt:lcidtoname_downlevel.obj
 0001:00003af8       ??_C@_1M@BPCKOEGE@?$AAh?$AAr?$AA?9?$AAh?$AAr?$AA?$AA@ 10004af8     libucrt:lcidtoname_downlevel.obj
 0001:00003b04       ??_C@_1M@GACBMHKE@?$AAh?$AAu?$AA?9?$AAh?$AAu?$AA?$AA@ 10004b04     libucrt:lcidtoname_downlevel.obj
 0001:00003b10       ??_C@_1M@MILPAJJC@?$AAh?$AAy?$AA?9?$AAa?$AAm?$AA?$AA@ 10004b10     libucrt:lcidtoname_downlevel.obj
 0001:00003b1c       ??_C@_1M@BABBICEC@?$AAi?$AAd?$AA?9?$AAi?$AAd?$AA?$AA@ 10004b1c     libucrt:lcidtoname_downlevel.obj
 0001:00003b28       ??_C@_1M@BIKNHHPF@?$AAi?$AAs?$AA?9?$AAi?$AAs?$AA?$AA@ 10004b28     libucrt:lcidtoname_downlevel.obj
 0001:00003b34       ??_C@_1M@NMPCJPHE@?$AAi?$AAt?$AA?9?$AAc?$AAh?$AA?$AA@ 10004b34     libucrt:lcidtoname_downlevel.obj
 0001:00003b40       ??_C@_1M@GHKGFEDF@?$AAi?$AAt?$AA?9?$AAi?$AAt?$AA?$AA@ 10004b40     libucrt:lcidtoname_downlevel.obj
 0001:00003b4c       ??_C@_1M@NIEJCJJA@?$AAj?$AAa?$AA?9?$AAj?$AAp?$AA?$AA@ 10004b4c     libucrt:lcidtoname_downlevel.obj
 0001:00003b58       ??_C@_1M@JILFNBIM@?$AAk?$AAa?$AA?9?$AAg?$AAe?$AA?$AA@ 10004b58     libucrt:lcidtoname_downlevel.obj
 0001:00003b64       ??_C@_1M@PACPMGPH@?$AAk?$AAk?$AA?9?$AAk?$AAz?$AA?$AA@ 10004b64     libucrt:lcidtoname_downlevel.obj
 0001:00003b70       ??_C@_1M@IELFGMHA@?$AAk?$AAn?$AA?9?$AAi?$AAn?$AA?$AA@ 10004b70     libucrt:lcidtoname_downlevel.obj
 0001:00003b7c       ??_C@_1O@IBBJHCH@?$AAk?$AAo?$AAk?$AA?9?$AAi?$AAn?$AA?$AA@ 10004b7c     libucrt:lcidtoname_downlevel.obj
 0001:00003b8c       ??_C@_1M@DMHAEOGC@?$AAk?$AAo?$AA?9?$AAk?$AAr?$AA?$AA@ 10004b8c     libucrt:lcidtoname_downlevel.obj
 0001:00003b98       ??_C@_1M@HBAHBIGA@?$AAk?$AAy?$AA?9?$AAk?$AAg?$AA?$AA@ 10004b98     libucrt:lcidtoname_downlevel.obj
 0001:00003ba4       ??_C@_1M@KPMILCJG@?$AAl?$AAt?$AA?9?$AAl?$AAt?$AA?$AA@ 10004ba4     libucrt:lcidtoname_downlevel.obj
 0001:00003bb0       ??_C@_1M@BDEKKCA@?$AAl?$AAv?$AA?9?$AAl?$AAv?$AA?$AA@ 10004bb0     libucrt:lcidtoname_downlevel.obj
 0001:00003bbc       ??_C@_1M@ELCKCCJJ@?$AAm?$AAi?$AA?9?$AAn?$AAz?$AA?$AA@ 10004bbc     libucrt:lcidtoname_downlevel.obj
 0001:00003bc8       ??_C@_1M@CBOOLAPA@?$AAm?$AAk?$AA?9?$AAm?$AAk?$AA?$AA@ 10004bc8     libucrt:lcidtoname_downlevel.obj
 0001:00003bd4       ??_C@_1M@GPHNBJKN@?$AAm?$AAl?$AA?9?$AAi?$AAn?$AA?$AA@ 10004bd4     libucrt:lcidtoname_downlevel.obj
 0001:00003be0       ??_C@_1M@PABJILIG@?$AAm?$AAn?$AA?9?$AAm?$AAn?$AA?$AA@ 10004be0     libucrt:lcidtoname_downlevel.obj
 0001:00003bec       ??_C@_1M@FGBKKIPG@?$AAm?$AAr?$AA?9?$AAi?$AAn?$AA?$AA@ 10004bec     libucrt:lcidtoname_downlevel.obj
 0001:00003bf8       ??_C@_1M@NDBPDDAL@?$AAm?$AAs?$AA?9?$AAb?$AAn?$AA?$AA@ 10004bf8     libucrt:lcidtoname_downlevel.obj
 0001:00003c04       ??_C@_1M@OPIHOOPI@?$AAm?$AAs?$AA?9?$AAm?$AAy?$AA?$AA@ 10004c04     libucrt:lcidtoname_downlevel.obj
 0001:00003c10       ??_C@_1M@PPDBCNFM@?$AAm?$AAt?$AA?9?$AAm?$AAt?$AA?$AA@ 10004c10     libucrt:lcidtoname_downlevel.obj
 0001:00003c1c       ??_C@_1M@KDJDKMDD@?$AAn?$AAb?$AA?9?$AAn?$AAo?$AA?$AA@ 10004c1c     libucrt:lcidtoname_downlevel.obj
 0001:00003c28       ??_C@_1M@KFCFLMJP@?$AAn?$AAl?$AA?9?$AAb?$AAe?$AA?$AA@ 10004c28     libucrt:lcidtoname_downlevel.obj
 0001:00003c34       ??_C@_1M@KPOPDDGO@?$AAn?$AAl?$AA?9?$AAn?$AAl?$AA?$AA@ 10004c34     libucrt:lcidtoname_downlevel.obj
 0001:00003c40       ??_C@_1M@LJKPEMLN@?$AAn?$AAn?$AA?9?$AAn?$AAo?$AA?$AA@ 10004c40     libucrt:lcidtoname_downlevel.obj
 0001:00003c4c       ??_C@_1M@BDGHHBFL@?$AAn?$AAs?$AA?9?$AAz?$AAa?$AA?$AA@ 10004c4c     libucrt:lcidtoname_downlevel.obj
 0001:00003c58       ??_C@_1M@IDEHOAP@?$AAp?$AAa?$AA?9?$AAi?$AAn?$AA?$AA@ 10004c58     libucrt:lcidtoname_downlevel.obj
 0001:00003c64       ??_C@_1M@HDBKGOGH@?$AAp?$AAl?$AA?9?$AAp?$AAl?$AA?$AA@ 10004c64     libucrt:lcidtoname_downlevel.obj
 0001:00003c70       ??_C@_1M@LJLLCMEH@?$AAp?$AAt?$AA?9?$AAb?$AAr?$AA?$AA@ 10004c70     libucrt:lcidtoname_downlevel.obj
 0001:00003c7c       ??_C@_1M@NCMONAAL@?$AAp?$AAt?$AA?9?$AAp?$AAt?$AA?$AA@ 10004c7c     libucrt:lcidtoname_downlevel.obj
 0001:00003c88       ??_C@_1O@EAKMAJDN@?$AAq?$AAu?$AAz?$AA?9?$AAb?$AAo?$AA?$AA@ 10004c88     libucrt:lcidtoname_downlevel.obj
 0001:00003c98       ??_C@_1O@BHHPIGDN@?$AAq?$AAu?$AAz?$AA?9?$AAe?$AAc?$AA?$AA@ 10004c98     libucrt:lcidtoname_downlevel.obj
 0001:00003ca8       ??_C@_1O@GBAPEKMJ@?$AAq?$AAu?$AAz?$AA?9?$AAp?$AAe?$AA?$AA@ 10004ca8     libucrt:lcidtoname_downlevel.obj
 0001:00003cb8       ??_C@_1M@CLGLEFBO@?$AAr?$AAo?$AA?9?$AAr?$AAo?$AA?$AA@ 10004cb8     libucrt:lcidtoname_downlevel.obj
 0001:00003cc4       ??_C@_1M@CEEDODME@?$AAr?$AAu?$AA?9?$AAr?$AAu?$AA?$AA@ 10004cc4     libucrt:lcidtoname_downlevel.obj
 0001:00003cd0       ??_C@_1M@HPKKKMPP@?$AAs?$AAa?$AA?9?$AAi?$AAn?$AA?$AA@ 10004cd0     libucrt:lcidtoname_downlevel.obj
 0001:00003cdc       ??_C@_1M@BKMAIGOJ@?$AAs?$AAe?$AA?9?$AAf?$AAi?$AA?$AA@ 10004cdc     libucrt:lcidtoname_downlevel.obj
 0001:00003ce8       ??_C@_1M@NDPIFLFI@?$AAs?$AAe?$AA?9?$AAn?$AAo?$AA?$AA@ 10004ce8     libucrt:lcidtoname_downlevel.obj
 0001:00003cf4       ??_C@_1M@DANKKHJ@?$AAs?$AAe?$AA?9?$AAs?$AAe?$AA?$AA@ 10004cf4     libucrt:lcidtoname_downlevel.obj
 0001:00003d00       ??_C@_1M@PNBLONPJ@?$AAs?$AAk?$AA?9?$AAs?$AAk?$AA?$AA@ 10004d00     libucrt:lcidtoname_downlevel.obj
 0001:00003d0c       ??_C@_1M@LFMODOAL@?$AAs?$AAl?$AA?9?$AAs?$AAi?$AA?$AA@ 10004d0c     libucrt:lcidtoname_downlevel.obj
 0001:00003d18       ??_C@_1O@DFKOMPG@?$AAs?$AAm?$AAa?$AA?9?$AAn?$AAo?$AA?$AA@ 10004d18     libucrt:lcidtoname_downlevel.obj
 0001:00003d28       ??_C@_1O@NDKPBNNH@?$AAs?$AAm?$AAa?$AA?9?$AAs?$AAe?$AA?$AA@ 10004d28     libucrt:lcidtoname_downlevel.obj
 0001:00003d38       ??_C@_1O@PLLKBHAB@?$AAs?$AAm?$AAj?$AA?9?$AAn?$AAo?$AA?$AA@ 10004d38     libucrt:lcidtoname_downlevel.obj
 0001:00003d48       ??_C@_1O@CLEPOGCA@?$AAs?$AAm?$AAj?$AA?9?$AAs?$AAe?$AA?$AA@ 10004d48     libucrt:lcidtoname_downlevel.obj
 0001:00003d58       ??_C@_1O@DLGJGKMK@?$AAs?$AAm?$AAn?$AA?9?$AAf?$AAi?$AA?$AA@ 10004d58     libucrt:lcidtoname_downlevel.obj
 0001:00003d68       ??_C@_1O@OJDJGAJC@?$AAs?$AAm?$AAs?$AA?9?$AAf?$AAi?$AA?$AA@ 10004d68     libucrt:lcidtoname_downlevel.obj
 0001:00003d78       ??_C@_1M@BOFOGHPB@?$AAs?$AAq?$AA?9?$AAa?$AAl?$AA?$AA@ 10004d78     libucrt:lcidtoname_downlevel.obj
 0001:00003d84       ??_C@_1BG@LJBBIPGB@?$AAs?$AAr?$AA?9?$AAb?$AAa?$AA?9?$AAc?$AAy?$AAr?$AAl?$AA?$AA@ 10004d84     libucrt:lcidtoname_downlevel.obj
 0001:00003d9c       ??_C@_1BG@JLBENFOE@?$AAs?$AAr?$AA?9?$AAb?$AAa?$AA?9?$AAl?$AAa?$AAt?$AAn?$AA?$AA@ 10004d9c     libucrt:lcidtoname_downlevel.obj
 0001:00003db4       ??_C@_1BG@KODPNHE@?$AAs?$AAr?$AA?9?$AAs?$AAp?$AA?9?$AAc?$AAy?$AAr?$AAl?$AA?$AA@ 10004db4     libucrt:lcidtoname_downlevel.obj
 0001:00003dcc       ??_C@_1BG@CIOGKHPB@?$AAs?$AAr?$AA?9?$AAs?$AAp?$AA?9?$AAl?$AAa?$AAt?$AAn?$AA?$AA@ 10004dcc     libucrt:lcidtoname_downlevel.obj
 0001:00003de4       ??_C@_1M@NGFJLMAC@?$AAs?$AAv?$AA?9?$AAf?$AAi?$AA?$AA@ 10004de4     libucrt:lcidtoname_downlevel.obj
 0001:00003df0       ??_C@_1M@MPJEJAJC@?$AAs?$AAv?$AA?9?$AAs?$AAe?$AA?$AA@ 10004df0     libucrt:lcidtoname_downlevel.obj
 0001:00003dfc       ??_C@_1M@MPNDHLFK@?$AAs?$AAw?$AA?9?$AAk?$AAe?$AA?$AA@ 10004dfc     libucrt:lcidtoname_downlevel.obj
 0001:00003e08       ??_C@_1O@KOHBJJI@?$AAs?$AAy?$AAr?$AA?9?$AAs?$AAy?$AA?$AA@ 10004e08     libucrt:lcidtoname_downlevel.obj
 0001:00003e18       ??_C@_1M@LDCEFHA@?$AAt?$AAa?$AA?9?$AAi?$AAn?$AA?$AA@ 10004e18     libucrt:lcidtoname_downlevel.obj
 0001:00003e24       ??_C@_1M@CNJOFAK@?$AAt?$AAe?$AA?9?$AAi?$AAn?$AA?$AA@ 10004e24     libucrt:lcidtoname_downlevel.obj
 0001:00003e30       ??_C@_1M@GNAECACD@?$AAt?$AAh?$AA?9?$AAt?$AAh?$AA?$AA@ 10004e30     libucrt:lcidtoname_downlevel.obj
 0001:00003e3c       ??_C@_1M@CHBIHOJO@?$AAt?$AAn?$AA?9?$AAz?$AAa?$AA?$AA@ 10004e3c     libucrt:lcidtoname_downlevel.obj
 0001:00003e48       ??_C@_1M@GCCMIGPJ@?$AAt?$AAr?$AA?9?$AAt?$AAr?$AA?$AA@ 10004e48     libucrt:lcidtoname_downlevel.obj
 0001:00003e54       ??_C@_1M@CELMCNBK@?$AAt?$AAt?$AA?9?$AAr?$AAu?$AA?$AA@ 10004e54     libucrt:lcidtoname_downlevel.obj
 0001:00003e60       ??_C@_1M@KLMCELGA@?$AAu?$AAk?$AA?9?$AAu?$AAa?$AA?$AA@ 10004e60     libucrt:lcidtoname_downlevel.obj
 0001:00003e6c       ??_C@_1M@EPAJJAJF@?$AAu?$AAr?$AA?9?$AAp?$AAk?$AA?$AA@ 10004e6c     libucrt:lcidtoname_downlevel.obj
 0001:00003e78       ??_C@_1BG@GEGPMCDJ@?$AAu?$AAz?$AA?9?$AAu?$AAz?$AA?9?$AAc?$AAy?$AAr?$AAl?$AA?$AA@ 10004e78     libucrt:lcidtoname_downlevel.obj
 0001:00003e90       ??_C@_1BG@EGGKJILM@?$AAu?$AAz?$AA?9?$AAu?$AAz?$AA?9?$AAl?$AAa?$AAt?$AAn?$AA?$AA@ 10004e90     libucrt:lcidtoname_downlevel.obj
 0001:00003ea8       ??_C@_1M@GFOCLFF@?$AAv?$AAi?$AA?9?$AAv?$AAn?$AA?$AA@ 10004ea8     libucrt:lcidtoname_downlevel.obj
 0001:00003eb4       ??_C@_1M@CPAMEDFI@?$AAx?$AAh?$AA?9?$AAz?$AAa?$AA?$AA@ 10004eb4     libucrt:lcidtoname_downlevel.obj
 0001:00003ec0       ??_C@_1O@EBKIFIGN@?$AAz?$AAh?$AA?9?$AAc?$AAh?$AAs?$AA?$AA@ 10004ec0     libucrt:lcidtoname_downlevel.obj
 0001:00003ed0       ??_C@_1O@NMHPGANE@?$AAz?$AAh?$AA?9?$AAc?$AAh?$AAt?$AA?$AA@ 10004ed0     libucrt:lcidtoname_downlevel.obj
 0001:00003ee0       ??_C@_1M@LPINJOMC@?$AAz?$AAh?$AA?9?$AAc?$AAn?$AA?$AA@ 10004ee0     libucrt:lcidtoname_downlevel.obj
 0001:00003eec       ??_C@_1M@OCJEJODD@?$AAz?$AAh?$AA?9?$AAh?$AAk?$AA?$AA@ 10004eec     libucrt:lcidtoname_downlevel.obj
 0001:00003ef8       ??_C@_1M@DNDLJINH@?$AAz?$AAh?$AA?9?$AAm?$AAo?$AA?$AA@ 10004ef8     libucrt:lcidtoname_downlevel.obj
 0001:00003f04       ??_C@_1M@MBFDNDND@?$AAz?$AAh?$AA?9?$AAs?$AAg?$AA?$AA@ 10004f04     libucrt:lcidtoname_downlevel.obj
 0001:00003f10       ??_C@_1M@IMEPLEPE@?$AAz?$AAh?$AA?9?$AAt?$AAw?$AA?$AA@ 10004f10     libucrt:lcidtoname_downlevel.obj
 0001:00003f1c       ??_C@_1M@BBGHNHJP@?$AAz?$AAu?$AA?9?$AAz?$AAa?$AA?$AA@ 10004f1c     libucrt:lcidtoname_downlevel.obj
[...]
 0001:0000bf24       ?CPtoLocaleName@@YAPB_WH@Z 1000cf24 f   libucrt:mbctype.obj
 0001:0000bf62       ?getSystemCP@@YAHH@Z       1000cf62 f   libucrt:mbctype.obj
 0001:0000bfd5       ?setSBCS@@YAXPAU__crt_multibyte_data@@@Z 1000cfd5 f   libucrt:mbctype.obj
 0001:0000c03a       ?setSBUpLow@@YAXPAU__crt_multibyte_data@@@Z 1000d03a f   libucrt:mbctype.obj
 0001:0000c1ce       ?setmbcp_internal@@YAHH_N@Z 1000d1ce f   libucrt:mbctype.obj
 0001:0000c580       _memcpy_s                  1000d580 f   libucrt:mbctype.obj
 0001:0000c601       ?x_ismbbtype_l@@YAHPAU__crt_locale_pointers@@IHH@Z 1000d601 f   libucrt:ismbbyte.obj
 0001:0000c68b       ?find_end_of_double_null_terminated_sequence@@YAPB_WQB_W@Z 1000d68b f   libucrt:get_environment_from_os.obj
 0001:0000c7d8       ?initialize_inherited_file_handles_nolock@@YAXXZ 1000d7d8 f   libucrt:ioinit.obj
 0001:0000c88e       ?initialize_stdio_handles_nolock@@YAXXZ 1000d88e f   libucrt:ioinit.obj
 0001:0000cb18       ?get_global_action_nolock@@YAPAP6AXH@ZH@Z 1000db18 f   libucrt:signal.obj
 0001:0000cb5a       ?siglookup@@YAPAU__crt_signal_action_t@@HQAU1@@Z 1000db5a f   libucrt:signal.obj
 0001:0000d576       ?GetTableIndexFromLocaleName@@YAHPB_W@Z 1000e576 f   libucrt:lcidtoname_downlevel.obj
 0001:0000d660       ?shortsort@@YAXPAD0IP6AHPBX1@Z@Z 1000e660 f   libucrt:qsort.obj
 0001:0000d700       ?swap@@YAXPAD0I@Z          1000e700 f   libucrt:qsort.obj
 0001:0000dada       ??$common_tcsncpy_s@D@@YAHQADIQBDI@Z 1000eada f   libucrt:strncpy_s.obj
 0001:0000dba0       $$000000                   1000eba0     libucrt:strpbrk.obj
 0001:0000dc84       ?initialize_multibyte@@YAHXZ 1000ec84 f   libucrt:multibyte_initializer.obj
 0001:0000ddd0       ?__acrt_LCMapStringA_stat@@YAHPAU__crt_locale_pointers@@PB_WKPBDHPADHHH@Z 1000edd0 f   libucrt:lcmapstringa.obj
 0001:0000e3ff       _common_flush_all          1000f3ff f   libucrt:fflush.obj
 0001:0000e755       ?free_crt_array_internal@@YAXQAPBXI@Z 1000f755 f   libucrt:inittime.obj
 0001:0000e9c6       ?write_double_translated_ansi_nolock@@YA?AUwrite_result@?A0x47fa6670@@HQBDI@Z 1000f9c6 f   libucrt:write.obj
 0001:0000eb79       ?write_double_translated_unicode_nolock@@YA?AUwrite_result@?A0x47fa6670@@QBDI@Z 1000fb79 f   libucrt:write.obj
 0001:0000ebe6       ?write_requires_double_translation_nolock@@YA_NH@Z 1000fbe6 f   libucrt:write.obj
 0001:0000ec5c       ?write_text_ansi_nolock@@YA?AUwrite_result@?A0x47fa6670@@HQBDI@Z 1000fc5c f   libucrt:write.obj
 0001:0000ed3b       ?write_text_utf16le_nolock@@YA?AUwrite_result@?A0x47fa6670@@HQBDI@Z 1000fd3b f   libucrt:write.obj
 0001:0000ee29       ?write_text_utf8_nolock@@YA?AUwrite_result@?A0x47fa6670@@HQBDI@Z 1000fe29 f   libucrt:write.obj
 0001:0000f250       $$000000                   10010250     libucrt:log10.obj
 0001:0000f3a0       $$000000                   100103a0     libucrt:ceil_pentium4.obj
 0001:0000f4bd       ??$common_lseek_nolock@_J@@YA_JH_JH@Z 100104bd f   libucrt:lseek.obj
 0001:0000f650       $$000000                   10010650     libucrt:_strnicm.obj
 0001:0000f710       $$000000                   10010710     libucrt:log10_pentium4.obj
 0001:0000f9a0       $$000000                   100109a0     libucrt:87tran.obj
 0001:0000fba0       $$000000                   10010ba0     libucrt:87disp.obj
 0001:0000fda0       $$000000                   10010da0     libucrt:common.obj
 0001:0000ff30       $$000000                   10010f30     libucrt:genexcep.obj
 0001:00011220       $$000000                   10012220     LIBCMT:ulldvrm.obj
 0001:000112c0       $$000000                   100122c0     LIBCMT:_sehprolg4gs_.obj
 0001:00011320       $$000000                   10012320     LIBCMT:llmul.obj
 0001:00011360       $$000000                   10012360     LIBCMT:lldvrm.obj
 0001:00011440       $$000000                   10012440     LIBCMT:ullshr.obj
 0001:00011460       $$000000                   10012460     LIBCMT:alloca16.obj
 0001:00011490       $$000000                   10012490     LIBCMT:llshl.obj
 0001:000114b0       $$000000                   100124b0     LIBCMT:_ftol2_.obj
 0001:00011570       $$000000                   10012570     libvcruntime:strchr.obj
 0001:000116a0       $$000000                   100126a0     libvcruntime:strrchr.obj
 0001:000117e0       ??__FDeleter@?1??InitializeSListHead@implementation@slist@@YGXPAT_SLIST_HEADER@@@Z@YAXXZ 100127e0 f   vc_crt_fix_impl.obj
 0001:00011820       __sehtable$___scrt_is_nonwritable_in_current_image 10012820     LIBCMT:utility.obj
 0001:00011840       __sehtable$?dllmain_crt_process_attach@@YAHQAUHINSTANCE__@@QAX@Z 10012840     LIBCMT:dll_dllmain.obj
 0001:00011860       __sehtable$?dllmain_crt_process_detach@@YAH_N@Z 10012860     LIBCMT:dll_dllmain.obj
 0001:00011880       __sehtable$?dllmain_dispatch@@YAHQAUHINSTANCE__@@KQAX@Z 10012880     LIBCMT:dll_dllmain.obj
 0001:00011930       __sehtable$__query_new_handler 10012930     libucrt:new_handler.obj
 0001:00011950       __sehtable$?common_exit@@YAXHW4_crt_exit_cleanup_mode@@W4_crt_exit_return_mode@@@Z 10012950     libucrt:exit.obj
 0001:00011978       __sehtable$??$?RV<lambda_800076c951b434888f4765a74a194fcc>@@AAV<lambda_4e60a939b0d047cfe11ddc22648dfba9>@@V<lambda_6dbb1268764f43b569ce7b67e331d33a>@@@?$__crt_seh_guarded_call@H@@QAEH$$QAV<lambda_800076c951b434888f4765a74a194fcc>@@AAV<lambda_4e60a939b0d047cfe11ddc22648dfba9>@@$$QAV<lambda_6dbb1268764f43b569ce7b67e331d33a>@@@Z 10012978     libucrt:onexit.obj
 0001:00011998       __sehtable$??$?RV<lambda_995298e7d72eb4c2aab26c0585b3abe5>@@AAV<lambda_275893d493268fdec8709772e3fcec0e>@@V<lambda_293819299cbf9a7022e18b56a874bb5c>@@@?$__crt_seh_guarded_call@H@@QAEH$$QAV<lambda_995298e7d72eb4c2aab26c0585b3abe5>@@AAV<lambda_275893d493268fdec8709772e3fcec0e>@@$$QAV<lambda_293819299cbf9a7022e18b56a874bb5c>@@@Z 10012998     libucrt:onexit.obj
 0001:000119b8       __sehtable$_terminate      100129b8     libucrt:terminate.obj
 0001:000119d8       __sehtable$??$?RV<lambda_9df27f884b057bc3edfc946cb5b7cf47>@@AAV<lambda_e69574bed617af4e071282c136b37893>@@V<lambda_cc0d902bcbbeb830f749456577db4721>@@@?$__crt_seh_guarded_call@X@@QAEX$$QAV<lambda_9df27f884b057bc3edfc946cb5b7cf47>@@AAV<lambda_e69574bed617af4e071282c136b37893>@@$$QAV<lambda_cc0d902bcbbeb830f749456577db4721>@@@Z 100129d8     libucrt:per_thread_data.obj
 0001:000119f8       __sehtable$??$?RV<lambda_3518db117f0e7cdb002338c5d3c47b6c>@@AAV<lambda_b2ea41f6bbb362cd97d94c6828d90b61>@@V<lambda_abdedf541bb04549bc734292b4a045d4>@@@?$__crt_seh_guarded_call@X@@QAEX$$QAV<lambda_3518db117f0e7cdb002338c5d3c47b6c>@@AAV<lambda_b2ea41f6bbb362cd97d94c6828d90b61>@@$$QAV<lambda_abdedf541bb04549bc734292b4a045d4>@@@Z 100129f8     libucrt:per_thread_data.obj
 0001:00011a18       __sehtable$??$?RV<lambda_51b6e8b1eb166f2a3faf91f424b38130>@@AAV<lambda_6250bd4b2a391816dd638c3bf72b0bcb>@@V<lambda_0b5a4a3e68152e1d9b943535f5f47bed>@@@?$__crt_seh_guarded_call@X@@QAEX$$QAV<lambda_51b6e8b1eb166f2a3faf91f424b38130>@@AAV<lambda_6250bd4b2a391816dd638c3bf72b0bcb>@@$$QAV<lambda_0b5a4a3e68152e1d9b943535f5f47bed>@@@Z 10012a18     libucrt:per_thread_data.obj
 0001:00011a38       __sehtable$??$?RV<lambda_5b71d36f03204c0beab531769a5b5694>@@AAV<lambda_be2b3da3f62db62e9dad5dc70221a656>@@V<lambda_8f9ce462984622f9bf76b59e2aaaf805>@@@?$__crt_seh_guarded_call@X@@QAEX$$QAV<lambda_5b71d36f03204c0beab531769a5b5694>@@AAV<lambda_be2b3da3f62db62e9dad5dc70221a656>@@$$QAV<lambda_8f9ce462984622f9bf76b59e2aaaf805>@@@Z 10012a38     libucrt:per_thread_data.obj
 0001:00011a58       __sehtable$___acrt_update_thread_multibyte_data 10012a58     libucrt:mbctype.obj
 0001:00011a78       __sehtable$??$?RV<lambda_978dc153c237d78434369da87b74ff60>@@AAV<lambda_ad1ced32f4ac17aa236e5ef05d6b3b7c>@@V<lambda_4a8533e2866a575feecb8298ce776b0d>@@@?$__crt_seh_guarded_call@X@@QAEX$$QAV<lambda_978dc153c237d78434369da87b74ff60>@@AAV<lambda_ad1ced32f4ac17aa236e5ef05d6b3b7c>@@$$QAV<lambda_4a8533e2866a575feecb8298ce776b0d>@@@Z 10012a78     libucrt:mbctype.obj
 0001:00011a98       __sehtable$___acrt_initialize_lowio 10012a98     libucrt:ioinit.obj
 0001:00011ab8       __sehtable$_raise          10012ab8     libucrt:signal.obj
 0001:00011ad8       __sehtable$??$?RV<lambda_a048d3beccc847880fc8490e18b82769>@@AAV<lambda_ec61778202f4f5fc7e7711acc23c3bca>@@V<lambda_f7496a158712204296dd6628a163878e>@@@?$__crt_seh_guarded_call@P6AXH@Z@@QAEP6AXH@Z$$QAV<lambda_a048d3beccc847880fc8490e18b82769>@@AAV<lambda_ec61778202f4f5fc7e7711acc23c3bca>@@$$QAV<lambda_f7496a158712204296dd6628a163878e>@@@Z 10012ad8     libucrt:signal.obj
 0001:00011af8       __sehtable$___acrt_uninitialize_locale 10012af8     libucrt:wsetlocale.obj
 0001:00011b18       __sehtable$___acrt_update_thread_locale_data 10012b18     libucrt:locale_refcounting.obj
 0001:00011b38       __sehtable$___acrt_lowio_ensure_fh_exists 10012b38     libucrt:osfinfo.obj
 0001:00011b58       __sehtable$_common_flush_all 10012b58     libucrt:fflush.obj
 0001:00011b80       __sehtable$__fcloseall     10012b80     libucrt:closeall.obj
 0001:00011ba0       __sehtable$??$?RV<lambda_61cee617f5178ae960314fd4d05640a0>@@AAV<lambda_6978c1fb23f02e42e1d9e99668cc68aa>@@V<lambda_9cd88cf8ad10232537feb2133f08c833>@@@?$__crt_seh_guarded_call@H@@QAEH$$QAV<lambda_61cee617f5178ae960314fd4d05640a0>@@AAV<lambda_6978c1fb23f02e42e1d9e99668cc68aa>@@$$QAV<lambda_9cd88cf8ad10232537feb2133f08c833>@@@Z 10012ba0     libucrt:commit.obj
 0001:00011bc0       __sehtable$__write         10012bc0     libucrt:write.obj
 0001:00011be0       __sehtable$_fclose         10012be0     libucrt:fclose.obj
 0001:00011c00       __sehtable$??$?RV<lambda_123407a5e2ac06da108355a851863b7a>@@AAV<lambda_2fe9b910cf3cbf4a0ab98a02ba45b3ec>@@V<lambda_ae55bdf541ad94d75914d381c370e64d>@@@?$__crt_seh_guarded_call@H@@QAEH$$QAV<lambda_123407a5e2ac06da108355a851863b7a>@@AAV<lambda_2fe9b910cf3cbf4a0ab98a02ba45b3ec>@@$$QAV<lambda_ae55bdf541ad94d75914d381c370e64d>@@@Z 10012c00     libucrt:close.obj
 0001:00011c20       __sehtable$__IsNonwritableInCurrentImage 10012c20     LIBCMT:pesect.obj
 0001:00011c40       .edata                     10012c40     Align.exp
 0001:00011c68       rgpv                       10012c68     Align.exp
 0001:00011c78       rgszName                   10012c78     Align.exp
 0001:00011c88       rgwOrd                     10012c88     Align.exp
 0001:00011c90       szName                     10012c90     Align.exp
 0001:00011c9a       $N00001                    10012c9a     Align.exp
 0001:00011ca9       $N00002                    10012ca9     Align.exp
 0001:00011cb8       $N00003                    10012cb8     Align.exp
 0001:00011cbe       $N00004                    10012cbe     Align.exp
 0002:00000020       ?__vcrt_flsindex@@3KA      10013020     libvcruntime:per_thread_data.obj
 0002:00000044       ___acrt_flsindex           10013044     libucrt:per_thread_data.obj
 0002:00000048       _errno_no_memory           10013048     libucrt:errno.obj
 0002:0000004c       _doserrno_no_memory        1001304c     libucrt:errno.obj
 0002:00000050       ___rgctypeflag             10013050     libucrt:mbctype.obj
 0002:00000058       ___rgcode_page_info        10013058     libucrt:mbctype.obj
 0002:000007e8       ?Info@@3UPluginStartupInfo@@A 100137e8     Align.obj
 0002:00000870       ?FSF@@3UFarStandardFunctions@@A 10013870     Align.obj
 0002:00000930       ?PluginMenuStrings@?1??GetPluginInfoW@@9@4@4PAPB_WA 10013930     Align.obj
 0002:00000938       ?Cookie@?1??XorPointer@@YAPAXPAX@Z@4IB 10013938     vc_crt_fix_impl.obj
 0002:0000093c       ?$S1@?1??XorPointer@@YAPAXPAX@Z@4IA 1001393c     vc_crt_fix_impl.obj
 0002:00000940       ?Function@?1??EncodePointerWrapper@@9@4@4Q6GPAXPAX@ZA 10013940     vc_crt_fix_impl.obj
 0002:00000944       ?$S2@?1??EncodePointerWrapper@@9@4@4IA 10013944     vc_crt_fix_impl.obj
 0002:00000948       ?Function@?1??DecodePointerWrapper@@9@4@4Q6GPAXPAX@ZA 10013948     vc_crt_fix_impl.obj
 0002:0000094c       ?$S3@?1??DecodePointerWrapper@@9@4@4IA 1001394c     vc_crt_fix_impl.obj
 0002:00000950       ?Function@?1??GetModuleHandleExWWrapper@@9@12@4Q6GHKPB_WPAPAUHINSTANCE__@@@ZA 10013950     vc_crt_fix_impl.obj
 0002:00000954       ?$S4@?1??GetModuleHandleExWWrapper@@9@12@4IA 10013954     vc_crt_fix_impl.obj
 0002:00000958       ?Deleter@?1??InitializeSListHead@implementation@slist@@YGXPAT_SLIST_HEADER@@@Z@4Vservice_deleter@23@A 10013958     vc_crt_fix_impl.obj
 0002:00000978       ?$S5@?1??InitializeSListHead@implementation@slist@@YGXPAT_SLIST_HEADER@@@Z@4IA 10013978     vc_crt_fix_impl.obj
 0002:0000097c       ?Function@?1??InitializeSListHeadWrapper@@9@4@4Q6GXPAT_SLIST_HEADER@@@ZA 1001397c     vc_crt_fix_impl.obj
 0002:00000980       ?$S6@?1??InitializeSListHeadWrapper@@9@4@4IA 10013980     vc_crt_fix_impl.obj
 0002:00000984       ?Function@?1??InterlockedFlushSListWrapper@@9@4@4Q6GPAU_SINGLE_LIST_ENTRY@@PAT_SLIST_HEADER@@@ZA 10013984     vc_crt_fix_impl.obj
 0002:00000988       ?$S7@?1??InterlockedFlushSListWrapper@@9@4@4IA 10013988     vc_crt_fix_impl.obj
 0002:0000098c       ?Function@?1??InterlockedPopEntrySListWrapper@@9@4@4Q6GPAU_SINGLE_LIST_ENTRY@@PAT_SLIST_HEADER@@@ZA 1001398c     vc_crt_fix_impl.obj
 0002:00000990       ?$S8@?1??InterlockedPopEntrySListWrapper@@9@4@4IA 10013990     vc_crt_fix_impl.obj
 0002:00000994       ?Function@?1??InterlockedPushEntrySListWrapper@@9@8@4Q6GPAU_SINGLE_LIST_ENTRY@@PAT_SLIST_HEADER@@PAU2@@ZA 10013994     vc_crt_fix_impl.obj
 0002:00000998       ?$S9@?1??InterlockedPushEntrySListWrapper@@9@8@4IA 10013998     vc_crt_fix_impl.obj
 0002:0000099c       ?Function@?1??InterlockedPushListSListExWrapper@@9@16@4Q6GPAU_SINGLE_LIST_ENTRY@@PAT_SLIST_HEADER@@PAU2@1K@ZA 1001399c     vc_crt_fix_impl.obj
 0002:000009a0       ?$S10@?1??InterlockedPushListSListExWrapper@@9@16@4IA 100139a0     vc_crt_fix_impl.obj
 0002:000009a4       ?Function@?1??RtlFirstEntrySListWrapper@@9@4@4Q6GPAU_SINGLE_LIST_ENTRY@@PAT_SLIST_HEADER@@@ZA 100139a4     vc_crt_fix_impl.obj
 0002:000009a8       ?$S11@?1??RtlFirstEntrySListWrapper@@9@4@4IA 100139a8     vc_crt_fix_impl.obj
 0002:000009ac       ?Function@?1??QueryDepthSListWrapper@@9@4@4Q6GGPAT_SLIST_HEADER@@@ZA 100139ac     vc_crt_fix_impl.obj
 0002:000009b0       ?$S12@?1??QueryDepthSListWrapper@@9@4@4IA 100139b0     vc_crt_fix_impl.obj
 0002:000009bc       ?module_local_atexit_table@@3U_onexit_table_t@@A 100139bc     LIBCMT:utility.obj
 0002:000009c8       ?module_local_at_quick_exit_table@@3U_onexit_table_t@@A 100139c8     LIBCMT:utility.obj
 0002:000009d4       ?is_initialized_as_dll@@3_NA 100139d4     LIBCMT:utility.obj
 0002:000009d8       ?__proc_attached@@3HA      100139d8     LIBCMT:dll_dllmain.obj
 0002:00000a00       _GS_ExceptionRecord        10013a00     LIBCMT:gs_report.obj
 0002:00000a50       _GS_ContextRecord          10013a50     LIBCMT:gs_report.obj
 0002:00000d1c       ?__vcrt_startup_thread_ptd@@3U__vcrt_ptd@@A 10013d1c     libvcruntime:per_thread_data.obj
 0002:00000d44       ___vcrt_lock_table         10013d44     libvcruntime:locks.obj
 0002:00000d5c       ___vcrt_locks_initialized  10013d5c     libvcruntime:locks.obj
 0002:00000d60       ?module_handles@@3PAPAUHINSTANCE__@@A 10013d60     libvcruntime:winapi_downlevel.obj
 0002:00000d70       ?encoded_function_pointers@@3PAPAXA 10013d70     libvcruntime:winapi_downlevel.obj
 0002:00000dc0       ?heap@@3V_HeapManager@@A   10013dc0     libvcruntime:undname.obj
 0002:00000dd4       ___acrt_new_handler        10013dd4     libucrt:new_handler.obj
 0002:00000dd8       _c_termination_complete    10013dd8     libucrt:exit.obj
 0002:00000ddc       _thread_local_exit_callback_func 10013ddc     libucrt:exit.obj
 0002:00000de0       ?c_exit_complete@?5??common_exit@@YAXHW4_crt_exit_cleanup_mode@@W4_crt_exit_return_mode@@@Z@4_NA 10013de0     libucrt:exit.obj
 0002:00000de8       ?program_name@?5???$common_configure_argv@D@@YAHW4_crt_argv_mode@@@Z@4PADA 10013de8     libucrt:argv_parsing.obj
 0002:00000f18       ___acrt_lock_table         10013f18     libucrt:locks.obj
 0002:00001050       ___acrt_locks_initialized  10014050     libucrt:locks.obj
 0002:00001058       _module_handles            10014058     libucrt:winapi_thunks.obj
 0002:000010a8       _encoded_function_pointers 100140a8     libucrt:winapi_thunks.obj
 0002:00001128       ?state_cache@?1??__acrt_is_packaged_app@@9@4JA 10014128     libucrt:winapi_thunks.obj
 0002:0000112c       ___acrt_invalid_parameter_handler 1001412c     libucrt:invalid_parameter.obj
 0002:00001148       _fSystemSet                10014148     libucrt:mbctype.obj
 0002:0000114c       ?initialized@?1??__acrt_initialize_multibyte@@9@4_NA 1001414c     libucrt:mbctype.obj
 0002:00001374       _ctrlc_action              10014374     libucrt:signal.obj
 0002:00001378       _ctrlbreak_action          10014378     libucrt:signal.obj
 0002:0000137c       _abort_action              1001437c     libucrt:signal.obj
 0002:00001380       _term_action               10014380     libucrt:signal.obj
 0002:00001384       _user_matherr              10014384     libucrt:matherr.obj
 0002:00001394       ___acrt_global_new_mode    10014394     libucrt:new_mode.obj
 0002:000013ac       ___acrt_app_type           100143ac     libucrt:report_runtime_error.obj
 0002:000013b4       __pmatherr_set             100143b4     libucrt:libm_error.obj
 0003:0000033e       .idata$6                   1001533e     kernel32:KERNEL32.dll
 0004:00000000       __guard_fids____dcrt_uninitialize_environments_nolock 10016000     libucrt:environment_initialization.obj
 0004:00000008       __guard_fids__             10016008     libucrt:initialization.obj
 0004:00000068       __guard_fids____acrt_initialize_ptd 10016068     libucrt:per_thread_data.obj
 0004:0000006c       __guard_fids_??$expand_argument_wildcards@D@@YAHQAD0AAV?$argument_list@D@?A0xb0e4b824@@@Z 1001606c     libucrt:argv_wildcards.obj
 0004:00000070       __guard_fids__             10016070     libucrt:multibyte_initializer.obj
 0004:00000074       __guard_fids__             10016074     libucrt:stdio_initializer.obj
 0004:00000078       __guard_fids__             10016078     libucrt:stdio_initializer.obj
 0004:0000007c       __guard_fids__             1001607c     libucrt:locale_initializer.obj
 0004:00000080       __guard_fids____libm_error_support 10016080     libucrt:libm_error.obj
 0004:00000084       __guard_fids__             10016084     libucrt:sse2_initializer.obj
 0004:00000088       __guard_fids__             10016088     libucrt:console_output_initializer.obj
 0004:0000008c       __guard_fids_?dllmain_crt_process_attach@@YAHQAUHINSTANCE__@@QAX@Z 1001608c     LIBCMT:dll_dllmain.obj
 0004:00000094       __guard_fids_?dllmain_dispatch@@YAHQAUHINSTANCE__@@KQAX@Z 10016094     LIBCMT:dll_dllmain.obj
 0004:00000098       __guard_fids__             10016098     LIBCMT:throw_bad_alloc.obj
 0004:000000a0       __guard_fids__             100160a0     LIBCMT:throw_bad_alloc.obj
 0004:000000a8       __guard_fids__             100160a8     LIBCMT:throw_bad_alloc.obj
 0004:000000b0       __guard_fids__             100160b0     LIBCMT:throw_bad_alloc.obj
 0004:000000b4       __guard_fids__             100160b4     LIBCMT:throw_bad_alloc.obj
 0004:000000b8       __guard_fids__             100160b8     LIBCMT:throw_bad_alloc.obj
 0004:000000bc       __guard_fids__             100160bc     LIBCMT:throw_bad_alloc.obj
 0004:000000c0       __guard_fids__             100160c0     LIBCMT:throw_bad_alloc.obj
 0004:000000c4       __guard_fids__             100160c4     LIBCMT:std_type_info_static.obj
 0004:000000c8       __guard_fids__             100160c8     LIBCMT:guard_support.obj
 0004:000000cc       __guard_fids____vcrt_initialize_ptd 100160cc     libvcruntime:per_thread_data.obj
 0005:00000060       $R000000                   10017060     Align.res
