 HlfViewer

 Timestamp is 5987bf40 (Mon Aug  7 04:15:44 2017)

 Preferred load address is 10000000

 Start         Length     Name                   Class
 0001:00000000 00000004H .CRT$XCA                CODE
 0001:00000004 00000004H .CRT$XCZ                CODE
 0001:00000008 00000004H .CRT$XIA                CODE
 0001:0000000c 0000000cH .CRT$XIC                CODE
 0001:00000018 00000004H .CRT$XIZ                CODE
 0001:0000001c 00000004H .CRT$XPA                CODE
 0001:00000020 00000008H .CRT$XPX                CODE
 0001:00000028 00000004H .CRT$XPXA               CODE
 0001:0000002c 00000004H .CRT$XPZ                CODE
 0001:00000030 00000004H .CRT$XTA                CODE
 0001:00000034 0000000cH .CRT$XTZ                CODE
 0001:00000040 00004c8cH .rdata                  CODE
 0001:00004ccc 00000134H .rdata$r                CODE
 0001:00004e00 0000000cH .rdata$sxdata           CODE
 0001:00004e0c 000002c4H .rdata$zzzdbg           CODE
 0001:000050d0 00000004H .rtc$IAA                CODE
 0001:000050d4 00000004H .rtc$IZZ                CODE
 0001:000050d8 00000004H .rtc$TAA                CODE
 0001:000050dc 00000004H .rtc$TZZ                CODE
 0001:000050e0 0000d060H .text$mn                CODE
 0001:00012140 00000040H .text$yd                CODE
 0001:00012180 00000420H .xdata$x                CODE
 0001:000125a0 000000c5H .edata                  CODE
 0002:00000000 00000810H .data                   DATA
 0002:00000810 00000078H .data$r                 DATA
 0002:00000888 000018a4H .bss                    DATA
 0003:00000000 00000134H .idata$5                DATA
 0003:00000134 00000004H .00cfg                  DATA
 0003:00000138 00000028H .idata$2                DATA
 0003:00000160 00000014H .idata$3                DATA
 0003:00000174 00000134H .idata$4                DATA
 0003:000002a8 00000574H .idata$6                DATA
 0004:00000000 0000008cH .gfids$x                DATA
 0004:0000008c 00000044H .gfids$y                DATA
 0005:00000000 00000060H .rsrc$01                DATA
 0005:00000060 00000378H .rsrc$02                DATA

  Address         Publics by Value              Rva+Base       Lib:Object

 0000:00000000       ___guard_fids_count        00000000     <absolute>
 0000:00000000       ___guard_longjmp_count     00000000     <absolute>
 0000:00000000       ___guard_longjmp_table     00000000     <absolute>
 0000:00000000       __except_list              00000000     <absolute>
 0000:00000000       ___guard_iat_table         00000000     <absolute>
 0000:00000000       ___guard_iat_count         00000000     <absolute>
 0000:00000000       ___guard_fids_table        00000000     <absolute>
 0000:00000000       ___dynamic_value_reloc_table 00000000     <absolute>
 0000:00000003       ___safe_se_handler_count   00000003     <absolute>
 0000:00000100       ___guard_flags             00000100     <absolute>
 0000:00000000       ___ImageBase               10000000     <linker-defined>
 0001:00000000       ___xc_a                    10001000     LIBCMT:initializers.obj
 0001:00000004       ___xc_z                    10001004     LIBCMT:initializers.obj
 0001:00000008       ___xi_a                    10001008     LIBCMT:initializers.obj
 0001:0000000c       ___acrt_multibyte_initializer 1000100c     libucrt:multibyte_initializer.obj
 0001:00000010       ___acrt_stdio_initializer  10001010     libucrt:stdio_initializer.obj
 0001:00000014       ___acrt_tran_sse2_initializer 10001014     libucrt:sse2_initializer.obj
 0001:00000018       ___xi_z                    10001018     LIBCMT:initializers.obj
 0001:0000001c       ___xp_a                    1000101c     LIBCMT:initializers.obj
 0001:00000020       ___acrt_locale_terminator  10001020     libucrt:locale_initializer.obj
 0001:00000024       ___dcrt_console_output_terminator 10001024     libucrt:console_output_initializer.obj
 0001:00000028       ___acrt_stdio_terminator   10001028     libucrt:stdio_initializer.obj
 0001:0000002c       ___xp_z                    1000102c     LIBCMT:initializers.obj
 0001:00000030       ___xt_a                    10001030     LIBCMT:initializers.obj
 0001:00000034       ___xt_z                    10001034     LIBCMT:initializers.obj
 0001:00000040       _MainGuid                  10001040     HlfViewer.obj
 0001:00000050       _MenuGuid                  10001050     HlfViewer.obj
 0001:00000060       _DialogGuid                10001060     HlfViewer.obj
 0001:00000070       ??_7?$DialogItemBinding@UFarDialogItem@@@@6B@ 10001070     HlfViewer.obj
 0001:00000078       ??_7PluginCheckBoxBinding@@6B@ 10001078     HlfViewer.obj
 0001:00000080       ??_7PluginRadioButtonBinding@@6B@ 10001080     HlfViewer.obj
 0001:00000088       ??_7PluginEditFieldBinding@@6B@ 10001088     HlfViewer.obj
 0001:00000090       ??_7PluginIntEditFieldBinding@@6B@ 10001090     HlfViewer.obj
 0001:00000098       ??_C@_15EFLNJKHH@?$AA?$CF?$AAu?$AA?$AA@ 10001098     HlfViewer.obj
 0001:000000a0       ??_7PluginUIntEditFieldBinding@@6B@ 100010a0     HlfViewer.obj
 0001:000000a8       ??_7?$DialogBuilderBase@UFarDialogItem@@@@6B@ 100010a8     HlfViewer.obj
 0001:000000cc       ??_7PluginDialogBuilder@@6B@ 100010cc     HlfViewer.obj
 0001:000000f0       ??_C@_11LOCGONAA@?$AA?$AA@ 100010f0     HlfViewer.obj
 0001:000000f4       ??_C@_1BE@KLINDABO@?$AAH?$AAl?$AAf?$AAV?$AAi?$AAe?$AAw?$AAe?$AAr?$AA?$AA@ 100010f4     HlfViewer.obj
 0001:00000108       ??_C@_1EA@CONHECGE@?$AAH?$AAl?$AAf?$AA?9?$AAf?$AAi?$AAl?$AAe?$AA?5?$AAV?$AAi?$AAe?$AAw?$AAe?$AAr?$AA?5?$AAf?$AAo?$AAr?$AA?5?$AAF?$AAa?$AAr?$AA?5?$AAM?$AAa?$AAn?$AAa?$AAg?$AAe?$AAr?$AA?$AA@ 10001108     HlfViewer.obj
 0001:00000148       ??_C@_1DE@BGKMIKPD@?$AAE?$AAu?$AAg?$AAe?$AAn?$AAe?$AA?5?$AAR?$AAo?$AAs?$AAh?$AAa?$AAl?$AA?5?$AA?$CG?$AA?5?$AAF?$AAa?$AAr?$AA?5?$AAG?$AAr?$AAo?$AAu?$AAp?$AA?$AA@ 10001148     HlfViewer.obj
 0001:0000017c       ??_C@_13FPGAJAPJ@?$AA?2?$AA?$AA@ 1000117c     HlfViewer.obj
 0001:00000180       ??_C@_1BE@BAOBMOBE@?$AA?$CF?$AAF?$AAA?$AAR?$AAH?$AAO?$AAM?$AAE?$AA?$CF?$AA?$AA@ 10001180     HlfViewer.obj
 0001:00000194       ??_C@_17MEJHPLBO@?$AAc?$AAm?$AAd?$AA?$AA@ 10001194     HlfViewer.obj
 0001:0000019c       ??_C@_17KGEADEDI@?$AAH?$AAL?$AAF?$AA?$AA@ 1000119c     HlfViewer.obj
 0001:000001a4       ??_C@_19CPJEHIBK@?$AA?4?$AAh?$AAl?$AAf?$AA?$AA@ 100011a4     HlfViewer.obj
 0001:000001b0       ??_C@_15JNBOKNOG@?$AA?$AN?$AA?6?$AA?$AA@ 100011b0     HlfViewer.obj
 0001:000001b8       ??_C@_1BG@IOFJDEI@?$AA?4?$AAL?$AAa?$AAn?$AAg?$AAu?$AAa?$AAg?$AAe?$AA?$DN?$AA?$AA@ 100011b8     HlfViewer.obj
 0001:000001d0       ??_C@_1O@BJPKKLLM@?$AAC?$AAo?$AAn?$AAf?$AAi?$AAg?$AA?$AA@ 100011d0     HlfViewer.obj
 0001:000001e0       ??_C@_15NPKLCIOJ@?$AAF?$AA1?$AA?$AA@ 100011e0     HlfViewer.obj
 0001:000001e8       ??_C@_1CG@GFFDAIMK@?$AAP?$AAr?$AAo?$AAc?$AAe?$AAs?$AAs?$AAE?$AAd?$AAi?$AAt?$AAo?$AAr?$AAI?$AAn?$AAp?$AAu?$AAt?$AA?$AA@ 100011e8     HlfViewer.obj
 0001:00000210       ??_C@_1M@PALMNGCF@?$AAS?$AAt?$AAy?$AAl?$AAe?$AA?$AA@ 10001210     HlfViewer.obj
 0001:0000021c       ??_C@_1BE@IHEBLNLC@?$AAE?$AAd?$AAi?$AAt?$AAo?$AAr?$AAK?$AAe?$AAy?$AA?$AA@ 1000121c     HlfViewer.obj
 0001:00000230       ??_C@_1BM@GGPBEDKL@?$AAC?$AAh?$AAe?$AAc?$AAk?$AAM?$AAa?$AAs?$AAk?$AAF?$AAi?$AAl?$AAe?$AA?$AA@ 10001230     HlfViewer.obj
 0001:0000024c       ??_C@_1BC@KGOLMJNA@?$AAM?$AAa?$AAs?$AAk?$AAF?$AAi?$AAl?$AAe?$AA?$AA@ 1000124c     HlfViewer.obj
 0001:00000260       ??_C@_1M@EFMNOFJK@?$AA?$CK?$AA?4?$AAh?$AAl?$AAf?$AA?$AA@ 10001260     HlfViewer.obj
 0001:00000270       __imp__EncodePointer@4     10001270     vc_crt_fix.obj
 0001:00000274       __imp__DecodePointer@4     10001274     vc_crt_fix.obj
 0001:00000278       __imp__GetModuleHandleExW@12 10001278     vc_crt_fix.obj
 0001:0000027c       __imp__InitializeSListHead@4 1000127c     vc_crt_fix.obj
 0001:00000280       __imp__InterlockedFlushSList@4 10001280     vc_crt_fix.obj
 0001:00000284       __imp__InterlockedPopEntrySList@4 10001284     vc_crt_fix.obj
 0001:00000288       __imp__InterlockedPushEntrySList@8 10001288     vc_crt_fix.obj
 0001:0000028c       __imp__InterlockedPushListSListEx@16 1000128c     vc_crt_fix.obj
 0001:00000290       __imp__RtlFirstEntrySList@4 10001290     vc_crt_fix.obj
 0001:00000294       __imp__QueryDepthSList@4   10001294     vc_crt_fix.obj
 0001:000002ac       ??_C@_0O@NLDKAIKN@EncodePointer?$AA@ 100012ac     vc_crt_fix_impl.obj
 0001:000002bc       ??_C@_0O@KBPMFGHI@DecodePointer?$AA@ 100012bc     vc_crt_fix_impl.obj
 0001:000002cc       ??_C@_0BD@GIGEJCNH@GetModuleHandleExW?$AA@ 100012cc     vc_crt_fix_impl.obj
 0001:000002e0       ??_C@_0BE@NBEJPEJA@InitializeSListHead?$AA@ 100012e0     vc_crt_fix_impl.obj
 0001:000002f4       ??_C@_0BG@PLLPFLHB@InterlockedFlushSList?$AA@ 100012f4     vc_crt_fix_impl.obj
 0001:0000030c       ??_C@_0BJ@PNEEKDOK@InterlockedPopEntrySList?$AA@ 1000130c     vc_crt_fix_impl.obj
 0001:00000328       ??_C@_0BK@JFGGAIOA@InterlockedPushEntrySList?$AA@ 10001328     vc_crt_fix_impl.obj
 0001:00000344       ??_C@_0BL@FOECAEGO@InterlockedPushListSListEx?$AA@ 10001344     vc_crt_fix_impl.obj
 0001:00000360       ??_C@_0BD@FHMMIGCI@RtlFirstEntrySList?$AA@ 10001360     vc_crt_fix_impl.obj
 0001:00000374       ??_C@_0BA@FGPHPMJB@QueryDepthSList?$AA@ 10001374     vc_crt_fix_impl.obj
 0001:00000384       __pRawDllMain              10001384     LIBCMT:dll_dllmain.obj
 0001:00000384       __pDefaultRawDllMain       10001384     LIBCMT:dll_dllmain.obj
 0001:0000038c       ??_7exception@std@@6B@     1000138c     LIBCMT:throw_bad_alloc.obj
 0001:00000394       ??_C@_0BC@EOODALEL@Unknown?5exception?$AA@ 10001394     LIBCMT:throw_bad_alloc.obj
 0001:000003ac       ??_7bad_alloc@std@@6B@     100013ac     LIBCMT:throw_bad_alloc.obj
 0001:000003b4       ??_C@_0P@GHFPNOJB@bad?5allocation?$AA@ 100013b4     LIBCMT:throw_bad_alloc.obj
 0001:000003c8       ??_7bad_array_new_length@std@@6B@ 100013c8     LIBCMT:throw_bad_alloc.obj
 0001:000003d0       ??_C@_0BF@KINCDENJ@bad?5array?5new?5length?$AA@ 100013d0     LIBCMT:throw_bad_alloc.obj
 0001:000003ec       ??_7type_info@@6B@         100013ec     LIBCMT:std_type_info_static.obj
 0001:00000428       ??_C@_1BC@DNHGCMLG@?$AAa?$AAd?$AAv?$AAa?$AAp?$AAi?$AA3?$AA2?$AA?$AA@ 10001428     libvcruntime:winapi_downlevel.obj
 0001:0000043c       ??_C@_1DM@KHCHBNEB@?$AAa?$AAp?$AAi?$AA?9?$AAm?$AAs?$AA?9?$AAw?$AAi?$AAn?$AA?9?$AAc?$AAo?$AAr?$AAe?$AA?9?$AAf?$AAi?$AAb?$AAe?$AAr?$AAs?$AA?9?$AAl?$AA1?$AA?9?$AA1?$AA?9?$AA1?$AA?$AA@ 1000143c     libvcruntime:winapi_downlevel.obj
 0001:00000478       ??_C@_1DK@LPPGFMPP@?$AAa?$AAp?$AAi?$AA?9?$AAm?$AAs?$AA?9?$AAw?$AAi?$AAn?$AA?9?$AAc?$AAo?$AAr?$AAe?$AA?9?$AAs?$AAy?$AAn?$AAc?$AAh?$AA?9?$AAl?$AA1?$AA?9?$AA2?$AA?9?$AA0?$AA?$AA@ 10001478     libvcruntime:winapi_downlevel.obj
 0001:000004b4       ??_C@_1BC@GDMECMAK@?$AAk?$AAe?$AAr?$AAn?$AAe?$AAl?$AA3?$AA2?$AA?$AA@ 100014b4     libvcruntime:winapi_downlevel.obj
 0001:000004d0       ??_C@_08KNHFBNJ@FlsAlloc?$AA@ 100014d0     libvcruntime:winapi_downlevel.obj
 0001:000004e4       ??_C@_07PEJMOBNF@FlsFree?$AA@ 100014e4     libvcruntime:winapi_downlevel.obj
 0001:000004f4       ??_C@_0M@GDNOONDI@FlsGetValue?$AA@ 100014f4     libvcruntime:winapi_downlevel.obj
 0001:00000508       ??_C@_0M@JCPCPOEF@FlsSetValue?$AA@ 10001508     libvcruntime:winapi_downlevel.obj
 0001:0000051c       ??_C@_0BM@HCFOFFN@InitializeCriticalSectionEx?$AA@ 1000151c     libvcruntime:winapi_downlevel.obj
 0001:000006c8       ??_C@_08EHJDFFNH@__based?$CI?$AA@ 100016c8     libvcruntime:undname.obj
 0001:000006d4       ??_C@_07KOLFKCDI@__cdecl?$AA@ 100016d4     libvcruntime:undname.obj
 0001:000006dc       ??_C@_08GHMPAG@__pascal?$AA@ 100016dc     libvcruntime:undname.obj
 0001:000006e8       ??_C@_09IFJBGAPI@__stdcall?$AA@ 100016e8     libvcruntime:undname.obj
 0001:000006f4       ??_C@_0L@NPHFGOKO@__thiscall?$AA@ 100016f4     libvcruntime:undname.obj
 0001:00000700       ??_C@_0L@JMKHOMEK@__fastcall?$AA@ 10001700     libvcruntime:undname.obj
 0001:0000070c       ??_C@_0N@BCKKPABJ@__vectorcall?$AA@ 1000170c     libvcruntime:undname.obj
 0001:0000071c       ??_C@_09HIJEGCPM@__clrcall?$AA@ 1000171c     libvcruntime:undname.obj
 0001:00000728       ??_C@_06GHPCKEAG@__eabi?$AA@ 10001728     libvcruntime:undname.obj
 0001:00000730       ??_C@_07JOMMBBKO@__ptr64?$AA@ 10001730     libvcruntime:undname.obj
 0001:00000738       ??_C@_0L@PILCLIHE@__restrict?$AA@ 10001738     libvcruntime:undname.obj
 0001:00000744       ??_C@_0M@GFIIJFMG@__unaligned?$AA@ 10001744     libvcruntime:undname.obj
 0001:00000750       ??_C@_09DHDLOLLB@restrict?$CI?$AA@ 10001750     libvcruntime:undname.obj
 0001:0000075a       ??_C@_00CNPNBAHC@?$AA@     1000175a     libvcruntime:undname.obj
 0001:0000075c       ??_C@_04NIHEBCM@?5new?$AA@ 1000175c     libvcruntime:undname.obj
 0001:00000764       ??_C@_07FPCDHGMM@?5delete?$AA@ 10001764     libvcruntime:undname.obj
 0001:0000076c       ??_C@_01NEMOKFLO@?$DN?$AA@ 1000176c     libvcruntime:undname.obj
 0001:00000770       ??_C@_02GPIOPFAK@?$DO?$DO?$AA@ 10001770     libvcruntime:undname.obj
 0001:00000774       ??_C@_02FODMEDOG@?$DM?$DM?$AA@ 10001774     libvcruntime:undname.obj
 0001:00000778       ??_C@_01DCLJPIOD@?$CB?$AA@ 10001778     libvcruntime:undname.obj
 0001:0000077c       ??_C@_02EGOFBIJA@?$DN?$DN?$AA@ 1000177c     libvcruntime:undname.obj
 0001:00000780       ??_C@_02FDNJECIE@?$CB?$DN?$AA@ 10001780     libvcruntime:undname.obj
 0001:00000784       ??_C@_02GPECMEKF@?$FL?$FN?$AA@ 10001784     libvcruntime:undname.obj
 0001:00000788       ??_C@_08LHJFAFGD@operator?$AA@ 10001788     libvcruntime:undname.obj
 0001:00000794       ??_C@_02HBOOOICD@?9?$DO?$AA@ 10001794     libvcruntime:undname.obj
 0001:00000798       ??_C@_01NBENCBCI@?$CK?$AA@ 10001798     libvcruntime:undname.obj
 0001:0000079c       ??_C@_02ECNGHCIF@?$CL?$CL?$AA@ 1000179c     libvcruntime:undname.obj
 0001:000007a0       ??_C@_02BAABKJLB@?9?9?$AA@ 100017a0     libvcruntime:undname.obj
 0001:000007a4       ??_C@_01JOAMLHOP@?9?$AA@   100017a4     libvcruntime:undname.obj
 0001:000007a8       ??_C@_01MIFGBAGJ@?$CL?$AA@ 100017a8     libvcruntime:undname.obj
 0001:000007ac       ??_C@_01HNPIGOCE@?$CG?$AA@ 100017ac     libvcruntime:undname.obj
 0001:000007b0       ??_C@_03MNHNFDLC@?9?$DO?$CK?$AA@ 100017b0     libvcruntime:undname.obj
 0001:000007b4       ??_C@_01KMDKNFGN@?1?$AA@   100017b4     libvcruntime:undname.obj
 0001:000007b8       ??_C@_01FGNFDNOH@?$CF?$AA@ 100017b8     libvcruntime:undname.obj
 0001:000007bc       ??_C@_01MNNFJEPP@?$DM?$AA@ 100017bc     libvcruntime:undname.obj
 0001:000007c0       ??_C@_02EHCHHCKH@?$DM?$DN?$AA@ 100017c0     libvcruntime:undname.obj
 0001:000007c4       ??_C@_01PPODPGHN@?$DO?$AA@ 100017c4     libvcruntime:undname.obj
 0001:000007c8       ??_C@_02EEKDKGMJ@?$DO?$DN?$AA@ 100017c8     libvcruntime:undname.obj
 0001:000007cc       ??_C@_01IHBHIGKO@?0?$AA@   100017cc     libvcruntime:undname.obj
 0001:000007d0       ??_C@_02HCKGKOFO@?$CI?$CJ?$AA@ 100017d0     libvcruntime:undname.obj
 0001:000007d4       ??_C@_01PJKLJHI@?$HO?$AA@  100017d4     libvcruntime:undname.obj
 0001:000007d8       ??_C@_01JKBOJNNK@?$FO?$AA@ 100017d8     libvcruntime:undname.obj
 0001:000007dc       ??_C@_01DNKMNLPK@?$HM?$AA@ 100017dc     libvcruntime:undname.obj
 0001:000007e0       ??_C@_02PPKAJPJL@?$CG?$CG?$AA@ 100017e0     libvcruntime:undname.obj
 0001:000007e4       ??_C@_02NONPIBCD@?$HM?$HM?$AA@ 100017e4     libvcruntime:undname.obj
 0001:000007e8       ??_C@_02FPIMKNGF@?$CK?$DN?$AA@ 100017e8     libvcruntime:undname.obj
 0001:000007ec       ??_C@_02FOEOMHFC@?$CL?$DN?$AA@ 100017ec     libvcruntime:undname.obj
 0001:000007f0       ??_C@_02FKMDLLOA@?9?$DN?$AA@ 100017f0     libvcruntime:undname.obj
 0001:000007f4       ??_C@_02FJEHGPIO@?1?$DN?$AA@ 100017f4     libvcruntime:undname.obj
 0001:000007f8       ??_C@_02FENAOKFI@?$CF?$DN?$AA@ 100017f8     libvcruntime:undname.obj
 0001:000007fc       ??_C@_03IKFCCPFF@?$DO?$DO?$DN?$AA@ 100017fc     libvcruntime:undname.obj
 0001:00000800       ??_C@_03CDNPDDLA@?$DM?$DM?$DN?$AA@ 10001800     libvcruntime:undname.obj
 0001:00000804       ??_C@_02FGJGFEAB@?$CG?$DN?$AA@ 10001804     libvcruntime:undname.obj
 0001:00000808       ??_C@_02DHLNPPGH@?$HM?$DN?$AA@ 10001808     libvcruntime:undname.obj
 0001:0000080c       ??_C@_02MHEGNOJ@?$FO?$DN?$AA@ 1000180c     libvcruntime:undname.obj
 0001:00000810       ??_C@_09IFPLHPGF@?$GAvftable?8?$AA@ 10001810     libvcruntime:undname.obj
 0001:0000081c       ??_C@_09BLBHBJP@?$GAvbtable?8?$AA@ 1000181c     libvcruntime:undname.obj
 0001:00000828       ??_C@_07FEEIOKP@?$GAvcall?8?$AA@ 10001828     libvcruntime:undname.obj
 0001:00000830       ??_C@_08LLFFHHDJ@?$GAtypeof?8?$AA@ 10001830     libvcruntime:undname.obj
 0001:0000083c       ??_C@_0BF@KDPPACIK@?$GAlocal?5static?5guard?8?$AA@ 1000183c     libvcruntime:undname.obj
 0001:00000854       ??_C@_08OBABFOLI@?$GAstring?8?$AA@ 10001854     libvcruntime:undname.obj
 0001:00000860       ??_C@_0BD@JDLKDPAB@?$GAvbase?5destructor?8?$AA@ 10001860     libvcruntime:undname.obj
 0001:00000874       ??_C@_0BN@DEGPLNFK@?$GAvector?5deleting?5destructor?8?$AA@ 10001874     libvcruntime:undname.obj
 0001:00000894       ??_C@_0BO@OBMKPJIG@?$GAdefault?5constructor?5closure?8?$AA@ 10001894     libvcruntime:undname.obj
 0001:000008b4       ??_C@_0BN@IMDCHIKM@?$GAscalar?5deleting?5destructor?8?$AA@ 100018b4     libvcruntime:undname.obj
 0001:000008d4       ??_C@_0BO@PFGOCPJJ@?$GAvector?5constructor?5iterator?8?$AA@ 100018d4     libvcruntime:undname.obj
 0001:000008f4       ??_C@_0BN@LFPFMEDL@?$GAvector?5destructor?5iterator?8?$AA@ 100018f4     libvcruntime:undname.obj
 0001:00000914       ??_C@_0CE@IKBNEHA@?$GAvector?5vbase?5constructor?5iterat@ 10001914     libvcruntime:undname.obj
 0001:00000938       ??_C@_0BL@NILFHHPC@?$GAvirtual?5displacement?5map?8?$AA@ 10001938     libvcruntime:undname.obj
 0001:00000954       ??_C@_0CB@JONCMFFK@?$GAeh?5vector?5constructor?5iterator?8@ 10001954     libvcruntime:undname.obj
 0001:00000978       ??_C@_0CA@GCEOPDGL@?$GAeh?5vector?5destructor?5iterator?8?$AA@ 10001978     libvcruntime:undname.obj
 0001:00000998       ??_C@_0CH@OOJPLCPH@?$GAeh?5vector?5vbase?5constructor?5ite@ 10001998     libvcruntime:undname.obj
 0001:000009c0       ??_C@_0BL@LLKPOHJI@?$GAcopy?5constructor?5closure?8?$AA@ 100019c0     libvcruntime:undname.obj
 0001:000009dc       ??_C@_0BA@KBCDOMBN@?$GAudt?5returning?8?$AA@ 100019dc     libvcruntime:undname.obj
 0001:000009ec       ??_C@_03KLGMFNMG@?$GAEH?$AA@ 100019ec     libvcruntime:undname.obj
 0001:000009f0       ??_C@_05KHLCHHI@?$GARTTI?$AA@ 100019f0     libvcruntime:undname.obj
 0001:000009f8       ??_C@_0BA@KKLDJDLB@?$GAlocal?5vftable?8?$AA@ 100019f8     libvcruntime:undname.obj
 0001:00000a08       ??_C@_0CE@IIHCMGGL@?$GAlocal?5vftable?5constructor?5closu@ 10001a08     libvcruntime:undname.obj
 0001:00000a2c       ??_C@_06FHBGPFGH@?5new?$FL?$FN?$AA@ 10001a2c     libvcruntime:undname.obj
 0001:00000a34       ??_C@_09LBNFPBCA@?5delete?$FL?$FN?$AA@ 10001a34     libvcruntime:undname.obj
 0001:00000a40       ??_C@_0P@HJKNJFNN@?$GAomni?5callsig?8?$AA@ 10001a40     libvcruntime:undname.obj
 0001:00000a50       ??_C@_0BL@CNOONJFP@?$GAplacement?5delete?5closure?8?$AA@ 10001a50     libvcruntime:undname.obj
 0001:00000a6c       ??_C@_0BN@CKNJLHMB@?$GAplacement?5delete?$FL?$FN?5closure?8?$AA@ 10001a6c     libvcruntime:undname.obj
 0001:00000a8c       ??_C@_0CG@CFDHKGGD@?$GAmanaged?5vector?5constructor?5iter@ 10001a8c     libvcruntime:undname.obj
 0001:00000ab4       ??_C@_0CF@IMGKMJNO@?$GAmanaged?5vector?5destructor?5itera@ 10001ab4     libvcruntime:undname.obj
 0001:00000adc       ??_C@_0CG@HLDDJMAG@?$GAeh?5vector?5copy?5constructor?5iter@ 10001adc     libvcruntime:undname.obj
 0001:00000b04       ??_C@_0CM@FCBBDIGB@?$GAeh?5vector?5vbase?5copy?5constructo@ 10001b04     libvcruntime:undname.obj
 0001:00000b30       ??_C@_0BL@CLIPGLGB@?$GAdynamic?5initializer?5for?5?8?$AA@ 10001b30     libvcruntime:undname.obj
 0001:00000b4c       ??_C@_0CB@PDBIFEP@?$GAdynamic?5atexit?5destructor?5for?5?8@ 10001b4c     libvcruntime:undname.obj
 0001:00000b70       ??_C@_0CD@CGAJBKEJ@?$GAvector?5copy?5constructor?5iterato@ 10001b70     libvcruntime:undname.obj
 0001:00000b94       ??_C@_0CJ@GJELGAMM@?$GAvector?5vbase?5copy?5constructor?5i@ 10001b94     libvcruntime:undname.obj
 0001:00000bc0       ??_C@_0CL@FGIJHLCE@?$GAmanaged?5vector?5copy?5constructor@ 10001bc0     libvcruntime:undname.obj
 0001:00000bec       ??_C@_0BM@PMGGMLDN@?$GAlocal?5static?5thread?5guard?8?$AA@ 10001bec     libvcruntime:undname.obj
 0001:00000c08       ??_C@_0N@BDNMDMOL@operator?5?$CC?$CC?5?$AA@ 10001c08     libvcruntime:undname.obj
 0001:00000c18       ??_C@_0BC@DAFEJGAK@?5Type?5Descriptor?8?$AA@ 10001c18     libvcruntime:undname.obj
 0001:00000c2c       ??_C@_0BM@LDKODKLH@?5Base?5Class?5Descriptor?5at?5?$CI?$AA@ 10001c2c     libvcruntime:undname.obj
 0001:00000c48       ??_C@_0BD@LGICGFMM@?5Base?5Class?5Array?8?$AA@ 10001c48     libvcruntime:undname.obj
 0001:00000c5c       ??_C@_0BN@MECKDCOJ@?5Class?5Hierarchy?5Descriptor?8?$AA@ 10001c5c     libvcruntime:undname.obj
 0001:00000c7c       ??_C@_0BK@CFCOFLF@?5Complete?5Object?5Locator?8?$AA@ 10001c7c     libvcruntime:undname.obj
 0001:00000c98       ___acrt_exception_action_table 10001c98     libucrt:exception_filter.obj
 0001:00000d28       ___acrt_signal_action_table_count 10001d28     libucrt:exception_filter.obj
 0001:00000d2c       ___acrt_signal_action_first_fpe_index 10001d2c     libucrt:exception_filter.obj
 0001:00000d30       ___acrt_signal_action_fpe_count 10001d30     libucrt:exception_filter.obj
 0001:00000d34       ??_C@_1BI@BGOHAHKC@?$AAm?$AAs?$AAc?$AAo?$AAr?$AAe?$AAe?$AA?4?$AAd?$AAl?$AAl?$AA?$AA@ 10001d34     libucrt:exit.obj
 0001:00000d4c       ??_C@_0P@MIGLKIOC@CorExitProcess?$AA@ 10001d4c     libucrt:exit.obj
 0001:00000e28       ??_C@_1EG@CNNIPFIM@?$AAa?$AAp?$AAi?$AA?9?$AAm?$AAs?$AA?9?$AAw?$AAi?$AAn?$AA?9?$AAa?$AAp?$AAp?$AAm?$AAo?$AAd?$AAe?$AAl?$AA?9?$AAr?$AAu?$AAn?$AAt?$AAi?$AAm?$AAe?$AA?9?$AAl?$AA1?$AA?9?$AA1@ 10001e28     libucrt:winapi_thunks.obj
 0001:00000e70       ??_C@_1EA@JGEFHKEI@?$AAa?$AAp?$AAi?$AA?9?$AAm?$AAs?$AA?9?$AAw?$AAi?$AAn?$AA?9?$AAc?$AAo?$AAr?$AAe?$AA?9?$AAd?$AAa?$AAt?$AAe?$AAt?$AAi?$AAm?$AAe?$AA?9?$AAl?$AA1?$AA?9?$AA1?$AA?9?$AA1?$AA?$AA@ 10001e70     libucrt:winapi_thunks.obj
 0001:00000eb0       ??_C@_1DI@GCIAAENM@?$AAa?$AAp?$AAi?$AA?9?$AAm?$AAs?$AA?9?$AAw?$AAi?$AAn?$AA?9?$AAc?$AAo?$AAr?$AAe?$AA?9?$AAf?$AAi?$AAl?$AAe?$AA?9?$AAl?$AA2?$AA?9?$AA1?$AA?9?$AA1?$AA?$AA@ 10001eb0     libucrt:winapi_thunks.obj
 0001:00000ee8       ??_C@_1EI@MPIAOHOC@?$AAa?$AAp?$AAi?$AA?9?$AAm?$AAs?$AA?9?$AAw?$AAi?$AAn?$AA?9?$AAc?$AAo?$AAr?$AAe?$AA?9?$AAl?$AAo?$AAc?$AAa?$AAl?$AAi?$AAz?$AAa?$AAt?$AAi?$AAo?$AAn?$AA?9?$AAl?$AA1?$AA?9@ 10001ee8     libucrt:winapi_thunks.obj
 0001:00000f30       ??_C@_1FK@FPHCKFIE@?$AAa?$AAp?$AAi?$AA?9?$AAm?$AAs?$AA?9?$AAw?$AAi?$AAn?$AA?9?$AAc?$AAo?$AAr?$AAe?$AA?9?$AAl?$AAo?$AAc?$AAa?$AAl?$AAi?$AAz?$AAa?$AAt?$AAi?$AAo?$AAn?$AA?9?$AAo?$AAb?$AAs@ 10001f30     libucrt:winapi_thunks.obj
 0001:00000f90       ??_C@_1EM@DILCGIIO@?$AAa?$AAp?$AAi?$AA?9?$AAm?$AAs?$AA?9?$AAw?$AAi?$AAn?$AA?9?$AAc?$AAo?$AAr?$AAe?$AA?9?$AAp?$AAr?$AAo?$AAc?$AAe?$AAs?$AAs?$AAt?$AAh?$AAr?$AAe?$AAa?$AAd?$AAs?$AA?9?$AAl@ 10001f90     libucrt:winapi_thunks.obj
 0001:00000fdc       ??_C@_1DM@LNCGDDPN@?$AAa?$AAp?$AAi?$AA?9?$AAm?$AAs?$AA?9?$AAw?$AAi?$AAn?$AA?9?$AAc?$AAo?$AAr?$AAe?$AA?9?$AAs?$AAt?$AAr?$AAi?$AAn?$AAg?$AA?9?$AAl?$AA1?$AA?9?$AA1?$AA?9?$AA0?$AA?$AA@ 10001fdc     libucrt:winapi_thunks.obj
 0001:00001018       ??_C@_1DO@FPAPJEMD@?$AAa?$AAp?$AAi?$AA?9?$AAm?$AAs?$AA?9?$AAw?$AAi?$AAn?$AA?9?$AAc?$AAo?$AAr?$AAe?$AA?9?$AAs?$AAy?$AAs?$AAi?$AAn?$AAf?$AAo?$AA?9?$AAl?$AA1?$AA?9?$AA2?$AA?9?$AA1?$AA?$AA@ 10002018     libucrt:winapi_thunks.obj
 0001:00001058       ??_C@_1DK@NDHNAHIO@?$AAa?$AAp?$AAi?$AA?9?$AAm?$AAs?$AA?9?$AAw?$AAi?$AAn?$AA?9?$AAc?$AAo?$AAr?$AAe?$AA?9?$AAw?$AAi?$AAn?$AAr?$AAt?$AA?9?$AAl?$AA1?$AA?9?$AA1?$AA?9?$AA0?$AA?$AA@ 10002058     libucrt:winapi_thunks.obj
 0001:00001094       ??_C@_1DM@KGHDGBCM@?$AAa?$AAp?$AAi?$AA?9?$AAm?$AAs?$AA?9?$AAw?$AAi?$AAn?$AA?9?$AAc?$AAo?$AAr?$AAe?$AA?9?$AAx?$AAs?$AAt?$AAa?$AAt?$AAe?$AA?9?$AAl?$AA2?$AA?9?$AA1?$AA?9?$AA0?$AA?$AA@ 10002094     libucrt:winapi_thunks.obj
 0001:000010d0       ??_C@_1EO@IJIOEFOH@?$AAa?$AAp?$AAi?$AA?9?$AAm?$AAs?$AA?9?$AAw?$AAi?$AAn?$AA?9?$AAr?$AAt?$AAc?$AAo?$AAr?$AAe?$AA?9?$AAn?$AAt?$AAu?$AAs?$AAe?$AAr?$AA?9?$AAw?$AAi?$AAn?$AAd?$AAo?$AAw?$AA?9@ 100020d0     libucrt:winapi_thunks.obj
 0001:00001120       ??_C@_1FG@HHGEKANL@?$AAa?$AAp?$AAi?$AA?9?$AAm?$AAs?$AA?9?$AAw?$AAi?$AAn?$AA?9?$AAs?$AAe?$AAc?$AAu?$AAr?$AAi?$AAt?$AAy?$AA?9?$AAs?$AAy?$AAs?$AAt?$AAe?$AAm?$AAf?$AAu?$AAn?$AAc?$AAt?$AAi@ 10002120     libucrt:winapi_thunks.obj
 0001:00001178       ??_C@_1FG@NCKKOLKO@?$AAe?$AAx?$AAt?$AA?9?$AAm?$AAs?$AA?9?$AAw?$AAi?$AAn?$AA?9?$AAk?$AAe?$AAr?$AAn?$AAe?$AAl?$AA3?$AA2?$AA?9?$AAp?$AAa?$AAc?$AAk?$AAa?$AAg?$AAe?$AA?9?$AAc?$AAu?$AAr?$AAr@ 10002178     libucrt:winapi_thunks.obj
 0001:000011d0       ??_C@_1EG@DBIOJECG@?$AAe?$AAx?$AAt?$AA?9?$AAm?$AAs?$AA?9?$AAw?$AAi?$AAn?$AA?9?$AAn?$AAt?$AAu?$AAs?$AAe?$AAr?$AA?9?$AAd?$AAi?$AAa?$AAl?$AAo?$AAg?$AAb?$AAo?$AAx?$AA?9?$AAl?$AA1?$AA?9?$AA1@ 100021d0     libucrt:winapi_thunks.obj
 0001:00001218       ??_C@_1EO@FIHMJCLF@?$AAe?$AAx?$AAt?$AA?9?$AAm?$AAs?$AA?9?$AAw?$AAi?$AAn?$AA?9?$AAn?$AAt?$AAu?$AAs?$AAe?$AAr?$AA?9?$AAw?$AAi?$AAn?$AAd?$AAo?$AAw?$AAs?$AAt?$AAa?$AAt?$AAi?$AAo?$AAn?$AA?9@ 10002218     libucrt:winapi_thunks.obj
 0001:00001268       ??_C@_1O@BCCLBEOE@?$AAu?$AAs?$AAe?$AAr?$AA3?$AA2?$AA?$AA@ 10002268     libucrt:winapi_thunks.obj
 0001:000012a0       ??_C@_0BE@JOGNEJCI@GetCurrentPackageId?$AA@ 100022a0     libucrt:winapi_thunks.obj
 0001:000012c4       ??_C@_0O@KKBNKAPF@LCMapStringEx?$AA@ 100022c4     libucrt:winapi_thunks.obj
 0001:000012dc       ??_C@_0BB@HBDEELFH@LocaleNameToLCID?$AA@ 100022dc     libucrt:winapi_thunks.obj
 0001:00001468       ??_C@_1M@HPNHIDJI@?$AAj?$AAa?$AA?9?$AAJ?$AAP?$AA?$AA@ 10002468     libucrt:mbctype.obj
 0001:00001474       ??_C@_1M@BIBDDEMK@?$AAz?$AAh?$AA?9?$AAC?$AAN?$AA?$AA@ 10002474     libucrt:mbctype.obj
 0001:00001480       ??_C@_1M@JLOOOEGK@?$AAk?$AAo?$AA?9?$AAK?$AAR?$AA?$AA@ 10002480     libucrt:mbctype.obj
 0001:0000148c       ??_C@_1M@CLNBBOPM@?$AAz?$AAh?$AA?9?$AAT?$AAW?$AA?$AA@ 1000248c     libucrt:mbctype.obj
 0001:00001498       ??_C@_03KOEHGMDN@Sun?$AA@  10002498     libucrt:nlsdata.obj
 0001:0000149c       ??_C@_03PDAGKDH@Mon?$AA@   1000249c     libucrt:nlsdata.obj
 0001:000014a0       ??_C@_03NAGEINEP@Tue?$AA@  100024a0     libucrt:nlsdata.obj
 0001:000014a4       ??_C@_03MHOMLAJA@Wed?$AA@  100024a4     libucrt:nlsdata.obj
 0001:000014a8       ??_C@_03IOFIKPDN@Thu?$AA@  100024a8     libucrt:nlsdata.obj
 0001:000014ac       ??_C@_03IDIOELNC@Fri?$AA@  100024ac     libucrt:nlsdata.obj
 0001:000014b0       ??_C@_03FEFJNEK@Sat?$AA@   100024b0     libucrt:nlsdata.obj
 0001:000014b4       ??_C@_06OOPIFAJ@Sunday?$AA@ 100024b4     libucrt:nlsdata.obj
 0001:000014bc       ??_C@_06JLEDEDGH@Monday?$AA@ 100024bc     libucrt:nlsdata.obj
 0001:000014c4       ??_C@_07BAAGCFCM@Tuesday?$AA@ 100024c4     libucrt:nlsdata.obj
 0001:000014cc       ??_C@_09DLIGFAKA@Wednesday?$AA@ 100024cc     libucrt:nlsdata.obj
 0001:000014d8       ??_C@_08HACCIKIA@Thursday?$AA@ 100024d8     libucrt:nlsdata.obj
 0001:000014e4       ??_C@_06JECMNKMI@Friday?$AA@ 100024e4     libucrt:nlsdata.obj
 0001:000014ec       ??_C@_08INBOOONO@Saturday?$AA@ 100024ec     libucrt:nlsdata.obj
 0001:000014f8       ??_C@_03JIHJHPIE@Jan?$AA@  100024f8     libucrt:nlsdata.obj
 0001:000014fc       ??_C@_03HJBDCHOM@Feb?$AA@  100024fc     libucrt:nlsdata.obj
 0001:00001500       ??_C@_03ODNJBKGA@Mar?$AA@  10002500     libucrt:nlsdata.obj
 0001:00001504       ??_C@_03LEOLGMJP@Apr?$AA@  10002504     libucrt:nlsdata.obj
 0001:00001508       ??_C@_03CNMDKL@May?$AA@    10002508     libucrt:nlsdata.obj
 0001:0000150c       ??_C@_03IDFGHECI@Jun?$AA@  1000250c     libucrt:nlsdata.obj
 0001:00001510       ??_C@_03LBGABGKK@Jul?$AA@  10002510     libucrt:nlsdata.obj
 0001:00001514       ??_C@_03IFJFEIGA@Aug?$AA@  10002514     libucrt:nlsdata.obj
 0001:00001518       ??_C@_03GGCAPAJC@Sep?$AA@  10002518     libucrt:nlsdata.obj
 0001:0000151c       ??_C@_03BMAOKBAD@Oct?$AA@  1000251c     libucrt:nlsdata.obj
 0001:00001520       ??_C@_03JPJOFNIA@Nov?$AA@  10002520     libucrt:nlsdata.obj
 0001:00001524       ??_C@_03MKABNOCG@Dec?$AA@  10002524     libucrt:nlsdata.obj
 0001:00001528       ??_C@_07CGJPFGJA@January?$AA@ 10002528     libucrt:nlsdata.obj
 0001:00001530       ??_C@_08GNJGEPFN@February?$AA@ 10002530     libucrt:nlsdata.obj
 0001:0000153c       ??_C@_05HPCKOFNC@March?$AA@ 1000253c     libucrt:nlsdata.obj
 0001:00001544       ??_C@_05DMJDNLEJ@April?$AA@ 10002544     libucrt:nlsdata.obj
 0001:0000154c       ??_C@_04CNLMGBGM@June?$AA@ 1000254c     libucrt:nlsdata.obj
 0001:00001554       ??_C@_04MIEPOIFP@July?$AA@ 10002554     libucrt:nlsdata.obj
 0001:0000155c       ??_C@_06LBBHFDDG@August?$AA@ 1000255c     libucrt:nlsdata.obj
 0001:00001564       ??_C@_09BHHEALKD@September?$AA@ 10002564     libucrt:nlsdata.obj
 0001:00001570       ??_C@_07JJNFCEND@October?$AA@ 10002570     libucrt:nlsdata.obj
 0001:00001578       ??_C@_08HCHEGEOA@November?$AA@ 10002578     libucrt:nlsdata.obj
 0001:00001584       ??_C@_08EDHMEBNP@December?$AA@ 10002584     libucrt:nlsdata.obj
 0001:00001590       ??_C@_02DEDBPAFC@AM?$AA@   10002590     libucrt:nlsdata.obj
 0001:00001594       ??_C@_02CJNFDJBF@PM?$AA@   10002594     libucrt:nlsdata.obj
 0001:00001598       ??_C@_08BPBNCDIB@MM?1dd?1yy?$AA@ 10002598     libucrt:nlsdata.obj
 0001:000015a4       ??_C@_0BE@CKGJFCPC@dddd?0?5MMMM?5dd?0?5yyyy?$AA@ 100025a4     libucrt:nlsdata.obj
 0001:000015b8       ??_C@_08JCCMCCIL@HH?3mm?3ss?$AA@ 100025b8     libucrt:nlsdata.obj
 0001:000015c4       ??_C@_17MBGCMIPB@?$AAS?$AAu?$AAn?$AA?$AA@ 100025c4     libucrt:nlsdata.obj
 0001:000015cc       ??_C@_17KBOMKBF@?$AAM?$AAo?$AAn?$AA?$AA@ 100025cc     libucrt:nlsdata.obj
 0001:000015d4       ??_C@_17BMKGEGOJ@?$AAT?$AAu?$AAe?$AA?$AA@ 100025d4     libucrt:nlsdata.obj
 0001:000015dc       ??_C@_17CJEDCEPE@?$AAW?$AAe?$AAd?$AA?$AA@ 100025dc     libucrt:nlsdata.obj
 0001:000015e4       ??_C@_17PDPHAADD@?$AAT?$AAh?$AAu?$AA?$AA@ 100025e4     libucrt:nlsdata.obj
 0001:000015ec       ??_C@_17HFOLPPLP@?$AAF?$AAr?$AAi?$AA?$AA@ 100025ec     libucrt:nlsdata.obj
 0001:000015f4       ??_C@_17GGIBDPIH@?$AAS?$AAa?$AAt?$AA?$AA@ 100025f4     libucrt:nlsdata.obj
 0001:000015fc       ??_C@_1O@IHNHDHPB@?$AAS?$AAu?$AAn?$AAd?$AAa?$AAy?$AA?$AA@ 100025fc     libucrt:nlsdata.obj
 0001:0000160c       ??_C@_1O@MMNBFLIA@?$AAM?$AAo?$AAn?$AAd?$AAa?$AAy?$AA?$AA@ 1000260c     libucrt:nlsdata.obj
 0001:0000161c       ??_C@_1BA@ENFBFFEK@?$AAT?$AAu?$AAe?$AAs?$AAd?$AAa?$AAy?$AA?$AA@ 1000261c     libucrt:nlsdata.obj
 0001:0000162c       ??_C@_1BE@EBOGMDOH@?$AAW?$AAe?$AAd?$AAn?$AAe?$AAs?$AAd?$AAa?$AAy?$AA?$AA@ 1000262c     libucrt:nlsdata.obj
 0001:00001640       ??_C@_1BC@HHMNLIHE@?$AAT?$AAh?$AAu?$AAr?$AAs?$AAd?$AAa?$AAy?$AA?$AA@ 10002640     libucrt:nlsdata.obj
 0001:00001654       ??_C@_1O@PDICJHAG@?$AAF?$AAr?$AAi?$AAd?$AAa?$AAy?$AA?$AA@ 10002654     libucrt:nlsdata.obj
 0001:00001664       ??_C@_1BC@ENMNNPAJ@?$AAS?$AAa?$AAt?$AAu?$AAr?$AAd?$AAa?$AAy?$AA?$AA@ 10002664     libucrt:nlsdata.obj
 0001:00001678       ??_C@_17DKNBKCHM@?$AAJ?$AAa?$AAn?$AA?$AA@ 10002678     libucrt:nlsdata.obj
 0001:00001680       ??_C@_17LMDJEKJN@?$AAF?$AAe?$AAb?$AA?$AA@ 10002680     libucrt:nlsdata.obj
 0001:00001688       ??_C@_17CKNLEDEC@?$AAM?$AAa?$AAr?$AA?$AA@ 10002688     libucrt:nlsdata.obj
 0001:00001690       ??_C@_17LFPOIHDD@?$AAA?$AAp?$AAr?$AA?$AA@ 10002690     libucrt:nlsdata.obj
 0001:00001698       ??_C@_17PNNKMEED@?$AAM?$AAa?$AAy?$AA?$AA@ 10002698     libucrt:nlsdata.obj
 0001:000016a0       ??_C@_17KCJGOCPB@?$AAJ?$AAu?$AAn?$AA?$AA@ 100026a0     libucrt:nlsdata.obj
 0001:000016a8       ??_C@_17IJPCKHK@?$AAJ?$AAu?$AAl?$AA?$AA@ 100026a8     libucrt:nlsdata.obj
 0001:000016b0       ??_C@_17ICPELBCN@?$AAA?$AAu?$AAg?$AA?$AA@ 100026b0     libucrt:nlsdata.obj
 0001:000016b8       ??_C@_17HCHCOKMG@?$AAS?$AAe?$AAp?$AA?$AA@ 100026b8     libucrt:nlsdata.obj
 0001:000016c0       ??_C@_17FNLKOI@?$AAO?$AAc?$AAt?$AA?$AA@ 100026c0     libucrt:nlsdata.obj
 0001:000016c8       ??_C@_17BBDMLCIG@?$AAN?$AAo?$AAv?$AA?$AA@ 100026c8     libucrt:nlsdata.obj
 0001:000016d0       ??_C@_17EGKACKIF@?$AAD?$AAe?$AAc?$AA?$AA@ 100026d0     libucrt:nlsdata.obj
 0001:000016d8       ??_C@_1BA@EFMEIEBA@?$AAJ?$AAa?$AAn?$AAu?$AAa?$AAr?$AAy?$AA?$AA@ 100026d8     libucrt:nlsdata.obj
 0001:000016e8       ??_C@_1BC@JGDDFFAM@?$AAF?$AAe?$AAb?$AAr?$AAu?$AAa?$AAr?$AAy?$AA?$AA@ 100026e8     libucrt:nlsdata.obj
 0001:000016fc       ??_C@_1M@IKEENEDF@?$AAM?$AAa?$AAr?$AAc?$AAh?$AA?$AA@ 100026fc     libucrt:nlsdata.obj
 0001:00001708       ??_C@_1M@GJNLMHFD@?$AAA?$AAp?$AAr?$AAi?$AAl?$AA?$AA@ 10002708     libucrt:nlsdata.obj
 0001:00001714       ??_C@_19EPFLPGAP@?$AAJ?$AAu?$AAn?$AAe?$AA?$AA@ 10002714     libucrt:nlsdata.obj
 0001:00001720       ??_C@_19BIFMLPCD@?$AAJ?$AAu?$AAl?$AAy?$AA?$AA@ 10002720     libucrt:nlsdata.obj
 0001:0000172c       ??_C@_1O@PAHLKOAC@?$AAA?$AAu?$AAg?$AAu?$AAs?$AAt?$AA?$AA@ 1000272c     libucrt:nlsdata.obj
 0001:0000173c       ??_C@_1BE@DKAAMBJL@?$AAS?$AAe?$AAp?$AAt?$AAe?$AAm?$AAb?$AAe?$AAr?$AA?$AA@ 1000273c     libucrt:nlsdata.obj
 0001:00001750       ??_C@_1BA@EPANDLNG@?$AAO?$AAc?$AAt?$AAo?$AAb?$AAe?$AAr?$AA?$AA@ 10002750     libucrt:nlsdata.obj
 0001:00001760       ??_C@_1BC@BGLIFPF@?$AAN?$AAo?$AAv?$AAe?$AAm?$AAb?$AAe?$AAr?$AA?$AA@ 10002760     libucrt:nlsdata.obj
 0001:00001774       ??_C@_1BC@FEMKIFH@?$AAD?$AAe?$AAc?$AAe?$AAm?$AAb?$AAe?$AAr?$AA?$AA@ 10002774     libucrt:nlsdata.obj
 0001:00001788       ??_C@_15ODEHAHHF@?$AAA?$AAM?$AA?$AA@ 10002788     libucrt:nlsdata.obj
 0001:00001790       ??_C@_15CLMNNGEL@?$AAP?$AAM?$AA?$AA@ 10002790     libucrt:nlsdata.obj
 0001:00001798       ??_C@_1BC@IEBCMHCM@?$AAM?$AAM?$AA?1?$AAd?$AAd?$AA?1?$AAy?$AAy?$AA?$AA@ 10002798     libucrt:nlsdata.obj
 0001:000017ac       ??_C@_1CI@KNAKOEBC@?$AAd?$AAd?$AAd?$AAd?$AA?0?$AA?5?$AAM?$AAM?$AAM?$AAM?$AA?5?$AAd?$AAd?$AA?0?$AA?5?$AAy?$AAy?$AAy?$AAy?$AA?$AA@ 100027ac     libucrt:nlsdata.obj
 0001:000017d4       ??_C@_1BC@GDGBMEMK@?$AAH?$AAH?$AA?3?$AAm?$AAm?$AA?3?$AAs?$AAs?$AA?$AA@ 100027d4     libucrt:nlsdata.obj
 0001:000017e8       ??_C@_1M@BMHNFIME@?$AAe?$AAn?$AA?9?$AAU?$AAS?$AA?$AA@ 100027e8     libucrt:nlsdata.obj
 0001:000017f8       ___lc_time_c               100027f8     libucrt:nlsdata.obj
 0001:00001960       ___newctype                10002960     libucrt:ctype.obj
 0001:00001c60       ___newclmap                10002c60     libucrt:ctype.obj
 0001:00001de0       ___newcumap                10002de0     libucrt:ctype.obj
 0001:00002680       ??_C@_15EMKDOKLE@?$AAa?$AAr?$AA?$AA@ 10003680     libucrt:lcidtoname_downlevel.obj
 0001:00002688       ??_C@_15KNPADPLH@?$AAb?$AAg?$AA?$AA@ 10003688     libucrt:lcidtoname_downlevel.obj
 0001:00002690       ??_C@_15EDMHLDMO@?$AAc?$AAa?$AA?$AA@ 10003690     libucrt:lcidtoname_downlevel.obj
 0001:00002698       ??_C@_1O@BPEAJADD@?$AAz?$AAh?$AA?9?$AAC?$AAH?$AAS?$AA?$AA@ 10003698     libucrt:lcidtoname_downlevel.obj
 0001:000026a8       ??_C@_15LJNHCMNK@?$AAc?$AAs?$AA?$AA@ 100036a8     libucrt:lcidtoname_downlevel.obj
 0001:000026b0       ??_C@_15FOMCIDHG@?$AAd?$AAa?$AA?$AA@ 100036b0     libucrt:lcidtoname_downlevel.obj
 0001:000026b8       ??_C@_15NBKABECB@?$AAd?$AAe?$AA?$AA@ 100036b8     libucrt:lcidtoname_downlevel.obj
 0001:000026c0       ??_C@_15GHPEIIAO@?$AAe?$AAl?$AA?$AA@ 100036c0     libucrt:lcidtoname_downlevel.obj
 0001:000026c8       ??_C@_15MNPNEAIF@?$AAe?$AAn?$AA?$AA@ 100036c8     libucrt:lcidtoname_downlevel.obj
 0001:000026d0       ??_C@_15GPIOMPMH@?$AAe?$AAs?$AA?$AA@ 100036d0     libucrt:lcidtoname_downlevel.obj
 0001:000026d8       ??_C@_15NGLOAKJC@?$AAf?$AAi?$AA?$AA@ 100036d8     libucrt:lcidtoname_downlevel.obj
 0001:000026e0       ??_C@_15FBKGNKAM@?$AAf?$AAr?$AA?$AA@ 100036e0     libucrt:lcidtoname_downlevel.obj
 0001:000026e8       ??_C@_15KGGCNEFK@?$AAh?$AAe?$AA?$AA@ 100036e8     libucrt:lcidtoname_downlevel.obj
 0001:000026f0       ??_C@_15PGHLIDMF@?$AAh?$AAu?$AA?$AA@ 100036f0     libucrt:lcidtoname_downlevel.obj
 0001:000026f8       ??_C@_15BIEMAPLM@?$AAi?$AAs?$AA?$AA@ 100036f8     libucrt:lcidtoname_downlevel.obj
 0001:00002700       ??_C@_15IFJLDHAF@?$AAi?$AAt?$AA?$AA@ 10003700     libucrt:lcidtoname_downlevel.obj
 0001:00002708       ??_C@_15GEMIOCAG@?$AAj?$AAa?$AA?$AA@ 10003708     libucrt:lcidtoname_downlevel.obj
 0001:00002710       ??_C@_15EPELEGJA@?$AAk?$AAo?$AA?$AA@ 10003710     libucrt:lcidtoname_downlevel.obj
 0001:00002718       ??_C@_15NDDHIMN@?$AAn?$AAl?$AA?$AA@ 10003718     libucrt:lcidtoname_downlevel.obj
 0001:00002720       ??_C@_15BPIGNHCD@?$AAn?$AAo?$AA?$AA@ 10003720     libucrt:lcidtoname_downlevel.obj
 0001:00002728       ??_C@_15DEOPBLCG@?$AAp?$AAl?$AA?$AA@ 10003728     libucrt:lcidtoname_downlevel.obj
 0001:00002730       ??_C@_15KBECGEFG@?$AAp?$AAt?$AA?$AA@ 10003730     libucrt:lcidtoname_downlevel.obj
 0001:00002738       ??_C@_15GLJCBFMD@?$AAr?$AAo?$AA?$AA@ 10003738     libucrt:lcidtoname_downlevel.obj
 0001:00002740       ??_C@_15FEDGKCDI@?$AAr?$AAu?$AA?$AA@ 10003740     libucrt:lcidtoname_downlevel.obj
 0001:00002748       ??_C@_15GLKMLLHM@?$AAh?$AAr?$AA?$AA@ 10003748     libucrt:lcidtoname_downlevel.obj
 0001:00002750       ??_C@_15CPKMFBDB@?$AAs?$AAk?$AA?$AA@ 10003750     libucrt:lcidtoname_downlevel.obj
 0001:00002758       ??_C@_15BAAIOGMK@?$AAs?$AAq?$AA?$AA@ 10003758     libucrt:lcidtoname_downlevel.obj
 0001:00002760       ??_C@_15INNPNOHD@?$AAs?$AAv?$AA?$AA@ 10003760     libucrt:lcidtoname_downlevel.obj
 0001:00002768       ??_C@_15CABMMOGH@?$AAt?$AAh?$AA?$AA@ 10003768     libucrt:lcidtoname_downlevel.obj
 0001:00002770       ??_C@_15BPLIHJJM@?$AAt?$AAr?$AA?$AA@ 10003770     libucrt:lcidtoname_downlevel.obj
 0001:00002778       ??_C@_15NEOEKKDJ@?$AAu?$AAr?$AA?$AA@ 10003778     libucrt:lcidtoname_downlevel.obj
 0001:00002780       ??_C@_15NFICGAJK@?$AAi?$AAd?$AA?$AA@ 10003780     libucrt:lcidtoname_downlevel.obj
 0001:00002788       ??_C@_15PJPFLCCM@?$AAu?$AAk?$AA?$AA@ 10003788     libucrt:lcidtoname_downlevel.obj
 0001:00002790       ??_C@_15HPJPHDM@?$AAb?$AAe?$AA?$AA@ 10003790     libucrt:lcidtoname_downlevel.obj
 0001:00002798       ??_C@_15LCHLGJII@?$AAs?$AAl?$AA?$AA@ 10003798     libucrt:lcidtoname_downlevel.obj
 0001:000027a0       ??_C@_15PCFJPHHO@?$AAe?$AAt?$AA?$AA@ 100037a0     libucrt:lcidtoname_downlevel.obj
 0001:000027a8       ??_C@_15HPFPGODN@?$AAl?$AAv?$AA?$AA@ 100037a8     libucrt:lcidtoname_downlevel.obj
 0001:000027b0       ??_C@_15NFFGKGLG@?$AAl?$AAt?$AA?$AA@ 100037b0     libucrt:lcidtoname_downlevel.obj
 0001:000027b8       ??_C@_15BDAKCCHN@?$AAf?$AAa?$AA?$AA@ 100037b8     libucrt:lcidtoname_downlevel.obj
 0001:000027c0       ??_C@_15NFGIAIAJ@?$AAv?$AAi?$AA?$AA@ 100037c0     libucrt:lcidtoname_downlevel.obj
 0001:000027c8       ??_C@_15LMKNDMHN@?$AAh?$AAy?$AA?$AA@ 100037c8     libucrt:lcidtoname_downlevel.obj
 0001:000027d0       ??_C@_15IJBHMCFL@?$AAa?$AAz?$AA?$AA@ 100037d0     libucrt:lcidtoname_downlevel.obj
 0001:000027d8       ??_C@_15EKOFJABL@?$AAe?$AAu?$AA?$AA@ 100037d8     libucrt:lcidtoname_downlevel.obj
 0001:000027e0       ??_C@_15BGHADCNK@?$AAm?$AAk?$AA?$AA@ 100037e0     libucrt:lcidtoname_downlevel.obj
 0001:000027e8       ??_C@_15JDNICKHM@?$AAa?$AAf?$AA?$AA@ 100037e8     libucrt:lcidtoname_downlevel.obj
 0001:000027f0       ??_C@_15KPJEDBKD@?$AAk?$AAa?$AA?$AA@ 100037f0     libucrt:lcidtoname_downlevel.obj
 0001:000027f8       ??_C@_15PDNFFFEO@?$AAf?$AAo?$AA?$AA@ 100037f8     libucrt:lcidtoname_downlevel.obj
 0001:00002800       ??_C@_15OMLEGLOC@?$AAh?$AAi?$AA?$AA@ 10003800     libucrt:lcidtoname_downlevel.obj
 0001:00002808       ??_C@_15IDNNENKK@?$AAm?$AAs?$AA?$AA@ 10003808     libucrt:lcidtoname_downlevel.obj
 0001:00002810       ??_C@_15MACJNBMH@?$AAk?$AAk?$AA?$AA@ 10003810     libucrt:lcidtoname_downlevel.obj
 0001:00002818       ??_C@_15DKDJEOND@?$AAk?$AAy?$AA?$AA@ 10003818     libucrt:lcidtoname_downlevel.obj
 0001:00002820       ??_C@_15DFGDLJBG@?$AAs?$AAw?$AA?$AA@ 10003820     libucrt:lcidtoname_downlevel.obj
 0001:00002828       ??_C@_15BBFAICNG@?$AAu?$AAz?$AA?$AA@ 10003828     libucrt:lcidtoname_downlevel.obj
 0001:00002830       ??_C@_15DKNDCGEA@?$AAt?$AAt?$AA?$AA@ 10003830     libucrt:lcidtoname_downlevel.obj
 0001:00002838       ??_C@_15MGIFMDPL@?$AAp?$AAa?$AA?$AA@ 10003838     libucrt:lcidtoname_downlevel.obj
 0001:00002840       ??_C@_15HCNDBBA@?$AAg?$AAu?$AA?$AA@ 10003840     libucrt:lcidtoname_downlevel.obj
 0001:00002848       ??_C@_15FNBEIBON@?$AAt?$AAa?$AA?$AA@ 10003848     libucrt:lcidtoname_downlevel.obj
 0001:00002850       ??_C@_15NCHGBGLK@?$AAt?$AAe?$AA?$AA@ 10003850     libucrt:lcidtoname_downlevel.obj
 0001:00002858       ??_C@_15PHPHCBPF@?$AAk?$AAn?$AA?$AA@ 10003858     libucrt:lcidtoname_downlevel.obj
 0001:00002860       ??_C@_15DLGBCKMP@?$AAm?$AAr?$AA?$AA@ 10003860     libucrt:lcidtoname_downlevel.obj
 0001:00002868       ??_C@_15EABBLBFF@?$AAs?$AAa?$AA?$AA@ 10003868     libucrt:lcidtoname_downlevel.obj
 0001:00002870       ??_C@_15CBKOMCOI@?$AAm?$AAn?$AA?$AA@ 10003870     libucrt:lcidtoname_downlevel.obj
 0001:00002878       ??_C@_15CKDMCJAF@?$AAg?$AAl?$AA?$AA@ 10003878     libucrt:lcidtoname_downlevel.obj
 0001:00002880       ??_C@_17CNJFBPG@?$AAk?$AAo?$AAk?$AA?$AA@ 10003880     libucrt:lcidtoname_downlevel.obj
 0001:00002888       ??_C@_17FFBJICPL@?$AAs?$AAy?$AAr?$AA?$AA@ 10003888     libucrt:lcidtoname_downlevel.obj
 0001:00002890       ??_C@_17KPNDCPAF@?$AAd?$AAi?$AAv?$AA?$AA@ 10003890     libucrt:lcidtoname_downlevel.obj
 0001:00002898       ??_C@_1M@OKAHONE@?$AAa?$AAr?$AA?9?$AAS?$AAA?$AA?$AA@ 10003898     libucrt:lcidtoname_downlevel.obj
 0001:000028a4       ??_C@_1M@FFFIGIGK@?$AAb?$AAg?$AA?9?$AAB?$AAG?$AA?$AA@ 100038a4     libucrt:lcidtoname_downlevel.obj
 0001:000028b0       ??_C@_1M@BJNKEDC@?$AAc?$AAa?$AA?9?$AAE?$AAS?$AA?$AA@ 100038b0     libucrt:lcidtoname_downlevel.obj
 0001:000028bc       ??_C@_1M@IJJHFJHA@?$AAc?$AAs?$AA?9?$AAC?$AAZ?$AA?$AA@ 100038bc     libucrt:lcidtoname_downlevel.obj
 0001:000028c8       ??_C@_1M@CLPEOBGI@?$AAd?$AAa?$AA?9?$AAD?$AAK?$AA?$AA@ 100038c8     libucrt:lcidtoname_downlevel.obj
 0001:000028d4       ??_C@_1M@MCMADGCB@?$AAd?$AAe?$AA?9?$AAD?$AAE?$AA?$AA@ 100038d4     libucrt:lcidtoname_downlevel.obj
 0001:000028e0       ??_C@_1M@OOCKEMAM@?$AAe?$AAl?$AA?9?$AAG?$AAR?$AA?$AA@ 100038e0     libucrt:lcidtoname_downlevel.obj
 0001:000028ec       ??_C@_1M@DDNJFGID@?$AAf?$AAi?$AA?9?$AAF?$AAI?$AA?$AA@ 100038ec     libucrt:lcidtoname_downlevel.obj
 0001:000028f8       ??_C@_1M@GLIPPMAC@?$AAf?$AAr?$AA?9?$AAF?$AAR?$AA?$AA@ 100038f8     libucrt:lcidtoname_downlevel.obj
 0001:00002904       ??_C@_1M@GFMCHPE@?$AAh?$AAe?$AA?9?$AAI?$AAL?$AA?$AA@ 10003904     libucrt:lcidtoname_downlevel.obj
 0001:00002910       ??_C@_1M@MHLPGNKM@?$AAh?$AAu?$AA?9?$AAH?$AAU?$AA?$AA@ 10003910     libucrt:lcidtoname_downlevel.obj
 0001:0000291c       ??_C@_1M@LPDDNNPN@?$AAi?$AAs?$AA?9?$AAI?$AAS?$AA?$AA@ 1000391c     libucrt:lcidtoname_downlevel.obj
 0001:00002928       ??_C@_1M@MADIPODN@?$AAi?$AAt?$AA?9?$AAI?$AAT?$AA?$AA@ 10003928     libucrt:lcidtoname_downlevel.obj
 0001:00002934       ??_C@_1M@IHBJJGG@?$AAn?$AAl?$AA?9?$AAN?$AAL?$AA?$AA@ 10003934     libucrt:lcidtoname_downlevel.obj
 0001:00002940       ??_C@_1M@EANAGDL@?$AAn?$AAb?$AA?9?$AAN?$AAO?$AA?$AA@ 10003940     libucrt:lcidtoname_downlevel.obj
 0001:0000294c       ??_C@_1M@NEIEMEGP@?$AAp?$AAl?$AA?9?$AAP?$AAL?$AA?$AA@ 1000394c     libucrt:lcidtoname_downlevel.obj
 0001:00002958       ??_C@_1M@BOCFIGEP@?$AAp?$AAt?$AA?9?$AAB?$AAR?$AA?$AA@ 10003958     libucrt:lcidtoname_downlevel.obj
 0001:00002964       ??_C@_1M@IMPFOPBG@?$AAr?$AAo?$AA?9?$AAR?$AAO?$AA?$AA@ 10003964     libucrt:lcidtoname_downlevel.obj
 0001:00002970       ??_C@_1M@IDNNEJMM@?$AAr?$AAu?$AA?9?$AAR?$AAU?$AA?$AA@ 10003970     libucrt:lcidtoname_downlevel.obj
 0001:0000297c       ??_C@_1M@LILEEOGM@?$AAh?$AAr?$AA?9?$AAH?$AAR?$AA?$AA@ 1000397c     libucrt:lcidtoname_downlevel.obj
 0001:00002988       ??_C@_1M@FKIFEHPB@?$AAs?$AAk?$AA?9?$AAS?$AAK?$AA?$AA@ 10003988     libucrt:lcidtoname_downlevel.obj
 0001:00002994       ??_C@_1M@LJMAMNPJ@?$AAs?$AAq?$AA?9?$AAA?$AAL?$AA?$AA@ 10003994     libucrt:lcidtoname_downlevel.obj
 0001:000029a0       ??_C@_1M@GIAKDKJK@?$AAs?$AAv?$AA?9?$AAS?$AAE?$AA?$AA@ 100039a0     libucrt:lcidtoname_downlevel.obj
 0001:000029ac       ??_C@_1M@MKJKIKCL@?$AAt?$AAh?$AA?9?$AAT?$AAH?$AA?$AA@ 100039ac     libucrt:lcidtoname_downlevel.obj
 0001:000029b8       ??_C@_1M@MFLCCMPB@?$AAt?$AAr?$AA?9?$AAT?$AAR?$AA?$AA@ 100039b8     libucrt:lcidtoname_downlevel.obj
 0001:000029c4       ??_C@_1M@OIJHDKJN@?$AAu?$AAr?$AA?9?$AAP?$AAK?$AA?$AA@ 100039c4     libucrt:lcidtoname_downlevel.obj
 0001:000029d0       ??_C@_1M@LHIPCIEK@?$AAi?$AAd?$AA?9?$AAI?$AAD?$AA?$AA@ 100039d0     libucrt:lcidtoname_downlevel.obj
 0001:000029dc       ??_C@_1M@MFMOBGI@?$AAu?$AAk?$AA?9?$AAU?$AAA?$AA?$AA@ 100039dc     libucrt:lcidtoname_downlevel.obj
 0001:000029e8       ??_C@_1M@OBGLJIPL@?$AAb?$AAe?$AA?9?$AAB?$AAY?$AA?$AA@ 100039e8     libucrt:lcidtoname_downlevel.obj
 0001:000029f4       ??_C@_1M@BCFAJEAD@?$AAs?$AAl?$AA?9?$AAS?$AAI?$AA?$AA@ 100039f4     libucrt:lcidtoname_downlevel.obj
 0001:00002a00       ??_C@_1M@FKFFEDDN@?$AAe?$AAt?$AA?9?$AAE?$AAE?$AA?$AA@ 10003a00     libucrt:lcidtoname_downlevel.obj
 0001:00002a0c       ??_C@_1M@KGKKAACI@?$AAl?$AAv?$AA?9?$AAL?$AAV?$AA?$AA@ 10003a0c     libucrt:lcidtoname_downlevel.obj
 0001:00002a18       ??_C@_1M@IFGBIJO@?$AAl?$AAt?$AA?9?$AAL?$AAT?$AA?$AA@ 10003a18     libucrt:lcidtoname_downlevel.obj
 0001:00002a24       ??_C@_1M@FGEAHEDM@?$AAf?$AAa?$AA?9?$AAI?$AAR?$AA?$AA@ 10003a24     libucrt:lcidtoname_downlevel.obj
 0001:00002a30       ??_C@_1M@KBMAIBFN@?$AAv?$AAi?$AA?9?$AAV?$AAN?$AA?$AA@ 10003a30     libucrt:lcidtoname_downlevel.obj
 0001:00002a3c       ??_C@_1M@GPCBKDJK@?$AAh?$AAy?$AA?9?$AAA?$AAM?$AA?$AA@ 10003a3c     libucrt:lcidtoname_downlevel.obj
 0001:00002a48       ??_C@_1BG@BECMDDJB@?$AAa?$AAz?$AA?9?$AAA?$AAZ?$AA?9?$AAL?$AAa?$AAt?$AAn?$AA?$AA@ 10003a48     libucrt:lcidtoname_downlevel.obj
 0001:00002a60       ??_C@_1M@MAOFCAEA@?$AAe?$AAu?$AA?9?$AAE?$AAS?$AA?$AA@ 10003a60     libucrt:lcidtoname_downlevel.obj
 0001:00002a6c       ??_C@_1M@IGHABKPI@?$AAm?$AAk?$AA?9?$AAM?$AAK?$AA?$AA@ 10003a6c     libucrt:lcidtoname_downlevel.obj
 0001:00002a78       ??_C@_1M@IAIGNEJG@?$AAt?$AAn?$AA?9?$AAZ?$AAA?$AA?$AA@ 10003a78     libucrt:lcidtoname_downlevel.obj
 0001:00002a84       ??_C@_1M@IIJCOJFA@?$AAx?$AAh?$AA?9?$AAZ?$AAA?$AA?$AA@ 10003a84     libucrt:lcidtoname_downlevel.obj
 0001:00002a90       ??_C@_1M@LGPJHNJH@?$AAz?$AAu?$AA?9?$AAZ?$AAA?$AA?$AA@ 10003a90     libucrt:lcidtoname_downlevel.obj
 0001:00002a9c       ??_C@_1M@HOKAOIO@?$AAa?$AAf?$AA?9?$AAZ?$AAA?$AA?$AA@ 10003a9c     libucrt:lcidtoname_downlevel.obj
 0001:00002aa8       ??_C@_1M@DPCLHLIE@?$AAk?$AAa?$AA?9?$AAG?$AAE?$AA?$AA@ 10003aa8     libucrt:lcidtoname_downlevel.obj
 0001:00002ab4       ??_C@_1M@BLKMHJBI@?$AAf?$AAo?$AA?9?$AAF?$AAO?$AA?$AA@ 10003ab4     libucrt:lcidtoname_downlevel.obj
 0001:00002ac0       ??_C@_1M@LGGJAPPB@?$AAh?$AAi?$AA?9?$AAI?$AAN?$AA?$AA@ 10003ac0     libucrt:lcidtoname_downlevel.obj
 0001:00002acc       ??_C@_1M@FIKPIHFE@?$AAm?$AAt?$AA?9?$AAM?$AAT?$AA?$AA@ 10003acc     libucrt:lcidtoname_downlevel.obj
 0001:00002ad8       ??_C@_1M@HEGGPBFA@?$AAs?$AAe?$AA?9?$AAN?$AAO?$AA?$AA@ 10003ad8     libucrt:lcidtoname_downlevel.obj
 0001:00002ae4       ??_C@_1M@EIBJEEPA@?$AAm?$AAs?$AA?9?$AAM?$AAY?$AA?$AA@ 10003ae4     libucrt:lcidtoname_downlevel.obj
 0001:00002af0       ??_C@_1M@FHLBGMPP@?$AAk?$AAk?$AA?9?$AAK?$AAZ?$AA?$AA@ 10003af0     libucrt:lcidtoname_downlevel.obj
 0001:00002afc       ??_C@_1M@NGJJLCGI@?$AAk?$AAy?$AA?9?$AAK?$AAG?$AA?$AA@ 10003afc     libucrt:lcidtoname_downlevel.obj
 0001:00002b08       ??_C@_1M@GIENNBFC@?$AAs?$AAw?$AA?9?$AAK?$AAE?$AA?$AA@ 10003b08     libucrt:lcidtoname_downlevel.obj
 0001:00002b14       ??_C@_1BG@NDGMJIMJ@?$AAu?$AAz?$AA?9?$AAU?$AAZ?$AA?9?$AAL?$AAa?$AAt?$AAn?$AA?$AA@ 10003b14     libucrt:lcidtoname_downlevel.obj
 0001:00002b2c       ??_C@_1M@IDCCIHBC@?$AAt?$AAt?$AA?9?$AAR?$AAU?$AA?$AA@ 10003b2c     libucrt:lcidtoname_downlevel.obj
 0001:00002b38       ??_C@_1M@LOICPMOJ@?$AAb?$AAn?$AA?9?$AAI?$AAN?$AA?$AA@ 10003b38     libucrt:lcidtoname_downlevel.obj
 0001:00002b44       ??_C@_1M@KPKKNEAH@?$AAp?$AAa?$AA?9?$AAI?$AAN?$AA?$AA@ 10003b44     libucrt:lcidtoname_downlevel.obj
 0001:00002b50       ??_C@_1M@PJGPPBOG@?$AAg?$AAu?$AA?9?$AAI?$AAN?$AA?$AA@ 10003b50     libucrt:lcidtoname_downlevel.obj
 0001:00002b5c       ??_C@_1M@KMKMOPHI@?$AAt?$AAa?$AA?9?$AAI?$AAN?$AA?$AA@ 10003b5c     libucrt:lcidtoname_downlevel.obj
 0001:00002b68       ??_C@_1M@KFEHEPAC@?$AAt?$AAe?$AA?9?$AAI?$AAN?$AA?$AA@ 10003b68     libucrt:lcidtoname_downlevel.obj
 0001:00002b74       ??_C@_1M@CDCLMGHI@?$AAk?$AAn?$AA?9?$AAI?$AAN?$AA?$AA@ 10003b74     libucrt:lcidtoname_downlevel.obj
 0001:00002b80       ??_C@_1M@MIODLDKF@?$AAm?$AAl?$AA?9?$AAI?$AAN?$AA?$AA@ 10003b80     libucrt:lcidtoname_downlevel.obj
 0001:00002b8c       ??_C@_1M@PBIEACPO@?$AAm?$AAr?$AA?9?$AAI?$AAN?$AA?$AA@ 10003b8c     libucrt:lcidtoname_downlevel.obj
 0001:00002b98       ??_C@_1M@NIDEAGPH@?$AAs?$AAa?$AA?9?$AAI?$AAN?$AA?$AA@ 10003b98     libucrt:lcidtoname_downlevel.obj
 0001:00002ba4       ??_C@_1M@FHIHCBIO@?$AAm?$AAn?$AA?9?$AAM?$AAN?$AA?$AA@ 10003ba4     libucrt:lcidtoname_downlevel.obj
 0001:00002bb0       ??_C@_1M@JAIJPENP@?$AAc?$AAy?$AA?9?$AAG?$AAB?$AA?$AA@ 10003bb0     libucrt:lcidtoname_downlevel.obj
 0001:00002bbc       ??_C@_1M@PHGFBEPN@?$AAg?$AAl?$AA?9?$AAE?$AAS?$AA?$AA@ 10003bbc     libucrt:lcidtoname_downlevel.obj
 0001:00002bc8       ??_C@_1O@KPIPDNCP@?$AAk?$AAo?$AAk?$AA?9?$AAI?$AAN?$AA?$AA@ 10003bc8     libucrt:lcidtoname_downlevel.obj
 0001:00002bd8       ??_C@_1O@KNHJLDJA@?$AAs?$AAy?$AAr?$AA?9?$AAS?$AAY?$AA?$AA@ 10003bd8     libucrt:lcidtoname_downlevel.obj
 0001:00002be8       ??_C@_1O@MKEKBLAH@?$AAd?$AAi?$AAv?$AA?9?$AAM?$AAV?$AA?$AA@ 10003be8     libucrt:lcidtoname_downlevel.obj
 0001:00002bf8       ??_C@_1O@OHDCKDDF@?$AAq?$AAu?$AAz?$AA?9?$AAB?$AAO?$AA?$AA@ 10003bf8     libucrt:lcidtoname_downlevel.obj
 0001:00002c08       ??_C@_1M@LEPJNLFD@?$AAn?$AAs?$AA?9?$AAZ?$AAA?$AA?$AA@ 10003c08     libucrt:lcidtoname_downlevel.obj
 0001:00002c14       ??_C@_1M@OMLEIIJB@?$AAm?$AAi?$AA?9?$AAN?$AAZ?$AA?$AA@ 10003c14     libucrt:lcidtoname_downlevel.obj
 0001:00002c20       ??_C@_1M@PMPEAILG@?$AAa?$AAr?$AA?9?$AAI?$AAQ?$AA?$AA@ 10003c20     libucrt:lcidtoname_downlevel.obj
 0001:00002c2c       ??_C@_1M@CNKPNOEE@?$AAd?$AAe?$AA?9?$AAC?$AAH?$AA?$AA@ 10003c2c     libucrt:lcidtoname_downlevel.obj
 0001:00002c38       ??_C@_1M@LKMGMLKO@?$AAe?$AAn?$AA?9?$AAG?$AAB?$AA?$AA@ 10003c38     libucrt:lcidtoname_downlevel.obj
 0001:00002c44       ??_C@_1M@PGKJFFGL@?$AAe?$AAs?$AA?9?$AAM?$AAX?$AA?$AA@ 10003c44     libucrt:lcidtoname_downlevel.obj
 0001:00002c50       ??_C@_1M@DNNANBDC@?$AAf?$AAr?$AA?9?$AAB?$AAE?$AA?$AA@ 10003c50     libucrt:lcidtoname_downlevel.obj
 0001:00002c5c       ??_C@_1M@HLGMDFHM@?$AAi?$AAt?$AA?9?$AAC?$AAH?$AA?$AA@ 10003c5c     libucrt:lcidtoname_downlevel.obj
 0001:00002c68       ??_C@_1M@CLLBGJH@?$AAn?$AAl?$AA?9?$AAB?$AAE?$AA?$AA@ 10003c68     libucrt:lcidtoname_downlevel.obj
 0001:00002c74       ??_C@_1M@BODBOGLF@?$AAn?$AAn?$AA?9?$AAN?$AAO?$AA?$AA@ 10003c74     libucrt:lcidtoname_downlevel.obj
 0001:00002c80       ??_C@_1M@HFFAHKAD@?$AAp?$AAt?$AA?9?$AAP?$AAT?$AA?$AA@ 10003c80     libucrt:lcidtoname_downlevel.obj
 0001:00002c8c       ??_C@_1BG@LNOAKHIE@?$AAs?$AAr?$AA?9?$AAS?$AAP?$AA?9?$AAL?$AAa?$AAt?$AAn?$AA?$AA@ 10003c8c     libucrt:lcidtoname_downlevel.obj
 0001:00002ca4       ??_C@_1M@HBMHBGAK@?$AAs?$AAv?$AA?9?$AAF?$AAI?$AA?$AA@ 10003ca4     libucrt:lcidtoname_downlevel.obj
 0001:00002cb0       ??_C@_1BG@DGCJGJBE@?$AAa?$AAz?$AA?9?$AAA?$AAZ?$AA?9?$AAC?$AAy?$AAr?$AAl?$AA?$AA@ 10003cb0     libucrt:lcidtoname_downlevel.obj
 0001:00002cc8       ??_C@_1M@KEJDAAHB@?$AAs?$AAe?$AA?9?$AAS?$AAE?$AA?$AA@ 10003cc8     libucrt:lcidtoname_downlevel.obj
 0001:00002cd4       ??_C@_1M@HEIBJJAD@?$AAm?$AAs?$AA?9?$AAB?$AAN?$AA?$AA@ 10003cd4     libucrt:lcidtoname_downlevel.obj
 0001:00002ce0       ??_C@_1BG@PBGJMCEM@?$AAu?$AAz?$AA?9?$AAU?$AAZ?$AA?9?$AAC?$AAy?$AAr?$AAl?$AA?$AA@ 10003ce0     libucrt:lcidtoname_downlevel.obj
 0001:00002cf8       ??_C@_1O@LAOBCMDF@?$AAq?$AAu?$AAz?$AA?9?$AAE?$AAC?$AA?$AA@ 10003cf8     libucrt:lcidtoname_downlevel.obj
 0001:00002d08       ??_C@_1M@POEEMAIO@?$AAa?$AAr?$AA?9?$AAE?$AAG?$AA?$AA@ 10003d08     libucrt:lcidtoname_downlevel.obj
 0001:00002d14       ??_C@_1M@EFAKDEDL@?$AAz?$AAh?$AA?9?$AAH?$AAK?$AA?$AA@ 10003d14     libucrt:lcidtoname_downlevel.obj
 0001:00002d20       ??_C@_1M@HKKIJHGI@?$AAd?$AAe?$AA?9?$AAA?$AAT?$AA?$AA@ 10003d20     libucrt:lcidtoname_downlevel.obj
 0001:00002d2c       ??_C@_1M@KBFBEHJF@?$AAe?$AAn?$AA?9?$AAA?$AAU?$AA?$AA@ 10003d2c     libucrt:lcidtoname_downlevel.obj
 0001:00002d38       ??_C@_1M@MNPLFAAH@?$AAe?$AAs?$AA?9?$AAE?$AAS?$AA?$AA@ 10003d38     libucrt:lcidtoname_downlevel.obj
 0001:00002d44       ??_C@_1M@HJOOJFMA@?$AAf?$AAr?$AA?9?$AAC?$AAA?$AA?$AA@ 10003d44     libucrt:lcidtoname_downlevel.obj
 0001:00002d50       ??_C@_1BG@JPOFPNAB@?$AAs?$AAr?$AA?9?$AAS?$AAP?$AA?9?$AAC?$AAy?$AAr?$AAl?$AA?$AA@ 10003d50     libucrt:lcidtoname_downlevel.obj
 0001:00002d68       ??_C@_1M@LNFOCMOB@?$AAs?$AAe?$AA?9?$AAF?$AAI?$AA?$AA@ 10003d68     libucrt:lcidtoname_downlevel.obj
 0001:00002d74       ??_C@_1O@MGJBOAMB@?$AAq?$AAu?$AAz?$AA?9?$AAP?$AAE?$AA?$AA@ 10003d74     libucrt:lcidtoname_downlevel.obj
 0001:00002d84       ??_C@_1M@GJINLBOK@?$AAa?$AAr?$AA?9?$AAL?$AAY?$AA?$AA@ 10003d84     libucrt:lcidtoname_downlevel.obj
 0001:00002d90       ??_C@_1M@GGMNHJNL@?$AAz?$AAh?$AA?9?$AAS?$AAG?$AA?$AA@ 10003d90     libucrt:lcidtoname_downlevel.obj
 0001:00002d9c       ??_C@_1M@HOIKODND@?$AAd?$AAe?$AA?9?$AAL?$AAU?$AA?$AA@ 10003d9c     libucrt:lcidtoname_downlevel.obj
 0001:00002da8       ??_C@_1M@DDOCCGFG@?$AAe?$AAn?$AA?9?$AAC?$AAA?$AA?$AA@ 10003da8     libucrt:lcidtoname_downlevel.obj
 0001:00002db4       ??_C@_1M@BNOEMJLF@?$AAe?$AAs?$AA?9?$AAG?$AAT?$AA?$AA@ 10003db4     libucrt:lcidtoname_downlevel.obj
 0001:00002dc0       ??_C@_1M@EOGNKEK@?$AAf?$AAr?$AA?9?$AAC?$AAH?$AA?$AA@ 10003dc0     libucrt:lcidtoname_downlevel.obj
 0001:00002dcc       ??_C@_1M@FLIDJFHL@?$AAh?$AAr?$AA?9?$AAB?$AAA?$AA?$AA@ 10003dcc     libucrt:lcidtoname_downlevel.obj
 0001:00002dd8       ??_C@_1O@FMCELNAJ@?$AAs?$AAm?$AAj?$AA?9?$AAN?$AAO?$AA?$AA@ 10003dd8     libucrt:lcidtoname_downlevel.obj
 0001:00002de8       ??_C@_1M@JHGLJMGJ@?$AAa?$AAr?$AA?9?$AAD?$AAZ?$AA?$AA@ 10003de8     libucrt:lcidtoname_downlevel.obj
 0001:00002df4       ??_C@_1M@JKKFDCNP@?$AAz?$AAh?$AA?9?$AAM?$AAO?$AA?$AA@ 10003df4     libucrt:lcidtoname_downlevel.obj
 0001:00002e00       ??_C@_1M@GEEFALPE@?$AAd?$AAe?$AA?9?$AAL?$AAI?$AA?$AA@ 10003e00     libucrt:lcidtoname_downlevel.obj
 0001:00002e0c       ??_C@_1M@IGEOFBG@?$AAe?$AAn?$AA?9?$AAN?$AAZ?$AA?$AA@ 10003e0c     libucrt:lcidtoname_downlevel.obj
 0001:00002e18       ??_C@_1M@KDBONEHP@?$AAe?$AAs?$AA?9?$AAC?$AAR?$AA?$AA@ 10003e18     libucrt:lcidtoname_downlevel.obj
 0001:00002e24       ??_C@_1M@FHMDOHNN@?$AAf?$AAr?$AA?9?$AAL?$AAU?$AA?$AA@ 10003e24     libucrt:lcidtoname_downlevel.obj
 0001:00002e30       ??_C@_1BG@NFKKMAFG@?$AAb?$AAs?$AA?9?$AAB?$AAA?$AA?9?$AAL?$AAa?$AAt?$AAn?$AA?$AA@ 10003e30     libucrt:lcidtoname_downlevel.obj
 0001:00002e48       ??_C@_1O@IMNBEMCI@?$AAs?$AAm?$AAj?$AA?9?$AAS?$AAE?$AA?$AA@ 10003e48     libucrt:lcidtoname_downlevel.obj
 0001:00002e58       ??_C@_1M@DHHMBNDP@?$AAa?$AAr?$AA?9?$AAM?$AAA?$AA?$AA@ 10003e58     libucrt:lcidtoname_downlevel.obj
 0001:00002e64       ??_C@_1M@BNBLJCGH@?$AAe?$AAn?$AA?9?$AAI?$AAE?$AA?$AA@ 10003e64     libucrt:lcidtoname_downlevel.obj
 0001:00002e70       ??_C@_1M@GEPAFMDL@?$AAe?$AAs?$AA?9?$AAP?$AAA?$AA?$AA@ 10003e70     libucrt:lcidtoname_downlevel.obj
 0001:00002e7c       ??_C@_1M@OJONDMDL@?$AAf?$AAr?$AA?9?$AAM?$AAC?$AA?$AA@ 10003e7c     libucrt:lcidtoname_downlevel.obj
 0001:00002e88       ??_C@_1BG@OBCNFJB@?$AAs?$AAr?$AA?9?$AAB?$AAA?$AA?9?$AAL?$AAa?$AAt?$AAn?$AA?$AA@ 10003e88     libucrt:lcidtoname_downlevel.obj
 0001:00002ea0       ??_C@_1O@KEMEEGPO@?$AAs?$AAm?$AAa?$AA?9?$AAN?$AAO?$AA?$AA@ 10003ea0     libucrt:lcidtoname_downlevel.obj
 0001:00002eb0       ??_C@_1M@ELMGFODK@?$AAa?$AAr?$AA?9?$AAT?$AAN?$AA?$AA@ 10003eb0     libucrt:lcidtoname_downlevel.obj
 0001:00002ebc       ??_C@_1M@BHDLHFAF@?$AAe?$AAn?$AA?9?$AAZ?$AAA?$AA?$AA@ 10003ebc     libucrt:lcidtoname_downlevel.obj
 0001:00002ec8       ??_C@_1M@BMGIGLIF@?$AAe?$AAs?$AA?9?$AAD?$AAO?$AA?$AA@ 10003ec8     libucrt:lcidtoname_downlevel.obj
 0001:00002ed4       ??_C@_1BG@CMBHIPBE@?$AAs?$AAr?$AA?9?$AAB?$AAA?$AA?9?$AAC?$AAy?$AAr?$AAl?$AA?$AA@ 10003ed4     libucrt:lcidtoname_downlevel.obj
 0001:00002eec       ??_C@_1O@HEDBLHNP@?$AAs?$AAm?$AAa?$AA?9?$AAS?$AAE?$AA?$AA@ 10003eec     libucrt:lcidtoname_downlevel.obj
 0001:00002efc       ??_C@_1M@DAGCADIM@?$AAa?$AAr?$AA?9?$AAO?$AAM?$AA?$AA@ 10003efc     libucrt:lcidtoname_downlevel.obj
 0001:00002f08       ??_C@_1M@FODLMICG@?$AAe?$AAn?$AA?9?$AAJ?$AAM?$AA?$AA@ 10003f08     libucrt:lcidtoname_downlevel.obj
 0001:00002f14       ??_C@_1M@DNMLCIHB@?$AAe?$AAs?$AA?9?$AAV?$AAE?$AA?$AA@ 10003f14     libucrt:lcidtoname_downlevel.obj
 0001:00002f20       ??_C@_1O@EOKHMKJK@?$AAs?$AAm?$AAs?$AA?9?$AAF?$AAI?$AA?$AA@ 10003f20     libucrt:lcidtoname_downlevel.obj
 0001:00002f30       ??_C@_1M@CAFJMKOF@?$AAa?$AAr?$AA?9?$AAY?$AAE?$AA?$AA@ 10003f30     libucrt:lcidtoname_downlevel.obj
 0001:00002f3c       ??_C@_1M@CBFHIJLI@?$AAe?$AAn?$AA?9?$AAC?$AAB?$AA?$AA@ 10003f3c     libucrt:lcidtoname_downlevel.obj
 0001:00002f48       ??_C@_1M@BGNFLDN@?$AAe?$AAs?$AA?9?$AAC?$AAO?$AA?$AA@ 10003f48     libucrt:lcidtoname_downlevel.obj
 0001:00002f54       ??_C@_1O@JMPHMAMC@?$AAs?$AAm?$AAn?$AA?9?$AAF?$AAI?$AA?$AA@ 10003f54     libucrt:lcidtoname_downlevel.obj
 0001:00002f64       ??_C@_1M@JLANABKE@?$AAa?$AAr?$AA?9?$AAS?$AAY?$AA?$AA@ 10003f64     libucrt:lcidtoname_downlevel.obj
 0001:00002f70       ??_C@_1M@HPKGCFGN@?$AAe?$AAn?$AA?9?$AAB?$AAZ?$AA?$AA@ 10003f70     libucrt:lcidtoname_downlevel.obj
 0001:00002f7c       ??_C@_1M@OLJCMLGM@?$AAe?$AAs?$AA?9?$AAP?$AAE?$AA?$AA@ 10003f7c     libucrt:lcidtoname_downlevel.obj
 0001:00002f88       ??_C@_1M@MKKGFKLE@?$AAa?$AAr?$AA?9?$AAJ?$AAO?$AA?$AA@ 10003f88     libucrt:lcidtoname_downlevel.obj
 0001:00002f94       ??_C@_1M@EKPGLDNI@?$AAe?$AAn?$AA?9?$AAT?$AAT?$AA?$AA@ 10003f94     libucrt:lcidtoname_downlevel.obj
 0001:00002fa0       ??_C@_1M@OONGHFHE@?$AAe?$AAs?$AA?9?$AAA?$AAR?$AA?$AA@ 10003fa0     libucrt:lcidtoname_downlevel.obj
 0001:00002fac       ??_C@_1M@OOJFGBHE@?$AAa?$AAr?$AA?9?$AAL?$AAB?$AA?$AA@ 10003fac     libucrt:lcidtoname_downlevel.obj
 0001:00002fb8       ??_C@_1M@GCEJHNEG@?$AAe?$AAn?$AA?9?$AAZ?$AAW?$AA?$AA@ 10003fb8     libucrt:lcidtoname_downlevel.obj
 0001:00002fc4       ??_C@_1M@JNOCAHJI@?$AAe?$AAs?$AA?9?$AAE?$AAC?$AA?$AA@ 10003fc4     libucrt:lcidtoname_downlevel.obj
 0001:00002fd0       ??_C@_1M@JEFHPGGB@?$AAa?$AAr?$AA?9?$AAK?$AAW?$AA?$AA@ 10003fd0     libucrt:lcidtoname_downlevel.obj
 0001:00002fdc       ??_C@_1M@MLKIBJOJ@?$AAe?$AAn?$AA?9?$AAP?$AAH?$AA?$AA@ 10003fdc     libucrt:lcidtoname_downlevel.obj
 0001:00002fe8       ??_C@_1M@BDNIPEND@?$AAe?$AAs?$AA?9?$AAC?$AAL?$AA?$AA@ 10003fe8     libucrt:lcidtoname_downlevel.obj
 0001:00002ff4       ??_C@_1M@MPNMEKBD@?$AAa?$AAr?$AA?9?$AAA?$AAE?$AA?$AA@ 10003ff4     libucrt:lcidtoname_downlevel.obj
 0001:00003000       ??_C@_1M@KBJALCPI@?$AAe?$AAs?$AA?9?$AAU?$AAY?$AA?$AA@ 10004000     libucrt:lcidtoname_downlevel.obj
 0001:0000300c       ??_C@_1M@LLCCOAGA@?$AAa?$AAr?$AA?9?$AAB?$AAH?$AA?$AA@ 1000400c     libucrt:lcidtoname_downlevel.obj
 0001:00003018       ??_C@_1M@PBFNCDEL@?$AAe?$AAs?$AA?9?$AAP?$AAY?$AA?$AA@ 10004018     libucrt:lcidtoname_downlevel.obj
 0001:00003024       ??_C@_1M@EDGINPNP@?$AAa?$AAr?$AA?9?$AAQ?$AAA?$AA?$AA@ 10004024     libucrt:lcidtoname_downlevel.obj
 0001:00003030       ??_C@_1M@MKDBIIJI@?$AAe?$AAs?$AA?9?$AAB?$AAO?$AA?$AA@ 10004030     libucrt:lcidtoname_downlevel.obj
 0001:0000303c       ??_C@_1M@CPKKEBLD@?$AAe?$AAs?$AA?9?$AAS?$AAV?$AA?$AA@ 1000403c     libucrt:lcidtoname_downlevel.obj
 0001:00003048       ??_C@_1M@NDBGMMJL@?$AAe?$AAs?$AA?9?$AAH?$AAN?$AA?$AA@ 10004048     libucrt:lcidtoname_downlevel.obj
 0001:00003054       ??_C@_1M@JIJIBHDP@?$AAe?$AAs?$AA?9?$AAN?$AAI?$AA?$AA@ 10004054     libucrt:lcidtoname_downlevel.obj
 0001:00003060       ??_C@_1M@CGFMKEEK@?$AAe?$AAs?$AA?9?$AAP?$AAR?$AA?$AA@ 10004060     libucrt:lcidtoname_downlevel.obj
 0001:0000306c       ??_C@_1O@ICJHKIIK@?$AAz?$AAh?$AA?9?$AAC?$AAH?$AAT?$AA?$AA@ 1000406c     libucrt:lcidtoname_downlevel.obj
 0001:0000307c       ??_C@_15CLNEJCE@?$AAs?$AAr?$AA?$AA@ 1000407c     libucrt:lcidtoname_downlevel.obj
 0001:000037a8       ??_C@_1M@KAHEKEIG@?$AAa?$AAf?$AA?9?$AAz?$AAa?$AA?$AA@ 100047a8     libucrt:lcidtoname_downlevel.obj
 0001:000037b4       ??_C@_1M@GIECOABL@?$AAa?$AAr?$AA?9?$AAa?$AAe?$AA?$AA@ 100047b4     libucrt:lcidtoname_downlevel.obj
 0001:000037c0       ??_C@_1M@BMLMEKGI@?$AAa?$AAr?$AA?9?$AAb?$AAh?$AA?$AA@ 100047c0     libucrt:lcidtoname_downlevel.obj
 0001:000037cc       ??_C@_1M@DAPFDGGB@?$AAa?$AAr?$AA?9?$AAd?$AAz?$AA?$AA@ 100047cc     libucrt:lcidtoname_downlevel.obj
 0001:000037d8       ??_C@_1M@FJNKGKIG@?$AAa?$AAr?$AA?9?$AAe?$AAg?$AA?$AA@ 100047d8     libucrt:lcidtoname_downlevel.obj
 0001:000037e4       ??_C@_1M@FLGKKCLO@?$AAa?$AAr?$AA?9?$AAi?$AAq?$AA?$AA@ 100047e4     libucrt:lcidtoname_downlevel.obj
 0001:000037f0       ??_C@_1M@GNDIPALM@?$AAa?$AAr?$AA?9?$AAj?$AAo?$AA?$AA@ 100047f0     libucrt:lcidtoname_downlevel.obj
 0001:000037fc       ??_C@_1M@DDMJFMGJ@?$AAa?$AAr?$AA?9?$AAk?$AAw?$AA?$AA@ 100047fc     libucrt:lcidtoname_downlevel.obj
 0001:00003808       ??_C@_1M@EJALMLHM@?$AAa?$AAr?$AA?9?$AAl?$AAb?$AA?$AA@ 10004808     libucrt:lcidtoname_downlevel.obj
 0001:00003814       ??_C@_1M@MOBDBLOC@?$AAa?$AAr?$AA?9?$AAl?$AAy?$AA?$AA@ 10004814     libucrt:lcidtoname_downlevel.obj
 0001:00003820       ??_C@_1M@JAOCLHDH@?$AAa?$AAr?$AA?9?$AAm?$AAa?$AA?$AA@ 10004820     libucrt:lcidtoname_downlevel.obj
 0001:0000382c       ??_C@_1M@JHPMKJIE@?$AAa?$AAr?$AA?9?$AAo?$AAm?$AA?$AA@ 1000482c     libucrt:lcidtoname_downlevel.obj
 0001:00003838       ??_C@_1M@OEPGHFNH@?$AAa?$AAr?$AA?9?$AAq?$AAa?$AA?$AA@ 10004838     libucrt:lcidtoname_downlevel.obj
 0001:00003844       ??_C@_1M@KJDONENM@?$AAa?$AAr?$AA?9?$AAs?$AAa?$AA?$AA@ 10004844     libucrt:lcidtoname_downlevel.obj
 0001:00003850       ??_C@_1M@DMJDKLKM@?$AAa?$AAr?$AA?9?$AAs?$AAy?$AA?$AA@ 10004850     libucrt:lcidtoname_downlevel.obj
 0001:0000385c       ??_C@_1M@OMFIPEDC@?$AAa?$AAr?$AA?9?$AAt?$AAn?$AA?$AA@ 1000485c     libucrt:lcidtoname_downlevel.obj
 0001:00003868       ??_C@_1M@IHMHGAON@?$AAa?$AAr?$AA?9?$AAy?$AAe?$AA?$AA@ 10004868     libucrt:lcidtoname_downlevel.obj
 0001:00003874       ??_C@_1BG@KDCPGJGB@?$AAa?$AAz?$AA?9?$AAa?$AAz?$AA?9?$AAc?$AAy?$AAr?$AAl?$AA?$AA@ 10004874     libucrt:lcidtoname_downlevel.obj
 0001:0000388c       ??_C@_1BG@IBCKDDOE@?$AAa?$AAz?$AA?9?$AAa?$AAz?$AA?9?$AAl?$AAa?$AAt?$AAn?$AA?$AA@ 1000488c     libucrt:lcidtoname_downlevel.obj
 0001:000038a4       ??_C@_1M@EGPFDCPD@?$AAb?$AAe?$AA?9?$AAb?$AAy?$AA?$AA@ 100048a4     libucrt:lcidtoname_downlevel.obj
 0001:000038b0       ??_C@_1M@PCMGMCGC@?$AAb?$AAg?$AA?9?$AAb?$AAg?$AA?$AA@ 100048b0     libucrt:lcidtoname_downlevel.obj
 0001:000038bc       ??_C@_1M@BJBMFGOB@?$AAb?$AAn?$AA?9?$AAi?$AAn?$AA?$AA@ 100048bc     libucrt:lcidtoname_downlevel.obj
 0001:000038c8       ??_C@_1BG@EAKMMACD@?$AAb?$AAs?$AA?9?$AAb?$AAa?$AA?9?$AAl?$AAa?$AAt?$AAn?$AA?$AA@ 100048c8     libucrt:lcidtoname_downlevel.obj
 0001:000038e0       ??_C@_1M@KGADAODK@?$AAc?$AAa?$AA?9?$AAe?$AAs?$AA?$AA@ 100048e0     libucrt:lcidtoname_downlevel.obj
 0001:000038ec       ??_C@_1M@COAJPDHI@?$AAc?$AAs?$AA?9?$AAc?$AAz?$AA?$AA@ 100048ec     libucrt:lcidtoname_downlevel.obj
 0001:000038f8       ??_C@_1M@DHBHFONH@?$AAc?$AAy?$AA?9?$AAg?$AAb?$AA?$AA@ 100048f8     libucrt:lcidtoname_downlevel.obj
 0001:00003904       ??_C@_1M@IMGKELGA@?$AAd?$AAa?$AA?9?$AAd?$AAk?$AA?$AA@ 10004904     libucrt:lcidtoname_downlevel.obj
 0001:00003910       ??_C@_1M@NNDGDNGA@?$AAd?$AAe?$AA?9?$AAa?$AAt?$AA?$AA@ 10004910     libucrt:lcidtoname_downlevel.obj
 0001:0000391c       ??_C@_1M@IKDBHEEM@?$AAd?$AAe?$AA?9?$AAc?$AAh?$AA?$AA@ 1000491c     libucrt:lcidtoname_downlevel.obj
 0001:00003928       ??_C@_1M@GFFOJMCJ@?$AAd?$AAe?$AA?9?$AAd?$AAe?$AA?$AA@ 10004928     libucrt:lcidtoname_downlevel.obj
 0001:00003934       ??_C@_1M@MDNLKBPM@?$AAd?$AAe?$AA?9?$AAl?$AAi?$AA?$AA@ 10004934     libucrt:lcidtoname_downlevel.obj
 0001:00003940       ??_C@_1M@NJBEEJNL@?$AAd?$AAe?$AA?9?$AAl?$AAu?$AA?$AA@ 10004940     libucrt:lcidtoname_downlevel.obj
 0001:0000394c       ??_C@_1O@GNNELBAP@?$AAd?$AAi?$AAv?$AA?9?$AAm?$AAv?$AA?$AA@ 1000494c     libucrt:lcidtoname_downlevel.obj
 0001:0000395c       ??_C@_1M@EJLEOGAE@?$AAe?$AAl?$AA?9?$AAg?$AAr?$AA?$AA@ 1000495c     libucrt:lcidtoname_downlevel.obj
 0001:00003968       ??_C@_1M@GMPONJN@?$AAe?$AAn?$AA?9?$AAa?$AAu?$AA?$AA@ 10004968     libucrt:lcidtoname_downlevel.obj
 0001:00003974       ??_C@_1M@NIDIIPGF@?$AAe?$AAn?$AA?9?$AAb?$AAz?$AA?$AA@ 10004974     libucrt:lcidtoname_downlevel.obj
 0001:00003980       ??_C@_1M@JEHMIMFO@?$AAe?$AAn?$AA?9?$AAc?$AAa?$AA?$AA@ 10004980     libucrt:lcidtoname_downlevel.obj
 0001:0000398c       ??_C@_1M@IGMJCDLA@?$AAe?$AAn?$AA?9?$AAc?$AAb?$AA?$AA@ 1000498c     libucrt:lcidtoname_downlevel.obj
 0001:00003998       ??_C@_1M@BNFIGBKG@?$AAe?$AAn?$AA?9?$AAg?$AAb?$AA?$AA@ 10004998     libucrt:lcidtoname_downlevel.obj
 0001:000039a4       ??_C@_1M@LKIFDIGP@?$AAe?$AAn?$AA?9?$AAi?$AAe?$AA?$AA@ 100049a4     libucrt:lcidtoname_downlevel.obj
 0001:000039b0       ??_C@_1M@PJKFGCCO@?$AAe?$AAn?$AA?9?$AAj?$AAm?$AA?$AA@ 100049b0     libucrt:lcidtoname_downlevel.obj
 0001:000039bc       ??_C@_1M@KPPKEPBO@?$AAe?$AAn?$AA?9?$AAn?$AAz?$AA?$AA@ 100049bc     libucrt:lcidtoname_downlevel.obj
 0001:000039c8       ??_C@_1M@GMDGLDOB@?$AAe?$AAn?$AA?9?$AAp?$AAh?$AA?$AA@ 100049c8     libucrt:lcidtoname_downlevel.obj
 0001:000039d4       ??_C@_1M@ONGIBJNA@?$AAe?$AAn?$AA?9?$AAt?$AAt?$AA?$AA@ 100049d4     libucrt:lcidtoname_downlevel.obj
 0001:000039e0       ??_C@_1M@LLODPCMM@?$AAe?$AAn?$AA?9?$AAu?$AAs?$AA?$AA@ 100049e0     libucrt:lcidtoname_downlevel.obj
 0001:000039ec       ??_C@_1M@LAKFNPAN@?$AAe?$AAn?$AA?9?$AAz?$AAa?$AA?$AA@ 100049ec     libucrt:lcidtoname_downlevel.obj
 0001:000039f8       ??_C@_1M@MFNHNHEO@?$AAe?$AAn?$AA?9?$AAz?$AAw?$AA?$AA@ 100049f8     libucrt:lcidtoname_downlevel.obj
 0001:00003a04       ??_C@_1M@EJEINPHM@?$AAe?$AAs?$AA?9?$AAa?$AAr?$AA?$AA@ 10004a04     libucrt:lcidtoname_downlevel.obj
 0001:00003a10       ??_C@_1M@GNKPCCJA@?$AAe?$AAs?$AA?9?$AAb?$AAo?$AA?$AA@ 10004a10     libucrt:lcidtoname_downlevel.obj
 0001:00003a1c       ??_C@_1M@LEEGFONL@?$AAe?$AAs?$AA?9?$AAc?$AAl?$AA?$AA@ 10004a1c     libucrt:lcidtoname_downlevel.obj
 0001:00003a28       ??_C@_1M@KGPDPBDF@?$AAe?$AAs?$AA?9?$AAc?$AAo?$AA?$AA@ 10004a28     libucrt:lcidtoname_downlevel.obj
 0001:00003a34       ??_C@_1M@EIAHOHH@?$AAe?$AAs?$AA?9?$AAc?$AAr?$AA?$AA@ 10004a34     libucrt:lcidtoname_downlevel.obj
 0001:00003a40       ??_C@_1M@LLPGMBIN@?$AAe?$AAs?$AA?9?$AAd?$AAo?$AA?$AA@ 10004a40     libucrt:lcidtoname_downlevel.obj
 0001:00003a4c       ??_C@_1M@DKHMKNJA@?$AAe?$AAs?$AA?9?$AAe?$AAc?$AA?$AA@ 10004a4c     libucrt:lcidtoname_downlevel.obj
 0001:00003a58       ??_C@_1M@GKGFPKAP@?$AAe?$AAs?$AA?9?$AAe?$AAs?$AA?$AA@ 10004a58     libucrt:lcidtoname_downlevel.obj
 0001:00003a64       ??_C@_1M@LKHKGDLN@?$AAe?$AAs?$AA?9?$AAg?$AAt?$AA?$AA@ 10004a64     libucrt:lcidtoname_downlevel.obj
 0001:00003a70       ??_C@_1M@HEIIGGJD@?$AAe?$AAs?$AA?9?$AAh?$AAn?$AA?$AA@ 10004a70     libucrt:lcidtoname_downlevel.obj
 0001:00003a7c       ??_C@_1M@FBDHPPGD@?$AAe?$AAs?$AA?9?$AAm?$AAx?$AA?$AA@ 10004a7c     libucrt:lcidtoname_downlevel.obj
 0001:00003a88       ??_C@_1M@DPAGLNDH@?$AAe?$AAs?$AA?9?$AAn?$AAi?$AA?$AA@ 10004a88     libucrt:lcidtoname_downlevel.obj
 0001:00003a94       ??_C@_1M@MDGOPGDD@?$AAe?$AAs?$AA?9?$AAp?$AAa?$AA?$AA@ 10004a94     libucrt:lcidtoname_downlevel.obj
 0001:00003aa0       ??_C@_1M@EMAMGBGE@?$AAe?$AAs?$AA?9?$AAp?$AAe?$AA?$AA@ 10004aa0     libucrt:lcidtoname_downlevel.obj
 0001:00003aac       ??_C@_1M@IBMCAOEC@?$AAe?$AAs?$AA?9?$AAp?$AAr?$AA?$AA@ 10004aac     libucrt:lcidtoname_downlevel.obj
 0001:00003ab8       ??_C@_1M@FGMDIJED@?$AAe?$AAs?$AA?9?$AAp?$AAy?$AA?$AA@ 10004ab8     libucrt:lcidtoname_downlevel.obj
 0001:00003ac4       ??_C@_1M@IIDEOLLL@?$AAe?$AAs?$AA?9?$AAs?$AAv?$AA?$AA@ 10004ac4     libucrt:lcidtoname_downlevel.obj
 0001:00003ad0       ??_C@_1M@GAOBIPA@?$AAe?$AAs?$AA?9?$AAu?$AAy?$AA?$AA@ 10004ad0     libucrt:lcidtoname_downlevel.obj
 0001:00003adc       ??_C@_1M@JKFFICHJ@?$AAe?$AAs?$AA?9?$AAv?$AAe?$AA?$AA@ 10004adc     libucrt:lcidtoname_downlevel.obj
 0001:00003ae8       ??_C@_1M@PNMLOJDF@?$AAe?$AAt?$AA?9?$AAe?$AAe?$AA?$AA@ 10004ae8     libucrt:lcidtoname_downlevel.obj
 0001:00003af4       ??_C@_1M@GHHLIKEI@?$AAe?$AAu?$AA?9?$AAe?$AAs?$AA?$AA@ 10004af4     libucrt:lcidtoname_downlevel.obj
 0001:00003b00       ??_C@_1M@PBNONODE@?$AAf?$AAa?$AA?9?$AAi?$AAr?$AA?$AA@ 10004b00     libucrt:lcidtoname_downlevel.obj
 0001:00003b0c       ??_C@_1M@JEEHPMIL@?$AAf?$AAi?$AA?9?$AAf?$AAi?$AA?$AA@ 10004b0c     libucrt:lcidtoname_downlevel.obj
 0001:00003b18       ??_C@_1M@LMDCNDBA@?$AAf?$AAo?$AA?9?$AAf?$AAo?$AA?$AA@ 10004b18     libucrt:lcidtoname_downlevel.obj
 0001:00003b24       ??_C@_1M@JKEOHLDK@?$AAf?$AAr?$AA?9?$AAb?$AAe?$AA?$AA@ 10004b24     libucrt:lcidtoname_downlevel.obj
 0001:00003b30       ??_C@_1M@NOHADPMI@?$AAf?$AAr?$AA?9?$AAc?$AAa?$AA?$AA@ 10004b30     libucrt:lcidtoname_downlevel.obj
 0001:00003b3c       ??_C@_1M@KDHIHAEC@?$AAf?$AAr?$AA?9?$AAc?$AAh?$AA?$AA@ 10004b3c     libucrt:lcidtoname_downlevel.obj
 0001:00003b48       ??_C@_1M@MMBBFGAK@?$AAf?$AAr?$AA?9?$AAf?$AAr?$AA?$AA@ 10004b48     libucrt:lcidtoname_downlevel.obj
 0001:00003b54       ??_C@_1M@PAFNENNF@?$AAf?$AAr?$AA?9?$AAl?$AAu?$AA?$AA@ 10004b54     libucrt:lcidtoname_downlevel.obj
 0001:00003b60       ??_C@_1M@EOHDJGDD@?$AAf?$AAr?$AA?9?$AAm?$AAc?$AA?$AA@ 10004b60     libucrt:lcidtoname_downlevel.obj
 0001:00003b6c       ??_C@_1M@FAPLLOPF@?$AAg?$AAl?$AA?9?$AAe?$AAs?$AA?$AA@ 10004b6c     libucrt:lcidtoname_downlevel.obj
 0001:00003b78       ??_C@_1M@FOPBFLOO@?$AAg?$AAu?$AA?9?$AAi?$AAn?$AA?$AA@ 10004b78     libucrt:lcidtoname_downlevel.obj
 0001:00003b84       ??_C@_1M@KBMCINPM@?$AAh?$AAe?$AA?9?$AAi?$AAl?$AA?$AA@ 10004b84     libucrt:lcidtoname_downlevel.obj
 0001:00003b90       ??_C@_1M@BBPHKFPJ@?$AAh?$AAi?$AA?9?$AAi?$AAn?$AA?$AA@ 10004b90     libucrt:lcidtoname_downlevel.obj
 0001:00003b9c       ??_C@_1M@PMBNDPHD@?$AAh?$AAr?$AA?9?$AAb?$AAa?$AA?$AA@ 10004b9c     libucrt:lcidtoname_downlevel.obj
 0001:00003ba8       ??_C@_1M@BPCKOEGE@?$AAh?$AAr?$AA?9?$AAh?$AAr?$AA?$AA@ 10004ba8     libucrt:lcidtoname_downlevel.obj
 0001:00003bb4       ??_C@_1M@GACBMHKE@?$AAh?$AAu?$AA?9?$AAh?$AAu?$AA?$AA@ 10004bb4     libucrt:lcidtoname_downlevel.obj
 0001:00003bc0       ??_C@_1M@MILPAJJC@?$AAh?$AAy?$AA?9?$AAa?$AAm?$AA?$AA@ 10004bc0     libucrt:lcidtoname_downlevel.obj
 0001:00003bcc       ??_C@_1M@BABBICEC@?$AAi?$AAd?$AA?9?$AAi?$AAd?$AA?$AA@ 10004bcc     libucrt:lcidtoname_downlevel.obj
 0001:00003bd8       ??_C@_1M@BIKNHHPF@?$AAi?$AAs?$AA?9?$AAi?$AAs?$AA?$AA@ 10004bd8     libucrt:lcidtoname_downlevel.obj
 0001:00003be4       ??_C@_1M@NMPCJPHE@?$AAi?$AAt?$AA?9?$AAc?$AAh?$AA?$AA@ 10004be4     libucrt:lcidtoname_downlevel.obj
 0001:00003bf0       ??_C@_1M@GHKGFEDF@?$AAi?$AAt?$AA?9?$AAi?$AAt?$AA?$AA@ 10004bf0     libucrt:lcidtoname_downlevel.obj
 0001:00003bfc       ??_C@_1M@NIEJCJJA@?$AAj?$AAa?$AA?9?$AAj?$AAp?$AA?$AA@ 10004bfc     libucrt:lcidtoname_downlevel.obj
 0001:00003c08       ??_C@_1M@JILFNBIM@?$AAk?$AAa?$AA?9?$AAg?$AAe?$AA?$AA@ 10004c08     libucrt:lcidtoname_downlevel.obj
 0001:00003c14       ??_C@_1M@PACPMGPH@?$AAk?$AAk?$AA?9?$AAk?$AAz?$AA?$AA@ 10004c14     libucrt:lcidtoname_downlevel.obj
 0001:00003c20       ??_C@_1M@IELFGMHA@?$AAk?$AAn?$AA?9?$AAi?$AAn?$AA?$AA@ 10004c20     libucrt:lcidtoname_downlevel.obj
 0001:00003c2c       ??_C@_1O@IBBJHCH@?$AAk?$AAo?$AAk?$AA?9?$AAi?$AAn?$AA?$AA@ 10004c2c     libucrt:lcidtoname_downlevel.obj
 0001:00003c3c       ??_C@_1M@DMHAEOGC@?$AAk?$AAo?$AA?9?$AAk?$AAr?$AA?$AA@ 10004c3c     libucrt:lcidtoname_downlevel.obj
 0001:00003c48       ??_C@_1M@HBAHBIGA@?$AAk?$AAy?$AA?9?$AAk?$AAg?$AA?$AA@ 10004c48     libucrt:lcidtoname_downlevel.obj
 0001:00003c54       ??_C@_1M@KPMILCJG@?$AAl?$AAt?$AA?9?$AAl?$AAt?$AA?$AA@ 10004c54     libucrt:lcidtoname_downlevel.obj
 0001:00003c60       ??_C@_1M@BDEKKCA@?$AAl?$AAv?$AA?9?$AAl?$AAv?$AA?$AA@ 10004c60     libucrt:lcidtoname_downlevel.obj
 0001:00003c6c       ??_C@_1M@ELCKCCJJ@?$AAm?$AAi?$AA?9?$AAn?$AAz?$AA?$AA@ 10004c6c     libucrt:lcidtoname_downlevel.obj
 0001:00003c78       ??_C@_1M@CBOOLAPA@?$AAm?$AAk?$AA?9?$AAm?$AAk?$AA?$AA@ 10004c78     libucrt:lcidtoname_downlevel.obj
 0001:00003c84       ??_C@_1M@GPHNBJKN@?$AAm?$AAl?$AA?9?$AAi?$AAn?$AA?$AA@ 10004c84     libucrt:lcidtoname_downlevel.obj
 0001:00003c90       ??_C@_1M@PABJILIG@?$AAm?$AAn?$AA?9?$AAm?$AAn?$AA?$AA@ 10004c90     libucrt:lcidtoname_downlevel.obj
 0001:00003c9c       ??_C@_1M@FGBKKIPG@?$AAm?$AAr?$AA?9?$AAi?$AAn?$AA?$AA@ 10004c9c     libucrt:lcidtoname_downlevel.obj
 0001:00003ca8       ??_C@_1M@NDBPDDAL@?$AAm?$AAs?$AA?9?$AAb?$AAn?$AA?$AA@ 10004ca8     libucrt:lcidtoname_downlevel.obj
 0001:00003cb4       ??_C@_1M@OPIHOOPI@?$AAm?$AAs?$AA?9?$AAm?$AAy?$AA?$AA@ 10004cb4     libucrt:lcidtoname_downlevel.obj
 0001:00003cc0       ??_C@_1M@PPDBCNFM@?$AAm?$AAt?$AA?9?$AAm?$AAt?$AA?$AA@ 10004cc0     libucrt:lcidtoname_downlevel.obj
 0001:00003ccc       ??_C@_1M@KDJDKMDD@?$AAn?$AAb?$AA?9?$AAn?$AAo?$AA?$AA@ 10004ccc     libucrt:lcidtoname_downlevel.obj
 0001:00003cd8       ??_C@_1M@KFCFLMJP@?$AAn?$AAl?$AA?9?$AAb?$AAe?$AA?$AA@ 10004cd8     libucrt:lcidtoname_downlevel.obj
 0001:00003ce4       ??_C@_1M@KPOPDDGO@?$AAn?$AAl?$AA?9?$AAn?$AAl?$AA?$AA@ 10004ce4     libucrt:lcidtoname_downlevel.obj
 0001:00003cf0       ??_C@_1M@LJKPEMLN@?$AAn?$AAn?$AA?9?$AAn?$AAo?$AA?$AA@ 10004cf0     libucrt:lcidtoname_downlevel.obj
 0001:00003cfc       ??_C@_1M@BDGHHBFL@?$AAn?$AAs?$AA?9?$AAz?$AAa?$AA?$AA@ 10004cfc     libucrt:lcidtoname_downlevel.obj
 0001:00003d08       ??_C@_1M@IDEHOAP@?$AAp?$AAa?$AA?9?$AAi?$AAn?$AA?$AA@ 10004d08     libucrt:lcidtoname_downlevel.obj
 0001:00003d14       ??_C@_1M@HDBKGOGH@?$AAp?$AAl?$AA?9?$AAp?$AAl?$AA?$AA@ 10004d14     libucrt:lcidtoname_downlevel.obj
 0001:00003d20       ??_C@_1M@LJLLCMEH@?$AAp?$AAt?$AA?9?$AAb?$AAr?$AA?$AA@ 10004d20     libucrt:lcidtoname_downlevel.obj
 0001:00003d2c       ??_C@_1M@NCMONAAL@?$AAp?$AAt?$AA?9?$AAp?$AAt?$AA?$AA@ 10004d2c     libucrt:lcidtoname_downlevel.obj
 0001:00003d38       ??_C@_1O@EAKMAJDN@?$AAq?$AAu?$AAz?$AA?9?$AAb?$AAo?$AA?$AA@ 10004d38     libucrt:lcidtoname_downlevel.obj
 0001:00003d48       ??_C@_1O@BHHPIGDN@?$AAq?$AAu?$AAz?$AA?9?$AAe?$AAc?$AA?$AA@ 10004d48     libucrt:lcidtoname_downlevel.obj
 0001:00003d58       ??_C@_1O@GBAPEKMJ@?$AAq?$AAu?$AAz?$AA?9?$AAp?$AAe?$AA?$AA@ 10004d58     libucrt:lcidtoname_downlevel.obj
 0001:00003d68       ??_C@_1M@CLGLEFBO@?$AAr?$AAo?$AA?9?$AAr?$AAo?$AA?$AA@ 10004d68     libucrt:lcidtoname_downlevel.obj
 0001:00003d74       ??_C@_1M@CEEDODME@?$AAr?$AAu?$AA?9?$AAr?$AAu?$AA?$AA@ 10004d74     libucrt:lcidtoname_downlevel.obj
 0001:00003d80       ??_C@_1M@HPKKKMPP@?$AAs?$AAa?$AA?9?$AAi?$AAn?$AA?$AA@ 10004d80     libucrt:lcidtoname_downlevel.obj
 0001:00003d8c       ??_C@_1M@BKMAIGOJ@?$AAs?$AAe?$AA?9?$AAf?$AAi?$AA?$AA@ 10004d8c     libucrt:lcidtoname_downlevel.obj
 0001:00003d98       ??_C@_1M@NDPIFLFI@?$AAs?$AAe?$AA?9?$AAn?$AAo?$AA?$AA@ 10004d98     libucrt:lcidtoname_downlevel.obj
 0001:00003da4       ??_C@_1M@DANKKHJ@?$AAs?$AAe?$AA?9?$AAs?$AAe?$AA?$AA@ 10004da4     libucrt:lcidtoname_downlevel.obj
 0001:00003db0       ??_C@_1M@PNBLONPJ@?$AAs?$AAk?$AA?9?$AAs?$AAk?$AA?$AA@ 10004db0     libucrt:lcidtoname_downlevel.obj
 0001:00003dbc       ??_C@_1M@LFMODOAL@?$AAs?$AAl?$AA?9?$AAs?$AAi?$AA?$AA@ 10004dbc     libucrt:lcidtoname_downlevel.obj
 0001:00003dc8       ??_C@_1O@DFKOMPG@?$AAs?$AAm?$AAa?$AA?9?$AAn?$AAo?$AA?$AA@ 10004dc8     libucrt:lcidtoname_downlevel.obj
 0001:00003dd8       ??_C@_1O@NDKPBNNH@?$AAs?$AAm?$AAa?$AA?9?$AAs?$AAe?$AA?$AA@ 10004dd8     libucrt:lcidtoname_downlevel.obj
 0001:00003de8       ??_C@_1O@PLLKBHAB@?$AAs?$AAm?$AAj?$AA?9?$AAn?$AAo?$AA?$AA@ 10004de8     libucrt:lcidtoname_downlevel.obj
 0001:00003df8       ??_C@_1O@CLEPOGCA@?$AAs?$AAm?$AAj?$AA?9?$AAs?$AAe?$AA?$AA@ 10004df8     libucrt:lcidtoname_downlevel.obj
 0001:00003e08       ??_C@_1O@DLGJGKMK@?$AAs?$AAm?$AAn?$AA?9?$AAf?$AAi?$AA?$AA@ 10004e08     libucrt:lcidtoname_downlevel.obj
 0001:00003e18       ??_C@_1O@OJDJGAJC@?$AAs?$AAm?$AAs?$AA?9?$AAf?$AAi?$AA?$AA@ 10004e18     libucrt:lcidtoname_downlevel.obj
 0001:00003e28       ??_C@_1M@BOFOGHPB@?$AAs?$AAq?$AA?9?$AAa?$AAl?$AA?$AA@ 10004e28     libucrt:lcidtoname_downlevel.obj
 0001:00003e34       ??_C@_1BG@LJBBIPGB@?$AAs?$AAr?$AA?9?$AAb?$AAa?$AA?9?$AAc?$AAy?$AAr?$AAl?$AA?$AA@ 10004e34     libucrt:lcidtoname_downlevel.obj
 0001:00003e4c       ??_C@_1BG@JLBENFOE@?$AAs?$AAr?$AA?9?$AAb?$AAa?$AA?9?$AAl?$AAa?$AAt?$AAn?$AA?$AA@ 10004e4c     libucrt:lcidtoname_downlevel.obj
 0001:00003e64       ??_C@_1BG@KODPNHE@?$AAs?$AAr?$AA?9?$AAs?$AAp?$AA?9?$AAc?$AAy?$AAr?$AAl?$AA?$AA@ 10004e64     libucrt:lcidtoname_downlevel.obj
 0001:00003e7c       ??_C@_1BG@CIOGKHPB@?$AAs?$AAr?$AA?9?$AAs?$AAp?$AA?9?$AAl?$AAa?$AAt?$AAn?$AA?$AA@ 10004e7c     libucrt:lcidtoname_downlevel.obj
 0001:00003e94       ??_C@_1M@NGFJLMAC@?$AAs?$AAv?$AA?9?$AAf?$AAi?$AA?$AA@ 10004e94     libucrt:lcidtoname_downlevel.obj
 0001:00003ea0       ??_C@_1M@MPJEJAJC@?$AAs?$AAv?$AA?9?$AAs?$AAe?$AA?$AA@ 10004ea0     libucrt:lcidtoname_downlevel.obj
 0001:00003eac       ??_C@_1M@MPNDHLFK@?$AAs?$AAw?$AA?9?$AAk?$AAe?$AA?$AA@ 10004eac     libucrt:lcidtoname_downlevel.obj
 0001:00003eb8       ??_C@_1O@KOHBJJI@?$AAs?$AAy?$AAr?$AA?9?$AAs?$AAy?$AA?$AA@ 10004eb8     libucrt:lcidtoname_downlevel.obj
 0001:00003ec8       ??_C@_1M@LDCEFHA@?$AAt?$AAa?$AA?9?$AAi?$AAn?$AA?$AA@ 10004ec8     libucrt:lcidtoname_downlevel.obj
 0001:00003ed4       ??_C@_1M@CNJOFAK@?$AAt?$AAe?$AA?9?$AAi?$AAn?$AA?$AA@ 10004ed4     libucrt:lcidtoname_downlevel.obj
 0001:00003ee0       ??_C@_1M@GNAECACD@?$AAt?$AAh?$AA?9?$AAt?$AAh?$AA?$AA@ 10004ee0     libucrt:lcidtoname_downlevel.obj
 0001:00003eec       ??_C@_1M@CHBIHOJO@?$AAt?$AAn?$AA?9?$AAz?$AAa?$AA?$AA@ 10004eec     libucrt:lcidtoname_downlevel.obj
 0001:00003ef8       ??_C@_1M@GCCMIGPJ@?$AAt?$AAr?$AA?9?$AAt?$AAr?$AA?$AA@ 10004ef8     libucrt:lcidtoname_downlevel.obj
 0001:00003f04       ??_C@_1M@CELMCNBK@?$AAt?$AAt?$AA?9?$AAr?$AAu?$AA?$AA@ 10004f04     libucrt:lcidtoname_downlevel.obj
 0001:00003f10       ??_C@_1M@KLMCELGA@?$AAu?$AAk?$AA?9?$AAu?$AAa?$AA?$AA@ 10004f10     libucrt:lcidtoname_downlevel.obj
 0001:00003f1c       ??_C@_1M@EPAJJAJF@?$AAu?$AAr?$AA?9?$AAp?$AAk?$AA?$AA@ 10004f1c     libucrt:lcidtoname_downlevel.obj
 0001:00003f28       ??_C@_1BG@GEGPMCDJ@?$AAu?$AAz?$AA?9?$AAu?$AAz?$AA?9?$AAc?$AAy?$AAr?$AAl?$AA?$AA@ 10004f28     libucrt:lcidtoname_downlevel.obj
[...]
 0001:0000da74       ?initialize_multibyte@@YAHXZ 1000ea74 f   libucrt:multibyte_initializer.obj
 0001:0000dbc0       ?__acrt_LCMapStringA_stat@@YAHPAU__crt_locale_pointers@@PB_WKPBDHPADHHH@Z 1000ebc0 f   libucrt:lcmapstringa.obj
 0001:0000e258       _common_flush_all          1000f258 f   libucrt:fflush.obj
 0001:0000e5ae       ?free_crt_array_internal@@YAXQAPBXI@Z 1000f5ae f   libucrt:inittime.obj
 0001:0000e81f       ?write_double_translated_ansi_nolock@@YA?AUwrite_result@?A0x47fa6670@@HQBDI@Z 1000f81f f   libucrt:write.obj
 0001:0000e9d2       ?write_double_translated_unicode_nolock@@YA?AUwrite_result@?A0x47fa6670@@QBDI@Z 1000f9d2 f   libucrt:write.obj
 0001:0000ea3f       ?write_requires_double_translation_nolock@@YA_NH@Z 1000fa3f f   libucrt:write.obj
 0001:0000eab5       ?write_text_ansi_nolock@@YA?AUwrite_result@?A0x47fa6670@@HQBDI@Z 1000fab5 f   libucrt:write.obj
 0001:0000eb94       ?write_text_utf16le_nolock@@YA?AUwrite_result@?A0x47fa6670@@HQBDI@Z 1000fb94 f   libucrt:write.obj
 0001:0000ec82       ?write_text_utf8_nolock@@YA?AUwrite_result@?A0x47fa6670@@HQBDI@Z 1000fc82 f   libucrt:write.obj
 0001:0000f0b0       $$000000                   100100b0     libucrt:log10.obj
 0001:0000f200       $$000000                   10010200     libucrt:ceil_pentium4.obj
 0001:0000f31d       ??$common_lseek_nolock@_J@@YA_JH_JH@Z 1001031d f   libucrt:lseek.obj
 0001:0000f4b0       $$000000                   100104b0     libucrt:_strnicm.obj
 0001:0000f570       $$000000                   10010570     libucrt:log10_pentium4.obj
 0001:0000f800       $$000000                   10010800     libucrt:87tran.obj
 0001:0000fa00       $$000000                   10010a00     libucrt:87disp.obj
 0001:0000fc00       $$000000                   10010c00     libucrt:common.obj
 0001:0000fd90       $$000000                   10010d90     libucrt:genexcep.obj
 0001:00011080       $$000000                   10012080     LIBCMT:ulldvrm.obj
 0001:00011120       $$000000                   10012120     LIBCMT:_sehprolg4gs_.obj
 0001:00011180       $$000000                   10012180     LIBCMT:llmul.obj
 0001:000111c0       $$000000                   100121c0     LIBCMT:lldvrm.obj
 0001:000112a0       $$000000                   100122a0     LIBCMT:ullshr.obj
 0001:000112c0       $$000000                   100122c0     LIBCMT:alloca16.obj
 0001:000112f0       $$000000                   100122f0     LIBCMT:llshl.obj
 0001:00011310       $$000000                   10012310     LIBCMT:_ftol2_.obj
 0001:000113d0       $$000000                   100123d0     libvcruntime:memcpy.obj
 0001:00011634       TrailingUpVec              10012634     libvcruntime:memcpy.obj
 0001:000116e0       TrailingDownVec            100126e0     libvcruntime:memcpy.obj
 0001:00011950       $$000000                   10012950     libvcruntime:strchr.obj
 0001:00011a80       $$000000                   10012a80     libvcruntime:memmove.obj
 0001:00011ce4       TrailingUpVec              10012ce4     libvcruntime:memmove.obj
 0001:00011d90       TrailingDownVec            10012d90     libvcruntime:memmove.obj
 0001:00012000       $$000000                   10013000     libvcruntime:strrchr.obj
 0001:00012140       ??__FDeleter@?1??InitializeSListHead@implementation@slist@@YGXPAT_SLIST_HEADER@@@Z@YAXXZ 10013140 f   vc_crt_fix_impl.obj
 0001:00012180       __sehtable$___scrt_is_nonwritable_in_current_image 10013180     LIBCMT:utility.obj
 0001:000121a0       __sehtable$?dllmain_crt_process_attach@@YAHQAUHINSTANCE__@@QAX@Z 100131a0     LIBCMT:dll_dllmain.obj
 0001:000121c0       __sehtable$?dllmain_crt_process_detach@@YAH_N@Z 100131c0     LIBCMT:dll_dllmain.obj
 0001:000121e0       __sehtable$?dllmain_dispatch@@YAHQAUHINSTANCE__@@KQAX@Z 100131e0     LIBCMT:dll_dllmain.obj
 0001:00012290       __sehtable$__query_new_handler 10013290     libucrt:new_handler.obj
 0001:000122b0       __sehtable$?common_exit@@YAXHW4_crt_exit_cleanup_mode@@W4_crt_exit_return_mode@@@Z 100132b0     libucrt:exit.obj
 0001:000122d8       __sehtable$??$?RV<lambda_800076c951b434888f4765a74a194fcc>@@AAV<lambda_4e60a939b0d047cfe11ddc22648dfba9>@@V<lambda_6dbb1268764f43b569ce7b67e331d33a>@@@?$__crt_seh_guarded_call@H@@QAEH$$QAV<lambda_800076c951b434888f4765a74a194fcc>@@AAV<lambda_4e60a939b0d047cfe11ddc22648dfba9>@@$$QAV<lambda_6dbb1268764f43b569ce7b67e331d33a>@@@Z 100132d8     libucrt:onexit.obj
 0001:000122f8       __sehtable$??$?RV<lambda_995298e7d72eb4c2aab26c0585b3abe5>@@AAV<lambda_275893d493268fdec8709772e3fcec0e>@@V<lambda_293819299cbf9a7022e18b56a874bb5c>@@@?$__crt_seh_guarded_call@H@@QAEH$$QAV<lambda_995298e7d72eb4c2aab26c0585b3abe5>@@AAV<lambda_275893d493268fdec8709772e3fcec0e>@@$$QAV<lambda_293819299cbf9a7022e18b56a874bb5c>@@@Z 100132f8     libucrt:onexit.obj
 0001:00012318       __sehtable$_terminate      10013318     libucrt:terminate.obj
 0001:00012338       __sehtable$??$?RV<lambda_9df27f884b057bc3edfc946cb5b7cf47>@@AAV<lambda_e69574bed617af4e071282c136b37893>@@V<lambda_cc0d902bcbbeb830f749456577db4721>@@@?$__crt_seh_guarded_call@X@@QAEX$$QAV<lambda_9df27f884b057bc3edfc946cb5b7cf47>@@AAV<lambda_e69574bed617af4e071282c136b37893>@@$$QAV<lambda_cc0d902bcbbeb830f749456577db4721>@@@Z 10013338     libucrt:per_thread_data.obj
 0001:00012358       __sehtable$??$?RV<lambda_3518db117f0e7cdb002338c5d3c47b6c>@@AAV<lambda_b2ea41f6bbb362cd97d94c6828d90b61>@@V<lambda_abdedf541bb04549bc734292b4a045d4>@@@?$__crt_seh_guarded_call@X@@QAEX$$QAV<lambda_3518db117f0e7cdb002338c5d3c47b6c>@@AAV<lambda_b2ea41f6bbb362cd97d94c6828d90b61>@@$$QAV<lambda_abdedf541bb04549bc734292b4a045d4>@@@Z 10013358     libucrt:per_thread_data.obj
 0001:00012378       __sehtable$??$?RV<lambda_51b6e8b1eb166f2a3faf91f424b38130>@@AAV<lambda_6250bd4b2a391816dd638c3bf72b0bcb>@@V<lambda_0b5a4a3e68152e1d9b943535f5f47bed>@@@?$__crt_seh_guarded_call@X@@QAEX$$QAV<lambda_51b6e8b1eb166f2a3faf91f424b38130>@@AAV<lambda_6250bd4b2a391816dd638c3bf72b0bcb>@@$$QAV<lambda_0b5a4a3e68152e1d9b943535f5f47bed>@@@Z 10013378     libucrt:per_thread_data.obj
 0001:00012398       __sehtable$??$?RV<lambda_5b71d36f03204c0beab531769a5b5694>@@AAV<lambda_be2b3da3f62db62e9dad5dc70221a656>@@V<lambda_8f9ce462984622f9bf76b59e2aaaf805>@@@?$__crt_seh_guarded_call@X@@QAEX$$QAV<lambda_5b71d36f03204c0beab531769a5b5694>@@AAV<lambda_be2b3da3f62db62e9dad5dc70221a656>@@$$QAV<lambda_8f9ce462984622f9bf76b59e2aaaf805>@@@Z 10013398     libucrt:per_thread_data.obj
 0001:000123b8       __sehtable$___acrt_update_thread_multibyte_data 100133b8     libucrt:mbctype.obj
 0001:000123d8       __sehtable$??$?RV<lambda_978dc153c237d78434369da87b74ff60>@@AAV<lambda_ad1ced32f4ac17aa236e5ef05d6b3b7c>@@V<lambda_4a8533e2866a575feecb8298ce776b0d>@@@?$__crt_seh_guarded_call@X@@QAEX$$QAV<lambda_978dc153c237d78434369da87b74ff60>@@AAV<lambda_ad1ced32f4ac17aa236e5ef05d6b3b7c>@@$$QAV<lambda_4a8533e2866a575feecb8298ce776b0d>@@@Z 100133d8     libucrt:mbctype.obj
 0001:000123f8       __sehtable$___acrt_initialize_lowio 100133f8     libucrt:ioinit.obj
 0001:00012418       __sehtable$_raise          10013418     libucrt:signal.obj
 0001:00012438       __sehtable$??$?RV<lambda_a048d3beccc847880fc8490e18b82769>@@AAV<lambda_ec61778202f4f5fc7e7711acc23c3bca>@@V<lambda_f7496a158712204296dd6628a163878e>@@@?$__crt_seh_guarded_call@P6AXH@Z@@QAEP6AXH@Z$$QAV<lambda_a048d3beccc847880fc8490e18b82769>@@AAV<lambda_ec61778202f4f5fc7e7711acc23c3bca>@@$$QAV<lambda_f7496a158712204296dd6628a163878e>@@@Z 10013438     libucrt:signal.obj
 0001:00012458       __sehtable$___acrt_uninitialize_locale 10013458     libucrt:wsetlocale.obj
 0001:00012478       __sehtable$___acrt_update_thread_locale_data 10013478     libucrt:locale_refcounting.obj
 0001:00012498       __sehtable$___acrt_lowio_ensure_fh_exists 10013498     libucrt:osfinfo.obj
 0001:000124b8       __sehtable$_common_flush_all 100134b8     libucrt:fflush.obj
 0001:000124e0       __sehtable$__fcloseall     100134e0     libucrt:closeall.obj
 0001:00012500       __sehtable$??$?RV<lambda_61cee617f5178ae960314fd4d05640a0>@@AAV<lambda_6978c1fb23f02e42e1d9e99668cc68aa>@@V<lambda_9cd88cf8ad10232537feb2133f08c833>@@@?$__crt_seh_guarded_call@H@@QAEH$$QAV<lambda_61cee617f5178ae960314fd4d05640a0>@@AAV<lambda_6978c1fb23f02e42e1d9e99668cc68aa>@@$$QAV<lambda_9cd88cf8ad10232537feb2133f08c833>@@@Z 10013500     libucrt:commit.obj
 0001:00012520       __sehtable$__write         10013520     libucrt:write.obj
 0001:00012540       __sehtable$_fclose         10013540     libucrt:fclose.obj
 0001:00012560       __sehtable$??$?RV<lambda_123407a5e2ac06da108355a851863b7a>@@AAV<lambda_2fe9b910cf3cbf4a0ab98a02ba45b3ec>@@V<lambda_ae55bdf541ad94d75914d381c370e64d>@@@?$__crt_seh_guarded_call@H@@QAEH$$QAV<lambda_123407a5e2ac06da108355a851863b7a>@@AAV<lambda_2fe9b910cf3cbf4a0ab98a02ba45b3ec>@@$$QAV<lambda_ae55bdf541ad94d75914d381c370e64d>@@@Z 10013560     libucrt:close.obj
 0001:00012580       __sehtable$__IsNonwritableInCurrentImage 10013580     LIBCMT:pesect.obj
 0001:000125a0       .edata                     100135a0     HlfViewer.exp
 0001:000125c8       rgpv                       100135c8     HlfViewer.exp
 0001:000125e0       rgszName                   100135e0     HlfViewer.exp
 0001:000125f8       rgwOrd                     100135f8     HlfViewer.exp
 0001:00012604       szName                     10013604     HlfViewer.exp
 0001:00012612       $N00001                    10013612     HlfViewer.exp
 0001:0001261d       $N00002                    1001361d     HlfViewer.exp
 0001:0001262c       $N00003                    1001362c     HlfViewer.exp
 0001:0001263b       $N00004                    1001363b     HlfViewer.exp
 0001:00012641       $N00005                    10013641     HlfViewer.exp
 0001:00012655       $N00006                    10013655     HlfViewer.exp
 0002:00000000       ?ei@@3UEditorInfo@@A       10014000     HlfViewer.obj
 0002:0000004c       ?egs@@3UEditorGetString@@A 1001404c     HlfViewer.obj
 0002:00000068       ?esp@@3UEditorSetPosition@@A 10014068     HlfViewer.obj
 0002:00000084       ?_DefKey@@3U_INPUT_RECORD@@A 10014084     HlfViewer.obj
 0002:000000c0       ?__vcrt_flsindex@@3KA      100140c0     libvcruntime:per_thread_data.obj
 0002:000000e4       ___acrt_flsindex           100140e4     libucrt:per_thread_data.obj
 0002:000000e8       _errno_no_memory           100140e8     libucrt:errno.obj
 0002:000000ec       _doserrno_no_memory        100140ec     libucrt:errno.obj
 0002:000000f0       ___rgctypeflag             100140f0     libucrt:mbctype.obj
 0002:000000f8       ___rgcode_page_info        100140f8     libucrt:mbctype.obj
 0002:00000888       ?Opt@@3UOptions@@A         10014888     HlfViewer.obj
 0002:00000b30       ?Info@@3UPluginStartupInfo@@A 10014b30     HlfViewer.obj
 0002:00000bb8       ?FSF@@3UFarStandardFunctions@@A 10014bb8     HlfViewer.obj
 0002:00000c78       ?cmdbuf@?BB@??OpenW@@9@4@4PA_WA 10014c78     HlfViewer.obj
 0002:00001478       ?FileName@?BB@??OpenW@@9@4@4PA_WA 10015478     HlfViewer.obj
 0002:00001680       ?ptrTopic@?BB@??OpenW@@9@4@4PA_WA 10015680     HlfViewer.obj
 0002:00001684       ?ptrName@?BB@??OpenW@@9@4@4PA_WA 10015684     HlfViewer.obj
 0002:00001688       ?PluginConfigStrings@?1??GetPluginInfoW@@9@4@4PAPB_WA 10015688     HlfViewer.obj
 0002:0000168c       ?PluginMenuStrings@?4??GetPluginInfoW@@9@4@4PAPB_WA 1001568c     HlfViewer.obj
 0002:00001694       ?Cookie@?1??XorPointer@@YAPAXPAX@Z@4IB 10015694     vc_crt_fix_impl.obj
 0002:00001698       ?$S1@?1??XorPointer@@YAPAXPAX@Z@4IA 10015698     vc_crt_fix_impl.obj
 0002:0000169c       ?Function@?1??EncodePointerWrapper@@9@4@4Q6GPAXPAX@ZA 1001569c     vc_crt_fix_impl.obj
 0002:000016a0       ?$S2@?1??EncodePointerWrapper@@9@4@4IA 100156a0     vc_crt_fix_impl.obj
 0002:000016a4       ?Function@?1??DecodePointerWrapper@@9@4@4Q6GPAXPAX@ZA 100156a4     vc_crt_fix_impl.obj
 0002:000016a8       ?$S3@?1??DecodePointerWrapper@@9@4@4IA 100156a8     vc_crt_fix_impl.obj
 0002:000016ac       ?Function@?1??GetModuleHandleExWWrapper@@9@12@4Q6GHKPB_WPAPAUHINSTANCE__@@@ZA 100156ac     vc_crt_fix_impl.obj
 0002:000016b0       ?$S4@?1??GetModuleHandleExWWrapper@@9@12@4IA 100156b0     vc_crt_fix_impl.obj
 0002:000016b4       ?Deleter@?1??InitializeSListHead@implementation@slist@@YGXPAT_SLIST_HEADER@@@Z@4Vservice_deleter@23@A 100156b4     vc_crt_fix_impl.obj
 0002:000016d4       ?$S5@?1??InitializeSListHead@implementation@slist@@YGXPAT_SLIST_HEADER@@@Z@4IA 100156d4     vc_crt_fix_impl.obj
 0002:000016d8       ?Function@?1??InitializeSListHeadWrapper@@9@4@4Q6GXPAT_SLIST_HEADER@@@ZA 100156d8     vc_crt_fix_impl.obj
 0002:000016dc       ?$S6@?1??InitializeSListHeadWrapper@@9@4@4IA 100156dc     vc_crt_fix_impl.obj
 0002:000016e0       ?Function@?1??InterlockedFlushSListWrapper@@9@4@4Q6GPAU_SINGLE_LIST_ENTRY@@PAT_SLIST_HEADER@@@ZA 100156e0     vc_crt_fix_impl.obj
 0002:000016e4       ?$S7@?1??InterlockedFlushSListWrapper@@9@4@4IA 100156e4     vc_crt_fix_impl.obj
 0002:000016e8       ?Function@?1??InterlockedPopEntrySListWrapper@@9@4@4Q6GPAU_SINGLE_LIST_ENTRY@@PAT_SLIST_HEADER@@@ZA 100156e8     vc_crt_fix_impl.obj
 0002:000016ec       ?$S8@?1??InterlockedPopEntrySListWrapper@@9@4@4IA 100156ec     vc_crt_fix_impl.obj
 0002:000016f0       ?Function@?1??InterlockedPushEntrySListWrapper@@9@8@4Q6GPAU_SINGLE_LIST_ENTRY@@PAT_SLIST_HEADER@@PAU2@@ZA 100156f0     vc_crt_fix_impl.obj
 0002:000016f4       ?$S9@?1??InterlockedPushEntrySListWrapper@@9@8@4IA 100156f4     vc_crt_fix_impl.obj
 0002:000016f8       ?Function@?1??InterlockedPushListSListExWrapper@@9@16@4Q6GPAU_SINGLE_LIST_ENTRY@@PAT_SLIST_HEADER@@PAU2@1K@ZA 100156f8     vc_crt_fix_impl.obj
 0002:000016fc       ?$S10@?1??InterlockedPushListSListExWrapper@@9@16@4IA 100156fc     vc_crt_fix_impl.obj
 0002:00001700       ?Function@?1??RtlFirstEntrySListWrapper@@9@4@4Q6GPAU_SINGLE_LIST_ENTRY@@PAT_SLIST_HEADER@@@ZA 10015700     vc_crt_fix_impl.obj
 0002:00001704       ?$S11@?1??RtlFirstEntrySListWrapper@@9@4@4IA 10015704     vc_crt_fix_impl.obj
 0002:00001708       ?Function@?1??QueryDepthSListWrapper@@9@4@4Q6GGPAT_SLIST_HEADER@@@ZA 10015708     vc_crt_fix_impl.obj
 0002:0000170c       ?$S12@?1??QueryDepthSListWrapper@@9@4@4IA 1001570c     vc_crt_fix_impl.obj
 0002:00001718       ?module_local_atexit_table@@3U_onexit_table_t@@A 10015718     LIBCMT:utility.obj
 0002:00001724       ?module_local_at_quick_exit_table@@3U_onexit_table_t@@A 10015724     LIBCMT:utility.obj
 0002:00001730       ?is_initialized_as_dll@@3_NA 10015730     LIBCMT:utility.obj
 0002:00001734       ?__proc_attached@@3HA      10015734     LIBCMT:dll_dllmain.obj
 0002:00001760       _GS_ExceptionRecord        10015760     LIBCMT:gs_report.obj
 0002:000017b0       _GS_ContextRecord          100157b0     LIBCMT:gs_report.obj
 0002:00001a7c       ?__vcrt_startup_thread_ptd@@3U__vcrt_ptd@@A 10015a7c     libvcruntime:per_thread_data.obj
 0002:00001aa4       ___vcrt_lock_table         10015aa4     libvcruntime:locks.obj
 0002:00001abc       ___vcrt_locks_initialized  10015abc     libvcruntime:locks.obj
 0002:00001ac0       ?module_handles@@3PAPAUHINSTANCE__@@A 10015ac0     libvcruntime:winapi_downlevel.obj
 0002:00001ad0       ?encoded_function_pointers@@3PAPAXA 10015ad0     libvcruntime:winapi_downlevel.obj
 0002:00001b20       ?heap@@3V_HeapManager@@A   10015b20     libvcruntime:undname.obj
 0002:00001b34       ___acrt_new_handler        10015b34     libucrt:new_handler.obj
 0002:00001b38       _c_termination_complete    10015b38     libucrt:exit.obj
 0002:00001b3c       _thread_local_exit_callback_func 10015b3c     libucrt:exit.obj
 0002:00001b40       ?c_exit_complete@?5??common_exit@@YAXHW4_crt_exit_cleanup_mode@@W4_crt_exit_return_mode@@@Z@4_NA 10015b40     libucrt:exit.obj
 0002:00001b48       ?program_name@?5???$common_configure_argv@D@@YAHW4_crt_argv_mode@@@Z@4PADA 10015b48     libucrt:argv_parsing.obj
 0002:00001c78       ___acrt_lock_table         10015c78     libucrt:locks.obj
 0002:00001db0       ___acrt_locks_initialized  10015db0     libucrt:locks.obj
 0002:00001db8       _module_handles            10015db8     libucrt:winapi_thunks.obj
 0002:00001e08       _encoded_function_pointers 10015e08     libucrt:winapi_thunks.obj
 0002:00001e88       ?state_cache@?1??__acrt_is_packaged_app@@9@4JA 10015e88     libucrt:winapi_thunks.obj
 0002:00001e8c       ___acrt_invalid_parameter_handler 10015e8c     libucrt:invalid_parameter.obj
 0002:00001ea8       _fSystemSet                10015ea8     libucrt:mbctype.obj
 0002:00001eac       ?initialized@?1??__acrt_initialize_multibyte@@9@4_NA 10015eac     libucrt:mbctype.obj
 0002:000020d4       _ctrlc_action              100160d4     libucrt:signal.obj
 0002:000020d8       _ctrlbreak_action          100160d8     libucrt:signal.obj
 0002:000020dc       _abort_action              100160dc     libucrt:signal.obj
 0002:000020e0       _term_action               100160e0     libucrt:signal.obj
 0002:000020e4       _user_matherr              100160e4     libucrt:matherr.obj
 0002:000020f4       ___acrt_global_new_mode    100160f4     libucrt:new_mode.obj
 0002:0000210c       ___acrt_app_type           1001610c     libucrt:report_runtime_error.obj
 0002:00002114       __pmatherr_set             10016114     libucrt:libm_error.obj
 0003:0000043a       .idata$6                   1001743a     kernel32:KERNEL32.dll
 0003:0000045a       .idata$6                   1001745a     rpcrt4:RPCRT4.dll
 0004:00000000       __guard_fids____dcrt_uninitialize_environments_nolock 10018000     libucrt:environment_initialization.obj
 0004:00000008       __guard_fids__             10018008     libucrt:initialization.obj
 0004:00000068       __guard_fids____acrt_initialize_ptd 10018068     libucrt:per_thread_data.obj
 0004:0000006c       __guard_fids_??$expand_argument_wildcards@D@@YAHQAD0AAV?$argument_list@D@?A0xb0e4b824@@@Z 1001806c     libucrt:argv_wildcards.obj
 0004:00000070       __guard_fids__             10018070     libucrt:multibyte_initializer.obj
 0004:00000074       __guard_fids__             10018074     libucrt:stdio_initializer.obj
 0004:00000078       __guard_fids__             10018078     libucrt:stdio_initializer.obj
 0004:0000007c       __guard_fids__             1001807c     libucrt:locale_initializer.obj
 0004:00000080       __guard_fids____libm_error_support 10018080     libucrt:libm_error.obj
 0004:00000084       __guard_fids__             10018084     libucrt:sse2_initializer.obj
 0004:00000088       __guard_fids__             10018088     libucrt:console_output_initializer.obj
 0004:0000008c       __guard_fids_?dllmain_crt_process_attach@@YAHQAUHINSTANCE__@@QAX@Z 1001808c     LIBCMT:dll_dllmain.obj
 0004:00000094       __guard_fids_?dllmain_dispatch@@YAHQAUHINSTANCE__@@KQAX@Z 10018094     LIBCMT:dll_dllmain.obj
 0004:00000098       __guard_fids__             10018098     LIBCMT:throw_bad_alloc.obj
 0004:000000a0       __guard_fids__             100180a0     LIBCMT:throw_bad_alloc.obj
 0004:000000a8       __guard_fids__             100180a8     LIBCMT:throw_bad_alloc.obj
 0004:000000b0       __guard_fids__             100180b0     LIBCMT:throw_bad_alloc.obj
 0004:000000b4       __guard_fids__             100180b4     LIBCMT:throw_bad_alloc.obj
 0004:000000b8       __guard_fids__             100180b8     LIBCMT:throw_bad_alloc.obj
 0004:000000bc       __guard_fids__             100180bc     LIBCMT:throw_bad_alloc.obj
 0004:000000c0       __guard_fids__             100180c0     LIBCMT:throw_bad_alloc.obj
 0004:000000c4       __guard_fids__             100180c4     LIBCMT:std_type_info_static.obj
 0004:000000c8       __guard_fids__             100180c8     LIBCMT:guard_support.obj
 0004:000000cc       __guard_fids____vcrt_initialize_ptd 100180cc     libvcruntime:per_thread_data.obj
 0005:00000060       $R000000                   10019060     HlfViewer.res
