 luafar3

 Timestamp is 5987bfd1 (Mon Aug  7 04:18:09 2017)

 Preferred load address is 10000000

 Start         Length     Name                   Class
 0001:00000000 00000004H .CRT$XCA                CODE
 0001:00000004 00000004H .CRT$XCZ                CODE
 0001:00000008 00000004H .CRT$XIA                CODE
 0001:0000000c 0000000cH .CRT$XIC                CODE
 0001:00000018 00000004H .CRT$XIZ                CODE
 0001:0000001c 00000004H .CRT$XPA                CODE
 0001:00000020 0000000cH .CRT$XPX                CODE
 0001:0000002c 00000004H .CRT$XPXA               CODE
 0001:00000030 00000004H .CRT$XPZ                CODE
 0001:00000034 00000004H .CRT$XTA                CODE
 0001:00000038 00000008H .CRT$XTZ                CODE
 0001:00000040 00015480H .rdata                  CODE
 0001:000154bc 00000000H .rdata$r                CODE
 0001:000154c0 0000000cH .rdata$sxdata           CODE
 0001:000154cc 000002a0H .rdata$zzzdbg           CODE
 0001:0001576c 00000004H .rtc$IAA                CODE
 0001:00015770 00000004H .rtc$IZZ                CODE
 0001:00015774 00000004H .rtc$TAA                CODE
 0001:00015778 00000008H .rtc$TZZ                CODE
 0001:00015780 000396d0H .text$mn                CODE
 0001:0004ee50 00000040H .text$yd                CODE
 0001:0004ee90 000007c0H .xdata$x                CODE
 0001:0004f650 00000482H .edata                  CODE
 0002:00000000 00008520H .data                   DATA
 0002:00008520 00000000H .data$r                 DATA
 0002:00008520 00000ae4H .bss                    DATA
 0003:00000000 00000370H .idata$5                DATA
 0003:00000370 00000004H .00cfg                  DATA
 0003:00000374 00000078H .idata$2                DATA
 0003:000003ec 00000014H .idata$3                DATA
 0003:00000400 00000370H .idata$4                DATA
 0003:00000770 00000f1aH .idata$6                DATA
 0004:00000000 00000090H .gfids$x                DATA
 0004:00000090 00000014H .gfids$y                DATA
 0005:00000000 00000060H .rsrc$01                DATA
 0005:00000060 00000358H .rsrc$02                DATA

  Address         Publics by Value              Rva+Base       Lib:Object

 0000:00000000       ___guard_longjmp_count     00000000     <absolute>
 0000:00000000       ___guard_fids_count        00000000     <absolute>
 0000:00000000       __except_list              00000000     <absolute>
 0000:00000000       ___guard_longjmp_table     00000000     <absolute>
 0000:00000000       ___guard_iat_table         00000000     <absolute>
 0000:00000000       ___guard_iat_count         00000000     <absolute>
 0000:00000000       ___dynamic_value_reloc_table 00000000     <absolute>
 0000:00000000       ___guard_fids_table        00000000     <absolute>
 0000:00000003       ___safe_se_handler_count   00000003     <absolute>
 0000:00000100       ___guard_flags             00000100     <absolute>
 0000:00000000       ___ImageBase               10000000     <linker-defined>
 0001:00000000       ___xc_a                    10001000     LIBCMT:initializers.obj
 0001:00000004       ___xc_z                    10001004     LIBCMT:initializers.obj
 0001:00000008       ___xi_a                    10001008     LIBCMT:initializers.obj
 0001:0000000c       ___acrt_stdio_initializer  1000100c     libucrt:stdio_initializer.obj
 0001:00000010       ___acrt_multibyte_initializer 10001010     libucrt:multibyte_initializer.obj
 0001:00000014       ___acrt_tran_sse2_initializer 10001014     libucrt:sse2_initializer.obj
 0001:00000018       ___xi_z                    10001018     LIBCMT:initializers.obj
 0001:0000001c       ___xp_a                    1000101c     LIBCMT:initializers.obj
 0001:00000020       ___acrt_locale_terminator  10001020     libucrt:locale_initializer.obj
 0001:00000024       ___acrt_tmpfile_terminator 10001024     libucrt:tmpfile_initializer.obj
 0001:00000028       ___dcrt_console_output_terminator 10001028     libucrt:console_output_initializer.obj
 0001:0000002c       ___acrt_stdio_terminator   1000102c     libucrt:stdio_initializer.obj
 0001:00000030       ___xp_z                    10001030     LIBCMT:initializers.obj
 0001:00000034       ___xt_a                    10001034     LIBCMT:initializers.obj
 0001:00000038       ___xt_z                    10001038     LIBCMT:initializers.obj
 0001:00000040       _metatable_name            10001040     bit64.obj
 0001:00000138       ??_C@_04JAOJMBA@bnot?$AA@  10001138     bit64.obj
 0001:00000140       ??_C@_04BKGNPECA@band?$AA@ 10001140     bit64.obj
 0001:00000148       ??_C@_03BBBGIIAC@bor?$AA@  10001148     bit64.obj
 0001:0000014c       ??_C@_04CKCGDDNF@bxor?$AA@ 1000114c     bit64.obj
 0001:00000154       ??_C@_06ELFGPGBK@lshift?$AA@ 10001154     bit64.obj
 0001:0000015c       ??_C@_06HMLHBBIJ@rshift?$AA@ 1000115c     bit64.obj
 0001:00000164       ??_C@_07JILILBLL@arshift?$AA@ 10001164     bit64.obj
 0001:0000016c       ??_C@_03CLCAEGCJ@new?$AA@  1000116c     bit64.obj
 0001:00000170       ??_C@_03BDGOHNNK@add?$AA@  10001170     bit64.obj
 0001:00000174       ??_C@_03KCMAIMAP@sub?$AA@  10001174     bit64.obj
 0001:00000178       ??_C@_03IMIFIBCN@mul?$AA@  10001178     bit64.obj
 0001:0000017c       ??_C@_03FEJMGOGI@div?$AA@  1000117c     bit64.obj
 0001:00000180       ??_C@_03FFONCNID@mod?$AA@  10001180     bit64.obj
 0001:00000184       ??_C@_02HIIGGHJB@eq?$AA@   10001184     bit64.obj
 0001:00000188       ??_C@_02KCAKIFL@lt?$AA@    10001188     bit64.obj
 0001:0000018c       ??_C@_02FJPJILEL@le?$AA@   1000118c     bit64.obj
 0001:00000190       ??_C@_04GPMDFGEJ@type?$AA@ 10001190     bit64.obj
 0001:00000198       ??_C@_05MEHDOBFN@__add?$AA@ 10001198     bit64.obj
 0001:000001a0       ??_C@_05HFNNBAII@__sub?$AA@ 100011a0     bit64.obj
 0001:000001a8       ??_C@_05FLJIBNKK@__mul?$AA@ 100011a8     bit64.obj
 0001:000001b0       ??_C@_05IDIBPCOP@__div?$AA@ 100011b0     bit64.obj
 0001:000001b8       ??_C@_05ICPALBAE@__mod?$AA@ 100011b8     bit64.obj
 0001:000001c0       ??_C@_05MHFNBPAK@__unm?$AA@ 100011c0     bit64.obj
 0001:000001c8       ??_C@_04GIMIAOHA@__eq?$AA@ 100011c8     bit64.obj
 0001:000001d0       ??_C@_04BKGOMBLK@__lt?$AA@ 100011d0     bit64.obj
 0001:000001d8       ??_C@_04EJLHOCKK@__le?$AA@ 100011d8     bit64.obj
 0001:000001e0       ??_C@_0L@HDFPAPPH@__tostring?$AA@ 100011e0     bit64.obj
 0001:000001ec       ??_C@_09GPALILFO@bad?5int64?$AA@ 100011ec     bit64.obj
 0001:000001f8       ??_C@_05LLAMLEHD@?$CFI64d?$AA@ 100011f8     bit64.obj
 0001:00000200       ??_C@_05OALCLICP@bit64?$AA@ 10001200     bit64.obj
 0001:00000208       __real@433fffffffffffff    10001208     bit64.obj
 0001:00000520       _COLLECTOR_FD              10001520     exported.obj
 0001:00000548       _COLLECTOR_OPI             10001548     exported.obj
 0001:00000568       _COLLECTOR_PI              10001568     exported.obj
 0001:000005a0       _KEY_OBJECT                100015a0     exported.obj
 0001:00000af0       ??_C@_05GFCDIDHO@debug?$AA@ 10001af0     exported.obj
 0001:00000af8       ??_C@_09GPFEECNC@traceback?$AA@ 10001af8     exported.obj
 0001:00000b04       ??_C@_06NKNNMLDJ@export?$AA@ 10001b04     exported.obj
 0001:00000b0c       ??_C@_07PCNKBAGB@OnError?$AA@ 10001b0c     exported.obj
 0001:00000b14       ??_C@_0N@NJMIGDDL@CreationTime?$AA@ 10001b14     exported.obj
 0001:00000b24       ??_C@_0P@MFHPCDDH@LastAccessTime?$AA@ 10001b24     exported.obj
 0001:00000b34       ??_C@_0O@FCFNCAHK@LastWriteTime?$AA@ 10001b34     exported.obj
 0001:00000b44       ??_C@_0L@FCILKIIG@ChangeTime?$AA@ 10001b44     exported.obj
 0001:00000b50       ??_C@_08BHIEONMC@FileSize?$AA@ 10001b50     exported.obj
 0001:00000b5c       ??_C@_0P@JBACEJLL@AllocationSize?$AA@ 10001b5c     exported.obj
 0001:00000b6c       ??_C@_05BOOEKJH@Flags?$AA@ 10001b6c     exported.obj
 0001:00000b74       ??_C@_0O@DLGJHFNH@NumberOfLinks?$AA@ 10001b74     exported.obj
 0001:00000b84       ??_C@_05MHNOECFO@CRC32?$AA@ 10001b84     exported.obj
 0001:00000b8c       ??_C@_08FDCJCDOL@FileName?$AA@ 10001b8c     exported.obj
 0001:00000b98       ??_C@_0BC@COCBGKAE@AlternateFileName?$AA@ 10001b98     exported.obj
 0001:00000bac       ??_C@_0M@OHKMKKDH@Description?$AA@ 10001bac     exported.obj
 0001:00000bb8       ??_C@_05HDCNEILF@Owner?$AA@ 10001bb8     exported.obj
 0001:00000bc0       ??_C@_0BB@OKGMKOG@CustomColumnData?$AA@ 10001bc0     exported.obj
 0001:00000bd4       ??_C@_11LOCGONAA@?$AA?$AA@ 10001bd4     exported.obj
 0001:00000bd8       ??_C@_08JNHPECBG@UserData?$AA@ 10001bd8     exported.obj
 0001:00000be4       ??_C@_0M@DFMHDHBL@GetFindData?$AA@ 10001be4     exported.obj
 0001:00000bf0       ??_C@_08FFPEEIHA@GetFiles?$AA@ 10001bf0     exported.obj
 0001:00000bfc       ??_C@_0BC@IECOKJFL@GetFiles?4DestPath?$AA@ 10001bfc     exported.obj
 0001:00000c10       ??_C@_05LFOKGKBN@?$DMboot?$AA@ 10001c10     exported.obj
 0001:00000c18       ??_C@_15CBMDENPJ@?$AA?4?$AA?9?$AA?$AA@ 10001c18     exported.obj
 0001:00000c20       ??_C@_07KNEGBPNO@package?$AA@ 10001c20     exported.obj
 0001:00000c28       ??_C@_07GCEAJMEA@preload?$AA@ 10001c28     exported.obj
 0001:00000c30       ??_C@_19BCNABNAK@?$AA?4?$AAl?$AAu?$AAa?$AA?$AA@ 10001c30     exported.obj
 0001:00000c3c       ??_C@_13BPINEIPE@?$AAr?$AA?$AA@ 10001c3c     exported.obj
 0001:00000c40       ??_C@_1DC@PABHCCON@?$AAD?$AAe?$AAf?$AAa?$AAu?$AAl?$AAt?$AA?5?$AAs?$AAc?$AAr?$AAi?$AAp?$AAt?$AA?5?$AAn?$AAo?$AAt?$AA?5?$AAf?$AAo?$AAu?$AAn?$AAd?$AA?$AA@ 10001c40     exported.obj
 0001:00000c74       ??_C@_03JEOKDCFP@far?$AA@  10001c74     exported.obj
 0001:00000c78       ??_C@_0BE@HCPAIELH@ReloadDefaultScript?$AA@ 10001c78     exported.obj
 0001:00000c8c       ??_C@_0L@OCPPMCCK@StructSize?$AA@ 10001c8c     exported.obj
 0001:00000c98       ??_C@_06LBMCOACO@Buffer?$AA@ 10001c98     exported.obj
 0001:00000ca0       ??_C@_06EPIAKPGD@OpMode?$AA@ 10001ca0     exported.obj
 0001:00000ca8       ??_C@_07GDADDFBD@Analyse?$AA@ 10001ca8     exported.obj
 0001:00000cb0       ??_C@_0BB@CKIGBGLB@GetOpenPanelInfo?$AA@ 10001cb0     exported.obj
 0001:00000cc4       ??_C@_05ELNJBDOO@reuse?$AA@ 10001cc4     exported.obj
 0001:00000cd0       ??_C@_1EO@OOOCECGK@?$AAG?$AAe?$AAt?$AAO?$AAp?$AAe?$AAn?$AAP?$AAa?$AAn?$AAe?$AAl?$AAI?$AAn?$AAf?$AAo?$AA?5?$AAs?$AAh?$AAo?$AAu?$AAl?$AAd?$AA?5?$AAr?$AAe?$AAt?$AAu?$AAr?$AAn?$AA?5?$AAa@ 10001cd0     exported.obj
 0001:00000d20       ??_C@_08KDMNIFGM@FreeSize?$AA@ 10001d20     exported.obj
 0001:00000d2c       ??_C@_08PAJOMFPO@HostFile?$AA@ 10001d2c     exported.obj
 0001:00000d38       ??_C@_06IBPEEEAJ@CurDir?$AA@ 10001d38     exported.obj
 0001:00000d40       ??_C@_06PEPCFMNJ@Format?$AA@ 10001d40     exported.obj
 0001:00000d48       ??_C@_0L@CMHIOLLB@PanelTitle?$AA@ 10001d48     exported.obj
 0001:00000d54       ??_C@_09PMEOAIAA@InfoLines?$AA@ 10001d54     exported.obj
 0001:00000d60       ??_C@_0BA@BLCGOCOG@InfoLinesNumber?$AA@ 10001d60     exported.obj
 0001:00000d70       ??_C@_04OJAHODMC@Text?$AA@ 10001d70     exported.obj
 0001:00000d78       ??_C@_04DICKPMGH@Data?$AA@ 10001d78     exported.obj
 0001:00000d80       ??_C@_0L@FPEHOFAI@DescrFiles?$AA@ 10001d80     exported.obj
 0001:00000d8c       ??_C@_0BA@BBOGKOKF@PanelModesArray?$AA@ 10001d8c     exported.obj
 0001:00000d9c       ??_C@_0BB@LFNABPEF@PanelModesNumber?$AA@ 10001d9c     exported.obj
 0001:00000db0       ??_C@_0M@KDJPJFOF@ColumnTypes?$AA@ 10001db0     exported.obj
 0001:00000dbc       ??_C@_0N@ILFJPGHI@ColumnWidths?$AA@ 10001dbc     exported.obj
 0001:00000dcc       ??_C@_0BC@KELOOKNK@StatusColumnTypes?$AA@ 10001dcc     exported.obj
 0001:00000de0       ??_C@_0BD@DNDIPKDK@StatusColumnWidths?$AA@ 10001de0     exported.obj
 0001:00000df4       ??_C@_0N@EHCEJHEE@ColumnTitles?$AA@ 10001df4     exported.obj
 0001:00000e04       ??_C@_0P@BEEDPJDK@StartPanelMode?$AA@ 10001e04     exported.obj
 0001:00000e14       ??_C@_0O@NIFKFGBJ@StartSortMode?$AA@ 10001e14     exported.obj
 0001:00000e24       ??_C@_0P@KMACBLNK@StartSortOrder?$AA@ 10001e24     exported.obj
 0001:00000e34       ??_C@_06ONGFDHIA@KeyBar?$AA@ 10001e34     exported.obj
 0001:00000e3c       ??_C@_0P@PKDBPEJI@VirtualKeyCode?$AA@ 10001e3c     exported.obj
 0001:00000e4c       ??_C@_0BA@MFFHAKP@ControlKeyState?$AA@ 10001e4c     exported.obj
 0001:00000e5c       ??_C@_08DGDJEKCP@LongText?$AA@ 10001e5c     exported.obj
 0001:00000e68       ??_C@_0N@IHDKLODA@ShortcutData?$AA@ 10001e68     exported.obj
 0001:00000e78       ??_C@_05HIFJDKLD@array?$AA@ 10001e78     exported.obj
 0001:00000e80       ??_C@_01EFFIKLCJ@n?$AA@    10001e80     exported.obj
 0001:00000e82       ??_C@_00CNPNBAHC@?$AA@     10001e82     exported.obj
 0001:00000e84       ??_C@_04DNCDCIAE@Open?$AA@ 10001e84     exported.obj
 0001:00000e8c       ??_C@_04OPJIDECA@hDlg?$AA@ 10001e8c     exported.obj
 0001:00000e94       ??_C@_06BNNOMDLO@Handle?$AA@ 10001e94     exported.obj
 0001:00000e9c       ??_C@_05LNOAKADA@panel?$AA@ 10001e9c     exported.obj
 0001:00000ea4       ??_C@_0L@JMPDJFBN@ClosePanel?$AA@ 10001ea4     exported.obj
 0001:00000eb0       ??_C@_07MBOMJGGF@Compare?$AA@ 10001eb0     exported.obj
 0001:00000eb8       ??_C@_09NANCCILE@Configure?$AA@ 10001eb8     exported.obj
 0001:00000ec4       ??_C@_0M@MMKKMEFA@DeleteFiles?$AA@ 10001ec4     exported.obj
 0001:00000ed0       ??_C@_0O@GLLEDHJA@MakeDirectory?$AA@ 10001ed0     exported.obj
 0001:00000ee0       ??_C@_0BD@PJNONGDB@MakeDirectory?4Name?$AA@ 10001ee0     exported.obj
 0001:00000ef4       ??_C@_0BC@COPMJGBI@ProcessPanelEvent?$AA@ 10001ef4     exported.obj
 0001:00000f08       ??_C@_0BA@DPJAKFGC@ProcessHostFile?$AA@ 10001f08     exported.obj
 0001:00000f18       ??_C@_0BC@HOBKGBBM@ProcessPanelInput?$AA@ 10001f18     exported.obj
 0001:00000f2c       ??_C@_08OBOOFGOD@PutFiles?$AA@ 10001f2c     exported.obj
 0001:00000f38       ??_C@_0N@KCFEBPAO@SetDirectory?$AA@ 10001f38     exported.obj
 0001:00000f48       ??_C@_0M@PNOHHCCH@SetFindList?$AA@ 10001f48     exported.obj
 0001:00000f54       ??_C@_07EACELFAO@ExitFAR?$AA@ 10001f54     exported.obj
 0001:00000f5c       ??_C@_0O@JHMGCIHI@FarTimerQueue?$AA@ 10001f5c     exported.obj
 0001:00000f6c       ??_C@_0O@OBCKADMD@GetPluginInfo?$AA@ 10001f6c     exported.obj
 0001:00000f7c       ??_C@_0O@GDMHGAFH@CommandPrefix?$AA@ 10001f7c     exported.obj
 0001:00000f8c       ??_C@_0O@PHBKMNMJ@DiskMenuGuids?$AA@ 10001f8c     exported.obj
 0001:00000f9c       ??_C@_0BA@NLBDFPEO@DiskMenuStrings?$AA@ 10001f9c     exported.obj
 0001:00000fac       ??_C@_0BA@FOMPNLJF@PluginMenuGuids?$AA@ 10001fac     exported.obj
 0001:00000fbc       ??_C@_0BC@DJMJFBJC@PluginMenuStrings?$AA@ 10001fbc     exported.obj
 0001:00000fd0       ??_C@_0BC@ILBHAHCH@PluginConfigGuids?$AA@ 10001fd0     exported.obj
 0001:00000fe4       ??_C@_0BE@GAFPNGIP@PluginConfigStrings?$AA@ 10001fe4     exported.obj
 0001:00000ff8       ??_C@_0BD@DECJPBBK@ProcessEditorInput?$AA@ 10001ff8     exported.obj
 0001:0000100c       ??_C@_0BD@GEMPAGBO@ProcessEditorEvent?$AA@ 1000200c     exported.obj
 0001:00001020       ??_C@_04KOACHJEN@Type?$AA@ 10002020     exported.obj
 0001:00001028       ??_C@_0N@EKPHGDMI@StringNumber?$AA@ 10002028     exported.obj
 0001:00001038       ??_C@_07MOCFLHCN@FileEOL?$AA@ 10002038     exported.obj
 0001:00001040       ??_C@_08DOHJINHB@CodePage?$AA@ 10002040     exported.obj
 0001:0000104c       ??_C@_0BD@GGKMLEJG@ProcessViewerEvent?$AA@ 1000204c     exported.obj
 0001:00001060       ??_C@_0BD@FNHBEIC@ProcessDialogEvent?$AA@ 10002060     exported.obj
 0001:00001074       ??_C@_06CPBJDKAC@Param2?$AA@ 10002074     exported.obj
 0001:0000107c       ??_C@_06EDEGJMB@Param1?$AA@ 1000207c     exported.obj
 0001:00001084       ??_C@_03MLMOILGK@Msg?$AA@  10002084     exported.obj
 0001:00001088       ??_C@_0BE@LHJGGGHN@ProcessSynchroEvent?$AA@ 10002088     exported.obj
 0001:0000109c       ??_C@_0BB@PHIEFGHD@GetContentFields?$AA@ 1000209c     exported.obj
 0001:000010b0       ??_C@_0P@DPJDPMPI@GetContentData?$AA@ 100020b0     exported.obj
 0001:000010c0       ??_C@_0N@DDJEHLKE@?$DM_globalinfo?$AA@ 100020c0     exported.obj
 0001:000010d0       ??_C@_1CA@IBKDMBNJ@?$AA_?$AAg?$AAl?$AAo?$AAb?$AAa?$AAl?$AAi?$AAn?$AAf?$AAo?$AA?4?$AAl?$AAu?$AAa?$AA?$AA@ 100020d0     exported.obj
 0001:000010f0       ??_C@_0O@GJMOPLGM@GetGlobalInfo?$AA@ 100020f0     exported.obj
 0001:00001100       ??_C@_0O@CALOEOI@MinFarVersion?$AA@ 10002100     exported.obj
 0001:00001110       ??_C@_07NGFJPNPN@Version?$AA@ 10002110     exported.obj
 0001:00001118       ??_C@_04MJHIICBJ@Guid?$AA@ 10002118     exported.obj
 0001:00001120       ??_C@_05PABKJLOM@Title?$AA@ 10002120     exported.obj
 0001:00001128       ??_C@_06HHECMMLE@Author?$AA@ 10002128     exported.obj
 0001:00001130       ??_C@_0BE@DONMOPMJ@ProcessConsoleInput?$AA@ 10002130     exported.obj
 0001:00001148       __real@43e0000000000000    10002148     exported.obj
 0001:00001150       __real@bff0000000000000    10002150     exported.obj
 0001:000017f0       _Vals                      100027f0     flags.obj
 0001:00003010       ??_C@_0BI@IDKIJMME@FARMANAGERVERSION_MAJOR?$AA@ 10004010     flags.obj
 0001:00003028       ??_C@_0BI@DMLKEAFC@FARMANAGERVERSION_MINOR?$AA@ 10004028     flags.obj
 0001:00003040       ??_C@_0BL@NMALNAFP@FARMANAGERVERSION_REVISION?$AA@ 10004040     flags.obj
 0001:0000305c       ??_C@_0BI@OLPFLLDD@FARMANAGERVERSION_BUILD?$AA@ 1000405c     flags.obj
 0001:00003074       ??_C@_0BI@MOOFLFPC@FARMANAGERVERSION_STAGE?$AA@ 10004074     flags.obj
 0001:0000308c       ??_C@_0L@MIDBGFJO@CP_UNICODE?$AA@ 1000408c     flags.obj
 0001:00003098       ??_C@_0O@MNMCMEJH@CP_REVERSEBOM?$AA@ 10004098     flags.obj
 0001:000030a8       ??_C@_0L@JDNPCEDH@CP_DEFAULT?$AA@ 100040a8     flags.obj
 0001:000030b4       ??_C@_0M@OMCMFJHA@CP_REDETECT?$AA@ 100040b4     flags.obj
 0001:000030c0       ??_C@_09MNAPNKKC@INDEXMASK?$AA@ 100040c0     flags.obj
 0001:000030cc       ??_C@_09BLFIDJLF@COLORMASK?$AA@ 100040cc     flags.obj
 0001:000030d8       ??_C@_09ENNBLPJC@ALPHAMASK?$AA@ 100040d8     flags.obj
 0001:000030e4       ??_C@_0L@EHFOPLFD@PANEL_NONE?$AA@ 100040e4     flags.obj
 0001:000030f0       ??_C@_0N@LPMKALBG@PANEL_ACTIVE?$AA@ 100040f0     flags.obj
 0001:00003100       ??_C@_0O@HPKEABPN@PANEL_PASSIVE?$AA@ 10004100     flags.obj
 0001:00003110       ??_C@_0L@GOEBPENN@PANEL_STOP?$AA@ 10004110     flags.obj
 0001:0000311c       ??_C@_0N@HLIFAAPJ@EEREDRAW_ALL?$AA@ 1000411c     flags.obj
 0001:0000312c       ??_C@_0P@NHNDIKJ@CURRENT_EDITOR?$AA@ 1000412c     flags.obj
 0001:0000313c       ??_C@_0BN@PPNDCHHA@EDITOR_COLOR_NORMAL_PRIORITY?$AA@ 1000413c     flags.obj
 0001:0000315c       ??_C@_07MGGAEAFF@DI_TEXT?$AA@ 1000415c     flags.obj
 0001:00003164       ??_C@_08HODBDEHE@DI_VTEXT?$AA@ 10004164     flags.obj
 0001:00003170       ??_C@_0N@IGKKGFMF@DI_SINGLEBOX?$AA@ 10004170     flags.obj
 0001:00003180       ??_C@_0N@EDCLIEAE@DI_DOUBLEBOX?$AA@ 10004180     flags.obj
 0001:00003190       ??_C@_07DOLIFAEF@DI_EDIT?$AA@ 10004190     flags.obj
 0001:00003198       ??_C@_0L@EOMEIIFM@DI_PSWEDIT?$AA@ 10004198     flags.obj
 0001:000031a4       ??_C@_0L@MGOIMBKF@DI_FIXEDIT?$AA@ 100041a4     flags.obj
 0001:000031b0       ??_C@_09GGAEMAPJ@DI_BUTTON?$AA@ 100041b0     flags.obj
 0001:000031bc       ??_C@_0M@MHFHGPHJ@DI_CHECKBOX?$AA@ 100041bc     flags.obj
 0001:000031c8       ??_C@_0P@GIPCGMBE@DI_RADIOBUTTON?$AA@ 100041c8     flags.obj
 0001:000031d8       ??_C@_0M@MAKBFNGC@DI_COMBOBOX?$AA@ 100041d8     flags.obj
 0001:000031e4       ??_C@_0L@ONDMPPPO@DI_LISTBOX?$AA@ 100041e4     flags.obj
 0001:000031f0       ??_C@_0P@GDJDPEIK@DI_USERCONTROL?$AA@ 100041f0     flags.obj
 0001:00003200       ??_C@_08KAEGOLOB@DM_FIRST?$AA@ 10004200     flags.obj
 0001:0000320c       ??_C@_08MJMBFJHA@DM_CLOSE?$AA@ 1000420c     flags.obj
 0001:00003218       ??_C@_09KLJOCKAA@DM_ENABLE?$AA@ 10004218     flags.obj
 0001:00003224       ??_C@_0BA@KAMJGFDG@DM_ENABLEREDRAW?$AA@ 10004224     flags.obj
 0001:00003234       ??_C@_0O@FKGMMKLP@DM_GETDLGDATA?$AA@ 10004234     flags.obj
 0001:00003244       ??_C@_0O@HEGKCPOI@DM_GETDLGITEM?$AA@ 10004244     flags.obj
 0001:00003254       ??_C@_0O@BEHCGMCL@DM_GETDLGRECT?$AA@ 10004254     flags.obj
 0001:00003264       ??_C@_0L@ELBDNLFO@DM_GETTEXT?$AA@ 10004264     flags.obj
 0001:00003270       ??_C@_06IKGPEGEJ@DM_KEY?$AA@ 10004270     flags.obj
 0001:00003278       ??_C@_0O@DIPLLJEH@DM_MOVEDIALOG?$AA@ 10004278     flags.obj
 0001:00003288       ??_C@_0O@EEEDHNPG@DM_SETDLGDATA?$AA@ 10004288     flags.obj
 0001:00003298       ??_C@_0O@GKEFJIKB@DM_SETDLGITEM?$AA@ 10004298     flags.obj
 0001:000032a8       ??_C@_0M@GOFGHDFK@DM_SETFOCUS?$AA@ 100042a8     flags.obj
 0001:000032b4       ??_C@_09ILPFEDOM@DM_REDRAW?$AA@ 100042b4     flags.obj
 0001:000032c0       ??_C@_0L@LDOCOEIP@DM_SETTEXT?$AA@ 100042c0     flags.obj
 0001:000032cc       ??_C@_0BE@LABEAIPD@DM_SETMAXTEXTLENGTH?$AA@ 100042cc     flags.obj
 0001:000032e0       ??_C@_0O@BIFKIPIP@DM_SHOWDIALOG?$AA@ 100042e0     flags.obj
 0001:000032f0       ??_C@_0M@JPHKGACH@DM_GETFOCUS?$AA@ 100042f0     flags.obj
 0001:000032fc       ??_C@_0BA@NLMONBKJ@DM_GETCURSORPOS?$AA@ 100042fc     flags.obj
 0001:0000330c       ??_C@_0BA@KPHABNOF@DM_SETCURSORPOS?$AA@ 1000430c     flags.obj
 0001:0000331c       ??_C@_0O@LGEKFPKK@DM_SETTEXTPTR?$AA@ 1000431c     flags.obj
 0001:0000332c       ??_C@_0M@NCOJHJKI@DM_SHOWITEM?$AA@ 1000432c     flags.obj
 0001:00003338       ??_C@_0O@GKKCFHIM@DM_ADDHISTORY?$AA@ 10004338     flags.obj
 0001:00003348       ??_C@_0M@MCEMDFMD@DM_GETCHECK?$AA@ 10004348     flags.obj
 0001:00003354       ??_C@_0M@DDGACGLO@DM_SETCHECK?$AA@ 10004354     flags.obj
 0001:00003360       ??_C@_0N@MEGOPFGK@DM_SET3STATE?$AA@ 10004360     flags.obj
 0001:00003370       ??_C@_0M@GEPBDDNC@DM_LISTSORT?$AA@ 10004370     flags.obj
 0001:0000337c       ??_C@_0P@NFJNHAKH@DM_LISTGETITEM?$AA@ 1000437c     flags.obj
 0001:0000338c       ??_C@_0BB@EEIMACNO@DM_LISTGETCURPOS?$AA@ 1000438c     flags.obj
 0001:000033a0       ??_C@_0BB@GKMJCDEM@DM_LISTSETCURPOS?$AA@ 100043a0     flags.obj
 0001:000033b4       ??_C@_0O@NOPCAHGJ@DM_LISTDELETE?$AA@ 100043b4     flags.obj
 0001:000033c4       ??_C@_0L@BMEAECNG@DM_LISTADD?$AA@ 100043c4     flags.obj
 0001:000033d0       ??_C@_0O@HBHDMHP@DM_LISTADDSTR?$AA@ 100043d0     flags.obj
 0001:000033e0       ??_C@_0O@PDFCNPKN@DM_LISTUPDATE?$AA@ 100043e0     flags.obj
 0001:000033f0       ??_C@_0O@GAAGMJJL@DM_LISTINSERT?$AA@ 100043f0     flags.obj
 0001:00003400       ??_C@_0BC@MIFCLOBD@DM_LISTFINDSTRING?$AA@ 10004400     flags.obj
 0001:00003414       ??_C@_0M@EEAEBLKC@DM_LISTINFO?$AA@ 10004414     flags.obj
 0001:00003420       ??_C@_0P@PLJLJFPA@DM_LISTGETDATA?$AA@ 10004420     flags.obj
 0001:00003430       ??_C@_0P@DGKKKCB@DM_LISTSETDATA?$AA@ 10004430     flags.obj
 0001:00003440       ??_C@_0BB@CELMNLLN@DM_LISTSETTITLES?$AA@ 10004440     flags.obj
 0001:00003454       ??_C@_0BB@KPJPKCP@DM_LISTGETTITLES?$AA@ 10004454     flags.obj
 0001:00003468       ??_C@_0BA@ICDJCFLE@DM_RESIZEDIALOG?$AA@ 10004468     flags.obj
 0001:00003478       ??_C@_0BD@CNGGHGJF@DM_SETITEMPOSITION?$AA@ 10004478     flags.obj
 0001:0000348c       ??_C@_0BF@JMINBGBA@DM_GETDROPDOWNOPENED?$AA@ 1000448c     flags.obj
 0001:000034a4       ??_C@_0BF@LJIGJNAO@DM_SETDROPDOWNOPENED?$AA@ 100044a4     flags.obj
 0001:000034bc       ??_C@_0O@NPDKADMJ@DM_SETHISTORY?$AA@ 100044bc     flags.obj
 0001:000034cc       ??_C@_0BD@BPHAAEIM@DM_GETITEMPOSITION?$AA@ 100044cc     flags.obj
 0001:000034e0       ??_C@_0BC@BENFKLNH@DM_SETINPUTNOTIFY?$AA@ 100044e0     flags.obj
 0001:000034f4       ??_C@_0BH@CFMLLNNM@DM_SETMOUSEEVENTNOTIFY?$AA@ 100044f4     flags.obj
 0001:0000350c       ??_C@_0BF@IAGIACOD@DM_EDITUNCHANGEDFLAG?$AA@ 1000450c     flags.obj
 0001:00003524       ??_C@_0P@OJKNHIPN@DM_GETITEMDATA?$AA@ 10004524     flags.obj
 0001:00003534       ??_C@_0P@OGLDKOHO@DM_SETITEMDATA?$AA@ 10004534     flags.obj
 0001:00003544       ??_C@_0L@KNFAKFKE@DM_LISTSET?$AA@ 10004544     flags.obj
 0001:00003550       ??_C@_0BB@EPMFHAFO@DM_GETCURSORSIZE?$AA@ 10004550     flags.obj
 0001:00003564       ??_C@_0BB@DANLMDCJ@DM_SETCURSORSIZE?$AA@ 10004564     flags.obj
 0001:00003578       ??_C@_0BD@LAOOKGHD@DM_LISTGETDATASIZE?$AA@ 10004578     flags.obj
 0001:0000358c       ??_C@_0BA@BHGANJAP@DM_GETSELECTION?$AA@ 1000458c     flags.obj
 0001:0000359c       ??_C@_0BA@GDNOBFED@DM_SETSELECTION?$AA@ 1000459c     flags.obj
 0001:000035ac       ??_C@_0BD@FIHDGIGO@DM_GETEDITPOSITION?$AA@ 100045ac     flags.obj
 0001:000035c0       ??_C@_0BD@GKGFBKHH@DM_SETEDITPOSITION?$AA@ 100045c0     flags.obj
 0001:000035d4       ??_C@_0BE@MCECGHBC@DM_SETCOMBOBOXEVENT?$AA@ 100045d4     flags.obj
 0001:000035e8       ??_C@_0BE@KGBLNJKA@DM_GETCOMBOBOXEVENT?$AA@ 100045e8     flags.obj
 0001:000035fc       ??_C@_0BD@CJEPBACF@DM_GETCONSTTEXTPTR?$AA@ 100045fc     flags.obj
 0001:00003610       ??_C@_0BD@HOOHICEG@DM_GETDLGITEMSHORT?$AA@ 10004610     flags.obj
 0001:00003624       ??_C@_0BD@EMPBPAFP@DM_SETDLGITEMSHORT?$AA@ 10004624     flags.obj
 0001:00003638       ??_C@_0BB@GAPFMPKE@DM_GETDIALOGINFO?$AA@ 10004638     flags.obj
 0001:0000364c       ??_C@_0BC@KJOLMFGG@DM_GETDIALOGTITLE?$AA@ 1000464c     flags.obj
 0001:00003660       ??_C@_08COMJOMAC@DN_FIRST?$AA@ 10004660     flags.obj
 0001:0000366c       ??_C@_0M@NNNAPNMA@DN_BTNCLICK?$AA@ 1000466c     flags.obj
 0001:00003678       ??_C@_0BC@MJFJAANN@DN_CTLCOLORDIALOG?$AA@ 10004678     flags.obj
 0001:0000368c       ??_C@_0BD@HFGBIBBL@DN_CTLCOLORDLGITEM?$AA@ 1000468c     flags.obj
 0001:000036a0       ??_C@_0BD@JMFJPHPD@DN_CTLCOLORDLGLIST?$AA@ 100046a0     flags.obj
 0001:000036b4       ??_C@_0O@NKBDPILK@DN_DRAWDIALOG?$AA@ 100046b4     flags.obj
 0001:000036c4       ??_C@_0P@KGKEDPBI@DN_DRAWDLGITEM?$AA@ 100046c4     flags.obj
 0001:000036d4       ??_C@_0O@JMKNGFLE@DN_EDITCHANGE?$AA@ 100046d4     flags.obj
 0001:000036e4       ??_C@_0N@OCGKCPJF@DN_ENTERIDLE?$AA@ 100046e4     flags.obj
 0001:000036f4       ??_C@_0M@JHFIBKOO@DN_GOTFOCUS?$AA@ 100046f4     flags.obj
 0001:00003700       ??_C@_07NJJEMKPA@DN_HELP?$AA@ 10004700     flags.obj
 0001:00003708       ??_C@_09EDGJFAK@DN_HOTKEY?$AA@ 10004708     flags.obj
 0001:00003714       ??_C@_0O@BJECHBCA@DN_INITDIALOG?$AA@ 10004714     flags.obj
 0001:00003724       ??_C@_0N@CHLLLNBO@DN_KILLFOCUS?$AA@ 10004724     flags.obj
 0001:00003734       ??_C@_0O@CLPABIGO@DN_LISTCHANGE?$AA@ 10004734     flags.obj
 0001:00003744       ??_C@_0L@MLMFBHN@DN_DRAGGED?$AA@ 10004744     flags.obj
 0001:00003750       ??_C@_0BB@BOOOCAEG@DN_RESIZECONSOLE?$AA@ 10004750     flags.obj
 0001:00003764       ??_C@_0BC@FHPPFLKG@DN_DRAWDIALOGDONE?$AA@ 10004764     flags.obj
 0001:00003778       ??_C@_0O@EONPBNNP@DN_LISTHOTKEY?$AA@ 10004778     flags.obj
 0001:00003788       ??_C@_08MDDLDGPO@DN_INPUT?$AA@ 10004788     flags.obj
 0001:00003794       ??_C@_0BA@FGOGLDBC@DN_CONTROLINPUT?$AA@ 10004794     flags.obj
 0001:000037a4       ??_C@_08EHEOFOJD@DN_CLOSE?$AA@ 100047a4     flags.obj
 0001:000037b0       ??_C@_0M@POIFBPFN@DN_GETVALUE?$AA@ 100047b0     flags.obj
 0001:000037bc       ??_C@_0BC@MHCBFAAO@DN_DROPDOWNOPENED?$AA@ 100047bc     flags.obj
 0001:000037d0       ??_C@_0BD@NGEKAPIF@DN_DRAWDLGITEMDONE?$AA@ 100047d0     flags.obj
 0001:000037e4       ??_C@_07DIJJNCBA@DM_USER?$AA@ 100047e4     flags.obj
 0001:000037ec       ??_C@_0BB@HLBBGMAN@BSTATE_UNCHECKED?$AA@ 100047ec     flags.obj
 0001:00003800       ??_C@_0P@FALAMPGP@BSTATE_CHECKED?$AA@ 10004800     flags.obj
 0001:00003810       ??_C@_0O@KBIFGGHO@BSTATE_3STATE?$AA@ 10004810     flags.obj
 0001:00003820       ??_C@_0O@ILJOJGLD@BSTATE_TOGGLE?$AA@ 10004820     flags.obj
 0001:00003830       ??_C@_08PPADCPCM@CBET_KEY?$AA@ 10004830     flags.obj
 0001:0000383c       ??_C@_0L@KHCLMGFJ@CBET_MOUSE?$AA@ 1000483c     flags.obj
 0001:00003848       ??_C@_0BA@KNHGEBNE@PTYPE_FILEPANEL?$AA@ 10004848     flags.obj
 0001:00003858       ??_C@_0BA@LPPHNHIG@PTYPE_TREEPANEL?$AA@ 10004858     flags.obj
 0001:00003868       ??_C@_0BB@JBINOKAI@PTYPE_QVIEWPANEL?$AA@ 10004868     flags.obj
 0001:0000387c       ??_C@_0BA@NKMDEBG@PTYPE_INFOPANEL?$AA@ 1000487c     flags.obj
 0001:0000388c       ??_C@_0L@OPHJOKKE@SM_DEFAULT?$AA@ 1000488c     flags.obj
 0001:00003898       ??_C@_0M@JGBFGGEA@SM_UNSORTED?$AA@ 10004898     flags.obj
 0001:000038a4       ??_C@_07KIFHAGIL@SM_NAME?$AA@ 100048a4     flags.obj
 0001:000038ac       ??_C@_06GJJJNNFE@SM_EXT?$AA@ 100048ac     flags.obj
 0001:000038b4       ??_C@_08FICJBKFN@SM_MTIME?$AA@ 100048b4     flags.obj
 0001:000038c0       ??_C@_08GCCDHLCN@SM_CTIME?$AA@ 100048c0     flags.obj
 0001:000038cc       ??_C@_08CPOLNKCG@SM_ATIME?$AA@ 100048cc     flags.obj
 0001:000038d8       ??_C@_07OMPKMIKC@SM_SIZE?$AA@ 100048d8     flags.obj
 0001:000038e0       ??_C@_08BCBPOLMA@SM_DESCR?$AA@ 100048e0     flags.obj
 0001:000038ec       ??_C@_08MEAGCMBB@SM_OWNER?$AA@ 100048ec     flags.obj
 0001:000038f8       ??_C@_0BC@NKDBNAHD@SM_COMPRESSEDSIZE?$AA@ 100048f8     flags.obj
 0001:0000390c       ??_C@_0M@PKNLKFI@SM_NUMLINKS?$AA@ 1000490c     flags.obj
 0001:00003918       ??_C@_0O@CCKEKPHL@SM_NUMSTREAMS?$AA@ 10004918     flags.obj
 0001:00003928       ??_C@_0P@PKGMDPMD@SM_STREAMSSIZE?$AA@ 10004928     flags.obj
 0001:00003938       ??_C@_0M@OAFEBGNH@SM_FULLNAME?$AA@ 10004938     flags.obj
 0001:00003944       ??_C@_09KFKGJDHC@SM_CHTIME?$AA@ 10004944     flags.obj
 0001:00003950       ??_C@_08DOEDKINA@SM_COUNT?$AA@ 10004950     flags.obj
 0001:0000395c       ??_C@_0P@FEMAMJLE@EEC_OPEN_ERROR?$AA@ 1000495c     flags.obj
 0001:0000396c       ??_C@_0N@GLMELIKF@EEC_MODIFIED?$AA@ 1000496c     flags.obj
 0001:0000397c       ??_C@_0BB@HALKEFOL@EEC_NOT_MODIFIED?$AA@ 1000497c     flags.obj
 0001:00003990       ??_C@_0BI@CNPFKHKO@EEC_LOADING_INTERRUPTED?$AA@ 10004990     flags.obj
 0001:000039a8       ??_C@_0BK@PHBCABMB@ACTL_GETFARMANAGERVERSION?$AA@ 100049a8     flags.obj
 0001:000039c4       ??_C@_0N@DPABJDML@ACTL_WAITKEY?$AA@ 100049c4     flags.obj
 0001:000039d4       ??_C@_0O@CEHHJAFD@ACTL_GETCOLOR?$AA@ 100049d4     flags.obj
 0001:000039e4       ??_C@_0BD@OKPAACIK@ACTL_GETARRAYCOLOR?$AA@ 100049e4     flags.obj
 0001:000039f8       ??_C@_0BD@DIFEEKNN@ACTL_GETWINDOWINFO?$AA@ 100049f8     flags.obj
 0001:00003a0c       ??_C@_0BE@PJBIPKOD@ACTL_GETWINDOWCOUNT?$AA@ 10004a0c     flags.obj
 0001:00003a20       ??_C@_0BG@MNKPOEEN@ACTL_SETCURRENTWINDOW?$AA@ 10004a20     flags.obj
 0001:00003a38       ??_C@_0M@IHHFGPPA@ACTL_COMMIT?$AA@ 10004a38     flags.obj
 0001:00003a44       ??_C@_0BA@CLHFKJJP@ACTL_GETFARHWND?$AA@ 10004a44     flags.obj
 0001:00003a54       ??_C@_0BD@JFOOLBPN@ACTL_SETARRAYCOLOR?$AA@ 10004a54     flags.obj
 0001:00003a68       ??_C@_0P@JECKFIA@ACTL_REDRAWALL?$AA@ 10004a68     flags.obj
 0001:00003a78       ??_C@_0N@DHPLJLHO@ACTL_SYNCHRO?$AA@ 10004a78     flags.obj
 0001:00003a88       ??_C@_0BG@IJPADENB@ACTL_SETPROGRESSSTATE?$AA@ 10004a88     flags.obj
 0001:00003aa0       ??_C@_0BG@ICJFAPHK@ACTL_SETPROGRESSVALUE?$AA@ 10004aa0     flags.obj
 0001:00003ab8       ??_C@_09HNDBKLDC@ACTL_QUIT?$AA@ 10004ab8     flags.obj
 0001:00003ac4       ??_C@_0BA@LJCPDIKK@ACTL_GETFARRECT?$AA@ 10004ac4     flags.obj
 0001:00003ad4       ??_C@_0BC@FELBEIDG@ACTL_GETCURSORPOS?$AA@ 10004ad4     flags.obj
 0001:00003ae8       ??_C@_0BC@CAAPIEHK@ACTL_SETCURSORPOS?$AA@ 10004ae8     flags.obj
 0001:00003afc       ??_C@_0BE@NPJGMDBM@ACTL_PROGRESSNOTIFY?$AA@ 10004afc     flags.obj
 0001:00003b10       ??_C@_0BD@IPKOEBIA@ACTL_GETWINDOWTYPE?$AA@ 10004b10     flags.obj
 0001:00003b24       ??_C@_09CEDFMINA@MSSC_POST?$AA@ 10004b24     flags.obj
 0001:00003b30       ??_C@_0L@MOADGAEB@MSSC_CHECK?$AA@ 10004b30     flags.obj
 0001:00003b3c       ??_C@_0BA@MMOAIEKP@MACROAREA_OTHER?$AA@ 10004b3c     flags.obj
 0001:00003b4c       ??_C@_0BA@DEBOOAEB@MACROAREA_SHELL?$AA@ 10004b4c     flags.obj
 0001:00003b5c       ??_C@_0BB@JIMPEHCD@MACROAREA_VIEWER?$AA@ 10004b5c     flags.obj
 0001:00003b70       ??_C@_0BB@KILFBFJH@MACROAREA_EDITOR?$AA@ 10004b70     flags.obj
 0001:00003b84       ??_C@_0BB@CADENPFI@MACROAREA_DIALOG?$AA@ 10004b84     flags.obj
 0001:00003b98       ??_C@_0BB@MLMLHIGE@MACROAREA_SEARCH?$AA@ 10004b98     flags.obj
 0001:00003bac       ??_C@_0BA@KKMKOLIK@MACROAREA_DISKS?$AA@ 10004bac     flags.obj
 0001:00003bbc       ??_C@_0BD@IGOOIJP@MACROAREA_MAINMENU?$AA@ 10004bbc     flags.obj
 0001:00003bd0       ??_C@_0P@LFLMAHBF@MACROAREA_MENU?$AA@ 10004bd0     flags.obj
 0001:00003be0       ??_C@_0P@DKPKIEO@MACROAREA_HELP?$AA@ 10004be0     flags.obj
 0001:00003bf0       ??_C@_0BE@MDJPICHC@MACROAREA_INFOPANEL?$AA@ 10004bf0     flags.obj
 0001:00003c04       ??_C@_0BF@NLJMHMPP@MACROAREA_QVIEWPANEL?$AA@ 10004c04     flags.obj
 0001:00003c1c       ??_C@_0BE@HBMEGBOC@MACROAREA_TREEPANEL?$AA@ 10004c1c     flags.obj
 0001:00003c30       ??_C@_0BF@FCHKCGLL@MACROAREA_FINDFOLDER?$AA@ 10004c30     flags.obj
 0001:00003c48       ??_C@_0BD@JCFMJGDE@MACROAREA_USERMENU?$AA@ 10004c48     flags.obj
 0001:00003c5c       ??_C@_0BO@OMLEPJPM@MACROAREA_SHELLAUTOCOMPLETION?$AA@ 10004c5c     flags.obj
 0001:00003c7c       ??_C@_0BP@OIHAIGBK@MACROAREA_DIALOGAUTOCOMPLETION?$AA@ 10004c7c     flags.obj
 0001:00003c9c       ??_C@_0BB@JPEEDDOG@MACROAREA_COMMON?$AA@ 10004c9c     flags.obj
 0001:00003cb0       ??_C@_0BD@DIKEKAIJ@MACROSTATE_NOMACRO?$AA@ 10004cb0     flags.obj
 0001:00003cc4       ??_C@_0BF@PCDEFEGP@MACROSTATE_EXECUTING?$AA@ 10004cc4     flags.obj
 0001:00003cdc       ??_C@_0BM@EJOFDENO@MACROSTATE_EXECUTING_COMMON?$AA@ 10004cdc     flags.obj
 0001:00003cf8       ??_C@_0BF@BGODKPBB@MACROSTATE_RECORDING?$AA@ 10004cf8     flags.obj
 0001:00003d10       ??_C@_0BM@OICPADFE@MACROSTATE_RECORDING_COMMON?$AA@ 10004d10     flags.obj
 0001:00003d2c       ??_C@_0N@CGFFMLBC@MPEC_SUCCESS?$AA@ 10004d2c     flags.obj
 0001:00003d3c       ??_C@_0L@FJDDLDNN@MPEC_ERROR?$AA@ 10004d3c     flags.obj
 0001:00003d48       ??_C@_0N@IBOAADDD@FMVT_UNKNOWN?$AA@ 10004d48     flags.obj
 0001:00003d58       ??_C@_0N@BDMFKEKE@FMVT_INTEGER?$AA@ 10004d58     flags.obj
 0001:00003d68       ??_C@_0M@LFMLDDKI@FMVT_STRING?$AA@ 10004d68     flags.obj
 0001:00003d74       ??_C@_0M@CKDAIOEN@FMVT_DOUBLE?$AA@ 10004d74     flags.obj
 0001:00003d80       ??_C@_0N@MHKOBOGF@FMVT_BOOLEAN?$AA@ 10004d80     flags.obj
 0001:00003d90       ??_C@_0M@GKPDICDA@FMVT_BINARY?$AA@ 10004d90     flags.obj
 0001:00003d9c       ??_C@_0N@FMHCFNDF@FMVT_POINTER?$AA@ 10004d9c     flags.obj
 0001:00003dac       ??_C@_08DDPDBBNO@FMVT_NIL?$AA@ 10004dac     flags.obj
 0001:00003db8       ??_C@_0L@DJIKMOJA@FMVT_ARRAY?$AA@ 10004db8     flags.obj
 0001:00003dc4       ??_C@_0L@PMDDFEBD@FMVT_PANEL?$AA@ 10004dc4     flags.obj
 0001:00003dd0       ??_C@_0O@DCGKMPOM@WTYPE_DESKTOP?$AA@ 10004dd0     flags.obj
 0001:00003de0       ??_C@_0N@FNCFCPIG@WTYPE_PANELS?$AA@ 10004de0     flags.obj
 0001:00003df0       ??_C@_0N@EJKMDMBK@WTYPE_VIEWER?$AA@ 10004df0     flags.obj
 0001:00003e00       ??_C@_0N@HJNGGOKO@WTYPE_EDITOR?$AA@ 10004e00     flags.obj
 0001:00003e10       ??_C@_0N@PBFHKEGB@WTYPE_DIALOG?$AA@ 10004e10     flags.obj
 0001:00003e20       ??_C@_0M@OMKLELFA@WTYPE_VMENU?$AA@ 10004e20     flags.obj
 0001:00003e2c       ??_C@_0L@BCEMNGOG@WTYPE_HELP?$AA@ 10004e2c     flags.obj
 0001:00003e38       ??_C@_0P@MMIDEOJJ@WTYPE_COMBOBOX?$AA@ 10004e38     flags.obj
 0001:00003e48       ??_C@_0BA@IPEAOBGN@TBPS_NOPROGRESS?$AA@ 10004e48     flags.obj
 0001:00003e58       ??_C@_0BD@HMEHMDAL@TBPS_INDETERMINATE?$AA@ 10004e58     flags.obj
 0001:00003e6c       ??_C@_0M@KHLNKPHE@TBPS_NORMAL?$AA@ 10004e6c     flags.obj
 0001:00003e78       ??_C@_0L@DFDPCOFD@TBPS_ERROR?$AA@ 10004e78     flags.obj
 0001:00003e84       ??_C@_0M@GHGAPHPP@TBPS_PAUSED?$AA@ 10004e84     flags.obj
 0001:00003e90       ??_C@_0O@MCNCFBLF@VSMT_VIEWMODE?$AA@ 10004e90     flags.obj
 0001:00003ea0       ??_C@_09FLKONCNO@VSMT_WRAP?$AA@ 10004ea0     flags.obj
 0001:00003eac       ??_C@_0O@INKALKJK@VSMT_WORDWRAP?$AA@ 10004eac     flags.obj
 0001:00003ebc       ??_C@_08FNEFFFEL@VMT_TEXT?$AA@ 10004ebc     flags.obj
 0001:00003ec8       ??_C@_07FLIHDEDA@VMT_HEX?$AA@ 10004ec8     flags.obj
 0001:00003ed0       ??_C@_08BDDNDBMJ@VMT_DUMP?$AA@ 10004ed0     flags.obj
 0001:00003edc       ??_C@_07OJCLGDHJ@VE_READ?$AA@ 10004edc     flags.obj
 0001:00003ee4       ??_C@_08JIBCCIDC@VE_CLOSE?$AA@ 10004ee4     flags.obj
 0001:00003ef0       ??_C@_0M@FEFKOOMJ@VE_GOTFOCUS?$AA@ 10004ef0     flags.obj
 0001:00003efc       ??_C@_0N@ICHCAKIB@VE_KILLFOCUS?$AA@ 10004efc     flags.obj
 0001:00003f0c       ??_C@_07BLBPFFLB@EE_READ?$AA@ 10004f0c     flags.obj
 0001:00003f14       ??_C@_07KJGPGPOC@EE_SAVE?$AA@ 10004f14     flags.obj
 0001:00003f1c       ??_C@_09NPOPIKMK@EE_REDRAW?$AA@ 10004f1c     flags.obj
 0001:00003f28       ??_C@_08NFPFGIG@EE_CLOSE?$AA@ 10004f28     flags.obj
 0001:00003f34       ??_C@_0M@CPNMNBMF@EE_GOTFOCUS?$AA@ 10004f34     flags.obj
 0001:00003f40       ??_C@_0N@ILLPMAJF@EE_KILLFOCUS?$AA@ 10004f40     flags.obj
 0001:00003f50       ??_C@_09MIOGFFI@EE_CHANGE?$AA@ 10004f50     flags.obj
 0001:00003f5c       ??_C@_0P@MBHAHBBG@DE_DLGPROCINIT?$AA@ 10004f5c     flags.obj
 0001:00003f6c       ??_C@_0BC@BMFEJAMO@DE_DEFDLGPROCINIT?$AA@ 10004f6c     flags.obj
 0001:00003f80       ??_C@_0O@ICBCOJCG@DE_DLGPROCEND?$AA@ 10004f80     flags.obj
 0001:00003f90       ??_C@_0BB@MNODJNPE@SE_COMMONSYNCHRO?$AA@ 10004f90     flags.obj
 0001:00003fa4       ??_C@_0N@HKGMPMJE@ESPT_TABSIZE?$AA@ 10004fa4     flags.obj
 0001:00003fb4       ??_C@_0BA@GOKHPFCK@ESPT_EXPANDTABS?$AA@ 10004fb4     flags.obj
 0001:00003fc4       ??_C@_0BA@KOADDMLI@ESPT_AUTOINDENT?$AA@ 10004fc4     flags.obj
 0001:00003fd4       ??_C@_0BF@LPNONOMF@ESPT_CURSORBEYONDEOL?$AA@ 10004fd4     flags.obj
 0001:00003fec       ??_C@_0BC@OECOCGLJ@ESPT_CHARCODEBASE?$AA@ 10004fec     flags.obj
 0001:00004000       ??_C@_0O@PIAOJINE@ESPT_CODEPAGE?$AA@ 10005000     flags.obj
 0001:00004010       ??_C@_0BG@HAPABMJH@ESPT_SAVEFILEPOSITION?$AA@ 10005010     flags.obj
 0001:00004028       ??_C@_0O@KCPDJCKC@ESPT_LOCKMODE?$AA@ 10005028     flags.obj
 0001:00004038       ??_C@_0BA@EIGIAOHM@ESPT_SETWORDDIV?$AA@ 10005038     flags.obj
 0001:00004048       ??_C@_0BA@FGEHLJDF@ESPT_GETWORDDIV?$AA@ 10005048     flags.obj
 0001:00004058       ??_C@_0BE@MACJBCFP@ESPT_SHOWWHITESPACE?$AA@ 10005058     flags.obj
 0001:0000406c       ??_C@_0M@FICNFPPA@ESPT_SETBOM?$AA@ 1000506c     flags.obj
 0001:00004078       ??_C@_09FLEMPKKP@EUR_BEGIN?$AA@ 10005078     flags.obj
 0001:00004084       ??_C@_07DDJDFJCN@EUR_END?$AA@ 10005084     flags.obj
 0001:0000408c       ??_C@_08FCONALGE@EUR_UNDO?$AA@ 1000508c     flags.obj
 0001:00004098       ??_C@_08DHMMFAHF@EUR_REDO?$AA@ 10005098     flags.obj
 0001:000040a4       ??_C@_0O@PKOIFEBO@EXPAND_NOTABS?$AA@ 100050a4     flags.obj
 0001:000040b4       ??_C@_0P@MLHPCNDM@EXPAND_ALLTABS?$AA@ 100050b4     flags.obj
 0001:000040c4       ??_C@_0P@OONGIIBL@EXPAND_NEWTABS?$AA@ 100050c4     flags.obj
 0001:000040d4       ??_C@_0BD@DKHPEOHH@EOPT_EXPANDALLTABS?$AA@ 100050d4     flags.obj
 0001:000040e8       ??_C@_0BG@BOINMDEK@EOPT_PERSISTENTBLOCKS?$AA@ 100050e8     flags.obj
 0001:00004100       ??_C@_0BG@PIIHHCAN@EOPT_DELREMOVESBLOCKS?$AA@ 10005100     flags.obj
 0001:00004118       ??_C@_0BA@KPJEAKBD@EOPT_AUTOINDENT?$AA@ 10005118     flags.obj
 0001:00004128       ??_C@_0BG@MBPADLG@EOPT_SAVEFILEPOSITION?$AA@ 10005128     flags.obj
 0001:00004140       ??_C@_0BI@PFHCGCAI@EOPT_AUTODETECTCODEPAGE?$AA@ 10005140     flags.obj
 0001:00004158       ??_C@_0BF@IMCOEIAL@EOPT_CURSORBEYONDEOL?$AA@ 10005158     flags.obj
 0001:00004170       ??_C@_0BH@CJPAGGLC@EOPT_EXPANDONLYNEWTABS?$AA@ 10005170     flags.obj
 0001:00004188       ??_C@_0BE@DDKCDJDC@EOPT_SHOWWHITESPACE?$AA@ 10005188     flags.obj
 0001:0000419c       ??_C@_08HMMLONBH@EOPT_BOM?$AA@ 1000519c     flags.obj
 0001:000041a8       ??_C@_0BD@CLLAKGOA@EOPT_SHOWLINEBREAK?$AA@ 100051a8     flags.obj
 0001:000041bc       ??_C@_0BC@JCJEPKEC@EOPT_SHOWTITLEBAR?$AA@ 100051bc     flags.obj
 0001:000041d0       ??_C@_0BA@KPGMOBKI@EOPT_SHOWKEYBAR?$AA@ 100051d0     flags.obj
 0001:000041e0       ??_C@_0BD@EFCFEAD@EOPT_SHOWSCROLLBAR?$AA@ 100051e0     flags.obj
 0001:000041f4       ??_C@_0L@BJCBJJNB@BTYPE_NONE?$AA@ 100051f4     flags.obj
 0001:00004200       ??_C@_0N@OPHHGFPF@BTYPE_STREAM?$AA@ 10005200     flags.obj
 0001:00004210       ??_C@_0N@EMEGNPLI@BTYPE_COLUMN?$AA@ 10005210     flags.obj
 0001:00004220       ??_C@_0BB@BNPDAPGB@ECSTATE_MODIFIED?$AA@ 10005220     flags.obj
 0001:00004234       ??_C@_0O@GBBGHDFM@ECSTATE_SAVED?$AA@ 10005234     flags.obj
 0001:00004244       ??_C@_0P@BECIAJAM@ECSTATE_LOCKED?$AA@ 10005244     flags.obj
 0001:00004254       ??_C@_0P@DOBJCNIG@ECTYPE_CHANGED?$AA@ 10005254     flags.obj
 0001:00004264       ??_C@_0N@MDEFMEEA@ECTYPE_ADDED?$AA@ 10005264     flags.obj
 0001:00004274       ??_C@_0P@NMOJJPOB@ECTYPE_DELETED?$AA@ 10005274     flags.obj
 0001:00004284       ??_C@_08HHHKLJPB@PLT_PATH?$AA@ 10005284     flags.obj
 0001:00004290       ??_C@_08KBAMIIFB@PFM_GUID?$AA@ 10005290     flags.obj
 0001:0000429c       ??_C@_0P@KKEMMPNI@PFM_MODULENAME?$AA@ 1000529c     flags.obj
 0001:000042ac       ??_C@_09BOODOHKD@FFT_PANEL?$AA@ 100052ac     flags.obj
 0001:000042b8       ??_C@_0N@GMEDAGNH@FFT_FINDFILE?$AA@ 100052b8     flags.obj
 0001:000042c8       ??_C@_08KKCPIPGP@FFT_COPY?$AA@ 100052c8     flags.obj
 0001:000042d4       ??_C@_0L@EKPDMFDD@FFT_SELECT?$AA@ 100052d4     flags.obj
 0001:000042e0       ??_C@_0L@LGPEDLLD@FFT_CUSTOM?$AA@ 100052e0     flags.obj
 0001:000042ec       ??_C@_0M@OIOMMFOE@FST_UNKNOWN?$AA@ 100052ec     flags.obj
 0001:000042f8       ??_C@_0L@GGGOEGKJ@FST_SUBKEY?$AA@ 100052f8     flags.obj
 0001:00004304       ??_C@_09LFEEAJIC@FST_QWORD?$AA@ 10005304     flags.obj
 0001:00004310       ??_C@_0L@LPMPBKDL@FST_STRING?$AA@ 10005310     flags.obj
 0001:0000431c       ??_C@_08EJJJCLIG@FST_DATA?$AA@ 1000531c     flags.obj
 0001:00004328       ??_C@_09OBBBBFPE@FSSF_ROOT?$AA@ 10005328     flags.obj
 0001:00004334       ??_C@_0BB@HDKCPBIO@FSSF_HISTORY_CMD?$AA@ 10005334     flags.obj
 0001:00004348       ??_C@_0BE@BLPOFODL@FSSF_HISTORY_FOLDER?$AA@ 10005348     flags.obj
 0001:0000435c       ??_C@_0BC@NJCJCCNH@FSSF_HISTORY_VIEW?$AA@ 1000535c     flags.obj
 0001:00004370       ??_C@_0BC@CODELNPP@FSSF_HISTORY_EDIT?$AA@ 10005370     flags.obj
 0001:00004384       ??_C@_0BG@IFGEMJIF@FSSF_HISTORY_EXTERNAL?$AA@ 10005384     flags.obj
 0001:0000439c       ??_C@_0BG@DGAKDKFK@FSSF_FOLDERSHORTCUT_0?$AA@ 1000539c     flags.obj
 0001:000043b4       ??_C@_0BG@CPBBALBL@FSSF_FOLDERSHORTCUT_1?$AA@ 100053b4     flags.obj
 0001:000043cc       ??_C@_0BG@EDMFINI@FSSF_FOLDERSHORTCUT_2?$AA@ 100053cc     flags.obj
 0001:000043e4       ??_C@_0BG@BNCHGJJJ@FSSF_FOLDERSHORTCUT_3?$AA@ 100053e4     flags.obj
 0001:000043fc       ??_C@_0BG@FCGGPPFO@FSSF_FOLDERSHORTCUT_4?$AA@ 100053fc     flags.obj
 0001:00004414       ??_C@_0BG@ELHNMOBP@FSSF_FOLDERSHORTCUT_5?$AA@ 10005414     flags.obj
 0001:0000442c       ??_C@_0BG@GAFAJNNM@FSSF_FOLDERSHORTCUT_6?$AA@ 1000542c     flags.obj
 0001:00004444       ??_C@_0BG@HJELKMJN@FSSF_FOLDERSHORTCUT_7?$AA@ 10005444     flags.obj
 0001:0000445c       ??_C@_0BG@PONDLAFC@FSSF_FOLDERSHORTCUT_8?$AA@ 1000545c     flags.obj
 0001:00004474       ??_C@_0BG@OHMIIBBD@FSSF_FOLDERSHORTCUT_9?$AA@ 10005474     flags.obj
 0001:0000448c       ??_C@_0BD@PBIEGEHP@FSSF_CONFIRMATIONS?$AA@ 1000548c     flags.obj
 0001:000044a0       ??_C@_0M@PIGDMPJB@FSSF_SYSTEM?$AA@ 100054a0     flags.obj
 0001:000044ac       ??_C@_0L@LBFNJGFB@FSSF_PANEL?$AA@ 100054ac     flags.obj
 0001:000044b8       ??_C@_0M@KJLIHDEL@FSSF_EDITOR?$AA@ 100054b8     flags.obj
 0001:000044c4       ??_C@_0M@KEMGKEOF@FSSF_SCREEN?$AA@ 100054c4     flags.obj
 0001:000044d0       ??_C@_0M@CBDJLJIE@FSSF_DIALOG?$AA@ 100054d0     flags.obj
 0001:000044dc       ??_C@_0P@OCDADNBF@FSSF_INTERFACE?$AA@ 100054dc     flags.obj
 0001:000044ec       ??_C@_0BB@GBBEBNKE@FSSF_PANELLAYOUT?$AA@ 100054ec     flags.obj
 0001:00004500       ??_C@_0M@JCGHGLJF@PSL_ROAMING?$AA@ 10005500     flags.obj
 0001:0000450c       ??_C@_09EDBNDHCM@PSL_LOCAL?$AA@ 1000550c     flags.obj
 0001:00004518       ??_C@_07BPEFOPGM@FCT_ANY?$AA@ 10005518     flags.obj
 0001:00004520       ??_C@_0L@CDAEILNM@FCT_STREAM?$AA@ 10005520     flags.obj
 0001:0000452c       ??_C@_0L@IADFDBJB@FCT_COLUMN?$AA@ 1000552c     flags.obj
 0001:00004538       ??_C@_0O@KJFMBLFE@LINK_HARDLINK?$AA@ 10005538     flags.obj
 0001:00004548       ??_C@_0O@OOAFIIDA@LINK_JUNCTION?$AA@ 10005548     flags.obj
 0001:00004558       ??_C@_0O@FIAPLKLH@LINK_VOLMOUNT?$AA@ 10005558     flags.obj
 0001:00004568       ??_C@_0BB@JDBEPJDK@LINK_SYMLINKFILE?$AA@ 10005568     flags.obj
 0001:0000457c       ??_C@_0BA@GFPIOFMG@LINK_SYMLINKDIR?$AA@ 1000557c     flags.obj
 0001:0000458c       ??_C@_0N@PJENIJFN@LINK_SYMLINK?$AA@ 1000558c     flags.obj
 0001:0000459c       ??_C@_08HNOHKPBK@CPM_FULL?$AA@ 1000559c     flags.obj
 0001:000045a8       ??_C@_08LAEGFKJE@CPM_REAL?$AA@ 100055a8     flags.obj
 0001:000045b4       ??_C@_0L@NPJNPCJM@CPM_NATIVE?$AA@ 100055b4     flags.obj
 0001:000045c0       ??_C@_0L@NCFOENCC@VS_RELEASE?$AA@ 100055c0     flags.obj
 0001:000045cc       ??_C@_08BDGLHPMJ@VS_ALPHA?$AA@ 100055cc     flags.obj
 0001:000045d8       ??_C@_07OKFPMINB@VS_BETA?$AA@ 100055d8     flags.obj
 0001:000045e0       ??_C@_05MMFLPJEB@VS_RC?$AA@ 100055e0     flags.obj
 0001:000045e8       ??_C@_0BC@OOKLINPG@OPEN_LEFTDISKMENU?$AA@ 100055e8     flags.obj
 0001:000045fc       ??_C@_0BB@CEFDHHLF@OPEN_PLUGINSMENU?$AA@ 100055fc     flags.obj
 0001:00004610       ??_C@_0O@IEJHJCNB@OPEN_FINDLIST?$AA@ 10005610     flags.obj
 0001:00004620       ??_C@_0O@OGDCDPNG@OPEN_SHORTCUT?$AA@ 10005620     flags.obj
 0001:00004630       ??_C@_0BB@JHCCMIPF@OPEN_COMMANDLINE?$AA@ 10005630     flags.obj
 0001:00004644       ??_C@_0M@DMJLHMGM@OPEN_EDITOR?$AA@ 10005644     flags.obj
 0001:00004650       ??_C@_0M@MOBCONI@OPEN_VIEWER?$AA@ 10005650     flags.obj
 0001:0000465c       ??_C@_0P@LCDNLGDE@OPEN_FILEPANEL?$AA@ 1000565c     flags.obj
 0001:0000466c       ??_C@_0M@LEBKLGKD@OPEN_DIALOG?$AA@ 1000566c     flags.obj
 0001:00004678       ??_C@_0N@CBHPGAKB@OPEN_ANALYSE?$AA@ 10005678     flags.obj
 0001:00004688       ??_C@_0BD@NFNGGFHI@OPEN_RIGHTDISKMENU?$AA@ 10005688     flags.obj
 0001:0000469c       ??_C@_0P@FOKOAMLC@OPEN_FROMMACRO?$AA@ 1000569c     flags.obj
 0001:000046ac       ??_C@_0O@NEDDJIHC@OPEN_LUAMACRO?$AA@ 100056ac     flags.obj
 0001:000046bc       ??_C@_0P@GBMLNMMI@MCT_MACROPARSE?$AA@ 100056bc     flags.obj
 0001:000046cc       ??_C@_0P@GNPFPCF@MCT_LOADMACROS?$AA@ 100056cc     flags.obj
 0001:000046dc       ??_C@_0P@HMDDACMI@MCT_ENUMMACROS?$AA@ 100056dc     flags.obj
 0001:000046ec       ??_C@_0BA@MOCJHMJK@MCT_WRITEMACROS?$AA@ 100056ec     flags.obj
 0001:000046fc       ??_C@_0N@IGJGAHKE@MCT_GETMACRO?$AA@ 100056fc     flags.obj
 0001:0000470c       ??_C@_0BC@NFGGBILF@MCT_RECORDEDMACRO?$AA@ 1000570c     flags.obj
 0001:00004720       ??_C@_0N@OLCKOJMI@MCT_DELMACRO?$AA@ 10005720     flags.obj
 0001:00004730       ??_C@_0BC@NALHIHJ@MCT_RUNSTARTMACRO?$AA@ 10005730     flags.obj
 0001:00004744       ??_C@_0P@HOMHAEFB@MCT_EXECSTRING?$AA@ 10005744     flags.obj
 0001:00004754       ??_C@_0O@CDBDPKIC@MCT_PANELSORT?$AA@ 10005754     flags.obj
 0001:00004764       ??_C@_0BH@PKKJIOHM@MCT_GETCUSTOMSORTMODES?$AA@ 10005764     flags.obj
 0001:0000477c       ??_C@_0N@FOPIOCHO@MCT_ADDMACRO?$AA@ 1000577c     flags.obj
 0001:0000478c       ??_C@_0N@BHFJFHA@MCT_KEYMACRO?$AA@ 1000578c     flags.obj
 0001:0000479c       ??_C@_0BB@LPDAOGB@MCT_CANPANELSORT?$AA@ 1000579c     flags.obj
 0001:000047b0       ??_C@_0BC@IOECJI@MPRT_NORMALFINISH?$AA@ 100057b0     flags.obj
 0001:000047c4       ??_C@_0BB@PMCBIGCA@MPRT_ERRORFINISH?$AA@ 100057c4     flags.obj
 0001:000047d8       ??_C@_0BA@BCBAEEOI@MPRT_ERRORPARSE?$AA@ 100057d8     flags.obj
 0001:000047e8       ??_C@_09EJDAADCN@MPRT_KEYS?$AA@ 100057e8     flags.obj
 0001:000047f4       ??_C@_0L@GEHHCKFA@MPRT_PRINT?$AA@ 100057f4     flags.obj
 0001:00004800       ??_C@_0BA@OBIDLEIM@MPRT_PLUGINCALL?$AA@ 10005800     flags.obj
 0001:00004810       ??_C@_0BA@EJFFOAMM@MPRT_PLUGINMENU?$AA@ 10005810     flags.obj
 0001:00004820       ??_C@_0BC@LEDOPMKI@MPRT_PLUGINCONFIG?$AA@ 10005820     flags.obj
 0001:00004834       ??_C@_0BD@HHINMPPI@MPRT_PLUGINCOMMAND?$AA@ 10005834     flags.obj
 0001:00004848       ??_C@_0O@IEMNLPAB@MPRT_USERMENU?$AA@ 10005848     flags.obj
 0001:00004858       ??_C@_0BA@GEAFHJNF@MPRT_HASNOMACRO?$AA@ 10005858     flags.obj
 0001:00004868       ??_C@_0BC@PNCKAHJO@FE_CHANGEVIEWMODE?$AA@ 10005868     flags.obj
 0001:0000487c       ??_C@_09DENIDBMJ@FE_REDRAW?$AA@ 1000587c     flags.obj
 0001:00004888       ??_C@_07CLNPDBLG@FE_IDLE?$AA@ 10005888     flags.obj
 0001:00004890       ??_C@_08DENCGKED@FE_CLOSE?$AA@ 10005890     flags.obj
 0001:0000489c       ??_C@_08MOMCCKPB@FE_BREAK?$AA@ 1000589c     flags.obj
 0001:000048a8       ??_C@_0L@LELAIPLL@FE_COMMAND?$AA@ 100058a8     flags.obj
 0001:000048b4       ??_C@_0M@FIECADDF@FE_GOTFOCUS?$AA@ 100058b4     flags.obj
 0001:000048c0       ??_C@_0N@DGHFKMFL@FE_KILLFOCUS?$AA@ 100058c0     flags.obj
 0001:000048d0       ??_C@_0BE@PONEECEM@FE_CHANGESORTPARAMS?$AA@ 100058d0     flags.obj
 0001:000048e4       ??_C@_0M@HNDHDHHO@FCF_FG_4BIT?$AA@ 100058e4     flags.obj
 0001:000048f0       ??_C@_0M@PJHNDJIE@FCF_BG_4BIT?$AA@ 100058f0     flags.obj
 0001:000048fc       ??_C@_0N@HMKJBHOA@FCF_4BITMASK?$AA@ 100058fc     flags.obj
 0001:0000490c       ??_C@_0BB@PJFLJJLD@FCF_RAWATTR_MASK?$AA@ 1000590c     flags.obj
 0001:00004920       ??_C@_0BC@NKBLNNIA@FCF_EXTENDEDFLAGS?$AA@ 10005920     flags.obj
 0001:00004934       ??_C@_0M@LFMGCKHG@FCF_FG_BOLD?$AA@ 10005934     flags.obj
 0001:00004940       ??_C@_0O@FAPDECBF@FCF_FG_ITALIC?$AA@ 10005940     flags.obj
 0001:00004950       ??_C@_0BB@NPEFGEGA@FCF_FG_UNDERLINE?$AA@ 10005950     flags.obj
 0001:00004964       ??_C@_0O@LGBGBIGB@FCF_STYLEMASK?$AA@ 10005964     flags.obj
 0001:00004974       ??_C@_08BKNBBLHK@FCF_NONE?$AA@ 10005974     flags.obj
 0001:00004980       ??_C@_08FKIDFHCM@CDF_NONE?$AA@ 10005980     flags.obj
 0001:0000498c       ??_C@_0N@ELMEMNDH@FMSG_WARNING?$AA@ 1000598c     flags.obj
 0001:0000499c       ??_C@_0P@HHIGLJAP@FMSG_ERRORTYPE?$AA@ 1000599c     flags.obj
 0001:000049ac       ??_C@_0BE@FHOOILPH@FMSG_KEEPBACKGROUND?$AA@ 100059ac     flags.obj
 0001:000049c0       ??_C@_0P@KBEMNNEP@FMSG_LEFTALIGN?$AA@ 100059c0     flags.obj
 0001:000049d0       ??_C@_0O@FOIOKDHJ@FMSG_ALLINONE?$AA@ 100059d0     flags.obj
 0001:000049e0       ??_C@_0L@BGALGPOK@FMSG_MB_OK?$AA@ 100059e0     flags.obj
 0001:000049ec       ??_C@_0BB@JGAPGIEP@FMSG_MB_OKCANCEL?$AA@ 100059ec     flags.obj
 0001:00004a00       ??_C@_0BJ@BKJADAHA@FMSG_MB_ABORTRETRYIGNORE?$AA@ 10005a00     flags.obj
 0001:00004a1c       ??_C@_0O@GPCAPHCL@FMSG_MB_YESNO?$AA@ 10005a1c     flags.obj
 0001:00004a2c       ??_C@_0BE@IBNOLCGP@FMSG_MB_YESNOCANCEL?$AA@ 10005a2c     flags.obj
 0001:00004a40       ??_C@_0BE@OCLAIENB@FMSG_MB_RETRYCANCEL?$AA@ 10005a40     flags.obj
 0001:00004a54       ??_C@_09NEGPLEAH@FMSG_NONE?$AA@ 10005a54     flags.obj
 0001:00004a60       ??_C@_0N@DHJCDIKM@DIF_BOXCOLOR?$AA@ 10005a60     flags.obj
 0001:00004a70       ??_C@_09IAEPIICA@DIF_GROUP?$AA@ 10005a70     flags.obj
 0001:00004a7c       ??_C@_0N@GCKJNBCM@DIF_LEFTTEXT?$AA@ 10005a7c     flags.obj
 0001:00004a8c       ??_C@_0P@BGPBEDHH@DIF_MOVESELECT?$AA@ 10005a8c     flags.obj
 0001:00004a9c       ??_C@_0BC@PDKFKKEI@DIF_SHOWAMPERSAND?$AA@ 10005a9c     flags.obj
 0001:00004ab0       ??_C@_0BA@BLCOKAAO@DIF_CENTERGROUP?$AA@ 10005ab0     flags.obj
 0001:00004ac0       ??_C@_0P@MKFBJPOB@DIF_NOBRACKETS?$AA@ 10005ac0     flags.obj
 0001:00004ad0       ??_C@_0BF@JBCDBJCL@DIF_MANUALADDHISTORY?$AA@ 10005ad0     flags.obj
 0001:00004ae8       ??_C@_0O@JKNMBNLA@DIF_SEPARATOR?$AA@ 10005ae8     flags.obj
 0001:00004af8       ??_C@_0P@CGILDLOA@DIF_SEPARATOR2?$AA@ 10005af8     flags.obj
 0001:00004b08       ??_C@_0L@NBPFNGLB@DIF_EDITOR?$AA@ 10005b08     flags.obj
 0001:00004b14       ??_C@_0BE@PFICAGJF@DIF_LISTNOAMPERSAND?$AA@ 10005b14     flags.obj
 0001:00004b28       ??_C@_0O@FFJNBMAD@DIF_LISTNOBOX?$AA@ 10005b28     flags.obj
 0001:00004b38       ??_C@_0M@IPFBMFDN@DIF_HISTORY?$AA@ 10005b38     flags.obj
 0001:00004b44       ??_C@_0P@EGFAEEDC@DIF_BTNNOCLOSE?$AA@ 10005b44     flags.obj
 0001:00004b54       ??_C@_0P@KOJCCCGB@DIF_CENTERTEXT?$AA@ 10005b54     flags.obj
 0001:00004b64       ??_C@_0BC@ODEMBOPK@DIF_SEPARATORUSER?$AA@ 10005b64     flags.obj
 0001:00004b78       ??_C@_0O@IKJBMPOF@DIF_SETSHIELD?$AA@ 10005b78     flags.obj
 0001:00004b88       ??_C@_0P@EEJEDBLH@DIF_EDITEXPAND?$AA@ 10005b88     flags.obj
 0001:00004b98       ??_C@_0BB@EIMEKEFP@DIF_DROPDOWNLIST?$AA@ 10005b98     flags.obj
 0001:00004bac       ??_C@_0BD@MNGIOLFF@DIF_USELASTHISTORY?$AA@ 10005bac     flags.obj
 0001:00004bc0       ??_C@_0N@MOCGNIKC@DIF_MASKEDIT?$AA@ 10005bc0     flags.obj
 0001:00004bd0       ??_C@_0BD@LPDHCLJI@DIF_LISTTRACKMOUSE?$AA@ 10005bd0     flags.obj
 0001:00004be4       ??_C@_0BK@LEFIBDOA@DIF_LISTTRACKMOUSEINFOCUS?$AA@ 10005be4     flags.obj
 0001:00004c00       ??_C@_0BC@JNLDMGBD@DIF_SELECTONENTRY?$AA@ 10005c00     flags.obj
 0001:00004c14       ??_C@_0L@KKNJDNBK@DIF_3STATE?$AA@ 10005c14     flags.obj
 0001:00004c20       ??_C@_0N@GBGHICKO@DIF_EDITPATH?$AA@ 10005c20     flags.obj
 0001:00004c30       ??_C@_0BB@NPNALIGO@DIF_LISTWRAPMODE?$AA@ 10005c30     flags.obj
 0001:00004c44       ??_C@_0BD@MFOKKGGF@DIF_NOAUTOCOMPLETE?$AA@ 10005c44     flags.obj
 0001:00004c58       ??_C@_0BG@MONEJILE@DIF_LISTAUTOHIGHLIGHT?$AA@ 10005c58     flags.obj
 0001:00004c70       ??_C@_0BA@JNOKLHOL@DIF_LISTNOCLOSE?$AA@ 10005c70     flags.obj
 0001:00004c80       ??_C@_0BB@GMKDKOOP@DIF_EDITPATHEXEC?$AA@ 10005c80     flags.obj
 0001:00004c94       ??_C@_0L@EPNFOPAK@DIF_HIDDEN?$AA@ 10005c94     flags.obj
 0001:00004ca0       ??_C@_0N@KOGKCAKJ@DIF_READONLY?$AA@ 10005ca0     flags.obj
 0001:00004cb0       ??_C@_0M@NLLDINIM@DIF_NOFOCUS?$AA@ 10005cb0     flags.obj
 0001:00004cbc       ??_C@_0M@HCFLMDHK@DIF_DISABLE?$AA@ 10005cbc     flags.obj
 0001:00004cc8       ??_C@_0BC@CHAAKEJO@DIF_DEFAULTBUTTON?$AA@ 10005cc8     flags.obj
 0001:00004cdc       ??_C@_09LCJIOEMN@DIF_FOCUS?$AA@ 10005cdc     flags.obj
 0001:00004ce8       ??_C@_0O@KJADCBBN@DIF_RIGHTTEXT?$AA@ 10005ce8     flags.obj
 0001:00004cf8       ??_C@_0N@LAEOODAD@DIF_WORDWRAP?$AA@ 10005cf8     flags.obj
 0001:00004d08       ??_C@_08KFOHCPDE@DIF_NONE?$AA@ 10005d08     flags.obj
 0001:00004d14       ??_C@_0N@EDHAFIIL@LIF_SELECTED?$AA@ 10005d14     flags.obj
 0001:00004d24       ??_C@_0M@BMGIEAIL@LIF_CHECKED?$AA@ 10005d24     flags.obj
 0001:00004d30       ??_C@_0O@KJIFADIG@LIF_SEPARATOR?$AA@ 10005d30     flags.obj
 0001:00004d40       ??_C@_0M@HEFHLFIE@LIF_DISABLE?$AA@ 10005d40     flags.obj
 0001:00004d4c       ??_C@_0L@PKDDGEEG@LIF_GRAYED?$AA@ 10005d4c     flags.obj
 0001:00004d58       ??_C@_0L@PFBGAOEP@LIF_HIDDEN?$AA@ 10005d58     flags.obj
 0001:00004d64       ??_C@_0BD@HEPCOIEH@LIF_DELETEUSERDATA?$AA@ 10005d64     flags.obj
 0001:00004d78       ??_C@_08BODPINCM@LIF_NONE?$AA@ 10005d78     flags.obj
 0001:00004d84       ??_C@_0BC@BGAENNBJ@LIFIND_EXACTMATCH?$AA@ 10005d84     flags.obj
 0001:00004d98       ??_C@_0M@FPOGKIGO@LIFIND_NONE?$AA@ 10005d98     flags.obj
 0001:00004da4       ??_C@_0BA@OOIEKCFB@LINFO_SHOWNOBOX?$AA@ 10005da4     flags.obj
 0001:00004db4       ??_C@_0BE@DECCEGNO@LINFO_AUTOHIGHLIGHT?$AA@ 10005db4     flags.obj
 0001:00004dc8       ??_C@_0BH@BADLEILJ@LINFO_REVERSEHIGHLIGHT?$AA@ 10005dc8     flags.obj
 0001:00004de0       ??_C@_0P@KLBMHNCG@LINFO_WRAPMODE?$AA@ 10005de0     flags.obj
 0001:00004df0       ??_C@_0BE@OHJCOKAE@LINFO_SHOWAMPERSAND?$AA@ 10005df0     flags.obj
 0001:00004e04       ??_C@_0L@EPACPANF@LINFO_NONE?$AA@ 10005e04     flags.obj
 0001:00004e10       ??_C@_0N@OLGDMHKL@FDLG_WARNING?$AA@ 10005e10     flags.obj
 0001:00004e20       ??_C@_0BB@DKMEBDJJ@FDLG_SMALLDIALOG?$AA@ 10005e20     flags.obj
 0001:00004e34       ??_C@_0BC@ONGLDAJN@FDLG_NODRAWSHADOW?$AA@ 10005e34     flags.obj
 0001:00004e48       ??_C@_0BB@NPLEEAKK@FDLG_NODRAWPANEL?$AA@ 10005e48     flags.obj
 0001:00004e5c       ??_C@_0BG@GHNOOENB@FDLG_KEEPCONSOLETITLE?$AA@ 10005e5c     flags.obj
 0001:00004e74       ??_C@_09NNFHCBNL@FDLG_NONE?$AA@ 10005e74     flags.obj
 0001:00004e80       ??_C@_0N@JOOGIBAO@MIF_SELECTED?$AA@ 10005e80     flags.obj
 0001:00004e90       ??_C@_0M@IHMNAMOE@MIF_CHECKED?$AA@ 10005e90     flags.obj
 0001:00004e9c       ??_C@_0O@DEIKOCPA@MIF_SEPARATOR?$AA@ 10005e9c     flags.obj
 0001:00004eac       ??_C@_0M@OPPCPJOL@MIF_DISABLE?$AA@ 10005eac     flags.obj
 0001:00004eb8       ??_C@_0L@DLLNLLIG@MIF_GRAYED?$AA@ 10005eb8     flags.obj
 0001:00004ec4       ??_C@_0L@DEJINBIP@MIF_HIDDEN?$AA@ 10005ec4     flags.obj
 0001:00004ed0       ??_C@_08JEEJJGP@MIF_NONE?$AA@ 10005ed0     flags.obj
 0001:00004edc       ??_C@_0BE@FALMPPJK@FMENU_SHOWAMPERSAND?$AA@ 10005edc     flags.obj
 0001:00004ef0       ??_C@_0P@HICDNKDJ@FMENU_WRAPMODE?$AA@ 10005ef0     flags.obj
 0001:00004f00       ??_C@_0BE@IDAMFDEA@FMENU_AUTOHIGHLIGHT?$AA@ 10005f00     flags.obj
 0001:00004f14       ??_C@_0BL@OKAIKPMN@FMENU_REVERSEAUTOHIGHLIGHT?$AA@ 10005f14     flags.obj
 0001:00004f30       ??_C@_0BJ@FCEONOJC@FMENU_CHANGECONSOLETITLE?$AA@ 10005f30     flags.obj
 0001:00004f4c       ??_C@_0L@DGFIEOMD@FMENU_NONE?$AA@ 10005f4c     flags.obj
 0001:00004f58       ??_C@_0O@JEAJLDHC@PPIF_SELECTED?$AA@ 10005f58     flags.obj
 0001:00004f68       ??_C@_0BC@LPBDBIOM@PPIF_PROCESSDESCR?$AA@ 10005f68     flags.obj
 0001:00004f7c       ??_C@_09OIFMMGNJ@PPIF_NONE?$AA@ 10005f7c     flags.obj
 0001:00004f88       ??_C@_0BC@BONLDOOD@PFLAGS_SHOWHIDDEN?$AA@ 10005f88     flags.obj
 0001:00004f9c       ??_C@_0BB@BCAJEJEH@PFLAGS_HIGHLIGHT?$AA@ 10005f9c     flags.obj
 0001:00004fb0       ??_C@_0BI@BFAFODJ@PFLAGS_REVERSESORTORDER?$AA@ 10005fb0     flags.obj
 0001:00004fc8       ??_C@_0BF@KJNCJPKN@PFLAGS_USESORTGROUPS?$AA@ 10005fc8     flags.obj
 0001:00004fe0       ??_C@_0BF@LBBAIOCD@PFLAGS_SELECTEDFIRST?$AA@ 10005fe0     flags.obj
 0001:00004ff8       ??_C@_0BB@KDANIJNM@PFLAGS_REALNAMES?$AA@ 10005ff8     flags.obj
 0001:0000500c       ??_C@_0BD@MOODMDAB@PFLAGS_NUMERICSORT?$AA@ 1000600c     flags.obj
 0001:00005020       ??_C@_0BB@ILEHDKFJ@PFLAGS_PANELLEFT?$AA@ 10006020     flags.obj
 0001:00005034       ??_C@_0BI@EHHAJLOH@PFLAGS_DIRECTORIESFIRST?$AA@ 10006034     flags.obj
 0001:0000504c       ??_C@_0BA@KJEPHDOM@PFLAGS_USECRC32?$AA@ 1000604c     flags.obj
 0001:0000505c       ??_C@_0BJ@HJFOABKG@PFLAGS_CASESENSITIVESORT?$AA@ 1000605c     flags.obj
 0001:00005078       ??_C@_0O@DBPJGING@PFLAGS_PLUGIN?$AA@ 10006078     flags.obj
 0001:00005088       ??_C@_0P@MLDEBNPK@PFLAGS_VISIBLE?$AA@ 10006088     flags.obj
 0001:00005098       ??_C@_0N@EOFAELOJ@PFLAGS_FOCUS?$AA@ 10006098     flags.obj
 0001:000050a8       ??_C@_0BI@EOCCAHFA@PFLAGS_ALTERNATIVENAMES?$AA@ 100060a8     flags.obj
 0001:000050c0       ??_C@_0BA@GHMDCHHI@PFLAGS_SHORTCUT?$AA@ 100060c0     flags.obj
 0001:000050d0       ??_C@_0M@NEMAHHGP@PFLAGS_NONE?$AA@ 100060d0     flags.obj
 0001:000050dc       ??_C@_0M@IDNADAFL@VF_NONMODAL?$AA@ 100060dc     flags.obj
 0001:000050e8       ??_C@_0BB@OCDDPIKL@VF_DELETEONCLOSE?$AA@ 100060e8     flags.obj
 0001:000050fc       ??_C@_0N@LDHALKKM@VF_ENABLE_F6?$AA@ 100060fc     flags.obj
 0001:0000510c       ??_C@_0BC@DLGKMECC@VF_DISABLEHISTORY?$AA@ 1000610c     flags.obj
 0001:00005120       ??_C@_0BD@DHJCMLFI@VF_IMMEDIATERETURN?$AA@ 10006120     flags.obj
 0001:00005134       ??_C@_0BJ@OGNFHEJG@VF_DELETEONLYFILEONCLOSE?$AA@ 10006134     flags.obj
 0001:00005150       ??_C@_07CJJFHP@VF_NONE?$AA@ 10006150     flags.obj
 0001:00005158       ??_C@_0M@PIFGAPFH@EF_NONMODAL?$AA@ 10006158     flags.obj
 0001:00005164       ??_C@_0N@DBHFPBEO@EF_CREATENEW?$AA@ 10006164     flags.obj
 0001:00005174       ??_C@_0N@LKLNHALI@EF_ENABLE_F6?$AA@ 10006174     flags.obj
 0001:00005184       ??_C@_0BC@PPEPEFFI@EF_DISABLEHISTORY?$AA@ 10006184     flags.obj
 0001:00005198       ??_C@_0BB@KGPIDKFC@EF_DELETEONCLOSE?$AA@ 10006198     flags.obj
 0001:000051ac       ??_C@_0BD@IHIGHGPL@EF_IMMEDIATERETURN?$AA@ 100061ac     flags.obj
 0001:000051c0       ??_C@_0BJ@ILCPOFKL@EF_DELETEONLYFILEONCLOSE?$AA@ 100061c0     flags.obj
 0001:000051dc       ??_C@_09IJMPFPLB@EF_LOCKED?$AA@ 100061dc     flags.obj
 0001:000051e8       ??_C@_0BC@GFHJGKD@EF_DISABLESAVEPOS?$AA@ 100061e8     flags.obj
 0001:000051fc       ??_C@_0BB@NILAHAFO@EF_OPENMODE_MASK?$AA@ 100061fc     flags.obj
 0001:00005210       ??_C@_0BC@GAIDEJIA@EF_OPENMODE_QUERY?$AA@ 10006210     flags.obj
 0001:00005224       ??_C@_0BG@BFKJJBAG@EF_OPENMODE_NEWIFOPEN?$AA@ 10006224     flags.obj
 0001:0000523c       ??_C@_0BI@KGOKGPEI@EF_OPENMODE_USEEXISTING?$AA@ 1000623c     flags.obj
 0001:00005254       ??_C@_0BI@EJBKKDJ@EF_OPENMODE_BREAKIFOPEN?$AA@ 10006254     flags.obj
 0001:0000526c       ??_C@_0BJ@MOLGCBMH@EF_OPENMODE_RELOADIFOPEN?$AA@ 1000626c     flags.obj
 0001:00005288       ??_C@_07MBPCONNA@EN_NONE?$AA@ 10006288     flags.obj
 0001:00005290       ??_C@_0BC@HHNGCBAM@FHELP_NOSHOWERROR?$AA@ 10006290     flags.obj
 0001:000052a4       ??_C@_0P@GANNLHEJ@FHELP_SELFHELP?$AA@ 100062a4     flags.obj
 0001:000052b4       ??_C@_0O@FLGGLFLC@FHELP_FARHELP?$AA@ 100062b4     flags.obj
 0001:000052c4       ??_C@_0BB@KNKDPNI@FHELP_CUSTOMFILE?$AA@ 100062c4     flags.obj
 0001:000052d8       ??_C@_0BB@IHFFPJJA@FHELP_CUSTOMPATH?$AA@ 100062d8     flags.obj
 0001:000052ec       ??_C@_0L@OOIMFPBD@FHELP_GUID?$AA@ 100062ec     flags.obj
 0001:000052f8       ??_C@_0BC@PNPOIHMG@FHELP_USECONTENTS?$AA@ 100062f8     flags.obj
 0001:0000530c       ??_C@_0L@MAGMKNFN@FHELP_NONE?$AA@ 1000630c     flags.obj
 0001:00005318       ??_C@_0BE@GEGKIINM@KMFLAGS_SILENTCHECK?$AA@ 10006318     flags.obj
 0001:0000532c       ??_C@_0BM@BBOPLPKC@KMFLAGS_NOSENDKEYSTOPLUGINS?$AA@ 1000632c     flags.obj
 0001:00005348       ??_C@_0BF@PHHPAAOK@KMFLAGS_ENABLEOUTPUT?$AA@ 10006348     flags.obj
 0001:00005360       ??_C@_0BB@NCECNBPK@KMFLAGS_LANGMASK?$AA@ 10006360     flags.obj
 0001:00005374       ??_C@_0M@HFBACHCP@KMFLAGS_LUA?$AA@ 10006374     flags.obj
 0001:00005380       ??_C@_0BD@JHNPMIGP@KMFLAGS_MOONSCRIPT?$AA@ 10006380     flags.obj
 0001:00005394       ??_C@_0N@GIJCDFJI@KMFLAGS_NONE?$AA@ 10006394     flags.obj
 0001:000053a4       ??_C@_0O@GKOLBMFK@AKMFLAGS_NONE?$AA@ 100063a4     flags.obj
 0001:000053b4       ??_C@_0P@LMBMJIMF@FSETCLR_REDRAW?$AA@ 100063b4     flags.obj
 0001:000053c4       ??_C@_0N@LCOHPDHN@FSETCLR_NONE?$AA@ 100063c4     flags.obj
 0001:000053d4       ??_C@_0N@MLMCEKPH@WIF_MODIFIED?$AA@ 100063d4     flags.obj
 0001:000053e4       ??_C@_0M@ICPAPCOF@WIF_CURRENT?$AA@ 100063e4     flags.obj
 0001:000053f0       ??_C@_09FPGEBDGO@WIF_MODAL?$AA@ 100063f0     flags.obj
 0001:000053fc       ??_C@_08DAKKFBIA@WIF_NONE?$AA@ 100063fc     flags.obj
 0001:00005408       ??_C@_0BG@JMJAOELH@VOPT_SAVEFILEPOSITION?$AA@ 10006408     flags.obj
 0001:00005420       ??_C@_0BI@NCAHLEBN@VOPT_AUTODETECTCODEPAGE?$AA@ 10006420     flags.obj
 0001:00005438       ??_C@_0BC@FGLBHLDI@VOPT_SHOWTITLEBAR?$AA@ 10006438     flags.obj
 0001:0000544c       ??_C@_0BA@GAIDGLME@VOPT_SHOWKEYBAR?$AA@ 1000644c     flags.obj
 0001:0000545c       ??_C@_0BD@LEEGOJKA@VOPT_SHOWSCROLLBAR?$AA@ 1000645c     flags.obj
 0001:00005470       ??_C@_0P@NEIKPMJJ@VOPT_QUICKVIEW?$AA@ 10006470     flags.obj
 0001:00005480       ??_C@_09FIOJMNJ@VOPT_NONE?$AA@ 10006480     flags.obj
 0001:0000548c       ??_C@_0N@ILNDJNNO@VSMFL_REDRAW?$AA@ 1000648c     flags.obj
 0001:0000549c       ??_C@_0L@DLLCFLOD@VSMFL_NONE?$AA@ 1000649c     flags.obj
 0001:000054a8       ??_C@_0N@GHEHKHJN@VSP_NOREDRAW?$AA@ 100064a8     flags.obj
 0001:000054b8       ??_C@_0M@LHNGMHFO@VSP_PERCENT?$AA@ 100064b8     flags.obj
 0001:000054c4       ??_C@_0N@JGGGCNIP@VSP_RELATIVE?$AA@ 100064c4     flags.obj
 0001:000054d4       ??_C@_0BA@JKDMJLJG@VSP_NORETNEWPOS?$AA@ 100064d4     flags.obj
 0001:000054e4       ??_C@_08MOKEMBNE@VSP_NONE?$AA@ 100064e4     flags.obj
 0001:000054f0       ??_C@_08FAPBJAKB@VMF_WRAP?$AA@ 100064f0     flags.obj
 0001:000054fc       ??_C@_0N@GHBDMLON@VMF_WORDWRAP?$AA@ 100064fc     flags.obj
 0001:0000550c       ??_C@_08KDJLELDJ@VMF_NONE?$AA@ 1000650c     flags.obj
 0001:00005518       ??_C@_0BB@EDGIEBDF@ECF_TABMARKFIRST?$AA@ 10006518     flags.obj
 0001:0000552c       ??_C@_0BD@DKGCCJNG@ECF_TABMARKCURRENT?$AA@ 1000652c     flags.obj
 0001:00005540       ??_C@_0P@BAFEMBAJ@ECF_AUTODELETE?$AA@ 10006540     flags.obj
 0001:00005550       ??_C@_08CDFMCHLP@ECF_NONE?$AA@ 10006550     flags.obj
 0001:0000555c       ??_C@_0BA@KNNLMGCA@FIB_ENABLEEMPTY?$AA@ 1000655c     flags.obj
 0001:0000556c       ??_C@_0N@DLDJCGJI@FIB_PASSWORD?$AA@ 1000656c     flags.obj
 0001:0000557c       ??_C@_0O@DOHEGELC@FIB_EXPANDENV?$AA@ 1000657c     flags.obj
 0001:0000558c       ??_C@_0BF@CEMIHIOK@FIB_NOUSELASTHISTORY?$AA@ 1000658c     flags.obj
 0001:000055a4       ??_C@_0M@KJOJJDIM@FIB_BUTTONS?$AA@ 100065a4     flags.obj
 0001:000055b0       ??_C@_0BA@COBBDHNL@FIB_NOAMPERSAND?$AA@ 100065b0     flags.obj
 0001:000055c0       ??_C@_0N@LBOCEEGH@FIB_EDITPATH?$AA@ 100065c0     flags.obj
 0001:000055d0       ??_C@_0BB@DCODFLEL@FIB_EDITPATHEXEC?$AA@ 100065d0     flags.obj
 0001:000055e4       ??_C@_08HPFOCDKB@FIB_NONE?$AA@ 100065e4     flags.obj
 0001:000055f0       ??_C@_0L@NMBLFMBN@FPF_LOADED?$AA@ 100065f0     flags.obj
 0001:000055fc       ??_C@_08GKECKCCJ@FPF_ANSI?$AA@ 100065fc     flags.obj
 0001:00005608       ??_C@_08OIOFCNLC@FPF_NONE?$AA@ 10006608     flags.obj
 0001:00005614       ??_C@_0L@HODJIPGA@PN_CMPNAME?$AA@ 10006614     flags.obj
 0001:00005620       ??_C@_0P@KDEENAHJ@PN_CMPNAMELIST?$AA@ 10006620     flags.obj
 0001:00005630       ??_C@_0BA@BJCCEIOI@PN_GENERATENAME?$AA@ 10006630     flags.obj
 0001:00005640       ??_C@_0N@FEGPCCPJ@PN_CHECKMASK?$AA@ 10006640     flags.obj
 0001:00005650       ??_C@_0M@NOOLKEBH@PN_SKIPPATH?$AA@ 10006650     flags.obj
 0001:0000565c       ??_C@_0BE@OPDBOAAE@PN_SHOWERRORMESSAGE?$AA@ 1000665c     flags.obj
 0001:00005670       ??_C@_07PFKJNCJP@PN_NONE?$AA@ 10006670     flags.obj
 0001:00005678       ??_C@_0BG@GOMJDMCK@XLAT_SWITCHKEYBLAYOUT?$AA@ 10006678     flags.obj
 0001:00005690       ??_C@_0BE@KOIJDNLA@XLAT_SWITCHKEYBBEEP?$AA@ 10006690     flags.obj
 0001:000056a4       ??_C@_0BH@KBFAFPNA@XLAT_USEKEYBLAYOUTNAME?$AA@ 100066a4     flags.obj
 0001:000056bc       ??_C@_0BH@IANKLOAC@XLAT_CONVERTALLCMDLINE?$AA@ 100066bc     flags.obj
 0001:000056d4       ??_C@_09JCNLKBBK@XLAT_NONE?$AA@ 100066d4     flags.obj
 0001:000056e0       ??_C@_0N@PJEDCNNJ@FRS_RETUPDIR?$AA@ 100066e0     flags.obj
 0001:000056f0       ??_C@_09GHEPLOHO@FRS_RECUR?$AA@ 100066f0     flags.obj
 0001:000056fc       ??_C@_0BA@JCPHOEAE@FRS_SCANSYMLINK?$AA@ 100066fc     flags.obj
 0001:0000570c       ??_C@_08JPCGJJKG@FRS_NONE?$AA@ 1000670c     flags.obj
 0001:00005718       ??_C@_0P@LJPBHEIE@MLF_SHOWERRMSG?$AA@ 10006718     flags.obj
 0001:00005728       ??_C@_0BF@LMAGFLHF@MLF_DONOTUPDATEPANEL?$AA@ 10006728     flags.obj
 0001:00005740       ??_C@_0P@EPFBLPAE@MLF_HOLDTARGET?$AA@ 10006740     flags.obj
 0001:00005750       ??_C@_08EBKEJHAL@MLF_NONE?$AA@ 10006750     flags.obj
 0001:0000575c       ??_C@_0M@JDMKDBDH@FFFS_COMMAS?$AA@ 1000675c     flags.obj
 0001:00005768       ??_C@_0P@JPMLNBKL@FFFS_FLOATSIZE?$AA@ 10006768     flags.obj
 0001:00005778       ??_C@_0BE@NPKCCEJ@FFFS_SHOWBYTESINDEX?$AA@ 10006778     flags.obj
 0001:0000578c       ??_C@_0O@FPIOAIMC@FFFS_ECONOMIC?$AA@ 1000678c     flags.obj
 0001:0000579c       ??_C@_0O@HFIGPFIH@FFFS_THOUSAND?$AA@ 1000679c     flags.obj
 0001:000057ac       ??_C@_0BC@LLLANJJO@FFFS_MINSIZEINDEX?$AA@ 100067ac     flags.obj
 0001:000057c0       ??_C@_0BH@PEGBPJKE@FFFS_MINSIZEINDEX_MASK?$AA@ 100067c0     flags.obj
 0001:000057d8       ??_C@_09PBPAKNEI@FFFS_NONE?$AA@ 100067d8     flags.obj
 0001:000057e4       ??_C@_0L@NHEJGKCF@PF_PRELOAD?$AA@ 100067e4     flags.obj
 0001:000057f0       ??_C@_0BB@GCINAIGN@PF_DISABLEPANELS?$AA@ 100067f0     flags.obj
 0001:00005804       ??_C@_09OENCMPGE@PF_EDITOR?$AA@ 10006804     flags.obj
 0001:00005810       ??_C@_09NEKIJNNA@PF_VIEWER?$AA@ 10006810     flags.obj
 0001:0000581c       ??_C@_0P@MBLBBCNK@PF_FULLCMDLINE?$AA@ 1000681c     flags.obj
 0001:0000582c       ??_C@_09GMFDAFKL@PF_DIALOG?$AA@ 1000682c     flags.obj
 0001:00005838       ??_C@_07MGEGJMPI@PF_NONE?$AA@ 10006838     flags.obj
 0001:00005840       ??_C@_0BD@EGELEIIG@IPLFLAGS_SEPARATOR?$AA@ 10006840     flags.obj
 0001:00005854       ??_C@_0O@JBNJFHHK@IPLFLAGS_NONE?$AA@ 10006854     flags.obj
 0001:00005864       ??_C@_0BD@KGHJOBGM@PMFLAGS_FULLSCREEN?$AA@ 10006864     flags.obj
 0001:00005878       ??_C@_0BH@GDAAKEMH@PMFLAGS_DETAILEDSTATUS?$AA@ 10006878     flags.obj
 0001:00005890       ??_C@_0BI@BMHIBDMH@PMFLAGS_ALIGNEXTENSIONS?$AA@ 10006890     flags.obj
 0001:000058a8       ??_C@_0BH@KOFCBJBO@PMFLAGS_CASECONVERSION?$AA@ 100068a8     flags.obj
 0001:000058c0       ??_C@_0N@DLFMCMOB@PMFLAGS_NONE?$AA@ 100068c0     flags.obj
 0001:000058d0       ??_C@_0BD@PBMGDJEM@OPIF_DISABLEFILTER?$AA@ 100068d0     flags.obj
 0001:000058e4       ??_C@_0BH@FHBKALPD@OPIF_DISABLESORTGROUPS?$AA@ 100068e4     flags.obj
 0001:000058fc       ??_C@_0BJ@NGLIANCL@OPIF_DISABLEHIGHLIGHTING?$AA@ 100068fc     flags.obj
 0001:00005918       ??_C@_0N@JANKJMLP@OPIF_ADDDOTS?$AA@ 10006918     flags.obj
 0001:00005928       ??_C@_0BC@HOFHNJIG@OPIF_RAWSELECTION?$AA@ 10006928     flags.obj
 0001:0000593c       ??_C@_0P@OFEDJCO@OPIF_REALNAMES?$AA@ 1000693c     flags.obj
 0001:0000594c       ??_C@_0BD@FPGMNAPD@OPIF_SHOWNAMESONLY?$AA@ 1000694c     flags.obj
 0001:00005960       ??_C@_0BJ@NMIFAPJD@OPIF_SHOWRIGHTALIGNNAMES?$AA@ 10006960     flags.obj
 0001:0000597c       ??_C@_0BG@HGPMKHIE@OPIF_SHOWPRESERVECASE?$AA@ 1000697c     flags.obj
 0001:00005994       ??_C@_0BE@GJEJHNKJ@OPIF_COMPAREFATTIME?$AA@ 10006994     flags.obj
 0001:000059a8       ??_C@_0BB@PELHBPAM@OPIF_EXTERNALGET?$AA@ 100069a8     flags.obj
 0001:000059bc       ??_C@_0BB@CFFPNDFK@OPIF_EXTERNALPUT?$AA@ 100069bc     flags.obj
 0001:000059d0       ??_C@_0BE@LKEMICNM@OPIF_EXTERNALDELETE?$AA@ 100069d0     flags.obj
 0001:000059e4       ??_C@_0BD@JIMJPFEP@OPIF_EXTERNALMKDIR?$AA@ 100069e4     flags.obj
 0001:000059f8       ??_C@_0BJ@CALDMPLF@OPIF_USEATTRHIGHLIGHTING?$AA@ 100069f8     flags.obj
 0001:00005a14       ??_C@_0O@JHHHMHIG@OPIF_USECRC32?$AA@ 10006a14     flags.obj
 0001:00005a24       ??_C@_0BB@PFDFAFHG@OPIF_USEFREESIZE?$AA@ 10006a24     flags.obj
 0001:00005a38       ??_C@_0O@FJPLJDBC@OPIF_SHORTCUT?$AA@ 10006a38     flags.obj
 0001:00005a48       ??_C@_09DOPJBMLM@OPIF_NONE?$AA@ 10006a48     flags.obj
 0001:00005a54       ??_C@_0L@GEHHKNBL@OPM_SILENT?$AA@ 10006a54     flags.obj
 0001:00005a60       ??_C@_08EKEBOKEP@OPM_FIND?$AA@ 10006a60     flags.obj
 0001:00005a6c       ??_C@_08EHBLNDLO@OPM_VIEW?$AA@ 10006a6c     flags.obj
 0001:00005a78       ??_C@_08LAAGEMJG@OPM_EDIT?$AA@ 10006a78     flags.obj
 0001:00005a84       ??_C@_0N@NDGKAFDM@OPM_TOPLEVEL?$AA@ 10006a84     flags.obj
 0001:00005a94       ??_C@_09EBKAPHPA@OPM_DESCR?$AA@ 10006a94     flags.obj
 0001:00005aa0       ??_C@_0O@OPDAGBBE@OPM_QUICKVIEW?$AA@ 10006aa0     flags.obj
 0001:00005ab0       ??_C@_08LCEGJCAC@OPM_PGDN?$AA@ 10006ab0     flags.obj
 0001:00005abc       ??_C@_0N@HKCLLJDG@OPM_COMMANDS?$AA@ 10006abc     flags.obj
 0001:00005acc       ??_C@_08EGEBMPBD@OPM_NONE?$AA@ 10006acc     flags.obj
 0001:00005ad8       ??_C@_0M@MIGJPBPE@FOSF_ACTIVE?$AA@ 10006ad8     flags.obj
 0001:00005ae4       ??_C@_09FMOOJHDF@FOSF_NONE?$AA@ 10006ae4     flags.obj
 0001:00005af0       ??_C@_09HNBBLIGN@PCIF_NONE?$AA@ 10006af0     flags.obj
 0001:00005afc       ??_C@_0BA@MAEBFMHC@FOREGROUND_BLUE?$AA@ 10006afc     flags.obj
 0001:00005b0c       ??_C@_0BB@PDFNMAI@FOREGROUND_GREEN?$AA@ 10006b0c     flags.obj
 0001:00005b20       ??_C@_0P@PBJHCFGA@FOREGROUND_RED?$AA@ 10006b20     flags.obj
 0001:00005b30       ??_C@_0BF@OOGEJCC@FOREGROUND_INTENSITY?$AA@ 10006b30     flags.obj
 0001:00005b48       ??_C@_0BA@PIFINJCK@BACKGROUND_BLUE?$AA@ 10006b48     flags.obj
 0001:00005b58       ??_C@_0BB@GKLNBMEL@BACKGROUND_GREEN?$AA@ 10006b58     flags.obj
 0001:00005b6c       ??_C@_0P@DANALJMC@BACKGROUND_RED?$AA@ 10006b6c     flags.obj
 0001:00005b7c       ??_C@_0BF@NIGKKPCF@BACKGROUND_INTENSITY?$AA@ 10006b7c     flags.obj
 0001:00005b94       ??_C@_0N@FEFOEFHG@CTRL_C_EVENT?$AA@ 10006b94     flags.obj
 0001:00005ba4       ??_C@_0BB@ELEIIFAE@CTRL_BREAK_EVENT?$AA@ 10006ba4     flags.obj
 0001:00005bb8       ??_C@_0BB@KMPDMOKK@CTRL_CLOSE_EVENT?$AA@ 10006bb8     flags.obj
 0001:00005bcc       ??_C@_0BC@MCKCEPAL@CTRL_LOGOFF_EVENT?$AA@ 10006bcc     flags.obj
 0001:00005be0       ??_C@_0BE@BCNEFGKM@CTRL_SHUTDOWN_EVENT?$AA@ 10006be0     flags.obj
 0001:00005bf4       ??_C@_0BC@BBOPHMOM@ENABLE_LINE_INPUT?$AA@ 10006bf4     flags.obj
 0001:00005c08       ??_C@_0BC@JPFKLHOC@ENABLE_ECHO_INPUT?$AA@ 10006c08     flags.obj
 0001:00005c1c       ??_C@_0BH@EHINFMOF@ENABLE_PROCESSED_INPUT?$AA@ 10006c1c     flags.obj
 0001:00005c34       ??_C@_0BE@BLAHACNB@ENABLE_WINDOW_INPUT?$AA@ 10006c34     flags.obj
 0001:00005c48       ??_C@_0BD@BJECBJPO@ENABLE_MOUSE_INPUT?$AA@ 10006c48     flags.obj
 0001:00005c5c       ??_C@_0BD@KJBPOMPN@ENABLE_INSERT_MODE?$AA@ 10006c5c     flags.obj
 0001:00005c70       ??_C@_0BH@BJKMFKAO@ENABLE_QUICK_EDIT_MODE?$AA@ 10006c70     flags.obj
 0001:00005c88       ??_C@_0BG@CBCHHIEH@ENABLE_EXTENDED_FLAGS?$AA@ 10006c88     flags.obj
 0001:00005ca0       ??_C@_0BF@PEBFEBKN@ENABLE_AUTO_POSITION?$AA@ 10006ca0     flags.obj
 0001:00005cb8       ??_C@_0BI@MHKNPIFM@ENABLE_PROCESSED_OUTPUT?$AA@ 10006cb8     flags.obj
 0001:00005cd0       ??_C@_0BK@CDKLKCHJ@ENABLE_WRAP_AT_EOL_OUTPUT?$AA@ 10006cd0     flags.obj
 0001:00005cec       ??_C@_09JBABGNAE@KEY_EVENT?$AA@ 10006cec     flags.obj
 0001:00005cf8       ??_C@_0M@CPILDGOO@MOUSE_EVENT?$AA@ 10006cf8     flags.obj
 0001:00005d04       ??_C@_0BJ@OHDOHJKG@WINDOW_BUFFER_SIZE_EVENT?$AA@ 10006d04     flags.obj
 0001:00005d20       ??_C@_0L@MPODFLFH@MENU_EVENT?$AA@ 10006d20     flags.obj
 0001:00005d2c       ??_C@_0M@LNGHCCGJ@FOCUS_EVENT?$AA@ 10006d2c     flags.obj
 0001:00005d38       ??_C@_0M@MKBGBFGO@CAPSLOCK_ON?$AA@ 10006d38     flags.obj
 0001:00005d44       ??_C@_0N@EMEOEKDA@ENHANCED_KEY?$AA@ 10006d44     flags.obj
 0001:00005d54       ??_C@_0BC@GDHABBAP@RIGHT_ALT_PRESSED?$AA@ 10006d54     flags.obj
 0001:00005d68       ??_C@_0BB@MCADLJJO@LEFT_ALT_PRESSED?$AA@ 10006d68     flags.obj
 0001:00005d7c       ??_C@_0BD@NEHHNAHO@RIGHT_CTRL_PRESSED?$AA@ 10006d7c     flags.obj
 0001:00005d90       ??_C@_0BC@FDNOAAAE@LEFT_CTRL_PRESSED?$AA@ 10006d90     flags.obj
 0001:00005da4       ??_C@_0O@OGDFJMBK@SHIFT_PRESSED?$AA@ 10006da4     flags.obj
 0001:00005db4       ??_C@_0L@IMGKKBIM@NUMLOCK_ON?$AA@ 10006db4     flags.obj
 0001:00005dc0       ??_C@_0O@LAHFNPLG@SCROLLLOCK_ON?$AA@ 10006dc0     flags.obj
 0001:00005dd0       ??_C@_0BN@HACKHGAB@FROM_LEFT_1ST_BUTTON_PRESSED?$AA@ 10006dd0     flags.obj
 0001:00005df0       ??_C@_0BJ@JECFAJNJ@RIGHTMOST_BUTTON_PRESSED?$AA@ 10006df0     flags.obj
 0001:00005e0c       ??_C@_0BN@BJCFPKCG@FROM_LEFT_2ND_BUTTON_PRESSED?$AA@ 10006e0c     flags.obj
 0001:00005e2c       ??_C@_0BN@PMJNFPGM@FROM_LEFT_3RD_BUTTON_PRESSED?$AA@ 10006e2c     flags.obj
 0001:00005e4c       ??_C@_0BN@CNMHAAPD@FROM_LEFT_4TH_BUTTON_PRESSED?$AA@ 10006e4c     flags.obj
 0001:00005e6c       ??_C@_0M@KKBDEELB@MOUSE_MOVED?$AA@ 10006e6c     flags.obj
 0001:00005e78       ??_C@_0N@EDCKBGJE@DOUBLE_CLICK?$AA@ 10006e78     flags.obj
 0001:00005e88       ??_C@_0O@GABDOPO@MOUSE_WHEELED?$AA@ 10006e88     flags.obj
 0001:00005e98       ??_C@_0BA@OOKCCMHH@KEY_WOW64_32KEY?$AA@ 10006e98     flags.obj
 0001:00005ea8       ??_C@_0BA@DBCPEIGE@KEY_WOW64_64KEY?$AA@ 10006ea8     flags.obj
 0001:00008148       ??_C@_06ICDCBJPI@Colors?$AA@ 10009148     keysandcolors.obj
 0001:00008150       ??_C@_05GALAPKHH@Guids?$AA@ 10009150     keysandcolors.obj
 0001:000089e8       ??_C@_01EEMJAFIK@?6?$AA@   100099e8     lflua.obj
 0001:000089ec       ??_C@_0BB@BJDGDOHH@cannot?5?$CFs?5?$CFs?3?5?$CFs?$AA@ 100099ec     lflua.obj
 0001:00008a00       ??_C@_03PKPBNCAL@?o?$LL?$LP?$AA@ 10009a00     lflua.obj
 0001:00008a04       ??_C@_06CCPPALKB@?$DNstdin?$AA@ 10009a04     lflua.obj
 0001:00008a0c       ??_C@_01EOFPKCAF@?$EA?$AA@ 10009a0c     lflua.obj
 0001:00008a10       ??_C@_04PMOCAHAA@open?$AA@ 10009a10     lflua.obj
 0001:00008a18       ??_C@_15JJPIMNBO@?$AAr?$AAb?$AA?$AA@ 10009a18     lflua.obj
 0001:00008a20       ??_C@_06IEGCHAII@reopen?$AA@ 10009a20     lflua.obj
 0001:00008a28       ??_C@_04POLDLDMI@read?$AA@ 10009a28     lflua.obj
 0001:00008a30       ??_C@_02LOCGON@?$AA?$AA?$AA@ 10009a30     lflua.obj
 0001:00008e28       _regex_methods             10009e28     lregex.obj
 0001:00008ed8       _regex_functions           10009ed8     lregex.obj
 0001:00009368       ??_C@_04CKFJHKAP@find?$AA@ 1000a368     lregex.obj
 0001:00009370       ??_C@_04GOLEAPFD@gsub?$AA@ 1000a370     lregex.obj
 0001:00009378       ??_C@_05FNONLPDI@match?$AA@ 1000a378     lregex.obj
 0001:00009380       ??_C@_05GFGPIPHI@findW?$AA@ 1000a380     lregex.obj
 0001:00009388       ??_C@_05HPGHPNC@gsubW?$AA@ 1000a388     lregex.obj
 0001:00009390       ??_C@_06NNKFJOLC@matchW?$AA@ 1000a390     lregex.obj
 0001:00009398       ??_C@_0O@OJAOCNID@bracketscount?$AA@ 1000a398     lregex.obj
 0001:000093a8       ??_C@_04BDLIKKMN@__gc?$AA@ 1000a3a8     lregex.obj
 0001:000093b0       ??_C@_06DPFCLDIO@gmatch?$AA@ 1000a3b0     lregex.obj
 0001:000093b8       ??_C@_07PPMFDHAH@gmatchW?$AA@ 1000a3b8     lregex.obj
 0001:000093c0       ??_C@_09KIEPBIJC@far_regex?$AA@ 1000a3c0     lregex.obj
 0001:000093cc       ??_C@_0BO@PBOFMCLL@attempt?5to?5access?5freed?5regex?$AA@ 1000a3cc     lregex.obj
 0001:000093ec       ??_C@_07IHINEPFG@?$CFs?5?$CI?$CFp?$CJ?$AA@ 1000a3ec     lregex.obj
 0001:000093f4       ??_C@_01KMDKNFGN@?1?$AA@   1000a3f4     lregex.obj
 0001:000093f8       ??_C@_0BE@BBBEAHLK@RECTL_CREATE?5failed?$AA@ 1000a3f8     lregex.obj
 0001:0000940c       ??_C@_0BL@HEFMPIBG@invalid?5regular?5expression?$AA@ 1000a40c     lregex.obj
 0001:00009428       ??_C@_0BK@JCLHPPNA@cannot?5add?5?$CFd?5stack?5slots?$AA@ 1000a428     lregex.obj
 0001:00009444       ??_C@_0BM@MOHHGMBK@string?5or?5table?5or?5function?$AA@ 1000a444     lregex.obj
 0001:00009460       ??_C@_0CG@IDFLGMFM@replace?5string?3?5invalid?5capture?5@ 1000a460     lregex.obj
 0001:00009488       ??_C@_0BJ@IMAIDFKH@invalid?5replacement?5type?$AA@ 1000a488     lregex.obj
 0001:000094a4       ??_C@_0BE@KPDOHKBE@invalid?5return?5type?$AA@ 1000a4a4     lregex.obj
 0001:000094b8       ??_C@_07NHABFFHN@__index?$AA@ 1000a4b8     lregex.obj
 0001:000094c0       ??_C@_05FGAODPCE@regex?$AA@ 1000a4c0     lregex.obj
 0001:00009d68       ??_C@_0BC@PMGNICBE@MacroPluginReturn?$AA@ 1000ad68     luamacro.obj
 0001:00009d7c       ??_C@_02JIEIHMJD@wl?$AA@   1000ad7c     luamacro.obj
 0001:00009d80       ??_C@_15PMCGDJNJ@?$AAO?$AAK?$AA?$AA@ 1000ad80     luamacro.obj
 0001:00009d88       ??_C@_1BC@GBFPAMBP@?$AAL?$AAu?$AAa?$AAM?$AAa?$AAc?$AAr?$AAo?$AA?$AA@ 1000ad88     luamacro.obj
[...]
 0001:0004f1b8       __sehtable$??$common_getenv@_W@@YAPA_WQB_W@Z 100501b8     libucrt:getenv.obj
 0001:0004f1d8       __sehtable$??$common_dupenv_s@_W@@YAHQAPA_WQAIQB_WHQBDH@Z 100501d8     libucrt:getenv.obj
 0001:0004f1f8       __sehtable$?common_exit@@YAXHW4_crt_exit_cleanup_mode@@W4_crt_exit_return_mode@@@Z 100501f8     libucrt:exit.obj
 0001:0004f220       __sehtable$??$?RV<lambda_800076c951b434888f4765a74a194fcc>@@AAV<lambda_4e60a939b0d047cfe11ddc22648dfba9>@@V<lambda_6dbb1268764f43b569ce7b67e331d33a>@@@?$__crt_seh_guarded_call@H@@QAEH$$QAV<lambda_800076c951b434888f4765a74a194fcc>@@AAV<lambda_4e60a939b0d047cfe11ddc22648dfba9>@@$$QAV<lambda_6dbb1268764f43b569ce7b67e331d33a>@@@Z 10050220     libucrt:onexit.obj
 0001:0004f240       __sehtable$??$?RV<lambda_995298e7d72eb4c2aab26c0585b3abe5>@@AAV<lambda_275893d493268fdec8709772e3fcec0e>@@V<lambda_293819299cbf9a7022e18b56a874bb5c>@@@?$__crt_seh_guarded_call@H@@QAEH$$QAV<lambda_995298e7d72eb4c2aab26c0585b3abe5>@@AAV<lambda_275893d493268fdec8709772e3fcec0e>@@$$QAV<lambda_293819299cbf9a7022e18b56a874bb5c>@@@Z 10050240     libucrt:onexit.obj
 0001:0004f260       __sehtable$_terminate      10050260     libucrt:terminate.obj
 0001:0004f280       __sehtable$??$?RV<lambda_9df27f884b057bc3edfc946cb5b7cf47>@@AAV<lambda_e69574bed617af4e071282c136b37893>@@V<lambda_cc0d902bcbbeb830f749456577db4721>@@@?$__crt_seh_guarded_call@X@@QAEX$$QAV<lambda_9df27f884b057bc3edfc946cb5b7cf47>@@AAV<lambda_e69574bed617af4e071282c136b37893>@@$$QAV<lambda_cc0d902bcbbeb830f749456577db4721>@@@Z 10050280     libucrt:per_thread_data.obj
 0001:0004f2a0       __sehtable$??$?RV<lambda_3518db117f0e7cdb002338c5d3c47b6c>@@AAV<lambda_b2ea41f6bbb362cd97d94c6828d90b61>@@V<lambda_abdedf541bb04549bc734292b4a045d4>@@@?$__crt_seh_guarded_call@X@@QAEX$$QAV<lambda_3518db117f0e7cdb002338c5d3c47b6c>@@AAV<lambda_b2ea41f6bbb362cd97d94c6828d90b61>@@$$QAV<lambda_abdedf541bb04549bc734292b4a045d4>@@@Z 100502a0     libucrt:per_thread_data.obj
 0001:0004f2c0       __sehtable$??$?RV<lambda_51b6e8b1eb166f2a3faf91f424b38130>@@AAV<lambda_6250bd4b2a391816dd638c3bf72b0bcb>@@V<lambda_0b5a4a3e68152e1d9b943535f5f47bed>@@@?$__crt_seh_guarded_call@X@@QAEX$$QAV<lambda_51b6e8b1eb166f2a3faf91f424b38130>@@AAV<lambda_6250bd4b2a391816dd638c3bf72b0bcb>@@$$QAV<lambda_0b5a4a3e68152e1d9b943535f5f47bed>@@@Z 100502c0     libucrt:per_thread_data.obj
 0001:0004f2e0       __sehtable$??$?RV<lambda_5b71d36f03204c0beab531769a5b5694>@@AAV<lambda_be2b3da3f62db62e9dad5dc70221a656>@@V<lambda_8f9ce462984622f9bf76b59e2aaaf805>@@@?$__crt_seh_guarded_call@X@@QAEX$$QAV<lambda_5b71d36f03204c0beab531769a5b5694>@@AAV<lambda_be2b3da3f62db62e9dad5dc70221a656>@@$$QAV<lambda_8f9ce462984622f9bf76b59e2aaaf805>@@@Z 100502e0     libucrt:per_thread_data.obj
 0001:0004f300       __sehtable$___acrt_uninitialize_locale 10050300     libucrt:wsetlocale.obj
 0001:0004f320       __sehtable$___acrt_initialize_lowio 10050320     libucrt:ioinit.obj
 0001:0004f340       __sehtable$?__acrt_stdio_allocate_stream@@YA?AV__crt_stdio_stream@@XZ 10050340     libucrt:stream.obj
 0001:0004f360       __sehtable$??$?RV<lambda_123407a5e2ac06da108355a851863b7a>@@AAV<lambda_2fe9b910cf3cbf4a0ab98a02ba45b3ec>@@V<lambda_ae55bdf541ad94d75914d381c370e64d>@@@?$__crt_seh_guarded_call@H@@QAEH$$QAV<lambda_123407a5e2ac06da108355a851863b7a>@@AAV<lambda_2fe9b910cf3cbf4a0ab98a02ba45b3ec>@@$$QAV<lambda_ae55bdf541ad94d75914d381c370e64d>@@@Z 10050360     libucrt:close.obj
 0001:0004f380       __sehtable$_raise          10050380     libucrt:signal.obj
 0001:0004f3a0       __sehtable$??$?RV<lambda_a048d3beccc847880fc8490e18b82769>@@AAV<lambda_ec61778202f4f5fc7e7711acc23c3bca>@@V<lambda_f7496a158712204296dd6628a163878e>@@@?$__crt_seh_guarded_call@P6AXH@Z@@QAEP6AXH@Z$$QAV<lambda_a048d3beccc847880fc8490e18b82769>@@AAV<lambda_ec61778202f4f5fc7e7711acc23c3bca>@@$$QAV<lambda_f7496a158712204296dd6628a163878e>@@@Z 100503a0     libucrt:signal.obj
 0001:0004f3c0       __sehtable$___set_fpsr_sse2 100503c0     libucrt:fpctrl.obj
 0001:0004f3e0       __sehtable$__fcloseall     100503e0     libucrt:closeall.obj
 0001:0004f400       __sehtable$__read          10050400     libucrt:read.obj
 0001:0004f420       __sehtable$??$common_lseek@J@@YAJHJH@Z 10050420     libucrt:lseek.obj
 0001:0004f440       __sehtable$??$common_lseek@_J@@YA_JH_JH@Z 10050440     libucrt:lseek.obj
 0001:0004f460       __sehtable$__pipe          10050460     libucrt:pipe.obj
 0001:0004f488       __sehtable$??$common_fdopen@_W@@YAPAU_iobuf@@HQB_W@Z 10050488     libucrt:fdopen.obj
 0001:0004f4a8       __sehtable$??$?RV<lambda_61cee617f5178ae960314fd4d05640a0>@@AAV<lambda_6978c1fb23f02e42e1d9e99668cc68aa>@@V<lambda_9cd88cf8ad10232537feb2133f08c833>@@@?$__crt_seh_guarded_call@H@@QAEH$$QAV<lambda_61cee617f5178ae960314fd4d05640a0>@@AAV<lambda_6978c1fb23f02e42e1d9e99668cc68aa>@@$$QAV<lambda_9cd88cf8ad10232537feb2133f08c833>@@@Z 100504a8     libucrt:commit.obj
 0001:0004f4c8       __sehtable$__write         100504c8     libucrt:write.obj
 0001:0004f4e8       __sehtable$??$common_sopen_dispatch@D@@YAHQBDHHHQAHH@Z 100504e8     libucrt:open.obj
 0001:0004f508       __sehtable$??$common_sopen_dispatch@_W@@YAHQB_WHHHQAHH@Z 10050508     libucrt:open.obj
 0001:0004f528       __sehtable$__rmtmp         10050528     libucrt:rmtmp.obj
 0001:0004f550       __sehtable$??$?RV<lambda_eee62cb4a147bfbb98180ad682ce6e17>@@AAV<lambda_5056f36f92c185fae794536d1ce2027b>@@V<lambda_57c77e0e75d6a1e6f8ecaa6bd26c2518>@@@?$__crt_seh_guarded_call@_N@@QAE_N$$QAV<lambda_eee62cb4a147bfbb98180ad682ce6e17>@@AAV<lambda_5056f36f92c185fae794536d1ce2027b>@@$$QAV<lambda_57c77e0e75d6a1e6f8ecaa6bd26c2518>@@@Z 10050550     libucrt:spawnv.obj
 0001:0004f570       __sehtable$___acrt_update_thread_multibyte_data 10050570     libucrt:mbctype.obj
 0001:0004f590       __sehtable$??$?RV<lambda_978dc153c237d78434369da87b74ff60>@@AAV<lambda_ad1ced32f4ac17aa236e5ef05d6b3b7c>@@V<lambda_4a8533e2866a575feecb8298ce776b0d>@@@?$__crt_seh_guarded_call@X@@QAEX$$QAV<lambda_978dc153c237d78434369da87b74ff60>@@AAV<lambda_ad1ced32f4ac17aa236e5ef05d6b3b7c>@@$$QAV<lambda_4a8533e2866a575feecb8298ce776b0d>@@@Z 10050590     libucrt:mbctype.obj
 0001:0004f5b0       __sehtable$__query_new_handler 100505b0     libucrt:new_handler.obj
 0001:0004f5d0       __sehtable$___acrt_update_thread_locale_data 100505d0     libucrt:locale_refcounting.obj
 0001:0004f5f0       __sehtable$__alloc_osfhnd  100505f0     libucrt:osfinfo.obj
 0001:0004f610       __sehtable$___acrt_lowio_ensure_fh_exists 10050610     libucrt:osfinfo.obj
 0001:0004f630       __sehtable$__IsNonwritableInCurrentImage 10050630     LIBCMT:pesect.obj
 0001:0004f650       .edata                     10050650     luafar3.exp
 0001:0004f678       rgpv                       10050678     luafar3.exp
 0001:0004f720       rgszName                   10050720     luafar3.exp
 0001:0004f7c8       rgwOrd                     100507c8     luafar3.exp
 0001:0004f81c       szName                     1005081c     luafar3.exp
 0001:0004f828       $N00001                    10050828     luafar3.exp
 0001:0004f833       $N00002                    10050833     luafar3.exp
 0001:0004f843       $N00003                    10050843     luafar3.exp
 0001:0004f851       $N00004                    10050851     luafar3.exp
 0001:0004f85c       $N00005                    1005085c     luafar3.exp
 0001:0004f869       $N00006                    10050869     luafar3.exp
 0001:0004f878       $N00007                    10050878     luafar3.exp
 0001:0004f883       $N00008                    10050883     luafar3.exp
 0001:0004f88d       $N00009                    1005088d     luafar3.exp
 0001:0004f898       $N00010                    10050898     luafar3.exp
 0001:0004f8ab       $N00011                    100508ab     luafar3.exp
 0001:0004f8bb       $N00012                    100508bb     luafar3.exp
 0001:0004f8cd       $N00013                    100508cd     luafar3.exp
 0001:0004f8e1       $N00014                    100508e1     luafar3.exp
 0001:0004f8ed       $N00015                    100508ed     luafar3.exp
 0001:0004f8fc       $N00016                    100508fc     luafar3.exp
 0001:0004f90d       $N00017                    1005090d     luafar3.exp
 0001:0004f91d       $N00018                    1005091d     luafar3.exp
 0001:0004f931       $N00019                    10050931     luafar3.exp
 0001:0004f942       $N00020                    10050942     luafar3.exp
 0001:0004f94a       $N00021                    1005094a     luafar3.exp
 0001:0004f95b       $N00022                    1005095b     luafar3.exp
 0001:0004f96c       $N00023                    1005096c     luafar3.exp
 0001:0004f978       $N00024                    10050978     luafar3.exp
 0001:0004f989       $N00025                    10050989     luafar3.exp
 0001:0004f99a       $N00026                    1005099a     luafar3.exp
 0001:0004f9a5       $N00027                    100509a5     luafar3.exp
 0001:0004f9ad       $N00028                    100509ad     luafar3.exp
 0001:0004f9c4       $N00029                    100509c4     luafar3.exp
 0001:0004f9da       $N00030                    100509da     luafar3.exp
 0001:0004f9f0       $N00031                    100509f0     luafar3.exp
 0001:0004fa06       $N00032                    10050a06     luafar3.exp
 0001:0004fa18       $N00033                    10050a18     luafar3.exp
 0001:0004fa2b       $N00034                    10050a2b     luafar3.exp
 0001:0004fa40       $N00035                    10050a40     luafar3.exp
 0001:0004fa55       $N00036                    10050a55     luafar3.exp
 0001:0004fa6c       $N00037                    10050a6c     luafar3.exp
 0001:0004fa82       $N00038                    10050a82     luafar3.exp
 0001:0004fa8e       $N00039                    10050a8e     luafar3.exp
 0001:0004faa2       $N00040                    10050aa2     luafar3.exp
 0001:0004fab3       $N00041                    10050ab3     luafar3.exp
 0001:0004fac3       $N00042                    10050ac3     luafar3.exp
 0002:00000f18       _pageMap                   10051f18     slnudata.obj
 0002:00002618       _groupMap                  10053618     slnudata.obj
 0002:000043c8       _groups                    100553c8     slnudata.obj
 0002:000045c8       _pageMap                   100555c8     slnunico.obj
 0002:00005cc8       _groupMap                  10056cc8     slnunico.obj
 0002:00007a78       _groups                    10058a78     slnunico.obj
 0002:00007cb0       ?__vcrt_flsindex@@3KA      10058cb0     libvcruntime:per_thread_data.obj
 0002:00007cd0       _errno_no_memory           10058cd0     libucrt:errno.obj
 0002:00007cd4       _doserrno_no_memory        10058cd4     libucrt:errno.obj
 0002:00007d84       ___acrt_flsindex           10058d84     libucrt:per_thread_data.obj
 0002:00007e80       ?__DAZ_ENABLED@?1??__set_fpsr_sse2@@9@9 10058e80     libucrt:fpctrl.obj
 0002:00007f8c       ___rgctypeflag             10058f8c     libucrt:mbctype.obj
 0002:00007f90       ___rgcode_page_info        10058f90     libucrt:mbctype.obj
 0002:00008520       _luaopen_bit               10059520     service.obj
 0002:00008524       _luaopen_ffi               10059524     service.obj
 0002:00008528       _luaopen_jit               10059528     service.obj
 0002:00008530       ?Cookie@?1??XorPointer@@YAPAXPAX@Z@4IB 10059530     vc_crt_fix_impl.obj
 0002:00008534       ?$S1@?1??XorPointer@@YAPAXPAX@Z@4IA 10059534     vc_crt_fix_impl.obj
 0002:00008538       ?Function@?1??EncodePointerWrapper@@9@4@4Q6GPAXPAX@ZA 10059538     vc_crt_fix_impl.obj
 0002:0000853c       ?$S2@?1??EncodePointerWrapper@@9@4@4IA 1005953c     vc_crt_fix_impl.obj
 0002:00008540       ?Function@?1??DecodePointerWrapper@@9@4@4Q6GPAXPAX@ZA 10059540     vc_crt_fix_impl.obj
 0002:00008544       ?$S3@?1??DecodePointerWrapper@@9@4@4IA 10059544     vc_crt_fix_impl.obj
 0002:00008548       ?Function@?1??GetModuleHandleExWWrapper@@9@12@4Q6GHKPB_WPAPAUHINSTANCE__@@@ZA 10059548     vc_crt_fix_impl.obj
 0002:0000854c       ?$S4@?1??GetModuleHandleExWWrapper@@9@12@4IA 1005954c     vc_crt_fix_impl.obj
 0002:00008550       ?Deleter@?1??InitializeSListHead@implementation@slist@@YGXPAT_SLIST_HEADER@@@Z@4Vservice_deleter@23@A 10059550     vc_crt_fix_impl.obj
 0002:00008570       ?$S5@?1??InitializeSListHead@implementation@slist@@YGXPAT_SLIST_HEADER@@@Z@4IA 10059570     vc_crt_fix_impl.obj
 0002:00008574       ?Function@?1??InitializeSListHeadWrapper@@9@4@4Q6GXPAT_SLIST_HEADER@@@ZA 10059574     vc_crt_fix_impl.obj
 0002:00008578       ?$S6@?1??InitializeSListHeadWrapper@@9@4@4IA 10059578     vc_crt_fix_impl.obj
 0002:0000857c       ?Function@?1??InterlockedFlushSListWrapper@@9@4@4Q6GPAU_SINGLE_LIST_ENTRY@@PAT_SLIST_HEADER@@@ZA 1005957c     vc_crt_fix_impl.obj
 0002:00008580       ?$S7@?1??InterlockedFlushSListWrapper@@9@4@4IA 10059580     vc_crt_fix_impl.obj
 0002:00008584       ?Function@?1??InterlockedPopEntrySListWrapper@@9@4@4Q6GPAU_SINGLE_LIST_ENTRY@@PAT_SLIST_HEADER@@@ZA 10059584     vc_crt_fix_impl.obj
 0002:00008588       ?$S8@?1??InterlockedPopEntrySListWrapper@@9@4@4IA 10059588     vc_crt_fix_impl.obj
 0002:0000858c       ?Function@?1??InterlockedPushEntrySListWrapper@@9@8@4Q6GPAU_SINGLE_LIST_ENTRY@@PAT_SLIST_HEADER@@PAU2@@ZA 1005958c     vc_crt_fix_impl.obj
 0002:00008590       ?$S9@?1??InterlockedPushEntrySListWrapper@@9@8@4IA 10059590     vc_crt_fix_impl.obj
 0002:00008594       ?Function@?1??InterlockedPushListSListExWrapper@@9@16@4Q6GPAU_SINGLE_LIST_ENTRY@@PAT_SLIST_HEADER@@PAU2@1K@ZA 10059594     vc_crt_fix_impl.obj
 0002:00008598       ?$S10@?1??InterlockedPushListSListExWrapper@@9@16@4IA 10059598     vc_crt_fix_impl.obj
 0002:0000859c       ?Function@?1??RtlFirstEntrySListWrapper@@9@4@4Q6GPAU_SINGLE_LIST_ENTRY@@PAT_SLIST_HEADER@@@ZA 1005959c     vc_crt_fix_impl.obj
 0002:000085a0       ?$S11@?1??RtlFirstEntrySListWrapper@@9@4@4IA 100595a0     vc_crt_fix_impl.obj
 0002:000085a4       ?Function@?1??QueryDepthSListWrapper@@9@4@4Q6GGPAT_SLIST_HEADER@@@ZA 100595a4     vc_crt_fix_impl.obj
 0002:000085a8       ?$S12@?1??QueryDepthSListWrapper@@9@4@4IA 100595a8     vc_crt_fix_impl.obj
 0002:000085b4       ?module_local_atexit_table@@3U_onexit_table_t@@A 100595b4     LIBCMT:utility.obj
 0002:000085c0       ?module_local_at_quick_exit_table@@3U_onexit_table_t@@A 100595c0     LIBCMT:utility.obj
 0002:000085cc       ?is_initialized_as_dll@@3_NA 100595cc     LIBCMT:utility.obj
 0002:000085d0       ?__proc_attached@@3HA      100595d0     LIBCMT:dll_dllmain.obj
 0002:000085e8       _GS_ExceptionRecord        100595e8     LIBCMT:gs_report.obj
 0002:00008638       _GS_ContextRecord          10059638     LIBCMT:gs_report.obj
 0002:00008904       ?__vcrt_startup_thread_ptd@@3U__vcrt_ptd@@A 10059904     libvcruntime:per_thread_data.obj
 0002:0000892c       ___vcrt_lock_table         1005992c     libvcruntime:locks.obj
 0002:00008944       ___vcrt_locks_initialized  10059944     libvcruntime:locks.obj
 0002:00008948       ?module_handles@@3PAPAUHINSTANCE__@@A 10059948     libvcruntime:winapi_downlevel.obj
 0002:00008958       ?encoded_function_pointers@@3PAPAXA 10059958     libvcruntime:winapi_downlevel.obj
 0002:000089a8       ?heap@@3V_HeapManager@@A   100599a8     libvcruntime:undname.obj
 0002:000089c8       ___idtabsiz                100599c8     libucrt:popen.obj
 0002:000089cc       ___idpairs                 100599cc     libucrt:popen.obj
 0002:000089d0       _narrow_tmpfile_buffer_pointers 100599d0     libucrt:tmpfile.obj
 0002:000089dc       _wide_tmpfile_buffer_pointers 100599dc     libucrt:tmpfile.obj
 0002:000089e8       _c_termination_complete    100599e8     libucrt:exit.obj
 0002:000089ec       _thread_local_exit_callback_func 100599ec     libucrt:exit.obj
 0002:000089f0       ?c_exit_complete@?5??common_exit@@YAXHW4_crt_exit_cleanup_mode@@W4_crt_exit_return_mode@@@Z@4_NA 100599f0     libucrt:exit.obj
 0002:000089f8       ?program_name@?5???$common_configure_argv@D@@YAHW4_crt_argv_mode@@@Z@4PADA 100599f8     libucrt:argv_parsing.obj
 0002:00008b28       ___acrt_invalid_parameter_handler 10059b28     libucrt:invalid_parameter.obj
 0002:00008b2c       _enable_percent_n          10059b2c     libucrt:printf_count_output.obj
 0002:00008d44       _ctrlc_action              10059d44     libucrt:signal.obj
 0002:00008d48       _ctrlbreak_action          10059d48     libucrt:signal.obj
 0002:00008d4c       _abort_action              10059d4c     libucrt:signal.obj
 0002:00008d50       _term_action               10059d50     libucrt:signal.obj
 0002:00008d58       _module_handles            10059d58     libucrt:winapi_thunks.obj
 0002:00008da8       _encoded_function_pointers 10059da8     libucrt:winapi_thunks.obj
 0002:00008e28       ?state_cache@?1??__acrt_is_packaged_app@@9@4JA 10059e28     libucrt:winapi_thunks.obj
 0002:00008e30       ___acrt_lock_table         10059e30     libucrt:locks.obj
 0002:00008f68       ___acrt_locks_initialized  10059f68     libucrt:locks.obj
 0002:00008f88       _fSystemSet                10059f88     libucrt:mbctype.obj
 0002:00008f8c       ?initialized@?1??__acrt_initialize_multibyte@@9@4_NA 10059f8c     libucrt:mbctype.obj
 0002:00008fac       ___acrt_new_handler        10059fac     libucrt:new_handler.obj
 0002:00008fb0       _user_matherr              10059fb0     libucrt:matherr.obj
 0002:00008fb4       ___acrt_global_new_mode    10059fb4     libucrt:new_mode.obj
 0002:00008fc4       ___acrt_app_type           10059fc4     libucrt:report_runtime_error.obj
 0002:00008fd0       __pmatherr_set             10059fd0     libucrt:libm_error.obj
 0003:00000bae       .idata$6                   1005bbae     kernel32:KERNEL32.dll
 0003:00000bca       .idata$6                   1005bbca     user32:USER32.dll
 0003:00000c6e       .idata$6                   1005bc6e     advapi32:ADVAPI32.dll
 0003:00000ca0       .idata$6                   1005bca0     shell32:SHELL32.dll
 0003:00001238       .idata$6                   1005c238     lua51:lua51.dll
 0003:00001284       .idata$6                   1005c284     rpcrt4:RPCRT4.dll
 0004:00000000       __guard_fids____dcrt_uninitialize_environments_nolock 1005d000     libucrt:environment_initialization.obj
 0004:00000008       __guard_fids__             1005d008     libucrt:initialization.obj
 0004:00000068       __guard_fids____acrt_initialize_ptd 1005d068     libucrt:per_thread_data.obj
 0004:0000006c       __guard_fids__             1005d06c     libucrt:stdio_initializer.obj
 0004:00000070       __guard_fids__             1005d070     libucrt:stdio_initializer.obj
 0004:00000074       __guard_fids_??$expand_argument_wildcards@D@@YAHQAD0AAV?$argument_list@D@?A0xb0e4b824@@@Z 1005d074     libucrt:argv_wildcards.obj
 0004:00000078       __guard_fids__             1005d078     libucrt:locale_initializer.obj
 0004:0000007c       __guard_fids__             1005d07c     libucrt:tmpfile_initializer.obj
 0004:00000080       __guard_fids__             1005d080     libucrt:multibyte_initializer.obj
 0004:00000084       __guard_fids____libm_error_support 1005d084     libucrt:libm_error.obj
 0004:00000088       __guard_fids__             1005d088     libucrt:console_output_initializer.obj
 0004:0000008c       __guard_fids__             1005d08c     libucrt:sse2_initializer.obj
 0004:00000090       __guard_fids_?dllmain_crt_process_attach@@YAHQAUHINSTANCE__@@QAX@Z 1005d090     LIBCMT:dll_dllmain.obj
 0004:00000098       __guard_fids_?dllmain_dispatch@@YAHQAUHINSTANCE__@@KQAX@Z 1005d098     LIBCMT:dll_dllmain.obj
 0004:0000009c       __guard_fids__             1005d09c     LIBCMT:guard_support.obj
 0004:000000a0       __guard_fids____vcrt_initialize_ptd 1005d0a0     libvcruntime:per_thread_data.obj
 0005:00000060       $R000000                   1005e060     luafar3.res
