 luafar3

 Timestamp is 5facb76d (Thu Nov 12 04:17:49 2020)

 Preferred load address is 0000000180000000

 Start         Length     Name                   Class
 0001:00000000 00000008H .CRT$XCA                CODE
 0001:00000008 00000008H .CRT$XCZ                CODE
 0001:00000010 00000008H .CRT$XIA                CODE
 0001:00000018 00000018H .CRT$XIC                CODE
 0001:00000030 00000008H .CRT$XIZ                CODE
 0001:00000038 00000008H .CRT$XPA                CODE
 0001:00000040 00000018H .CRT$XPX                CODE
 0001:00000058 00000008H .CRT$XPXA               CODE
 0001:00000060 00000008H .CRT$XPZ                CODE
 0001:00000068 00000008H .CRT$XTA                CODE
 0001:00000070 00000010H .CRT$XTZ                CODE
 0001:00000078 00000000H .gfids$y                CODE
 0001:00000080 0001a1a8H .rdata                  CODE
 0001:0001a228 00000000H .rdata$r                CODE
 0001:0001a228 00000290H .rdata$zzzdbg           CODE
 0001:0001a4b8 00000008H .rtc$IAA                CODE
 0001:0001a4c0 00000008H .rtc$IZZ                CODE
 0001:0001a4c8 00000008H .rtc$TAA                CODE
 0001:0001a4d0 00000010H .rtc$TZZ                CODE
 0001:0001a4e0 00046580H .text$mn                CODE
 0001:00060a60 00000020H .text$mn$00             CODE
 0001:00060a80 00000520H .text$x                 CODE
 0001:00060fa0 000038c0H .xdata                  CODE
 0001:00064860 00000000H .xdata$x                CODE
 0001:00064860 0000049cH .edata                  CODE
 0002:00000000 0000d740H .data                   DATA
 0002:0000d740 00000000H .data$r                 DATA
 0002:0000d740 00001240H .bss                    DATA
 0003:00000000 00003fa8H .pdata                  DATA
 0004:00000000 00000738H .idata$5                DATA
 0004:00000738 00000010H .00cfg                  DATA
 0004:00000748 00000078H .idata$2                DATA
 0004:000007c0 00000018H .idata$3                DATA
 0004:000007d8 00000738H .idata$4                DATA
 0004:00000f10 00000feaH .idata$6                DATA
 0005:00000000 00000094H _RDATA                  DATA
 0006:00000000 00000060H .rsrc$01                DATA
 0006:00000060 00000358H .rsrc$02                DATA

  Address         Publics by Value              Rva+Base               Lib:Object

 0000:00000000       __guard_longjmp_count      0000000000000000     <absolute>
 0000:00000000       __guard_iat_table          0000000000000000     <absolute>
 0000:00000000       __guard_fids_count         0000000000000000     <absolute>
 0000:00000000       __hybrid_code_map_count    0000000000000000     <absolute>
 0000:00000000       __hybrid_code_map          0000000000000000     <absolute>
 0000:00000000       __guard_iat_count          0000000000000000     <absolute>
 0000:00000000       __guard_longjmp_table      0000000000000000     <absolute>
 0000:00000000       __volatile_metadata        0000000000000000     <absolute>
 0000:00000000       __enclave_config           0000000000000000     <absolute>
 0000:00000000       __AbsoluteZero             0000000000000000     <absolute>
 0000:00000000       ___safe_se_handler_count   0000000000000000     <absolute>
 0000:00000000       ___safe_se_handler_table   0000000000000000     <absolute>
 0000:00000000       __guard_fids_table         0000000000000000     <absolute>
 0000:00000000       __hybrid_auxiliary_iat     0000000000000000     <absolute>
 0000:00000000       __dynamic_value_reloc_table 0000000000000000     <absolute>
 0000:00000100       __guard_flags              0000000000000100     <absolute>
 0000:00000000       __ImageBase                0000000180000000     <linker-defined>
 0001:00000000       __xc_a                     0000000180001000     LIBCMT:initializers.obj
 0001:00000008       __xc_z                     0000000180001008     LIBCMT:initializers.obj
 0001:00000010       __xi_a                     0000000180001010     LIBCMT:initializers.obj
 0001:00000018       __acrt_stdio_initializer   0000000180001018     libucrt:stdio_initializer.obj
 0001:00000020       __acrt_multibyte_initializer 0000000180001020     libucrt:multibyte_initializer.obj
 0001:00000028       __acrt_tran_fma3_initializer 0000000180001028     libucrt:fma3_initializer.obj
 0001:00000030       __xi_z                     0000000180001030     LIBCMT:initializers.obj
 0001:00000038       __xp_a                     0000000180001038     LIBCMT:initializers.obj
 0001:00000040       __acrt_locale_terminator   0000000180001040     libucrt:locale_initializer.obj
 0001:00000048       __acrt_tmpfile_terminator  0000000180001048     libucrt:tmpfile_initializer.obj
 0001:00000050       __dcrt_console_output_terminator 0000000180001050     libucrt:console_output_initializer.obj
 0001:00000058       __acrt_stdio_terminator    0000000180001058     libucrt:stdio_initializer.obj
 0001:00000060       __xp_z                     0000000180001060     LIBCMT:initializers.obj
 0001:00000068       __xt_a                     0000000180001068     LIBCMT:initializers.obj
 0001:00000070       __xt_z                     0000000180001070     LIBCMT:initializers.obj
 0001:00000080       metatable_name             0000000180001080     bit64.obj
 0001:00000270       ??_C@_04JAOJMBA@bnot@      0000000180001270     bit64.obj
 0001:00000278       ??_C@_04BKGNPECA@band@     0000000180001278     bit64.obj
 0001:00000280       ??_C@_03BBBGIIAC@bor@      0000000180001280     bit64.obj
 0001:00000284       ??_C@_04CKCGDDNF@bxor@     0000000180001284     bit64.obj
 0001:0000028c       ??_C@_06ELFGPGBK@lshift@   000000018000128c     bit64.obj
 0001:00000294       ??_C@_06HMLHBBIJ@rshift@   0000000180001294     bit64.obj
 0001:000002a0       ??_C@_07JILILBLL@arshift@  00000001800012a0     bit64.obj
 0001:000002a8       ??_C@_03CLCAEGCJ@new@      00000001800012a8     bit64.obj
 0001:000002ac       ??_C@_03BDGOHNNK@add@      00000001800012ac     bit64.obj
 0001:000002b0       ??_C@_03KCMAIMAP@sub@      00000001800012b0     bit64.obj
 0001:000002b4       ??_C@_03IMIFIBCN@mul@      00000001800012b4     bit64.obj
 0001:000002b8       ??_C@_03FEJMGOGI@div@      00000001800012b8     bit64.obj
 0001:000002bc       ??_C@_03FFONCNID@mod@      00000001800012bc     bit64.obj
 0001:000002c0       ??_C@_02HIIGGHJB@eq@       00000001800012c0     bit64.obj
 0001:000002c4       ??_C@_02KCAKIFL@lt@        00000001800012c4     bit64.obj
 0001:000002c8       ??_C@_02FJPJILEL@le@       00000001800012c8     bit64.obj
 0001:000002cc       ??_C@_04GPMDFGEJ@type@     00000001800012cc     bit64.obj
 0001:000002d4       ??_C@_05MEHDOBFN@__add@    00000001800012d4     bit64.obj
 0001:000002dc       ??_C@_05HFNNBAII@__sub@    00000001800012dc     bit64.obj
 0001:000002e4       ??_C@_05FLJIBNKK@__mul@    00000001800012e4     bit64.obj
 0001:000002ec       ??_C@_05IDIBPCOP@__div@    00000001800012ec     bit64.obj
 0001:000002f4       ??_C@_05ICPALBAE@__mod@    00000001800012f4     bit64.obj
 0001:000002fc       ??_C@_05MHFNBPAK@__unm@    00000001800012fc     bit64.obj
 0001:00000304       ??_C@_04GIMIAOHA@__eq@     0000000180001304     bit64.obj
 0001:0000030c       ??_C@_04BKGOMBLK@__lt@     000000018000130c     bit64.obj
 0001:00000314       ??_C@_04EJLHOCKK@__le@     0000000180001314     bit64.obj
 0001:00000320       ??_C@_0L@HDFPAPPH@__tostring@ 0000000180001320     bit64.obj
 0001:00000330       ??_C@_08JOIMPOJO@tonumber@ 0000000180001330     bit64.obj
 0001:00000340       ??_C@_09GPALILFO@bad?5int64@ 0000000180001340     bit64.obj
 0001:0000034c       ??_C@_05LLAMLEHD@?$CFI64d@ 000000018000134c     bit64.obj
 0001:00000358       ??_C@_07NHABFFHN@__index@  0000000180001358     bit64.obj
 0001:00000360       ??_C@_05OALCLICP@bit64@    0000000180001360     bit64.obj
 0001:00000368       __real@43e0000000000000    0000000180001368     bit64.obj
 0001:00000370       __xmm@80000000000000008000000000000000 0000000180001370     bit64.obj
 0001:00000398       COLLECTOR_OPI              0000000180001398     exported.obj
 0001:000003b0       COLLECTOR_PI               00000001800013b0     exported.obj
 0001:000003c8       COLLECTOR_GI               00000001800013c8     exported.obj
 0001:000003e0       KEY_OBJECT                 00000001800013e0     exported.obj
 0001:00000c90       ??_C@_05GFCDIDHO@debug@    0000000180001c90     exported.obj
 0001:00000c98       ??_C@_09GPFEECNC@traceback@ 0000000180001c98     exported.obj
 0001:00000ca4       ??_C@_06NKNNMLDJ@export@   0000000180001ca4     exported.obj
 0001:00000cb0       ??_C@_07PCNKBAGB@OnError@  0000000180001cb0     exported.obj
 0001:00000cb8       ??_C@_0N@NJMIGDDL@CreationTime@ 0000000180001cb8     exported.obj
 0001:00000cc8       ??_C@_0P@MFHPCDDH@LastAccessTime@ 0000000180001cc8     exported.obj
 0001:00000cd8       ??_C@_0O@FCFNCAHK@LastWriteTime@ 0000000180001cd8     exported.obj
 0001:00000ce8       ??_C@_0L@FCILKIIG@ChangeTime@ 0000000180001ce8     exported.obj
 0001:00000cf8       ??_C@_08BHIEONMC@FileSize@ 0000000180001cf8     exported.obj
 0001:00000d08       ??_C@_0P@JBACEJLL@AllocationSize@ 0000000180001d08     exported.obj
 0001:00000d18       ??_C@_05BOOEKJH@Flags@     0000000180001d18     exported.obj
 0001:00000d20       ??_C@_0O@DLGJHFNH@NumberOfLinks@ 0000000180001d20     exported.obj
 0001:00000d30       ??_C@_05MHNOECFO@CRC32@    0000000180001d30     exported.obj
 0001:00000d38       ??_C@_08FDCJCDOL@FileName@ 0000000180001d38     exported.obj
 0001:00000d48       ??_C@_0BC@COCBGKAE@AlternateFileName@ 0000000180001d48     exported.obj
 0001:00000d60       ??_C@_0M@OHKMKKDH@Description@ 0000000180001d60     exported.obj
 0001:00000d6c       ??_C@_05HDCNEILF@Owner@    0000000180001d6c     exported.obj
 0001:00000d78       ??_C@_0BB@OKGMKOG@CustomColumnData@ 0000000180001d78     exported.obj
 0001:00000d8c       ??_C@_11LOCGONAA@@         0000000180001d8c     exported.obj
 0001:00000d90       ??_C@_08JNHPECBG@UserData@ 0000000180001d90     exported.obj
 0001:00000da0       ??_C@_0M@BDCAMGGD@ExtUserData@ 0000000180001da0     exported.obj
 0001:00000db0       ??_C@_0N@LHFGLEGJ@FreeUserData@ 0000000180001db0     exported.obj
 0001:00000dc0       ??_C@_0M@DFMHDHBL@GetFindData@ 0000000180001dc0     exported.obj
 0001:00000dd0       ??_C@_08FFPEEIHA@GetFiles@ 0000000180001dd0     exported.obj
 0001:00000de0       ??_C@_0BC@IECOKJFL@GetFiles?4DestPath@ 0000000180001de0     exported.obj
 0001:00000df4       ??_C@_05LFOKGKBN@?$DMboot@ 0000000180001df4     exported.obj
 0001:00000dfc       ??_C@_15CBMDENPJ@?$AA?4?$AA?9@ 0000000180001dfc     exported.obj
 0001:00000e08       ??_C@_07KNEGBPNO@package@  0000000180001e08     exported.obj
 0001:00000e10       ??_C@_07GCEAJMEA@preload@  0000000180001e10     exported.obj
 0001:00000e18       ??_C@_19BCNABNAK@?$AA?4?$AAl?$AAu?$AAa@ 0000000180001e18     exported.obj
 0001:00000e24       ??_C@_13BPINEIPE@?$AAr@    0000000180001e24     exported.obj
 0001:00000e28       ??_C@_1DC@PABHCCON@?$AAD?$AAe?$AAf?$AAa?$AAu?$AAl?$AAt?$AA?5?$AAs?$AAc?$AAr?$AAi?$AAp?$AAt?$AA?5@ 0000000180001e28     exported.obj
 0001:00000e5c       ??_C@_03JEOKDCFP@far@      0000000180001e5c     exported.obj
 0001:00000e60       ??_C@_0BE@HCPAIELH@ReloadDefaultScript@ 0000000180001e60     exported.obj
 0001:00000e78       ??_C@_0L@OCPPMCCK@StructSize@ 0000000180001e78     exported.obj
 0001:00000e84       ??_C@_06LBMCOACO@Buffer@   0000000180001e84     exported.obj
 0001:00000e8c       ??_C@_06EPIAKPGD@OpMode@   0000000180001e8c     exported.obj
 0001:00000e98       ??_C@_07GDADDFBD@Analyse@  0000000180001e98     exported.obj
 0001:00000ea0       ??_C@_0BB@CKIGBGLB@GetOpenPanelInfo@ 0000000180001ea0     exported.obj
 0001:00000eb8       ??_C@_08KDMNIFGM@FreeSize@ 0000000180001eb8     exported.obj
 0001:00000ec8       ??_C@_08PAJOMFPO@HostFile@ 0000000180001ec8     exported.obj
 0001:00000ed4       ??_C@_06IBPEEEAJ@CurDir@   0000000180001ed4     exported.obj
 0001:00000edc       ??_C@_06PEPCFMNJ@Format@   0000000180001edc     exported.obj
 0001:00000ee8       ??_C@_0L@CMHIOLLB@PanelTitle@ 0000000180001ee8     exported.obj
 0001:00000ef8       ??_C@_09PMEOAIAA@InfoLines@ 0000000180001ef8     exported.obj
 0001:00000f08       ??_C@_0BA@BLCGOCOG@InfoLinesNumber@ 0000000180001f08     exported.obj
 0001:00000f18       ??_C@_04OJAHODMC@Text@     0000000180001f18     exported.obj
 0001:00000f20       ??_C@_04DICKPMGH@Data@     0000000180001f20     exported.obj
 0001:00000f28       ??_C@_0L@FPEHOFAI@DescrFiles@ 0000000180001f28     exported.obj
 0001:00000f38       ??_C@_0BA@BBOGKOKF@PanelModesArray@ 0000000180001f38     exported.obj
 0001:00000f48       ??_C@_0BB@LFNABPEF@PanelModesNumber@ 0000000180001f48     exported.obj
 0001:00000f60       ??_C@_0M@KDJPJFOF@ColumnTypes@ 0000000180001f60     exported.obj
 0001:00000f70       ??_C@_0N@ILFJPGHI@ColumnWidths@ 0000000180001f70     exported.obj
 0001:00000f80       ??_C@_0BC@KELOOKNK@StatusColumnTypes@ 0000000180001f80     exported.obj
 0001:00000f98       ??_C@_0BD@DNDIPKDK@StatusColumnWidths@ 0000000180001f98     exported.obj
 0001:00000fb0       ??_C@_0N@EHCEJHEE@ColumnTitles@ 0000000180001fb0     exported.obj
 0001:00000fc0       ??_C@_0P@BEEDPJDK@StartPanelMode@ 0000000180001fc0     exported.obj
 0001:00000fd0       ??_C@_0O@NIFKFGBJ@StartSortMode@ 0000000180001fd0     exported.obj
 0001:00000fe0       ??_C@_0P@KMACBLNK@StartSortOrder@ 0000000180001fe0     exported.obj
 0001:00000ff0       ??_C@_06ONGFDHIA@KeyBar@   0000000180001ff0     exported.obj
 0001:00000ff8       ??_C@_0P@PKDBPEJI@VirtualKeyCode@ 0000000180001ff8     exported.obj
 0001:00001008       ??_C@_0BA@MFFHAKP@ControlKeyState@ 0000000180002008     exported.obj
 0001:00001018       ??_C@_08DGDJEKCP@LongText@ 0000000180002018     exported.obj
 0001:00001028       ??_C@_0BE@OPMKBLIP@_ModuleShortcutData@ 0000000180002028     exported.obj
 0001:00001040       ??_C@_0N@IHDKLODA@ShortcutData@ 0000000180002040     exported.obj
 0001:00001050       ??_C@_05HIFJDKLD@array@    0000000180002050     exported.obj
 0001:00001058       ??_C@_01EFFIKLCJ@n@        0000000180002058     exported.obj
 0001:0000105a       ??_C@_00CNPNBAHC@@         000000018000205a     exported.obj
 0001:0000105c       ??_C@_04DNCDCIAE@Open@     000000018000205c     exported.obj
 0001:00001064       ??_C@_04OPJIDECA@hDlg@     0000000180002064     exported.obj
 0001:0000106c       ??_C@_06BNNOMDLO@Handle@   000000018000206c     exported.obj
 0001:00001074       ??_C@_05LNOAKADA@panel@    0000000180002074     exported.obj
 0001:00001080       ??_C@_0L@JMPDJFBN@ClosePanel@ 0000000180002080     exported.obj
 0001:00001090       ??_C@_07MBOMJGGF@Compare@  0000000180002090     exported.obj
 0001:00001098       ??_C@_09NANCCILE@Configure@ 0000000180002098     exported.obj
 0001:000010a8       ??_C@_0M@MMKKMEFA@DeleteFiles@ 00000001800020a8     exported.obj
 0001:000010b8       ??_C@_0O@GLLEDHJA@MakeDirectory@ 00000001800020b8     exported.obj
 0001:000010c8       ??_C@_0BD@PJNONGDB@MakeDirectory?4Name@ 00000001800020c8     exported.obj
 0001:000010e0       ??_C@_0BC@COPMJGBI@ProcessPanelEvent@ 00000001800020e0     exported.obj
 0001:000010f8       ??_C@_0BA@DPJAKFGC@ProcessHostFile@ 00000001800020f8     exported.obj
 0001:00001108       ??_C@_0BC@HOBKGBBM@ProcessPanelInput@ 0000000180002108     exported.obj
 0001:00001120       ??_C@_08OBOOFGOD@PutFiles@ 0000000180002120     exported.obj
 0001:00001130       ??_C@_0N@KCFEBPAO@SetDirectory@ 0000000180002130     exported.obj
 0001:00001140       ??_C@_0M@PNOHHCCH@SetFindList@ 0000000180002140     exported.obj
 0001:00001150       ??_C@_07EACELFAO@ExitFAR@  0000000180002150     exported.obj
 0001:00001158       ??_C@_0O@OBCKADMD@GetPluginInfo@ 0000000180002158     exported.obj
 0001:00001168       ??_C@_0O@GDMHGAFH@CommandPrefix@ 0000000180002168     exported.obj
 0001:00001178       ??_C@_0O@PHBKMNMJ@DiskMenuGuids@ 0000000180002178     exported.obj
 0001:00001188       ??_C@_0BA@NLBDFPEO@DiskMenuStrings@ 0000000180002188     exported.obj
 0001:00001198       ??_C@_0BA@FOMPNLJF@PluginMenuGuids@ 0000000180002198     exported.obj
 0001:000011a8       ??_C@_0BC@DJMJFBJC@PluginMenuStrings@ 00000001800021a8     exported.obj
 0001:000011c0       ??_C@_0BC@ILBHAHCH@PluginConfigGuids@ 00000001800021c0     exported.obj
 0001:000011d8       ??_C@_0BE@GAFPNGIP@PluginConfigStrings@ 00000001800021d8     exported.obj
 0001:000011f0       ??_C@_0BD@DECJPBBK@ProcessEditorInput@ 00000001800021f0     exported.obj
 0001:00001208       ??_C@_0BD@GEMPAGBO@ProcessEditorEvent@ 0000000180002208     exported.obj
 0001:0000121c       ??_C@_04KOACHJEN@Type@     000000018000221c     exported.obj
 0001:00001228       ??_C@_0N@EKPHGDMI@StringNumber@ 0000000180002228     exported.obj
 0001:00001238       ??_C@_07MOCFLHCN@FileEOL@  0000000180002238     exported.obj
 0001:00001240       ??_C@_08DOHJINHB@CodePage@ 0000000180002240     exported.obj
 0001:00001250       ??_C@_0BD@GGKMLEJG@ProcessViewerEvent@ 0000000180002250     exported.obj
 0001:00001268       ??_C@_0BD@FNHBEIC@ProcessDialogEvent@ 0000000180002268     exported.obj
 0001:0000127c       ??_C@_06CPBJDKAC@Param2@   000000018000227c     exported.obj
 0001:00001284       ??_C@_06EDEGJMB@Param1@    0000000180002284     exported.obj
 0001:0000128c       ??_C@_03MLMOILGK@Msg@      000000018000228c     exported.obj
 0001:00001290       ??_C@_0BE@LHJGGGHN@ProcessSynchroEvent@ 0000000180002290     exported.obj
 0001:000012a8       ??_C@_0BB@PHIEFGHD@GetContentFields@ 00000001800022a8     exported.obj
 0001:000012c0       ??_C@_0P@DPJDPMPI@GetContentData@ 00000001800022c0     exported.obj
 0001:000012d0       ??_C@_0N@DDJEHLKE@?$DM_globalinfo@ 00000001800022d0     exported.obj
 0001:000012e0       ??_C@_1CA@IBKDMBNJ@?$AA_?$AAg?$AAl?$AAo?$AAb?$AAa?$AAl?$AAi?$AAn?$AAf?$AAo?$AA?4?$AAl?$AAu?$AAa@ 00000001800022e0     exported.obj
 0001:00001300       ??_C@_0O@GJMOPLGM@GetGlobalInfo@ 0000000180002300     exported.obj
 0001:00001310       ??_C@_0O@CALOEOI@MinFarVersion@ 0000000180002310     exported.obj
 0001:00001320       ??_C@_07NGFJPNPN@Version@  0000000180002320     exported.obj
 0001:00001328       ??_C@_04MJHIICBJ@Guid@     0000000180002328     exported.obj
 0001:00001330       ??_C@_05PABKJLOM@Title@    0000000180002330     exported.obj
 0001:00001338       ??_C@_06HHECMMLE@Author@   0000000180002338     exported.obj
 0001:00001340       ??_C@_0BE@DONMOPMJ@ProcessConsoleInput@ 0000000180002340     exported.obj
 0001:00001358       __real@bff0000000000000    0000000180002358     exported.obj
 0001:00001c00       Vals                       0000000180002c00     flags.obj
 0001:00003298       ??_C@_0BI@IDKIJMME@FARMANAGERVERSION_MAJOR@ 0000000180004298     flags.obj
 0001:000032b0       ??_C@_0BI@DMLKEAFC@FARMANAGERVERSION_MINOR@ 00000001800042b0     flags.obj
 0001:000032c8       ??_C@_0BL@NMALNAFP@FARMANAGERVERSION_REVISION@ 00000001800042c8     flags.obj
 0001:000032e8       ??_C@_0BI@OLPFLLDD@FARMANAGERVERSION_BUILD@ 00000001800042e8     flags.obj
 0001:00003300       ??_C@_0BI@MOOFLFPC@FARMANAGERVERSION_STAGE@ 0000000180004300     flags.obj
 0001:00003318       ??_C@_0L@MIDBGFJO@CP_UNICODE@ 0000000180004318     flags.obj
 0001:00003328       ??_C@_0O@MNMCMEJH@CP_REVERSEBOM@ 0000000180004328     flags.obj
 0001:00003338       ??_C@_0L@JDNPCEDH@CP_DEFAULT@ 0000000180004338     flags.obj
 0001:00003348       ??_C@_0M@OMCMFJHA@CP_REDETECT@ 0000000180004348     flags.obj
 0001:00003358       ??_C@_09MNAPNKKC@INDEXMASK@ 0000000180004358     flags.obj
 0001:00003368       ??_C@_09BLFIDJLF@COLORMASK@ 0000000180004368     flags.obj
 0001:00003378       ??_C@_09ENNBLPJC@ALPHAMASK@ 0000000180004378     flags.obj
 0001:00003388       ??_C@_0L@EHFOPLFD@PANEL_NONE@ 0000000180004388     flags.obj
 0001:00003398       ??_C@_0N@LPMKALBG@PANEL_ACTIVE@ 0000000180004398     flags.obj
 0001:000033a8       ??_C@_0O@HPKEABPN@PANEL_PASSIVE@ 00000001800043a8     flags.obj
 0001:000033b8       ??_C@_0L@GOEBPENN@PANEL_STOP@ 00000001800043b8     flags.obj
 0001:000033c8       ??_C@_0N@HLIFAAPJ@EEREDRAW_ALL@ 00000001800043c8     flags.obj
 0001:000033d8       ??_C@_0P@NHNDIKJ@CURRENT_EDITOR@ 00000001800043d8     flags.obj
 0001:000033e8       ??_C@_0BN@PPNDCHHA@EDITOR_COLOR_NORMAL_PRIORITY@ 00000001800043e8     flags.obj
 0001:00003408       ??_C@_07MGGAEAFF@DI_TEXT@  0000000180004408     flags.obj
 0001:00003410       ??_C@_08HODBDEHE@DI_VTEXT@ 0000000180004410     flags.obj
 0001:00003420       ??_C@_0N@IGKKGFMF@DI_SINGLEBOX@ 0000000180004420     flags.obj
 0001:00003430       ??_C@_0N@EDCLIEAE@DI_DOUBLEBOX@ 0000000180004430     flags.obj
 0001:00003440       ??_C@_07DOLIFAEF@DI_EDIT@  0000000180004440     flags.obj
 0001:00003448       ??_C@_0L@EOMEIIFM@DI_PSWEDIT@ 0000000180004448     flags.obj
 0001:00003458       ??_C@_0L@MGOIMBKF@DI_FIXEDIT@ 0000000180004458     flags.obj
 0001:00003468       ??_C@_09GGAEMAPJ@DI_BUTTON@ 0000000180004468     flags.obj
 0001:00003478       ??_C@_0M@MHFHGPHJ@DI_CHECKBOX@ 0000000180004478     flags.obj
 0001:00003488       ??_C@_0P@GIPCGMBE@DI_RADIOBUTTON@ 0000000180004488     flags.obj
 0001:00003498       ??_C@_0M@MAKBFNGC@DI_COMBOBOX@ 0000000180004498     flags.obj
 0001:000034a8       ??_C@_0L@ONDMPPPO@DI_LISTBOX@ 00000001800044a8     flags.obj
 0001:000034b8       ??_C@_0P@GDJDPEIK@DI_USERCONTROL@ 00000001800044b8     flags.obj
 0001:000034c8       ??_C@_08KAEGOLOB@DM_FIRST@ 00000001800044c8     flags.obj
 0001:000034d8       ??_C@_08MJMBFJHA@DM_CLOSE@ 00000001800044d8     flags.obj
 0001:000034e8       ??_C@_09KLJOCKAA@DM_ENABLE@ 00000001800044e8     flags.obj
 0001:000034f8       ??_C@_0BA@KAMJGFDG@DM_ENABLEREDRAW@ 00000001800044f8     flags.obj
 0001:00003508       ??_C@_0O@FKGMMKLP@DM_GETDLGDATA@ 0000000180004508     flags.obj
 0001:00003518       ??_C@_0O@HEGKCPOI@DM_GETDLGITEM@ 0000000180004518     flags.obj
 0001:00003528       ??_C@_0O@BEHCGMCL@DM_GETDLGRECT@ 0000000180004528     flags.obj
 0001:00003538       ??_C@_0L@ELBDNLFO@DM_GETTEXT@ 0000000180004538     flags.obj
 0001:00003544       ??_C@_06IKGPEGEJ@DM_KEY@   0000000180004544     flags.obj
 0001:00003550       ??_C@_0O@DIPLLJEH@DM_MOVEDIALOG@ 0000000180004550     flags.obj
 0001:00003560       ??_C@_0O@EEEDHNPG@DM_SETDLGDATA@ 0000000180004560     flags.obj
 0001:00003570       ??_C@_0O@GKEFJIKB@DM_SETDLGITEM@ 0000000180004570     flags.obj
 0001:00003580       ??_C@_0M@GOFGHDFK@DM_SETFOCUS@ 0000000180004580     flags.obj
 0001:00003590       ??_C@_09ILPFEDOM@DM_REDRAW@ 0000000180004590     flags.obj
 0001:000035a0       ??_C@_0L@LDOCOEIP@DM_SETTEXT@ 00000001800045a0     flags.obj
 0001:000035b0       ??_C@_0BE@LABEAIPD@DM_SETMAXTEXTLENGTH@ 00000001800045b0     flags.obj
 0001:000035c8       ??_C@_0O@BIFKIPIP@DM_SHOWDIALOG@ 00000001800045c8     flags.obj
 0001:000035d8       ??_C@_0M@JPHKGACH@DM_GETFOCUS@ 00000001800045d8     flags.obj
 0001:000035e8       ??_C@_0BA@NLMONBKJ@DM_GETCURSORPOS@ 00000001800045e8     flags.obj
 0001:000035f8       ??_C@_0BA@KPHABNOF@DM_SETCURSORPOS@ 00000001800045f8     flags.obj
 0001:00003608       ??_C@_0O@LGEKFPKK@DM_SETTEXTPTR@ 0000000180004608     flags.obj
 0001:00003618       ??_C@_0M@NCOJHJKI@DM_SHOWITEM@ 0000000180004618     flags.obj
 0001:00003628       ??_C@_0O@GKKCFHIM@DM_ADDHISTORY@ 0000000180004628     flags.obj
 0001:00003638       ??_C@_0M@MCEMDFMD@DM_GETCHECK@ 0000000180004638     flags.obj
 0001:00003648       ??_C@_0M@DDGACGLO@DM_SETCHECK@ 0000000180004648     flags.obj
 0001:00003658       ??_C@_0N@MEGOPFGK@DM_SET3STATE@ 0000000180004658     flags.obj
 0001:00003668       ??_C@_0M@GEPBDDNC@DM_LISTSORT@ 0000000180004668     flags.obj
 0001:00003678       ??_C@_0P@NFJNHAKH@DM_LISTGETITEM@ 0000000180004678     flags.obj
 0001:00003688       ??_C@_0BB@EEIMACNO@DM_LISTGETCURPOS@ 0000000180004688     flags.obj
 0001:000036a0       ??_C@_0BB@GKMJCDEM@DM_LISTSETCURPOS@ 00000001800046a0     flags.obj
 0001:000036b8       ??_C@_0O@NOPCAHGJ@DM_LISTDELETE@ 00000001800046b8     flags.obj
 0001:000036c8       ??_C@_0L@BMEAECNG@DM_LISTADD@ 00000001800046c8     flags.obj
 0001:000036d8       ??_C@_0O@HBHDMHP@DM_LISTADDSTR@ 00000001800046d8     flags.obj
 0001:000036e8       ??_C@_0O@PDFCNPKN@DM_LISTUPDATE@ 00000001800046e8     flags.obj
 0001:000036f8       ??_C@_0O@GAAGMJJL@DM_LISTINSERT@ 00000001800046f8     flags.obj
 0001:00003708       ??_C@_0BC@MIFCLOBD@DM_LISTFINDSTRING@ 0000000180004708     flags.obj
 0001:00003720       ??_C@_0M@EEAEBLKC@DM_LISTINFO@ 0000000180004720     flags.obj
 0001:00003730       ??_C@_0P@PLJLJFPA@DM_LISTGETDATA@ 0000000180004730     flags.obj
 0001:00003740       ??_C@_0P@DGKKKCB@DM_LISTSETDATA@ 0000000180004740     flags.obj
 0001:00003750       ??_C@_0BB@CELMNLLN@DM_LISTSETTITLES@ 0000000180004750     flags.obj
 0001:00003768       ??_C@_0BB@KPJPKCP@DM_LISTGETTITLES@ 0000000180004768     flags.obj
 0001:00003780       ??_C@_0BA@ICDJCFLE@DM_RESIZEDIALOG@ 0000000180004780     flags.obj
 0001:00003790       ??_C@_0BD@CNGGHGJF@DM_SETITEMPOSITION@ 0000000180004790     flags.obj
 0001:000037a8       ??_C@_0BF@JMINBGBA@DM_GETDROPDOWNOPENED@ 00000001800047a8     flags.obj
 0001:000037c0       ??_C@_0BF@LJIGJNAO@DM_SETDROPDOWNOPENED@ 00000001800047c0     flags.obj
 0001:000037d8       ??_C@_0O@NPDKADMJ@DM_SETHISTORY@ 00000001800047d8     flags.obj
 0001:000037e8       ??_C@_0BD@BPHAAEIM@DM_GETITEMPOSITION@ 00000001800047e8     flags.obj
 0001:00003800       ??_C@_0BC@BENFKLNH@DM_SETINPUTNOTIFY@ 0000000180004800     flags.obj
 0001:00003818       ??_C@_0BH@CFMLLNNM@DM_SETMOUSEEVENTNOTIFY@ 0000000180004818     flags.obj
 0001:00003830       ??_C@_0BF@IAGIACOD@DM_EDITUNCHANGEDFLAG@ 0000000180004830     flags.obj
 0001:00003848       ??_C@_0P@OJKNHIPN@DM_GETITEMDATA@ 0000000180004848     flags.obj
 0001:00003858       ??_C@_0P@OGLDKOHO@DM_SETITEMDATA@ 0000000180004858     flags.obj
 0001:00003868       ??_C@_0L@KNFAKFKE@DM_LISTSET@ 0000000180004868     flags.obj
 0001:00003878       ??_C@_0BB@EPMFHAFO@DM_GETCURSORSIZE@ 0000000180004878     flags.obj
 0001:00003890       ??_C@_0BB@DANLMDCJ@DM_SETCURSORSIZE@ 0000000180004890     flags.obj
 0001:000038a8       ??_C@_0BD@LAOOKGHD@DM_LISTGETDATASIZE@ 00000001800048a8     flags.obj
 0001:000038c0       ??_C@_0BA@BHGANJAP@DM_GETSELECTION@ 00000001800048c0     flags.obj
 0001:000038d0       ??_C@_0BA@GDNOBFED@DM_SETSELECTION@ 00000001800048d0     flags.obj
 0001:000038e0       ??_C@_0BD@FIHDGIGO@DM_GETEDITPOSITION@ 00000001800048e0     flags.obj
 0001:000038f8       ??_C@_0BD@GKGFBKHH@DM_SETEDITPOSITION@ 00000001800048f8     flags.obj
 0001:00003910       ??_C@_0BE@MCECGHBC@DM_SETCOMBOBOXEVENT@ 0000000180004910     flags.obj
 0001:00003928       ??_C@_0BE@KGBLNJKA@DM_GETCOMBOBOXEVENT@ 0000000180004928     flags.obj
 0001:00003940       ??_C@_0BD@CJEPBACF@DM_GETCONSTTEXTPTR@ 0000000180004940     flags.obj
 0001:00003958       ??_C@_0BD@HOOHICEG@DM_GETDLGITEMSHORT@ 0000000180004958     flags.obj
 0001:00003970       ??_C@_0BD@EMPBPAFP@DM_SETDLGITEMSHORT@ 0000000180004970     flags.obj
 0001:00003988       ??_C@_0BB@GAPFMPKE@DM_GETDIALOGINFO@ 0000000180004988     flags.obj
 0001:000039a0       ??_C@_0BC@KJOLMFGG@DM_GETDIALOGTITLE@ 00000001800049a0     flags.obj
 0001:000039b8       ??_C@_08COMJOMAC@DN_FIRST@ 00000001800049b8     flags.obj
 0001:000039c8       ??_C@_0M@NNNAPNMA@DN_BTNCLICK@ 00000001800049c8     flags.obj
 0001:000039d8       ??_C@_0BC@MJFJAANN@DN_CTLCOLORDIALOG@ 00000001800049d8     flags.obj
 0001:000039f0       ??_C@_0BD@HFGBIBBL@DN_CTLCOLORDLGITEM@ 00000001800049f0     flags.obj
 0001:00003a08       ??_C@_0BD@JMFJPHPD@DN_CTLCOLORDLGLIST@ 0000000180004a08     flags.obj
 0001:00003a20       ??_C@_0O@NKBDPILK@DN_DRAWDIALOG@ 0000000180004a20     flags.obj
 0001:00003a30       ??_C@_0P@KGKEDPBI@DN_DRAWDLGITEM@ 0000000180004a30     flags.obj
 0001:00003a40       ??_C@_0O@JMKNGFLE@DN_EDITCHANGE@ 0000000180004a40     flags.obj
 0001:00003a50       ??_C@_0N@OCGKCPJF@DN_ENTERIDLE@ 0000000180004a50     flags.obj
 0001:00003a60       ??_C@_0M@JHFIBKOO@DN_GOTFOCUS@ 0000000180004a60     flags.obj
 0001:00003a70       ??_C@_07NJJEMKPA@DN_HELP@  0000000180004a70     flags.obj
 0001:00003a78       ??_C@_09EDGJFAK@DN_HOTKEY@ 0000000180004a78     flags.obj
 0001:00003a88       ??_C@_0O@BJECHBCA@DN_INITDIALOG@ 0000000180004a88     flags.obj
 0001:00003a98       ??_C@_0N@CHLLLNBO@DN_KILLFOCUS@ 0000000180004a98     flags.obj
 0001:00003aa8       ??_C@_0O@CLPABIGO@DN_LISTCHANGE@ 0000000180004aa8     flags.obj
 0001:00003ab8       ??_C@_0L@MLMFBHN@DN_DRAGGED@ 0000000180004ab8     flags.obj
 0001:00003ac8       ??_C@_0BB@BOOOCAEG@DN_RESIZECONSOLE@ 0000000180004ac8     flags.obj
 0001:00003ae0       ??_C@_0BC@FHPPFLKG@DN_DRAWDIALOGDONE@ 0000000180004ae0     flags.obj
 0001:00003af8       ??_C@_0O@EONPBNNP@DN_LISTHOTKEY@ 0000000180004af8     flags.obj
 0001:00003b08       ??_C@_08MDDLDGPO@DN_INPUT@ 0000000180004b08     flags.obj
 0001:00003b18       ??_C@_0BA@FGOGLDBC@DN_CONTROLINPUT@ 0000000180004b18     flags.obj
 0001:00003b28       ??_C@_08EHEOFOJD@DN_CLOSE@ 0000000180004b28     flags.obj
 0001:00003b38       ??_C@_0M@POIFBPFN@DN_GETVALUE@ 0000000180004b38     flags.obj
 0001:00003b48       ??_C@_0BC@MHCBFAAO@DN_DROPDOWNOPENED@ 0000000180004b48     flags.obj
 0001:00003b60       ??_C@_0BD@NGEKAPIF@DN_DRAWDLGITEMDONE@ 0000000180004b60     flags.obj
 0001:00003b78       ??_C@_07DIJJNCBA@DM_USER@  0000000180004b78     flags.obj
 0001:00003b80       ??_C@_0BB@HLBBGMAN@BSTATE_UNCHECKED@ 0000000180004b80     flags.obj
 0001:00003b98       ??_C@_0P@FALAMPGP@BSTATE_CHECKED@ 0000000180004b98     flags.obj
 0001:00003ba8       ??_C@_0O@KBIFGGHO@BSTATE_3STATE@ 0000000180004ba8     flags.obj
 0001:00003bb8       ??_C@_0O@ILJOJGLD@BSTATE_TOGGLE@ 0000000180004bb8     flags.obj
 0001:00003bc8       ??_C@_08PPADCPCM@CBET_KEY@ 0000000180004bc8     flags.obj
 0001:00003bd8       ??_C@_0L@KHCLMGFJ@CBET_MOUSE@ 0000000180004bd8     flags.obj
 0001:00003be8       ??_C@_0BA@KNHGEBNE@PTYPE_FILEPANEL@ 0000000180004be8     flags.obj
 0001:00003bf8       ??_C@_0BA@LPPHNHIG@PTYPE_TREEPANEL@ 0000000180004bf8     flags.obj
 0001:00003c08       ??_C@_0BB@JBINOKAI@PTYPE_QVIEWPANEL@ 0000000180004c08     flags.obj
 0001:00003c20       ??_C@_0BA@NKMDEBG@PTYPE_INFOPANEL@ 0000000180004c20     flags.obj
 0001:00003c30       ??_C@_0L@OPHJOKKE@SM_DEFAULT@ 0000000180004c30     flags.obj
 0001:00003c40       ??_C@_0M@JGBFGGEA@SM_UNSORTED@ 0000000180004c40     flags.obj
 0001:00003c50       ??_C@_07KIFHAGIL@SM_NAME@  0000000180004c50     flags.obj
 0001:00003c58       ??_C@_0M@OAFEBGNH@SM_FULLNAME@ 0000000180004c58     flags.obj
 0001:00003c64       ??_C@_06GJJJNNFE@SM_EXT@   0000000180004c64     flags.obj
 0001:00003c70       ??_C@_08FICJBKFN@SM_MTIME@ 0000000180004c70     flags.obj
 0001:00003c80       ??_C@_08GCCDHLCN@SM_CTIME@ 0000000180004c80     flags.obj
 0001:00003c90       ??_C@_08CPOLNKCG@SM_ATIME@ 0000000180004c90     flags.obj
 0001:00003ca0       ??_C@_07OMPKMIKC@SM_SIZE@  0000000180004ca0     flags.obj
 0001:00003ca8       ??_C@_08BCBPOLMA@SM_DESCR@ 0000000180004ca8     flags.obj
 0001:00003cb8       ??_C@_08MEAGCMBB@SM_OWNER@ 0000000180004cb8     flags.obj
 0001:00003cc8       ??_C@_0BC@NKDBNAHD@SM_COMPRESSEDSIZE@ 0000000180004cc8     flags.obj
 0001:00003ce0       ??_C@_0M@PKNLKFI@SM_NUMLINKS@ 0000000180004ce0     flags.obj
 0001:00003cf0       ??_C@_0O@CCKEKPHL@SM_NUMSTREAMS@ 0000000180004cf0     flags.obj
 0001:00003d00       ??_C@_0P@PKGMDPMD@SM_STREAMSSIZE@ 0000000180004d00     flags.obj
 0001:00003d10       ??_C@_0M@KALDNPOO@SM_NAMEONLY@ 0000000180004d10     flags.obj
 0001:00003d20       ??_C@_09KFKGJDHC@SM_CHTIME@ 0000000180004d20     flags.obj
 0001:00003d30       ??_C@_08DOEDKINA@SM_COUNT@ 0000000180004d30     flags.obj
 0001:00003d40       ??_C@_07EOOHOKCC@SM_USER@  0000000180004d40     flags.obj
 0001:00003d48       ??_C@_0P@FEMAMJLE@EEC_OPEN_ERROR@ 0000000180004d48     flags.obj
 0001:00003d58       ??_C@_0N@GLMELIKF@EEC_MODIFIED@ 0000000180004d58     flags.obj
 0001:00003d68       ??_C@_0BB@HALKEFOL@EEC_NOT_MODIFIED@ 0000000180004d68     flags.obj
 0001:00003d80       ??_C@_0BI@CNPFKHKO@EEC_LOADING_INTERRUPTED@ 0000000180004d80     flags.obj
 0001:00003d98       ??_C@_0BK@PHBCABMB@ACTL_GETFARMANAGERVERSION@ 0000000180004d98     flags.obj
 0001:00003db8       ??_C@_0N@DPABJDML@ACTL_WAITKEY@ 0000000180004db8     flags.obj
 0001:00003dc8       ??_C@_0O@CEHHJAFD@ACTL_GETCOLOR@ 0000000180004dc8     flags.obj
 0001:00003dd8       ??_C@_0BD@OKPAACIK@ACTL_GETARRAYCOLOR@ 0000000180004dd8     flags.obj
 0001:00003df0       ??_C@_0BD@DIFEEKNN@ACTL_GETWINDOWINFO@ 0000000180004df0     flags.obj
 0001:00003e08       ??_C@_0BE@PJBIPKOD@ACTL_GETWINDOWCOUNT@ 0000000180004e08     flags.obj
 0001:00003e20       ??_C@_0BG@MNKPOEEN@ACTL_SETCURRENTWINDOW@ 0000000180004e20     flags.obj
 0001:00003e38       ??_C@_0M@IHHFGPPA@ACTL_COMMIT@ 0000000180004e38     flags.obj
 0001:00003e48       ??_C@_0BA@CLHFKJJP@ACTL_GETFARHWND@ 0000000180004e48     flags.obj
 0001:00003e58       ??_C@_0BD@JFOOLBPN@ACTL_SETARRAYCOLOR@ 0000000180004e58     flags.obj
 0001:00003e70       ??_C@_0P@JECKFIA@ACTL_REDRAWALL@ 0000000180004e70     flags.obj
 0001:00003e80       ??_C@_0N@DHPLJLHO@ACTL_SYNCHRO@ 0000000180004e80     flags.obj
 0001:00003e90       ??_C@_0BG@IJPADENB@ACTL_SETPROGRESSSTATE@ 0000000180004e90     flags.obj
 0001:00003ea8       ??_C@_0BG@ICJFAPHK@ACTL_SETPROGRESSVALUE@ 0000000180004ea8     flags.obj
 0001:00003ec0       ??_C@_09HNDBKLDC@ACTL_QUIT@ 0000000180004ec0     flags.obj
 0001:00003ed0       ??_C@_0BA@LJCPDIKK@ACTL_GETFARRECT@ 0000000180004ed0     flags.obj
 0001:00003ee0       ??_C@_0BC@FELBEIDG@ACTL_GETCURSORPOS@ 0000000180004ee0     flags.obj
 0001:00003ef8       ??_C@_0BC@CAAPIEHK@ACTL_SETCURSORPOS@ 0000000180004ef8     flags.obj
 0001:00003f10       ??_C@_0BE@NPJGMDBM@ACTL_PROGRESSNOTIFY@ 0000000180004f10     flags.obj
 0001:00003f28       ??_C@_0BD@IPKOEBIA@ACTL_GETWINDOWTYPE@ 0000000180004f28     flags.obj
 0001:00003f40       ??_C@_09CEDFMINA@MSSC_POST@ 0000000180004f40     flags.obj
 0001:00003f50       ??_C@_0L@MOADGAEB@MSSC_CHECK@ 0000000180004f50     flags.obj
 0001:00003f60       ??_C@_0BA@MMOAIEKP@MACROAREA_OTHER@ 0000000180004f60     flags.obj
 0001:00003f70       ??_C@_0BA@DEBOOAEB@MACROAREA_SHELL@ 0000000180004f70     flags.obj
 0001:00003f80       ??_C@_0BB@JIMPEHCD@MACROAREA_VIEWER@ 0000000180004f80     flags.obj
 0001:00003f98       ??_C@_0BB@KILFBFJH@MACROAREA_EDITOR@ 0000000180004f98     flags.obj
 0001:00003fb0       ??_C@_0BB@CADENPFI@MACROAREA_DIALOG@ 0000000180004fb0     flags.obj
 0001:00003fc8       ??_C@_0BB@MLMLHIGE@MACROAREA_SEARCH@ 0000000180004fc8     flags.obj
 0001:00003fe0       ??_C@_0BA@KKMKOLIK@MACROAREA_DISKS@ 0000000180004fe0     flags.obj
 0001:00003ff0       ??_C@_0BD@IGOOIJP@MACROAREA_MAINMENU@ 0000000180004ff0     flags.obj
 0001:00004008       ??_C@_0P@LFLMAHBF@MACROAREA_MENU@ 0000000180005008     flags.obj
 0001:00004018       ??_C@_0P@DKPKIEO@MACROAREA_HELP@ 0000000180005018     flags.obj
 0001:00004028       ??_C@_0BE@MDJPICHC@MACROAREA_INFOPANEL@ 0000000180005028     flags.obj
 0001:00004040       ??_C@_0BF@NLJMHMPP@MACROAREA_QVIEWPANEL@ 0000000180005040     flags.obj
 0001:00004058       ??_C@_0BE@HBMEGBOC@MACROAREA_TREEPANEL@ 0000000180005058     flags.obj
 0001:00004070       ??_C@_0BF@FCHKCGLL@MACROAREA_FINDFOLDER@ 0000000180005070     flags.obj
 0001:00004088       ??_C@_0BD@JCFMJGDE@MACROAREA_USERMENU@ 0000000180005088     flags.obj
 0001:000040a0       ??_C@_0BO@OMLEPJPM@MACROAREA_SHELLAUTOCOMPLETION@ 00000001800050a0     flags.obj
 0001:000040c0       ??_C@_0BP@OIHAIGBK@MACROAREA_DIALOGAUTOCOMPLETION@ 00000001800050c0     flags.obj
 0001:000040e0       ??_C@_0BC@EIJFKPMK@MACROAREA_GRABBER@ 00000001800050e0     flags.obj
 0001:000040f8       ??_C@_0BC@GNLOCEJP@MACROAREA_DESKTOP@ 00000001800050f8     flags.obj
 0001:00004110       ??_C@_0BB@JPEEDDOG@MACROAREA_COMMON@ 0000000180005110     flags.obj
 0001:00004128       ??_C@_0BD@DIKEKAIJ@MACROSTATE_NOMACRO@ 0000000180005128     flags.obj
 0001:00004140       ??_C@_0BF@PCDEFEGP@MACROSTATE_EXECUTING@ 0000000180005140     flags.obj
 0001:00004158       ??_C@_0BM@EJOFDENO@MACROSTATE_EXECUTING_COMMON@ 0000000180005158     flags.obj
 0001:00004178       ??_C@_0BF@BGODKPBB@MACROSTATE_RECORDING@ 0000000180005178     flags.obj
 0001:00004190       ??_C@_0BM@OICPADFE@MACROSTATE_RECORDING_COMMON@ 0000000180005190     flags.obj
 0001:000041b0       ??_C@_0N@CGFFMLBC@MPEC_SUCCESS@ 00000001800051b0     flags.obj
 0001:000041c0       ??_C@_0L@FJDDLDNN@MPEC_ERROR@ 00000001800051c0     flags.obj
 0001:000041d0       ??_C@_0N@IBOAADDD@FMVT_UNKNOWN@ 00000001800051d0     flags.obj
 0001:000041e0       ??_C@_0N@BDMFKEKE@FMVT_INTEGER@ 00000001800051e0     flags.obj
 0001:000041f0       ??_C@_0M@LFMLDDKI@FMVT_STRING@ 00000001800051f0     flags.obj
 0001:00004200       ??_C@_0M@CKDAIOEN@FMVT_DOUBLE@ 0000000180005200     flags.obj
 0001:00004210       ??_C@_0N@MHKOBOGF@FMVT_BOOLEAN@ 0000000180005210     flags.obj
 0001:00004220       ??_C@_0M@GKPDICDA@FMVT_BINARY@ 0000000180005220     flags.obj
 0001:00004230       ??_C@_0N@FMHCFNDF@FMVT_POINTER@ 0000000180005230     flags.obj
 0001:00004240       ??_C@_08DDPDBBNO@FMVT_NIL@ 0000000180005240     flags.obj
 0001:00004250       ??_C@_0L@DJIKMOJA@FMVT_ARRAY@ 0000000180005250     flags.obj
 0001:00004260       ??_C@_0L@PMDDFEBD@FMVT_PANEL@ 0000000180005260     flags.obj
 0001:00004270       ??_C@_0L@ELHBHIEH@FMVT_ERROR@ 0000000180005270     flags.obj
 0001:00004280       ??_C@_0O@OGHFLIKM@WTYPE_UNKNOWN@ 0000000180005280     flags.obj
 0001:00004290       ??_C@_0O@DCGKMPOM@WTYPE_DESKTOP@ 0000000180005290     flags.obj
 0001:000042a0       ??_C@_0N@FNCFCPIG@WTYPE_PANELS@ 00000001800052a0     flags.obj
 0001:000042b0       ??_C@_0N@EJKMDMBK@WTYPE_VIEWER@ 00000001800052b0     flags.obj
 0001:000042c0       ??_C@_0N@HJNGGOKO@WTYPE_EDITOR@ 00000001800052c0     flags.obj
 0001:000042d0       ??_C@_0N@PBFHKEGB@WTYPE_DIALOG@ 00000001800052d0     flags.obj
 0001:000042e0       ??_C@_0M@OMKLELFA@WTYPE_VMENU@ 00000001800052e0     flags.obj
 0001:000042f0       ??_C@_0L@BCEMNGOG@WTYPE_HELP@ 00000001800052f0     flags.obj
 0001:00004300       ??_C@_0P@MMIDEOJJ@WTYPE_COMBOBOX@ 0000000180005300     flags.obj
 0001:00004310       ??_C@_0O@BHEBEELJ@WTYPE_GRABBER@ 0000000180005310     flags.obj
 0001:00004320       ??_C@_0M@NFHHCILL@WTYPE_HMENU@ 0000000180005320     flags.obj
 0001:00004330       ??_C@_0BA@IPEAOBGN@TBPS_NOPROGRESS@ 0000000180005330     flags.obj
 0001:00004340       ??_C@_0BD@HMEHMDAL@TBPS_INDETERMINATE@ 0000000180005340     flags.obj
 0001:00004358       ??_C@_0M@KHLNKPHE@TBPS_NORMAL@ 0000000180005358     flags.obj
 0001:00004368       ??_C@_0L@DFDPCOFD@TBPS_ERROR@ 0000000180005368     flags.obj
 0001:00004378       ??_C@_0M@GHGAPHPP@TBPS_PAUSED@ 0000000180005378     flags.obj
 0001:00004388       ??_C@_0O@MCNCFBLF@VSMT_VIEWMODE@ 0000000180005388     flags.obj
 0001:00004398       ??_C@_09FLKONCNO@VSMT_WRAP@ 0000000180005398     flags.obj
 0001:000043a8       ??_C@_0O@INKALKJK@VSMT_WORDWRAP@ 00000001800053a8     flags.obj
 0001:000043b8       ??_C@_08FNEFFFEL@VMT_TEXT@ 00000001800053b8     flags.obj
 0001:000043c8       ??_C@_07FLIHDEDA@VMT_HEX@  00000001800053c8     flags.obj
 0001:000043d0       ??_C@_08BDDNDBMJ@VMT_DUMP@ 00000001800053d0     flags.obj
 0001:000043e0       ??_C@_07OJCLGDHJ@VE_READ@  00000001800053e0     flags.obj
 0001:000043e8       ??_C@_08JIBCCIDC@VE_CLOSE@ 00000001800053e8     flags.obj
 0001:000043f8       ??_C@_0M@FEFKOOMJ@VE_GOTFOCUS@ 00000001800053f8     flags.obj
 0001:00004408       ??_C@_0N@ICHCAKIB@VE_KILLFOCUS@ 0000000180005408     flags.obj
 0001:00004418       ??_C@_07BLBPFFLB@EE_READ@  0000000180005418     flags.obj
 0001:00004420       ??_C@_07KJGPGPOC@EE_SAVE@  0000000180005420     flags.obj
 0001:00004428       ??_C@_09NPOPIKMK@EE_REDRAW@ 0000000180005428     flags.obj
 0001:00004438       ??_C@_08NFPFGIG@EE_CLOSE@  0000000180005438     flags.obj
 0001:00004448       ??_C@_0M@CPNMNBMF@EE_GOTFOCUS@ 0000000180005448     flags.obj
 0001:00004458       ??_C@_0N@ILLPMAJF@EE_KILLFOCUS@ 0000000180005458     flags.obj
 0001:00004468       ??_C@_09MIOGFFI@EE_CHANGE@ 0000000180005468     flags.obj
 0001:00004478       ??_C@_0P@MBHAHBBG@DE_DLGPROCINIT@ 0000000180005478     flags.obj
 0001:00004488       ??_C@_0BC@BMFEJAMO@DE_DEFDLGPROCINIT@ 0000000180005488     flags.obj
 0001:000044a0       ??_C@_0O@ICBCOJCG@DE_DLGPROCEND@ 00000001800054a0     flags.obj
 0001:000044b0       ??_C@_0BB@MNODJNPE@SE_COMMONSYNCHRO@ 00000001800054b0     flags.obj
 0001:000044c8       ??_C@_0N@HKGMPMJE@ESPT_TABSIZE@ 00000001800054c8     flags.obj
 0001:000044d8       ??_C@_0BA@GOKHPFCK@ESPT_EXPANDTABS@ 00000001800054d8     flags.obj
 0001:000044e8       ??_C@_0BA@KOADDMLI@ESPT_AUTOINDENT@ 00000001800054e8     flags.obj
 0001:000044f8       ??_C@_0BF@LPNONOMF@ESPT_CURSORBEYONDEOL@ 00000001800054f8     flags.obj
 0001:00004510       ??_C@_0BC@OECOCGLJ@ESPT_CHARCODEBASE@ 0000000180005510     flags.obj
 0001:00004528       ??_C@_0O@PIAOJINE@ESPT_CODEPAGE@ 0000000180005528     flags.obj
 0001:00004538       ??_C@_0BG@HAPABMJH@ESPT_SAVEFILEPOSITION@ 0000000180005538     flags.obj
 0001:00004550       ??_C@_0O@KCPDJCKC@ESPT_LOCKMODE@ 0000000180005550     flags.obj
 0001:00004560       ??_C@_0BA@EIGIAOHM@ESPT_SETWORDDIV@ 0000000180005560     flags.obj
 0001:00004570       ??_C@_0BA@FGEHLJDF@ESPT_GETWORDDIV@ 0000000180005570     flags.obj
 0001:00004580       ??_C@_0BE@MACJBCFP@ESPT_SHOWWHITESPACE@ 0000000180005580     flags.obj
 0001:00004598       ??_C@_0M@FICNFPPA@ESPT_SETBOM@ 0000000180005598     flags.obj
 0001:000045a8       ??_C@_09FLEMPKKP@EUR_BEGIN@ 00000001800055a8     flags.obj
 0001:000045b8       ??_C@_07DDJDFJCN@EUR_END@  00000001800055b8     flags.obj
 0001:000045c0       ??_C@_08FCONALGE@EUR_UNDO@ 00000001800055c0     flags.obj
 0001:000045d0       ??_C@_08DHMMFAHF@EUR_REDO@ 00000001800055d0     flags.obj
 0001:000045e0       ??_C@_0O@PKOIFEBO@EXPAND_NOTABS@ 00000001800055e0     flags.obj
 0001:000045f0       ??_C@_0P@MLHPCNDM@EXPAND_ALLTABS@ 00000001800055f0     flags.obj
 0001:00004600       ??_C@_0P@OONGIIBL@EXPAND_NEWTABS@ 0000000180005600     flags.obj
 0001:00004610       ??_C@_0BD@DKHPEOHH@EOPT_EXPANDALLTABS@ 0000000180005610     flags.obj
 0001:00004628       ??_C@_0BG@BOINMDEK@EOPT_PERSISTENTBLOCKS@ 0000000180005628     flags.obj
 0001:00004640       ??_C@_0BG@PIIHHCAN@EOPT_DELREMOVESBLOCKS@ 0000000180005640     flags.obj
 0001:00004658       ??_C@_0BA@KPJEAKBD@EOPT_AUTOINDENT@ 0000000180005658     flags.obj
 0001:00004668       ??_C@_0BG@MBPADLG@EOPT_SAVEFILEPOSITION@ 0000000180005668     flags.obj
 0001:00004680       ??_C@_0BI@PFHCGCAI@EOPT_AUTODETECTCODEPAGE@ 0000000180005680     flags.obj
 0001:00004698       ??_C@_0BF@IMCOEIAL@EOPT_CURSORBEYONDEOL@ 0000000180005698     flags.obj
 0001:000046b0       ??_C@_0BH@CJPAGGLC@EOPT_EXPANDONLYNEWTABS@ 00000001800056b0     flags.obj
 0001:000046c8       ??_C@_0BE@DDKCDJDC@EOPT_SHOWWHITESPACE@ 00000001800056c8     flags.obj
 0001:000046e0       ??_C@_08HMMLONBH@EOPT_BOM@ 00000001800056e0     flags.obj
 0001:000046f0       ??_C@_0BD@CLLAKGOA@EOPT_SHOWLINEBREAK@ 00000001800056f0     flags.obj
 0001:00004708       ??_C@_0BC@JCJEPKEC@EOPT_SHOWTITLEBAR@ 0000000180005708     flags.obj
 0001:00004720       ??_C@_0BA@KPGMOBKI@EOPT_SHOWKEYBAR@ 0000000180005720     flags.obj
 0001:00004730       ??_C@_0BD@EFCFEAD@EOPT_SHOWSCROLLBAR@ 0000000180005730     flags.obj
 0001:00004748       ??_C@_0L@BJCBJJNB@BTYPE_NONE@ 0000000180005748     flags.obj
 0001:00004758       ??_C@_0N@OPHHGFPF@BTYPE_STREAM@ 0000000180005758     flags.obj
 0001:00004768       ??_C@_0N@EMEGNPLI@BTYPE_COLUMN@ 0000000180005768     flags.obj
 0001:00004778       ??_C@_0BB@BNPDAPGB@ECSTATE_MODIFIED@ 0000000180005778     flags.obj
 0001:00004790       ??_C@_0O@GBBGHDFM@ECSTATE_SAVED@ 0000000180005790     flags.obj
 0001:000047a0       ??_C@_0P@BECIAJAM@ECSTATE_LOCKED@ 00000001800057a0     flags.obj
 0001:000047b0       ??_C@_0P@DOBJCNIG@ECTYPE_CHANGED@ 00000001800057b0     flags.obj
 0001:000047c0       ??_C@_0N@MDEFMEEA@ECTYPE_ADDED@ 00000001800057c0     flags.obj
 0001:000047d0       ??_C@_0P@NMOJJPOB@ECTYPE_DELETED@ 00000001800057d0     flags.obj
 0001:000047e0       ??_C@_08HHHKLJPB@PLT_PATH@ 00000001800057e0     flags.obj
 0001:000047f0       ??_C@_08KBAMIIFB@PFM_GUID@ 00000001800057f0     flags.obj
 0001:00004800       ??_C@_0P@KKEMMPNI@PFM_MODULENAME@ 0000000180005800     flags.obj
 0001:00004810       ??_C@_09BOODOHKD@FFT_PANEL@ 0000000180005810     flags.obj
 0001:00004820       ??_C@_0N@GMEDAGNH@FFT_FINDFILE@ 0000000180005820     flags.obj
 0001:00004830       ??_C@_08KKCPIPGP@FFT_COPY@ 0000000180005830     flags.obj
 0001:00004840       ??_C@_0L@EKPDMFDD@FFT_SELECT@ 0000000180005840     flags.obj
 0001:00004850       ??_C@_0L@LGPEDLLD@FFT_CUSTOM@ 0000000180005850     flags.obj
 0001:00004860       ??_C@_0M@OIOMMFOE@FST_UNKNOWN@ 0000000180005860     flags.obj
 0001:00004870       ??_C@_0L@GGGOEGKJ@FST_SUBKEY@ 0000000180005870     flags.obj
 0001:00004880       ??_C@_09LFEEAJIC@FST_QWORD@ 0000000180005880     flags.obj
 0001:00004890       ??_C@_0L@LPMPBKDL@FST_STRING@ 0000000180005890     flags.obj
 0001:000048a0       ??_C@_08EJJJCLIG@FST_DATA@ 00000001800058a0     flags.obj
 0001:000048b0       ??_C@_09OBBBBFPE@FSSF_ROOT@ 00000001800058b0     flags.obj
 0001:000048c0       ??_C@_0BB@HDKCPBIO@FSSF_HISTORY_CMD@ 00000001800058c0     flags.obj
 0001:000048d8       ??_C@_0BE@BLPOFODL@FSSF_HISTORY_FOLDER@ 00000001800058d8     flags.obj
 0001:000048f0       ??_C@_0BC@NJCJCCNH@FSSF_HISTORY_VIEW@ 00000001800058f0     flags.obj
 0001:00004908       ??_C@_0BC@CODELNPP@FSSF_HISTORY_EDIT@ 0000000180005908     flags.obj
 0001:00004920       ??_C@_0BG@IFGEMJIF@FSSF_HISTORY_EXTERNAL@ 0000000180005920     flags.obj
 0001:00004938       ??_C@_0BG@DGAKDKFK@FSSF_FOLDERSHORTCUT_0@ 0000000180005938     flags.obj
 0001:00004950       ??_C@_0BG@CPBBALBL@FSSF_FOLDERSHORTCUT_1@ 0000000180005950     flags.obj
 0001:00004968       ??_C@_0BG@EDMFINI@FSSF_FOLDERSHORTCUT_2@ 0000000180005968     flags.obj
 0001:00004980       ??_C@_0BG@BNCHGJJJ@FSSF_FOLDERSHORTCUT_3@ 0000000180005980     flags.obj
 0001:00004998       ??_C@_0BG@FCGGPPFO@FSSF_FOLDERSHORTCUT_4@ 0000000180005998     flags.obj
 0001:000049b0       ??_C@_0BG@ELHNMOBP@FSSF_FOLDERSHORTCUT_5@ 00000001800059b0     flags.obj
 0001:000049c8       ??_C@_0BG@GAFAJNNM@FSSF_FOLDERSHORTCUT_6@ 00000001800059c8     flags.obj
 0001:000049e0       ??_C@_0BG@HJELKMJN@FSSF_FOLDERSHORTCUT_7@ 00000001800059e0     flags.obj
 0001:000049f8       ??_C@_0BG@PONDLAFC@FSSF_FOLDERSHORTCUT_8@ 00000001800059f8     flags.obj
 0001:00004a10       ??_C@_0BG@OHMIIBBD@FSSF_FOLDERSHORTCUT_9@ 0000000180005a10     flags.obj
 0001:00004a28       ??_C@_0BD@PBIEGEHP@FSSF_CONFIRMATIONS@ 0000000180005a28     flags.obj
 0001:00004a40       ??_C@_0M@PIGDMPJB@FSSF_SYSTEM@ 0000000180005a40     flags.obj
 0001:00004a50       ??_C@_0L@LBFNJGFB@FSSF_PANEL@ 0000000180005a50     flags.obj
 0001:00004a60       ??_C@_0M@KJLIHDEL@FSSF_EDITOR@ 0000000180005a60     flags.obj
 0001:00004a70       ??_C@_0M@KEMGKEOF@FSSF_SCREEN@ 0000000180005a70     flags.obj
 0001:00004a80       ??_C@_0M@CBDJLJIE@FSSF_DIALOG@ 0000000180005a80     flags.obj
 0001:00004a90       ??_C@_0P@OCDADNBF@FSSF_INTERFACE@ 0000000180005a90     flags.obj
 0001:00004aa0       ??_C@_0BB@GBBEBNKE@FSSF_PANELLAYOUT@ 0000000180005aa0     flags.obj
 0001:00004ab8       ??_C@_0M@JCGHGLJF@PSL_ROAMING@ 0000000180005ab8     flags.obj
 0001:00004ac8       ??_C@_09EDBNDHCM@PSL_LOCAL@ 0000000180005ac8     flags.obj
 0001:00004ad8       ??_C@_07BPEFOPGM@FCT_ANY@  0000000180005ad8     flags.obj
 0001:00004ae0       ??_C@_0L@CDAEILNM@FCT_STREAM@ 0000000180005ae0     flags.obj
 0001:00004af0       ??_C@_0L@IADFDBJB@FCT_COLUMN@ 0000000180005af0     flags.obj
 0001:00004b00       ??_C@_0O@KJFMBLFE@LINK_HARDLINK@ 0000000180005b00     flags.obj
 0001:00004b10       ??_C@_0O@OOAFIIDA@LINK_JUNCTION@ 0000000180005b10     flags.obj
 0001:00004b20       ??_C@_0O@FIAPLKLH@LINK_VOLMOUNT@ 0000000180005b20     flags.obj
 0001:00004b30       ??_C@_0BB@JDBEPJDK@LINK_SYMLINKFILE@ 0000000180005b30     flags.obj
 0001:00004b48       ??_C@_0BA@GFPIOFMG@LINK_SYMLINKDIR@ 0000000180005b48     flags.obj
 0001:00004b58       ??_C@_0N@PJENIJFN@LINK_SYMLINK@ 0000000180005b58     flags.obj
 0001:00004b68       ??_C@_08HNOHKPBK@CPM_FULL@ 0000000180005b68     flags.obj
 0001:00004b78       ??_C@_08LAEGFKJE@CPM_REAL@ 0000000180005b78     flags.obj
 0001:00004b88       ??_C@_0L@NPJNPCJM@CPM_NATIVE@ 0000000180005b88     flags.obj
 0001:00004b98       ??_C@_0L@NCFOENCC@VS_RELEASE@ 0000000180005b98     flags.obj
 0001:00004ba8       ??_C@_08BDGLHPMJ@VS_ALPHA@ 0000000180005ba8     flags.obj
 0001:00004bb8       ??_C@_07OKFPMINB@VS_BETA@  0000000180005bb8     flags.obj
 0001:00004bc0       ??_C@_05MMFLPJEB@VS_RC@    0000000180005bc0     flags.obj
 0001:00004bc8       ??_C@_0L@IIIJLOAF@VS_SPECIAL@ 0000000180005bc8     flags.obj
 0001:00004bd8       ??_C@_0L@EAMAICHL@VS_PRIVATE@ 0000000180005bd8     flags.obj
 0001:00004be8       ??_C@_0BC@OOKLINPG@OPEN_LEFTDISKMENU@ 0000000180005be8     flags.obj
 0001:00004c00       ??_C@_0BB@CEFDHHLF@OPEN_PLUGINSMENU@ 0000000180005c00     flags.obj
 0001:00004c18       ??_C@_0O@IEJHJCNB@OPEN_FINDLIST@ 0000000180005c18     flags.obj
 0001:00004c28       ??_C@_0O@OGDCDPNG@OPEN_SHORTCUT@ 0000000180005c28     flags.obj
 0001:00004c38       ??_C@_0BB@JHCCMIPF@OPEN_COMMANDLINE@ 0000000180005c38     flags.obj
 0001:00004c50       ??_C@_0M@DMJLHMGM@OPEN_EDITOR@ 0000000180005c50     flags.obj
 0001:00004c60       ??_C@_0M@MOBCONI@OPEN_VIEWER@ 0000000180005c60     flags.obj
 0001:00004c70       ??_C@_0P@LCDNLGDE@OPEN_FILEPANEL@ 0000000180005c70     flags.obj
 0001:00004c80       ??_C@_0M@LEBKLGKD@OPEN_DIALOG@ 0000000180005c80     flags.obj
 0001:00004c90       ??_C@_0N@CBHPGAKB@OPEN_ANALYSE@ 0000000180005c90     flags.obj
 0001:00004ca0       ??_C@_0BD@NFNGGFHI@OPEN_RIGHTDISKMENU@ 0000000180005ca0     flags.obj
 0001:00004cb8       ??_C@_0P@FOKOAMLC@OPEN_FROMMACRO@ 0000000180005cb8     flags.obj
 0001:00004cc8       ??_C@_0O@NEDDJIHC@OPEN_LUAMACRO@ 0000000180005cc8     flags.obj
 0001:00004cd8       ??_C@_0P@GBMLNMMI@MCT_MACROPARSE@ 0000000180005cd8     flags.obj
 0001:00004ce8       ??_C@_0P@GNPFPCF@MCT_LOADMACROS@ 0000000180005ce8     flags.obj
 0001:00004cf8       ??_C@_0P@HMDDACMI@MCT_ENUMMACROS@ 0000000180005cf8     flags.obj
 0001:00004d08       ??_C@_0BA@MOCJHMJK@MCT_WRITEMACROS@ 0000000180005d08     flags.obj
 0001:00004d18       ??_C@_0N@IGJGAHKE@MCT_GETMACRO@ 0000000180005d18     flags.obj
 0001:00004d28       ??_C@_0BC@NFGGBILF@MCT_RECORDEDMACRO@ 0000000180005d28     flags.obj
 0001:00004d40       ??_C@_0N@OLCKOJMI@MCT_DELMACRO@ 0000000180005d40     flags.obj
 0001:00004d50       ??_C@_0BC@NALHIHJ@MCT_RUNSTARTMACRO@ 0000000180005d50     flags.obj
 0001:00004d68       ??_C@_0P@HOMHAEFB@MCT_EXECSTRING@ 0000000180005d68     flags.obj
 0001:00004d78       ??_C@_0O@CDBDPKIC@MCT_PANELSORT@ 0000000180005d78     flags.obj
 0001:00004d88       ??_C@_0BH@PKKJIOHM@MCT_GETCUSTOMSORTMODES@ 0000000180005d88     flags.obj
 0001:00004da0       ??_C@_0N@FOPIOCHO@MCT_ADDMACRO@ 0000000180005da0     flags.obj
 0001:00004db0       ??_C@_0N@BHFJFHA@MCT_KEYMACRO@ 0000000180005db0     flags.obj
 0001:00004dc0       ??_C@_0BB@LPDAOGB@MCT_CANPANELSORT@ 0000000180005dc0     flags.obj
 0001:00004dd8       ??_C@_0BC@IOECJI@MPRT_NORMALFINISH@ 0000000180005dd8     flags.obj
 0001:00004df0       ??_C@_0BB@PMCBIGCA@MPRT_ERRORFINISH@ 0000000180005df0     flags.obj
 0001:00004e08       ??_C@_0BA@BCBAEEOI@MPRT_ERRORPARSE@ 0000000180005e08     flags.obj
 0001:00004e18       ??_C@_09EJDAADCN@MPRT_KEYS@ 0000000180005e18     flags.obj
 0001:00004e28       ??_C@_0L@GEHHCKFA@MPRT_PRINT@ 0000000180005e28     flags.obj
 0001:00004e38       ??_C@_0BA@OBIDLEIM@MPRT_PLUGINCALL@ 0000000180005e38     flags.obj
 0001:00004e48       ??_C@_0BA@EJFFOAMM@MPRT_PLUGINMENU@ 0000000180005e48     flags.obj
 0001:00004e58       ??_C@_0BC@LEDOPMKI@MPRT_PLUGINCONFIG@ 0000000180005e58     flags.obj
 0001:00004e70       ??_C@_0BD@HHINMPPI@MPRT_PLUGINCOMMAND@ 0000000180005e70     flags.obj
 0001:00004e88       ??_C@_0O@IEMNLPAB@MPRT_USERMENU@ 0000000180005e88     flags.obj
 0001:00004e98       ??_C@_0BA@GEAFHJNF@MPRT_HASNOMACRO@ 0000000180005e98     flags.obj
 0001:00004ea8       ??_C@_0BC@PNCKAHJO@FE_CHANGEVIEWMODE@ 0000000180005ea8     flags.obj
 0001:00004ec0       ??_C@_09DENIDBMJ@FE_REDRAW@ 0000000180005ec0     flags.obj
 0001:00004ed0       ??_C@_07CLNPDBLG@FE_IDLE@  0000000180005ed0     flags.obj
 0001:00004ed8       ??_C@_08DENCGKED@FE_CLOSE@ 0000000180005ed8     flags.obj
 0001:00004ee8       ??_C@_08MOMCCKPB@FE_BREAK@ 0000000180005ee8     flags.obj
 0001:00004ef8       ??_C@_0L@LELAIPLL@FE_COMMAND@ 0000000180005ef8     flags.obj
 0001:00004f08       ??_C@_0M@FIECADDF@FE_GOTFOCUS@ 0000000180005f08     flags.obj
 0001:00004f18       ??_C@_0N@DGHFKMFL@FE_KILLFOCUS@ 0000000180005f18     flags.obj
 0001:00004f28       ??_C@_0BE@PONEECEM@FE_CHANGESORTPARAMS@ 0000000180005f28     flags.obj
 0001:00004f40       ??_C@_0M@HNDHDHHO@FCF_FG_4BIT@ 0000000180005f40     flags.obj
 0001:00004f50       ??_C@_0M@PJHNDJIE@FCF_BG_4BIT@ 0000000180005f50     flags.obj
 0001:00004f60       ??_C@_0N@HMKJBHOA@FCF_4BITMASK@ 0000000180005f60     flags.obj
 0001:00004f70       ??_C@_0BB@PJFLJJLD@FCF_RAWATTR_MASK@ 0000000180005f70     flags.obj
 0001:00004f88       ??_C@_0BC@NKBLNNIA@FCF_EXTENDEDFLAGS@ 0000000180005f88     flags.obj
 0001:00004fa0       ??_C@_0M@LFMGCKHG@FCF_FG_BOLD@ 0000000180005fa0     flags.obj
 0001:00004fb0       ??_C@_0O@FAPDECBF@FCF_FG_ITALIC@ 0000000180005fb0     flags.obj
 0001:00004fc0       ??_C@_0BB@NPEFGEGA@FCF_FG_UNDERLINE@ 0000000180005fc0     flags.obj
 0001:00004fd8       ??_C@_0O@LGBGBIGB@FCF_STYLEMASK@ 0000000180005fd8     flags.obj
 0001:00004fe8       ??_C@_08BKNBBLHK@FCF_NONE@ 0000000180005fe8     flags.obj
 0001:00004ff8       ??_C@_08FKIDFHCM@CDF_NONE@ 0000000180005ff8     flags.obj
 0001:00005008       ??_C@_0N@ELMEMNDH@FMSG_WARNING@ 0000000180006008     flags.obj
 0001:00005018       ??_C@_0P@HHIGLJAP@FMSG_ERRORTYPE@ 0000000180006018     flags.obj
 0001:00005028       ??_C@_0BE@FHOOILPH@FMSG_KEEPBACKGROUND@ 0000000180006028     flags.obj
 0001:00005040       ??_C@_0P@KBEMNNEP@FMSG_LEFTALIGN@ 0000000180006040     flags.obj
 0001:00005050       ??_C@_0O@FOIOKDHJ@FMSG_ALLINONE@ 0000000180006050     flags.obj
 0001:00005060       ??_C@_0L@BGALGPOK@FMSG_MB_OK@ 0000000180006060     flags.obj
 0001:00005070       ??_C@_0BB@JGAPGIEP@FMSG_MB_OKCANCEL@ 0000000180006070     flags.obj
 0001:00005088       ??_C@_0BJ@BKJADAHA@FMSG_MB_ABORTRETRYIGNORE@ 0000000180006088     flags.obj
 0001:000050a8       ??_C@_0O@GPCAPHCL@FMSG_MB_YESNO@ 00000001800060a8     flags.obj
 0001:000050b8       ??_C@_0BE@IBNOLCGP@FMSG_MB_YESNOCANCEL@ 00000001800060b8     flags.obj
 0001:000050d0       ??_C@_0BE@OCLAIENB@FMSG_MB_RETRYCANCEL@ 00000001800060d0     flags.obj
 0001:000050e8       ??_C@_09NEGPLEAH@FMSG_NONE@ 00000001800060e8     flags.obj
 0001:000050f8       ??_C@_0N@DHJCDIKM@DIF_BOXCOLOR@ 00000001800060f8     flags.obj
 0001:00005108       ??_C@_09IAEPIICA@DIF_GROUP@ 0000000180006108     flags.obj
 0001:00005118       ??_C@_0N@GCKJNBCM@DIF_LEFTTEXT@ 0000000180006118     flags.obj
 0001:00005128       ??_C@_0P@BGPBEDHH@DIF_MOVESELECT@ 0000000180006128     flags.obj
 0001:00005138       ??_C@_0BC@PDKFKKEI@DIF_SHOWAMPERSAND@ 0000000180006138     flags.obj
 0001:00005150       ??_C@_0BA@BLCOKAAO@DIF_CENTERGROUP@ 0000000180006150     flags.obj
 0001:00005160       ??_C@_0P@MKFBJPOB@DIF_NOBRACKETS@ 0000000180006160     flags.obj
 0001:00005170       ??_C@_0BF@JBCDBJCL@DIF_MANUALADDHISTORY@ 0000000180006170     flags.obj
 0001:00005188       ??_C@_0O@JKNMBNLA@DIF_SEPARATOR@ 0000000180006188     flags.obj
 0001:00005198       ??_C@_0P@CGILDLOA@DIF_SEPARATOR2@ 0000000180006198     flags.obj
 0001:000051a8       ??_C@_0L@NBPFNGLB@DIF_EDITOR@ 00000001800061a8     flags.obj
 0001:000051b8       ??_C@_0BE@PFICAGJF@DIF_LISTNOAMPERSAND@ 00000001800061b8     flags.obj
 0001:000051d0       ??_C@_0O@FFJNBMAD@DIF_LISTNOBOX@ 00000001800061d0     flags.obj
 0001:000051e0       ??_C@_0M@IPFBMFDN@DIF_HISTORY@ 00000001800061e0     flags.obj
 0001:000051f0       ??_C@_0P@EGFAEEDC@DIF_BTNNOCLOSE@ 00000001800061f0     flags.obj
 0001:00005200       ??_C@_0P@KOJCCCGB@DIF_CENTERTEXT@ 0000000180006200     flags.obj
 0001:00005210       ??_C@_0BC@ODEMBOPK@DIF_SEPARATORUSER@ 0000000180006210     flags.obj
 0001:00005228       ??_C@_0O@IKJBMPOF@DIF_SETSHIELD@ 0000000180006228     flags.obj
 0001:00005238       ??_C@_0P@EEJEDBLH@DIF_EDITEXPAND@ 0000000180006238     flags.obj
 0001:00005248       ??_C@_0BB@EIMEKEFP@DIF_DROPDOWNLIST@ 0000000180006248     flags.obj
 0001:00005260       ??_C@_0BD@MNGIOLFF@DIF_USELASTHISTORY@ 0000000180006260     flags.obj
 0001:00005278       ??_C@_0N@MOCGNIKC@DIF_MASKEDIT@ 0000000180006278     flags.obj
 0001:00005288       ??_C@_0BD@LPDHCLJI@DIF_LISTTRACKMOUSE@ 0000000180006288     flags.obj
 0001:000052a0       ??_C@_0BK@LEFIBDOA@DIF_LISTTRACKMOUSEINFOCUS@ 00000001800062a0     flags.obj
 0001:000052c0       ??_C@_0BC@JNLDMGBD@DIF_SELECTONENTRY@ 00000001800062c0     flags.obj
 0001:000052d8       ??_C@_0L@KKNJDNBK@DIF_3STATE@ 00000001800062d8     flags.obj
 0001:000052e8       ??_C@_0N@GBGHICKO@DIF_EDITPATH@ 00000001800062e8     flags.obj
 0001:000052f8       ??_C@_0BB@NPNALIGO@DIF_LISTWRAPMODE@ 00000001800062f8     flags.obj
 0001:00005310       ??_C@_0BD@MFOKKGGF@DIF_NOAUTOCOMPLETE@ 0000000180006310     flags.obj
 0001:00005328       ??_C@_0BG@MONEJILE@DIF_LISTAUTOHIGHLIGHT@ 0000000180006328     flags.obj
 0001:00005340       ??_C@_0BA@JNOKLHOL@DIF_LISTNOCLOSE@ 0000000180006340     flags.obj
 0001:00005350       ??_C@_0BB@GMKDKOOP@DIF_EDITPATHEXEC@ 0000000180006350     flags.obj
 0001:00005368       ??_C@_0L@EPNFOPAK@DIF_HIDDEN@ 0000000180006368     flags.obj
 0001:00005378       ??_C@_0N@KOGKCAKJ@DIF_READONLY@ 0000000180006378     flags.obj
 0001:00005388       ??_C@_0M@NLLDINIM@DIF_NOFOCUS@ 0000000180006388     flags.obj
 0001:00005398       ??_C@_0M@HCFLMDHK@DIF_DISABLE@ 0000000180006398     flags.obj
 0001:000053a8       ??_C@_0BC@CHAAKEJO@DIF_DEFAULTBUTTON@ 00000001800063a8     flags.obj
 0001:000053c0       ??_C@_09LCJIOEMN@DIF_FOCUS@ 00000001800063c0     flags.obj
 0001:000053d0       ??_C@_0O@KJADCBBN@DIF_RIGHTTEXT@ 00000001800063d0     flags.obj
 0001:000053e0       ??_C@_0N@LAEOODAD@DIF_WORDWRAP@ 00000001800063e0     flags.obj
 0001:000053f0       ??_C@_08KFOHCPDE@DIF_NONE@ 00000001800063f0     flags.obj
 0001:00005400       ??_C@_0N@EDHAFIIL@LIF_SELECTED@ 0000000180006400     flags.obj
 0001:00005410       ??_C@_0M@BMGIEAIL@LIF_CHECKED@ 0000000180006410     flags.obj
 0001:00005420       ??_C@_0O@KJIFADIG@LIF_SEPARATOR@ 0000000180006420     flags.obj
 0001:00005430       ??_C@_0M@HEFHLFIE@LIF_DISABLE@ 0000000180006430     flags.obj
 0001:00005440       ??_C@_0L@PKDDGEEG@LIF_GRAYED@ 0000000180006440     flags.obj
 0001:00005450       ??_C@_0L@PFBGAOEP@LIF_HIDDEN@ 0000000180006450     flags.obj
 0001:00005460       ??_C@_0BD@HEPCOIEH@LIF_DELETEUSERDATA@ 0000000180006460     flags.obj
 0001:00005478       ??_C@_08BODPINCM@LIF_NONE@ 0000000180006478     flags.obj
 0001:00005488       ??_C@_0BC@BGAENNBJ@LIFIND_EXACTMATCH@ 0000000180006488     flags.obj
 0001:000054a0       ??_C@_0M@FPOGKIGO@LIFIND_NONE@ 00000001800064a0     flags.obj
 0001:000054b0       ??_C@_0BA@OOIEKCFB@LINFO_SHOWNOBOX@ 00000001800064b0     flags.obj
 0001:000054c0       ??_C@_0BE@DECCEGNO@LINFO_AUTOHIGHLIGHT@ 00000001800064c0     flags.obj
 0001:000054d8       ??_C@_0BH@BADLEILJ@LINFO_REVERSEHIGHLIGHT@ 00000001800064d8     flags.obj
 0001:000054f0       ??_C@_0P@KLBMHNCG@LINFO_WRAPMODE@ 00000001800064f0     flags.obj
 0001:00005500       ??_C@_0BE@OHJCOKAE@LINFO_SHOWAMPERSAND@ 0000000180006500     flags.obj
 0001:00005518       ??_C@_0L@EPACPANF@LINFO_NONE@ 0000000180006518     flags.obj
 0001:00005528       ??_C@_0N@OLGDMHKL@FDLG_WARNING@ 0000000180006528     flags.obj
 0001:00005538       ??_C@_0BB@DKMEBDJJ@FDLG_SMALLDIALOG@ 0000000180006538     flags.obj
 0001:00005550       ??_C@_0BC@ONGLDAJN@FDLG_NODRAWSHADOW@ 0000000180006550     flags.obj
 0001:00005568       ??_C@_0BB@NPLEEAKK@FDLG_NODRAWPANEL@ 0000000180006568     flags.obj
 0001:00005580       ??_C@_0BG@GHNOOENB@FDLG_KEEPCONSOLETITLE@ 0000000180006580     flags.obj
 0001:00005598       ??_C@_0O@MKFABCNE@FDLG_NONMODAL@ 0000000180006598     flags.obj
 0001:000055a8       ??_C@_09NNFHCBNL@FDLG_NONE@ 00000001800065a8     flags.obj
 0001:000055b8       ??_C@_0N@JOOGIBAO@MIF_SELECTED@ 00000001800065b8     flags.obj
 0001:000055c8       ??_C@_0M@IHMNAMOE@MIF_CHECKED@ 00000001800065c8     flags.obj
 0001:000055d8       ??_C@_0O@DEIKOCPA@MIF_SEPARATOR@ 00000001800065d8     flags.obj
 0001:000055e8       ??_C@_0M@OPPCPJOL@MIF_DISABLE@ 00000001800065e8     flags.obj
 0001:000055f8       ??_C@_0L@DLLNLLIG@MIF_GRAYED@ 00000001800065f8     flags.obj
 0001:00005608       ??_C@_0L@DEJINBIP@MIF_HIDDEN@ 0000000180006608     flags.obj
 0001:00005618       ??_C@_08JEEJJGP@MIF_NONE@  0000000180006618     flags.obj
 0001:00005628       ??_C@_0BE@FALMPPJK@FMENU_SHOWAMPERSAND@ 0000000180006628     flags.obj
 0001:00005640       ??_C@_0P@HICDNKDJ@FMENU_WRAPMODE@ 0000000180006640     flags.obj
 0001:00005650       ??_C@_0BE@IDAMFDEA@FMENU_AUTOHIGHLIGHT@ 0000000180006650     flags.obj
 0001:00005668       ??_C@_0BL@OKAIKPMN@FMENU_REVERSEAUTOHIGHLIGHT@ 0000000180006668     flags.obj
 0001:00005688       ??_C@_0BJ@FCEONOJC@FMENU_CHANGECONSOLETITLE@ 0000000180006688     flags.obj
 0001:000056a8       ??_C@_0BA@GDFPJAAD@FMENU_SHOWNOBOX@ 00000001800066a8     flags.obj
 0001:000056b8       ??_C@_0BD@PMEPMEOJ@FMENU_SHOWSHORTBOX@ 00000001800066b8     flags.obj
 0001:000056d0       ??_C@_0BE@PDNJFEDO@FMENU_SHOWSINGLEBOX@ 00000001800066d0     flags.obj
 0001:000056e8       ??_C@_0BD@JBJJGCBE@FMENU_NODRAWSHADOW@ 00000001800066e8     flags.obj
 0001:00005700       ??_C@_0L@DGFIEOMD@FMENU_NONE@ 0000000180006700     flags.obj
 0001:00005710       ??_C@_0O@JEAJLDHC@PPIF_SELECTED@ 0000000180006710     flags.obj
 0001:00005720       ??_C@_0BC@LPBDBIOM@PPIF_PROCESSDESCR@ 0000000180006720     flags.obj
 0001:00005738       ??_C@_09OIFMMGNJ@PPIF_NONE@ 0000000180006738     flags.obj
 0001:00005748       ??_C@_0BC@BONLDOOD@PFLAGS_SHOWHIDDEN@ 0000000180006748     flags.obj
 0001:00005760       ??_C@_0BB@BCAJEJEH@PFLAGS_HIGHLIGHT@ 0000000180006760     flags.obj
 0001:00005778       ??_C@_0BI@BFAFODJ@PFLAGS_REVERSESORTORDER@ 0000000180006778     flags.obj
 0001:00005790       ??_C@_0BF@KJNCJPKN@PFLAGS_USESORTGROUPS@ 0000000180006790     flags.obj
 0001:000057a8       ??_C@_0BF@LBBAIOCD@PFLAGS_SELECTEDFIRST@ 00000001800067a8     flags.obj
 0001:000057c0       ??_C@_0BB@KDANIJNM@PFLAGS_REALNAMES@ 00000001800067c0     flags.obj
 0001:000057d8       ??_C@_0BB@ILEHDKFJ@PFLAGS_PANELLEFT@ 00000001800067d8     flags.obj
 0001:000057f0       ??_C@_0BI@EHHAJLOH@PFLAGS_DIRECTORIESFIRST@ 00000001800067f0     flags.obj
 0001:00005808       ??_C@_0BA@KJEPHDOM@PFLAGS_USECRC32@ 0000000180006808     flags.obj
 0001:00005818       ??_C@_0O@DBPJGING@PFLAGS_PLUGIN@ 0000000180006818     flags.obj
 0001:00005828       ??_C@_0P@MLDEBNPK@PFLAGS_VISIBLE@ 0000000180006828     flags.obj
 0001:00005838       ??_C@_0N@EOFAELOJ@PFLAGS_FOCUS@ 0000000180006838     flags.obj
 0001:00005848       ??_C@_0BI@EOCCAHFA@PFLAGS_ALTERNATIVENAMES@ 0000000180006848     flags.obj
 0001:00005860       ??_C@_0BA@GHMDCHHI@PFLAGS_SHORTCUT@ 0000000180006860     flags.obj
 0001:00005870       ??_C@_0M@NEMAHHGP@PFLAGS_NONE@ 0000000180006870     flags.obj
 0001:00005880       ??_C@_0M@IDNADAFL@VF_NONMODAL@ 0000000180006880     flags.obj
 0001:00005890       ??_C@_0BB@OCDDPIKL@VF_DELETEONCLOSE@ 0000000180006890     flags.obj
 0001:000058a8       ??_C@_0N@LDHALKKM@VF_ENABLE_F6@ 00000001800068a8     flags.obj
 0001:000058b8       ??_C@_0BC@DLGKMECC@VF_DISABLEHISTORY@ 00000001800068b8     flags.obj
 0001:000058d0       ??_C@_0BD@DHJCMLFI@VF_IMMEDIATERETURN@ 00000001800068d0     flags.obj
 0001:000058e8       ??_C@_0BJ@OGNFHEJG@VF_DELETEONLYFILEONCLOSE@ 00000001800068e8     flags.obj
 0001:00005908       ??_C@_07CJJFHP@VF_NONE@    0000000180006908     flags.obj
 0001:00005910       ??_C@_0M@PIFGAPFH@EF_NONMODAL@ 0000000180006910     flags.obj
 0001:00005920       ??_C@_0N@DBHFPBEO@EF_CREATENEW@ 0000000180006920     flags.obj
 0001:00005930       ??_C@_0N@LKLNHALI@EF_ENABLE_F6@ 0000000180006930     flags.obj
 0001:00005940       ??_C@_0BC@PPEPEFFI@EF_DISABLEHISTORY@ 0000000180006940     flags.obj
 0001:00005958       ??_C@_0BB@KGPIDKFC@EF_DELETEONCLOSE@ 0000000180006958     flags.obj
 0001:00005970       ??_C@_0BD@IHIGHGPL@EF_IMMEDIATERETURN@ 0000000180006970     flags.obj
 0001:00005988       ??_C@_0BJ@ILCPOFKL@EF_DELETEONLYFILEONCLOSE@ 0000000180006988     flags.obj
 0001:000059a8       ??_C@_09IJMPFPLB@EF_LOCKED@ 00000001800069a8     flags.obj
 0001:000059b8       ??_C@_0BC@GFHJGKD@EF_DISABLESAVEPOS@ 00000001800069b8     flags.obj
 0001:000059d0       ??_C@_0BB@NILAHAFO@EF_OPENMODE_MASK@ 00000001800069d0     flags.obj
 0001:000059e8       ??_C@_0BC@GAIDEJIA@EF_OPENMODE_QUERY@ 00000001800069e8     flags.obj
 0001:00005a00       ??_C@_0BG@BFKJJBAG@EF_OPENMODE_NEWIFOPEN@ 0000000180006a00     flags.obj
 0001:00005a18       ??_C@_0BI@KGOKGPEI@EF_OPENMODE_USEEXISTING@ 0000000180006a18     flags.obj
 0001:00005a30       ??_C@_0BI@EJBKKDJ@EF_OPENMODE_BREAKIFOPEN@ 0000000180006a30     flags.obj
 0001:00005a48       ??_C@_0BJ@MOLGCBMH@EF_OPENMODE_RELOADIFOPEN@ 0000000180006a48     flags.obj
 0001:00005a68       ??_C@_07MBPCONNA@EN_NONE@  0000000180006a68     flags.obj
 0001:00005a70       ??_C@_0BC@HHNGCBAM@FHELP_NOSHOWERROR@ 0000000180006a70     flags.obj
 0001:00005a88       ??_C@_0P@GANNLHEJ@FHELP_SELFHELP@ 0000000180006a88     flags.obj
 0001:00005a98       ??_C@_0O@FLGGLFLC@FHELP_FARHELP@ 0000000180006a98     flags.obj
 0001:00005aa8       ??_C@_0BB@KNKDPNI@FHELP_CUSTOMFILE@ 0000000180006aa8     flags.obj
 0001:00005ac0       ??_C@_0BB@IHFFPJJA@FHELP_CUSTOMPATH@ 0000000180006ac0     flags.obj
 0001:00005ad8       ??_C@_0L@OOIMFPBD@FHELP_GUID@ 0000000180006ad8     flags.obj
 0001:00005ae8       ??_C@_0BC@PNPOIHMG@FHELP_USECONTENTS@ 0000000180006ae8     flags.obj
 0001:00005b00       ??_C@_0L@MAGMKNFN@FHELP_NONE@ 0000000180006b00     flags.obj
 0001:00005b10       ??_C@_0BE@GEGKIINM@KMFLAGS_SILENTCHECK@ 0000000180006b10     flags.obj
 0001:00005b28       ??_C@_0BM@BBOPLPKC@KMFLAGS_NOSENDKEYSTOPLUGINS@ 0000000180006b28     flags.obj
 0001:00005b48       ??_C@_0BF@PHHPAAOK@KMFLAGS_ENABLEOUTPUT@ 0000000180006b48     flags.obj
 0001:00005b60       ??_C@_0BB@NCECNBPK@KMFLAGS_LANGMASK@ 0000000180006b60     flags.obj
 0001:00005b78       ??_C@_0M@HFBACHCP@KMFLAGS_LUA@ 0000000180006b78     flags.obj
 0001:00005b88       ??_C@_0BD@JHNPMIGP@KMFLAGS_MOONSCRIPT@ 0000000180006b88     flags.obj
 0001:00005ba0       ??_C@_0N@GIJCDFJI@KMFLAGS_NONE@ 0000000180006ba0     flags.obj
 0001:00005bb0       ??_C@_0O@GKOLBMFK@AKMFLAGS_NONE@ 0000000180006bb0     flags.obj
 0001:00005bc0       ??_C@_0P@LMBMJIMF@FSETCLR_REDRAW@ 0000000180006bc0     flags.obj
 0001:00005bd0       ??_C@_0N@LCOHPDHN@FSETCLR_NONE@ 0000000180006bd0     flags.obj
 0001:00005be0       ??_C@_0N@MLMCEKPH@WIF_MODIFIED@ 0000000180006be0     flags.obj
 0001:00005bf0       ??_C@_0M@ICPAPCOF@WIF_CURRENT@ 0000000180006bf0     flags.obj
 0001:00005c00       ??_C@_09FPGEBDGO@WIF_MODAL@ 0000000180006c00     flags.obj
 0001:00005c10       ??_C@_08DAKKFBIA@WIF_NONE@ 0000000180006c10     flags.obj
 0001:00005c20       ??_C@_0BG@JMJAOELH@VOPT_SAVEFILEPOSITION@ 0000000180006c20     flags.obj
 0001:00005c38       ??_C@_0BI@NCAHLEBN@VOPT_AUTODETECTCODEPAGE@ 0000000180006c38     flags.obj
 0001:00005c50       ??_C@_0BC@FGLBHLDI@VOPT_SHOWTITLEBAR@ 0000000180006c50     flags.obj
 0001:00005c68       ??_C@_0BA@GAIDGLME@VOPT_SHOWKEYBAR@ 0000000180006c68     flags.obj
 0001:00005c78       ??_C@_0BD@LEEGOJKA@VOPT_SHOWSCROLLBAR@ 0000000180006c78     flags.obj
 0001:00005c90       ??_C@_0P@NEIKPMJJ@VOPT_QUICKVIEW@ 0000000180006c90     flags.obj
 0001:00005ca0       ??_C@_09FIOJMNJ@VOPT_NONE@ 0000000180006ca0     flags.obj
 0001:00005cb0       ??_C@_0N@ILNDJNNO@VSMFL_REDRAW@ 0000000180006cb0     flags.obj
 0001:00005cc0       ??_C@_0L@DLLCFLOD@VSMFL_NONE@ 0000000180006cc0     flags.obj
 0001:00005cd0       ??_C@_0N@GHEHKHJN@VSP_NOREDRAW@ 0000000180006cd0     flags.obj
 0001:00005ce0       ??_C@_0M@LHNGMHFO@VSP_PERCENT@ 0000000180006ce0     flags.obj
 0001:00005cf0       ??_C@_0N@JGGGCNIP@VSP_RELATIVE@ 0000000180006cf0     flags.obj
 0001:00005d00       ??_C@_0BA@JKDMJLJG@VSP_NORETNEWPOS@ 0000000180006d00     flags.obj
 0001:00005d10       ??_C@_08MOKEMBNE@VSP_NONE@ 0000000180006d10     flags.obj
 0001:00005d20       ??_C@_08FAPBJAKB@VMF_WRAP@ 0000000180006d20     flags.obj
 0001:00005d30       ??_C@_0N@GHBDMLON@VMF_WORDWRAP@ 0000000180006d30     flags.obj
 0001:00005d40       ??_C@_08KDJLELDJ@VMF_NONE@ 0000000180006d40     flags.obj
 0001:00005d50       ??_C@_0BB@EDGIEBDF@ECF_TABMARKFIRST@ 0000000180006d50     flags.obj
 0001:00005d68       ??_C@_0BD@DKGCCJNG@ECF_TABMARKCURRENT@ 0000000180006d68     flags.obj
 0001:00005d80       ??_C@_0P@BAFEMBAJ@ECF_AUTODELETE@ 0000000180006d80     flags.obj
 0001:00005d90       ??_C@_08CDFMCHLP@ECF_NONE@ 0000000180006d90     flags.obj
 0001:00005da0       ??_C@_0BA@KNNLMGCA@FIB_ENABLEEMPTY@ 0000000180006da0     flags.obj
 0001:00005db0       ??_C@_0N@DLDJCGJI@FIB_PASSWORD@ 0000000180006db0     flags.obj
 0001:00005dc0       ??_C@_0O@DOHEGELC@FIB_EXPANDENV@ 0000000180006dc0     flags.obj
 0001:00005dd0       ??_C@_0BF@CEMIHIOK@FIB_NOUSELASTHISTORY@ 0000000180006dd0     flags.obj
 0001:00005de8       ??_C@_0M@KJOJJDIM@FIB_BUTTONS@ 0000000180006de8     flags.obj
 0001:00005df8       ??_C@_0BA@COBBDHNL@FIB_NOAMPERSAND@ 0000000180006df8     flags.obj
 0001:00005e08       ??_C@_0N@LBOCEEGH@FIB_EDITPATH@ 0000000180006e08     flags.obj
 0001:00005e18       ??_C@_0BB@DCODFLEL@FIB_EDITPATHEXEC@ 0000000180006e18     flags.obj
 0001:00005e30       ??_C@_08HPFOCDKB@FIB_NONE@ 0000000180006e30     flags.obj
 0001:00005e40       ??_C@_0L@NMBLFMBN@FPF_LOADED@ 0000000180006e40     flags.obj
 0001:00005e50       ??_C@_08GKECKCCJ@FPF_ANSI@ 0000000180006e50     flags.obj
 0001:00005e60       ??_C@_08OIOFCNLC@FPF_NONE@ 0000000180006e60     flags.obj
 0001:00005e70       ??_C@_0L@HODJIPGA@PN_CMPNAME@ 0000000180006e70     flags.obj
 0001:00005e80       ??_C@_0P@KDEENAHJ@PN_CMPNAMELIST@ 0000000180006e80     flags.obj
 0001:00005e90       ??_C@_0BA@BJCCEIOI@PN_GENERATENAME@ 0000000180006e90     flags.obj
 0001:00005ea0       ??_C@_0N@FEGPCCPJ@PN_CHECKMASK@ 0000000180006ea0     flags.obj
 0001:00005eb0       ??_C@_0M@NOOLKEBH@PN_SKIPPATH@ 0000000180006eb0     flags.obj
 0001:00005ec0       ??_C@_0BE@OPDBOAAE@PN_SHOWERRORMESSAGE@ 0000000180006ec0     flags.obj
 0001:00005ed8       ??_C@_07PFKJNCJP@PN_NONE@  0000000180006ed8     flags.obj
 0001:00005ee0       ??_C@_0BG@GOMJDMCK@XLAT_SWITCHKEYBLAYOUT@ 0000000180006ee0     flags.obj
 0001:00005ef8       ??_C@_0BE@KOIJDNLA@XLAT_SWITCHKEYBBEEP@ 0000000180006ef8     flags.obj
 0001:00005f10       ??_C@_0BH@KBFAFPNA@XLAT_USEKEYBLAYOUTNAME@ 0000000180006f10     flags.obj
 0001:00005f28       ??_C@_0BH@IANKLOAC@XLAT_CONVERTALLCMDLINE@ 0000000180006f28     flags.obj
 0001:00005f40       ??_C@_09JCNLKBBK@XLAT_NONE@ 0000000180006f40     flags.obj
 0001:00005f50       ??_C@_0N@PJEDCNNJ@FRS_RETUPDIR@ 0000000180006f50     flags.obj
 0001:00005f60       ??_C@_09GHEPLOHO@FRS_RECUR@ 0000000180006f60     flags.obj
 0001:00005f70       ??_C@_0BA@JCPHOEAE@FRS_SCANSYMLINK@ 0000000180006f70     flags.obj
 0001:00005f80       ??_C@_08JPCGJJKG@FRS_NONE@ 0000000180006f80     flags.obj
 0001:00005f90       ??_C@_0P@LJPBHEIE@MLF_SHOWERRMSG@ 0000000180006f90     flags.obj
 0001:00005fa0       ??_C@_0BF@LMAGFLHF@MLF_DONOTUPDATEPANEL@ 0000000180006fa0     flags.obj
 0001:00005fb8       ??_C@_0P@EPFBLPAE@MLF_HOLDTARGET@ 0000000180006fb8     flags.obj
 0001:00005fc8       ??_C@_08EBKEJHAL@MLF_NONE@ 0000000180006fc8     flags.obj
 0001:00005fd8       ??_C@_0M@JDMKDBDH@FFFS_COMMAS@ 0000000180006fd8     flags.obj
 0001:00005fe8       ??_C@_0P@JPMLNBKL@FFFS_FLOATSIZE@ 0000000180006fe8     flags.obj
 0001:00005ff8       ??_C@_0BE@NPKCCEJ@FFFS_SHOWBYTESINDEX@ 0000000180006ff8     flags.obj
 0001:00006010       ??_C@_0O@FPIOAIMC@FFFS_ECONOMIC@ 0000000180007010     flags.obj
 0001:00006020       ??_C@_0O@HFIGPFIH@FFFS_THOUSAND@ 0000000180007020     flags.obj
 0001:00006030       ??_C@_0BC@LLLANJJO@FFFS_MINSIZEINDEX@ 0000000180007030     flags.obj
 0001:00006048       ??_C@_0BH@PEGBPJKE@FFFS_MINSIZEINDEX_MASK@ 0000000180007048     flags.obj
 0001:00006060       ??_C@_09PBPAKNEI@FFFS_NONE@ 0000000180007060     flags.obj
 0001:00006070       ??_C@_0L@NHEJGKCF@PF_PRELOAD@ 0000000180007070     flags.obj
 0001:00006080       ??_C@_0BB@GCINAIGN@PF_DISABLEPANELS@ 0000000180007080     flags.obj
 0001:00006098       ??_C@_09OENCMPGE@PF_EDITOR@ 0000000180007098     flags.obj
 0001:000060a8       ??_C@_09NEKIJNNA@PF_VIEWER@ 00000001800070a8     flags.obj
 0001:000060b8       ??_C@_0P@MBLBBCNK@PF_FULLCMDLINE@ 00000001800070b8     flags.obj
 0001:000060c8       ??_C@_09GMFDAFKL@PF_DIALOG@ 00000001800070c8     flags.obj
 0001:000060d8       ??_C@_07MGEGJMPI@PF_NONE@  00000001800070d8     flags.obj
 0001:000060e0       ??_C@_0BD@EGELEIIG@IPLFLAGS_SEPARATOR@ 00000001800070e0     flags.obj
 0001:000060f8       ??_C@_0O@JBNJFHHK@IPLFLAGS_NONE@ 00000001800070f8     flags.obj
 0001:00006108       ??_C@_0BD@KGHJOBGM@PMFLAGS_FULLSCREEN@ 0000000180007108     flags.obj
 0001:00006120       ??_C@_0BH@GDAAKEMH@PMFLAGS_DETAILEDSTATUS@ 0000000180007120     flags.obj
 0001:00006138       ??_C@_0BI@BMHIBDMH@PMFLAGS_ALIGNEXTENSIONS@ 0000000180007138     flags.obj
 0001:00006150       ??_C@_0BH@KOFCBJBO@PMFLAGS_CASECONVERSION@ 0000000180007150     flags.obj
 0001:00006168       ??_C@_0N@DLFMCMOB@PMFLAGS_NONE@ 0000000180007168     flags.obj
 0001:00006178       ??_C@_0BD@PBMGDJEM@OPIF_DISABLEFILTER@ 0000000180007178     flags.obj
 0001:00006190       ??_C@_0BH@FHBKALPD@OPIF_DISABLESORTGROUPS@ 0000000180007190     flags.obj
 0001:000061a8       ??_C@_0BJ@NGLIANCL@OPIF_DISABLEHIGHLIGHTING@ 00000001800071a8     flags.obj
 0001:000061c8       ??_C@_0N@JANKJMLP@OPIF_ADDDOTS@ 00000001800071c8     flags.obj
 0001:000061d8       ??_C@_0BC@HOFHNJIG@OPIF_RAWSELECTION@ 00000001800071d8     flags.obj
 0001:000061f0       ??_C@_0P@OFEDJCO@OPIF_REALNAMES@ 00000001800071f0     flags.obj
 0001:00006200       ??_C@_0BD@FPGMNAPD@OPIF_SHOWNAMESONLY@ 0000000180007200     flags.obj
 0001:00006218       ??_C@_0BJ@NMIFAPJD@OPIF_SHOWRIGHTALIGNNAMES@ 0000000180007218     flags.obj
 0001:00006238       ??_C@_0BG@HGPMKHIE@OPIF_SHOWPRESERVECASE@ 0000000180007238     flags.obj
 0001:00006250       ??_C@_0BE@GJEJHNKJ@OPIF_COMPAREFATTIME@ 0000000180007250     flags.obj
 0001:00006268       ??_C@_0BB@PELHBPAM@OPIF_EXTERNALGET@ 0000000180007268     flags.obj
 0001:00006280       ??_C@_0BB@CFFPNDFK@OPIF_EXTERNALPUT@ 0000000180007280     flags.obj
 0001:00006298       ??_C@_0BE@LKEMICNM@OPIF_EXTERNALDELETE@ 0000000180007298     flags.obj
 0001:000062b0       ??_C@_0BD@JIMJPFEP@OPIF_EXTERNALMKDIR@ 00000001800072b0     flags.obj
 0001:000062c8       ??_C@_0BJ@CALDMPLF@OPIF_USEATTRHIGHLIGHTING@ 00000001800072c8     flags.obj
 0001:000062e8       ??_C@_0O@JHHHMHIG@OPIF_USECRC32@ 00000001800072e8     flags.obj
 0001:000062f8       ??_C@_0BB@PFDFAFHG@OPIF_USEFREESIZE@ 00000001800072f8     flags.obj
 0001:00006310       ??_C@_0O@FJPLJDBC@OPIF_SHORTCUT@ 0000000180007310     flags.obj
 0001:00006320       ??_C@_09DOPJBMLM@OPIF_NONE@ 0000000180007320     flags.obj
 0001:00006330       ??_C@_0L@GEHHKNBL@OPM_SILENT@ 0000000180007330     flags.obj
 0001:00006340       ??_C@_08EKEBOKEP@OPM_FIND@ 0000000180007340     flags.obj
 0001:00006350       ??_C@_08EHBLNDLO@OPM_VIEW@ 0000000180007350     flags.obj
 0001:00006360       ??_C@_08LAAGEMJG@OPM_EDIT@ 0000000180007360     flags.obj
 0001:00006370       ??_C@_0N@NDGKAFDM@OPM_TOPLEVEL@ 0000000180007370     flags.obj
 0001:00006380       ??_C@_09EBKAPHPA@OPM_DESCR@ 0000000180007380     flags.obj
 0001:00006390       ??_C@_0O@OPDAGBBE@OPM_QUICKVIEW@ 0000000180007390     flags.obj
 0001:000063a0       ??_C@_08LCEGJCAC@OPM_PGDN@ 00000001800073a0     flags.obj
 0001:000063b0       ??_C@_0N@HKCLLJDG@OPM_COMMANDS@ 00000001800073b0     flags.obj
 0001:000063c0       ??_C@_08EGEBMPBD@OPM_NONE@ 00000001800073c0     flags.obj
 0001:000063d0       ??_C@_0M@MIGJPBPE@FOSF_ACTIVE@ 00000001800073d0     flags.obj
 0001:000063e0       ??_C@_09FMOOJHDF@FOSF_NONE@ 00000001800073e0     flags.obj
 0001:000063f0       ??_C@_09HNBBLIGN@PCIF_NONE@ 00000001800073f0     flags.obj
 0001:00006400       ??_C@_0BA@MAEBFMHC@FOREGROUND_BLUE@ 0000000180007400     flags.obj
 0001:00006410       ??_C@_0BB@PDFNMAI@FOREGROUND_GREEN@ 0000000180007410     flags.obj
 0001:00006428       ??_C@_0P@PBJHCFGA@FOREGROUND_RED@ 0000000180007428     flags.obj
 0001:00006438       ??_C@_0BF@OOGEJCC@FOREGROUND_INTENSITY@ 0000000180007438     flags.obj
 0001:00006450       ??_C@_0BA@PIFINJCK@BACKGROUND_BLUE@ 0000000180007450     flags.obj
 0001:00006460       ??_C@_0BB@GKLNBMEL@BACKGROUND_GREEN@ 0000000180007460     flags.obj
 0001:00006478       ??_C@_0P@DANALJMC@BACKGROUND_RED@ 0000000180007478     flags.obj
 0001:00006488       ??_C@_0BF@NIGKKPCF@BACKGROUND_INTENSITY@ 0000000180007488     flags.obj
 0001:000064a0       ??_C@_0N@FEFOEFHG@CTRL_C_EVENT@ 00000001800074a0     flags.obj
 0001:000064b0       ??_C@_0BB@ELEIIFAE@CTRL_BREAK_EVENT@ 00000001800074b0     flags.obj
 0001:000064c8       ??_C@_0BB@KMPDMOKK@CTRL_CLOSE_EVENT@ 00000001800074c8     flags.obj
 0001:000064e0       ??_C@_0BC@MCKCEPAL@CTRL_LOGOFF_EVENT@ 00000001800074e0     flags.obj
 0001:000064f8       ??_C@_0BE@BCNEFGKM@CTRL_SHUTDOWN_EVENT@ 00000001800074f8     flags.obj
 0001:00006510       ??_C@_0BC@BBOPHMOM@ENABLE_LINE_INPUT@ 0000000180007510     flags.obj
 0001:00006528       ??_C@_0BC@JPFKLHOC@ENABLE_ECHO_INPUT@ 0000000180007528     flags.obj
 0001:00006540       ??_C@_0BH@EHINFMOF@ENABLE_PROCESSED_INPUT@ 0000000180007540     flags.obj
 0001:00006558       ??_C@_0BE@BLAHACNB@ENABLE_WINDOW_INPUT@ 0000000180007558     flags.obj
 0001:00006570       ??_C@_0BD@BJECBJPO@ENABLE_MOUSE_INPUT@ 0000000180007570     flags.obj
 0001:00006588       ??_C@_0BD@KJBPOMPN@ENABLE_INSERT_MODE@ 0000000180007588     flags.obj
 0001:000065a0       ??_C@_0BH@BJKMFKAO@ENABLE_QUICK_EDIT_MODE@ 00000001800075a0     flags.obj
 0001:000065b8       ??_C@_0BG@CBCHHIEH@ENABLE_EXTENDED_FLAGS@ 00000001800075b8     flags.obj
 0001:000065d0       ??_C@_0BF@PEBFEBKN@ENABLE_AUTO_POSITION@ 00000001800075d0     flags.obj
 0001:000065e8       ??_C@_0BI@MHKNPIFM@ENABLE_PROCESSED_OUTPUT@ 00000001800075e8     flags.obj
 0001:00006600       ??_C@_0BK@CDKLKCHJ@ENABLE_WRAP_AT_EOL_OUTPUT@ 0000000180007600     flags.obj
 0001:00006620       ??_C@_09JBABGNAE@KEY_EVENT@ 0000000180007620     flags.obj
[...]
 0003:000037b0       $pdata$__acrt_stdio_allocate_buffer_nolock 00000001800787b0     libucrt:_getbuf.obj
 0003:000037bc       $pdata$__pctype_func       00000001800787bc     libucrt:ctype.obj
 0003:000037c8       $pdata$_isctype_l          00000001800787c8     libucrt:isctype.obj
 0003:000037d4       $pdata$_towlower_l         00000001800787d4     libucrt:towlower.obj
 0003:000037e0       $pdata$_recalloc_base      00000001800787e0     libucrt:recalloc.obj
 0003:000037ec       $pdata$wcscat_s            00000001800787ec     libucrt:wcscat_s.obj
 0003:000037f8       $pdata$_cwait              00000001800787f8     libucrt:wait.obj
 0003:00003804       $pdata$__acrt_wgetpath     0000000180078804     libucrt:getpath.obj
 0003:00003810       $pdata$??$__acrt_mbs_to_wcs_cp@U__crt_win32_buffer_internal_dynamic_resizing@@@@YAHQEBDAEAV?$__crt_win32_buffer@_WU__crt_win32_buffer_internal_dynamic_resizing@@@@I@Z 0000000180078810     libucrt:createprocessa.obj
 0003:0000381c       $pdata$__acrt_initialize_locks 000000018007881c     libucrt:locks.obj
 0003:00003828       $pdata$__acrt_uninitialize_locks 0000000180078828     libucrt:locks.obj
 0003:00003834       $pdata$_waccess_s          0000000180078834     libucrt:waccess.obj
 0003:00003840       $pdata$_pipe               0000000180078840     libucrt:pipe.obj
 0003:0000384c       $pdata$_pipe$fin$1         000000018007884c     libucrt:pipe.obj
 0003:00003858       $pdata$_pipe$fin$0         0000000180078858     libucrt:pipe.obj
 0003:00003864       $pdata$??$common_fdopen@_W@@YAPEAU_iobuf@@HQEB_W@Z 0000000180078864     libucrt:fdopen.obj
 0003:00003870       $pdata$?fin$0@?0???$common_fdopen@_W@@YAPEAU_iobuf@@HQEB_W@Z@4HA 0000000180078870     libucrt:fdopen.obj
 0003:0000387c       $pdata$_commit             000000018007887c     libucrt:commit.obj
 0003:00003888       $pdata$??$?RV<lambda_a37b2b86f63e897a80ea819b0eb08c01>@@AEAV<lambda_38ce7e780aa69e748d6df282ebc68efe>@@V<lambda_99fb1378e971ab6e7edea83e3a7a83a2>@@@?$__crt_seh_guarded_call@H@@QEAAH$$QEAV<lambda_a37b2b86f63e897a80ea819b0eb08c01>@@AEAV<lambda_38ce7e780aa69e748d6df282ebc68efe>@@$$QEAV<lambda_99fb1378e971ab6e7edea83e3a7a83a2>@@@Z 0000000180078888     libucrt:commit.obj
 0003:00003894       $pdata$_write              0000000180078894     libucrt:write.obj
 0003:000038a0       $pdata$_write_nolock       00000001800788a0     libucrt:write.obj
 0003:000038ac       $pdata$?write_double_translated_ansi_nolock@@YA?AUwrite_result@?A0x17268360@@HQEBDI@Z 00000001800788ac     libucrt:write.obj
 0003:000038b8       $pdata$?write_text_ansi_nolock@@YA?AUwrite_result@?A0x17268360@@HQEBDI@Z 00000001800788b8     libucrt:write.obj
 0003:000038c4       $pdata$?write_text_utf16le_nolock@@YA?AUwrite_result@?A0x17268360@@HQEBDI@Z 00000001800788c4     libucrt:write.obj
 0003:000038d0       $pdata$?write_text_utf8_nolock@@YA?AUwrite_result@?A0x17268360@@HQEBDI@Z 00000001800788d0     libucrt:write.obj
 0003:000038dc       $pdata$__acrt_stdio_flush_and_write_narrow_nolock 00000001800788dc     libucrt:_flsbuf.obj
 0003:000038e8       $pdata$?stream_is_at_end_of_file_nolock@@YA_NV__crt_stdio_stream@@@Z 00000001800788e8     libucrt:_flsbuf.obj
 0003:000038f4       $pdata$??$write_buffer_nolock@D@@YA_NDV__crt_stdio_stream@@@Z 00000001800788f4     libucrt:_flsbuf.obj
 0003:00003900       $pdata$_ui64toa_s          0000000180078900     libucrt:xtoa.obj
 0003:0000390c       $pdata$??$common_xtox_s@_KD@@YAH_KQEAD0I_N@Z 000000018007890c     libucrt:xtoa.obj
 0003:00003918       $pdata$??$common_xtox@_KD@@YAH_KQEAD0I_N@Z 0000000180078918     libucrt:xtoa.obj
 0003:00003924       $pdata$_strdup             0000000180078924     libucrt:strdup.obj
 0003:00003930       $pdata$__acrt_GetTempPathA 0000000180078930     libucrt:gettemppath.obj
 0003:0000393c       $pdata$_wsopen_s           000000018007893c     libucrt:open.obj
 0003:00003948       $pdata$_sopen_s            0000000180078948     libucrt:open.obj
 0003:00003954       $pdata$_sopen_nolock       0000000180078954     libucrt:open.obj
 0003:00003960       $pdata$_wsopen_nolock      0000000180078960     libucrt:open.obj
 0003:0000396c       $pdata$??$common_sopen_dispatch@D@@YAHQEBDHHHQEAHH@Z 000000018007896c     libucrt:open.obj
 0003:00003978       $pdata$?fin$0@?0???$common_sopen_dispatch@D@@YAHQEBDHHHQEAHH@Z@4HA 0000000180078978     libucrt:open.obj
 0003:00003978       $pdata$?fin$0@?0???$common_sopen_dispatch@_W@@YAHQEB_WHHHQEAHH@Z@4HA 0000000180078978     libucrt:open.obj
 0003:00003984       $pdata$??$common_sopen_dispatch@_W@@YAHQEB_WHHHQEAHH@Z 0000000180078984     libucrt:open.obj
 0003:00003990       $pdata$?decode_options@@YA?AUfile_options@?A0xa9d50aae@@HHH@Z 0000000180078990     libucrt:open.obj
 0003:0000399c       $pdata$?truncate_ctrl_z_if_present@@YAHH@Z 000000018007899c     libucrt:open.obj
 0003:000039a8       $pdata$?configure_text_mode@@YAHHUfile_options@?A0xa9d50aae@@HAEAW4__crt_lowio_text_mode@@@Z 00000001800789a8     libucrt:open.obj
 0003:000039b4       $pdata$_rmtmp              00000001800789b4     libucrt:rmtmp.obj
 0003:000039c0       $pdata$_rmtmp$fin$0        00000001800789c0     libucrt:rmtmp.obj
 0003:000039cc       $pdata$_rmtmp$fin$1        00000001800789cc     libucrt:rmtmp.obj
 0003:000039d8       $pdata$__acrt_uninitialize_tmpfile 00000001800789d8     libucrt:rmtmp.obj
 0003:000039e4       $pdata$fegetround          00000001800789e4     libucrt:fegetround.obj
 0003:000039f0       $pdata$_wcsnicoll          00000001800789f0     libucrt:wcsnicol.obj
 0003:000039fc       $pdata$_wcsnicoll_l        00000001800789fc     libucrt:wcsnicol.obj
 0003:00003a08       $pdata$?accumulate_inheritable_handles@@YA_NQEAPEAEQEA_K_N@Z 0000000180078a08     libucrt:spawnv.obj
 0003:00003a14       $pdata$??R<lambda_f9f2d660215b636168e2032e31cf969c>@@QEBA_NXZ 0000000180078a14     libucrt:spawnv.obj
 0003:00003a20       $pdata$??$common_spawnv@_W@@YA_JHQEB_WQEBQEB_W1@Z 0000000180078a20     libucrt:spawnv.obj
 0003:00003a2c       $pdata$??$?RV<lambda_24016bbcb8f60cbe41e899a2382ed12a>@@AEAV<lambda_f9f2d660215b636168e2032e31cf969c>@@V<lambda_7fbd5cec917a4378cbcd803f78c7a734>@@@?$__crt_seh_guarded_call@_N@@QEAA_N$$QEAV<lambda_24016bbcb8f60cbe41e899a2382ed12a>@@AEAV<lambda_f9f2d660215b636168e2032e31cf969c>@@$$QEAV<lambda_7fbd5cec917a4378cbcd803f78c7a734>@@@Z 0000000180078a2c     libucrt:spawnv.obj
 0003:00003a38       $pdata$??$execute_command@_W@@YA_JHQEB_WQEBQEB_W1@Z 0000000180078a38     libucrt:spawnv.obj
 0003:00003a44       $pdata$??$common_spawnvp@_W@@YA_JHQEB_WQEBQEB_W1@Z 0000000180078a44     libucrt:spawnvp.obj
 0003:00003a50       $pdata$__acrt_get_process_end_policy 0000000180078a50     libucrt:win_policies.obj
 0003:00003a5c       $pdata$??$__acrt_wcs_to_mbs_cp@U__crt_win32_buffer_internal_dynamic_resizing@@@@YAHQEB_WAEAV?$__crt_win32_buffer@DU__crt_win32_buffer_internal_dynamic_resizing@@@@I@Z 0000000180078a5c     libucrt:argv_wildcards.obj
 0003:00003a68       $pdata$??$common_expand_argv_wildcards@D@@YAHQEAPEADQEAPEAPEAD@Z 0000000180078a68     libucrt:argv_wildcards.obj
 0003:00003a74       $pdata$??$copy_and_add_argument_to_buffer@D@@YAHQEBD0_KAEAV?$argument_list@D@?A0x5f5c8891@@@Z 0000000180078a74     libucrt:argv_wildcards.obj
 0003:00003a80       $pdata$??$expand_argument_wildcards@D@@YAHQEAD0AEAV?$argument_list@D@?A0x5f5c8891@@@Z 0000000180078a80     libucrt:argv_wildcards.obj
 0003:00003a8c       $pdata$__acrt_GetModuleFileNameA 0000000180078a8c     libucrt:getmodulefilenamea.obj
 0003:00003a98       $pdata$??$__acrt_wcs_to_mbs_cp@U__crt_win32_buffer_no_resizing@@@@YAHQEB_WAEAV?$__crt_win32_buffer@DU__crt_win32_buffer_no_resizing@@@@I@Z 0000000180078a98     libucrt:getmodulefilenamea.obj
 0003:00003aa4       $pdata$__acrt_update_thread_multibyte_data 0000000180078aa4     libucrt:mbctype.obj
 0003:00003ab0       $pdata$__acrt_initialize_multibyte 0000000180078ab0     libucrt:mbctype.obj
 0003:00003abc       $pdata$_setmbcp_nolock     0000000180078abc     libucrt:mbctype.obj
 0003:00003ac8       $pdata$?getSystemCP@@YAHH@Z 0000000180078ac8     libucrt:mbctype.obj
 0003:00003ad4       $pdata$?setSBCS@@YAXPEAU__crt_multibyte_data@@@Z 0000000180078ad4     libucrt:mbctype.obj
 0003:00003ae0       $pdata$?update_thread_multibyte_data_internal@@YAPEAU__crt_multibyte_data@@QEAU__acrt_ptd@@QEAPEAU1@@Z 0000000180078ae0     libucrt:mbctype.obj
 0003:00003aec       $pdata$?fin$0@?0??update_thread_multibyte_data_internal@@YAPEAU__crt_multibyte_data@@QEAU__acrt_ptd@@QEAPEAU1@@Z@4HA 0000000180078aec     libucrt:mbctype.obj
 0003:00003af8       $pdata$?setmbcp_internal@@YAHH_NQEAU__acrt_ptd@@QEAPEAU__crt_multibyte_data@@@Z 0000000180078af8     libucrt:mbctype.obj
 0003:00003b04       $pdata$?setSBUpLow@@YAXPEAU__crt_multibyte_data@@@Z 0000000180078b04     libucrt:mbctype.obj
 0003:00003b10       $pdata$??$?RV<lambda_efdfa57d1f175319df784efa44bb7b81>@@AEAV<lambda_5f0a4c1567f8adc6734073e5d1e1b35c>@@V<lambda_2e8a7d3640ea6ccb4c2413664c2db6fd>@@@?$__crt_seh_guarded_call@X@@QEAAX$$QEAV<lambda_efdfa57d1f175319df784efa44bb7b81>@@AEAV<lambda_5f0a4c1567f8adc6734073e5d1e1b35c>@@$$QEAV<lambda_2e8a7d3640ea6ccb4c2413664c2db6fd>@@@Z 0000000180078b10     libucrt:mbctype.obj
 0003:00003b1c       $pdata$?x_ismbbtype_l@@YAHPEAU__crt_locale_pointers@@IHH@Z 0000000180078b1c     libucrt:ismbbyte.obj
 0003:00003b28       $pdata$__acrt_initialize_command_line 0000000180078b28     libucrt:argv_data.obj
 0003:00003b34       $pdata$__acrt_WideCharToMultiByte 0000000180078b34     libucrt:widechartomultibyte.obj
 0003:00003b40       $pdata$__dcrt_get_narrow_environment_from_os 0000000180078b40     libucrt:get_environment_from_os.obj
 0003:00003b4c       $pdata$__dcrt_get_wide_environment_from_os 0000000180078b4c     libucrt:get_environment_from_os.obj
 0003:00003b58       $pdata$??$common_set_variable_in_environment_nolock@_W@@YAHQEA_WH@Z 0000000180078b58     libucrt:setenv.obj
 0003:00003b64       $pdata$??$copy_environment@_W@@YAPEAPEA_WQEAPEA_W@Z 0000000180078b64     libucrt:setenv.obj
 0003:00003b70       $pdata$__acrt_initialize_heap 0000000180078b70     libucrt:heap_handle.obj
 0003:00003b7c       $pdata$__acrt_execute_initializers 0000000180078b7c     libucrt:shared_initialization.obj
 0003:00003b88       $pdata$__acrt_execute_uninitializers 0000000180078b88     libucrt:shared_initialization.obj
 0003:00003b94       $pdata$_callnewh           0000000180078b94     libucrt:new_handler.obj
 0003:00003ba0       $pdata$_query_new_handler  0000000180078ba0     libucrt:new_handler.obj
 0003:00003bac       $pdata$_query_new_handler$fin$0 0000000180078bac     libucrt:new_handler.obj
 0003:00003bb8       $pdata$__acrt_get_sigabrt_handler 0000000180078bb8     libucrt:signal.obj
 0003:00003bc4       $pdata$raise               0000000180078bc4     libucrt:signal.obj
 0003:00003bd0       $pdata$raise$fin$0         0000000180078bd0     libucrt:signal.obj
 0003:00003bdc       $pdata$??$?RV<lambda_450d765d439847d4c735a33c368b5fc0>@@AEAV<lambda_44731a7d0e6d81c3e6aa82d741081786>@@V<lambda_601a2a7da3b7a96e9554ac7215c4b07c>@@@?$__crt_seh_guarded_call@P6AXH@Z@@QEAAP6AXH@Z$$QEAV<lambda_450d765d439847d4c735a33c368b5fc0>@@AEAV<lambda_44731a7d0e6d81c3e6aa82d741081786>@@$$QEAV<lambda_601a2a7da3b7a96e9554ac7215c4b07c>@@@Z 0000000180078bdc     libucrt:signal.obj
 0003:00003be8       $pdata$__acrt_LCMapStringA 0000000180078be8     libucrt:lcmapstringa.obj
 0003:00003bf4       $pdata$?__acrt_LCMapStringA_stat@@YAHPEAU__crt_locale_pointers@@PEB_WKPEBDHPEADHHH@Z 0000000180078bf4     libucrt:lcmapstringa.obj
 0003:00003c00       $pdata$_isleadbyte_l       0000000180078c00     libucrt:_wctype.obj
 0003:00003c0c       $pdata$?__mbrtowc_utf8@__crt_mbstring@@YA_KPEA_WPEBD_KPEAU_Mbstatet@@@Z 0000000180078c0c     libucrt:mbrtowc.obj
 0003:00003c18       $pdata$?__mbsrtowcs_utf8@__crt_mbstring@@YA_KPEA_WPEAPEBD_KPEAU_Mbstatet@@@Z 0000000180078c18     libucrt:mbrtowc.obj
 0003:00003c24       $pdata$?__c32rtomb_utf8@__crt_mbstring@@YA_KPEAD_UPEAU_Mbstatet@@@Z 0000000180078c24     libucrt:c32rtomb.obj
 0003:00003c30       $pdata$__acrt_release_locale_ref 0000000180078c30     libucrt:locale_refcounting.obj
 0003:00003c3c       $pdata$__acrt_free_locale  0000000180078c3c     libucrt:locale_refcounting.obj
 0003:00003c48       $pdata$__acrt_locale_free_lc_time_if_unreferenced 0000000180078c48     libucrt:locale_refcounting.obj
 0003:00003c54       $pdata$__acrt_update_thread_locale_data 0000000180078c54     libucrt:locale_refcounting.obj
 0003:00003c60       $pdata$__acrt_update_thread_locale_data$fin$0 0000000180078c60     libucrt:locale_refcounting.obj
 0003:00003c6c       $pdata$_updatetlocinfoEx_nolock 0000000180078c6c     libucrt:locale_refcounting.obj
 0003:00003c78       $pdata$__acrt_fp_strflt_to_string 0000000180078c78     libucrt:_fptostr.obj
 0003:00003c84       $pdata$__acrt_fltout       0000000180078c84     libucrt:cfout.obj
 0003:00003c90       $pdata$_isatty             0000000180078c90     libucrt:isatty.obj
 0003:00003c9c       $pdata$__acrt_locale_free_monetary 0000000180078c9c     libucrt:initmon.obj
 0003:00003ca8       $pdata$__acrt_locale_free_numeric 0000000180078ca8     libucrt:initnum.obj
 0003:00003cb4       $pdata$__acrt_locale_free_time 0000000180078cb4     libucrt:inittime.obj
 0003:00003cc0       $pdata$?free_crt_array_internal@@YAXQEAPEBX_K@Z 0000000180078cc0     libucrt:inittime.obj
 0003:00003ccc       $pdata$__acrt_GetStringTypeA 0000000180078ccc     libucrt:getstringtypea.obj
 0003:00003cd8       $pdata$_get_osfhandle      0000000180078cd8     libucrt:osfinfo.obj
 0003:00003ce4       $pdata$_alloc_osfhnd       0000000180078ce4     libucrt:osfinfo.obj
 0003:00003cf0       $pdata$_free_osfhnd        0000000180078cf0     libucrt:osfinfo.obj
 0003:00003cfc       $pdata$__acrt_lowio_set_os_handle 0000000180078cfc     libucrt:osfinfo.obj
 0003:00003d08       $pdata$__acrt_lowio_create_handle_array 0000000180078d08     libucrt:osfinfo.obj
 0003:00003d14       $pdata$__acrt_lowio_destroy_handle_array 0000000180078d14     libucrt:osfinfo.obj
 0003:00003d20       $pdata$__acrt_lowio_ensure_fh_exists 0000000180078d20     libucrt:osfinfo.obj
 0003:00003d2c       $pdata$_wcsnicmp           0000000180078d2c     libucrt:wcsnicmp.obj
 0003:00003d38       $pdata$_wcsnicmp_l         0000000180078d38     libucrt:wcsnicmp.obj
 0003:00003d44       $pdata$__acrt_DownlevelLocaleNameToLCID 0000000180078d44     libucrt:lcidtoname_downlevel.obj
 0003:00003d50       $pdata$__acrt_LCMapStringW 0000000180078d50     libucrt:lcmapstringw.obj
 0003:00003d5c       $pdata$_msize_base         0000000180078d5c     libucrt:msize.obj
 0003:00003d68       $pdata$_realloc_base       0000000180078d68     libucrt:realloc_base.obj
 0003:00003d74       $pdata$_get_fmode          0000000180078d74     libucrt:setmode.obj
 0003:00003d80       $pdata$_setmode_nolock     0000000180078d80     libucrt:setmode.obj
 0003:00003d8c       $pdata$_putwch_nolock      0000000180078d8c     libucrt:putwch.obj
 0003:00003d98       $pdata$_chsize_nolock      0000000180078d98     libucrt:chsize.obj
 0003:00003da4       $pdata$__acrt_fenv_set_control 0000000180078da4     libucrt:_fenvutils.obj
 0003:00003db0       $pdata$__acrt_CompareStringW 0000000180078db0     libucrt:comparestringw.obj
 0003:00003dbc       $pdata$__acrt_pack_wide_command_line_and_environment 0000000180078dbc     libucrt:cenvarg.obj
 0003:00003dc8       $pdata$??$construct_environment_block@_W@@YAHQEBQEB_WQEAPEA_W@Z 0000000180078dc8     libucrt:cenvarg.obj
 0003:00003dd4       $pdata$qsort               0000000180078dd4     libucrt:qsort.obj
 0003:00003de0       $pdata$4$qsort             0000000180078de0     libucrt:qsort.obj
 0003:00003dec       $pdata$5$qsort             0000000180078dec     libucrt:qsort.obj
 0003:00003df8       $pdata$_mbsdec_l           0000000180078df8     libucrt:mbsdec.obj
 0003:00003e04       $pdata$?initialize_multibyte@@YAHXZ 0000000180078e04     libucrt:multibyte_initializer.obj
 0003:00003e10       $pdata$?__mbrtoc32_utf8@__crt_mbstring@@YA_KPEA_UPEBD_KPEAU_Mbstatet@@@Z 0000000180078e10     libucrt:mbrtoc32.obj
 0003:00003e1c       $pdata$fegetenv            0000000180078e1c     libucrt:fegetenv.obj
 0003:00003e28       $pdata$fesetenv            0000000180078e28     libucrt:fesetenv.obj
 0003:00003e34       $pdata$feholdexcept        0000000180078e34     libucrt:feholdexcept.obj
 0003:00003e4c       $pdata$__dcrt_lowio_ensure_console_output_initialized 0000000180078e4c     libucrt:initcon.obj
 0003:00003e58       $pdata$__dcrt_write_console 0000000180078e58     libucrt:initcon.obj
 0003:00003e64       $pdata$__dcrt_terminate_console_output 0000000180078e64     libucrt:initcon.obj
 0003:00003e70       $pdata$_call_matherr       0000000180078e70     libucrt:libm_error.obj
 0003:00003e7c       $pdata$_exception_enabled  0000000180078e7c     libucrt:libm_error.obj
 0003:00003e88       $pdata$_handle_error       0000000180078e88     libucrt:libm_error.obj
 0003:00003e94       $pdata$__acrt_initialize_fma3 0000000180078e94     libucrt:fma3_available.obj
 0003:00003ea0       $pdata$_log_special_common 0000000180078ea0     libucrt:log_special.obj
 0003:00003eac       $pdata$_log10_special      0000000180078eac     libucrt:log_special.obj
 0003:00003eb8       $pdata$_set_errno_from_matherr 0000000180078eb8     libucrt:fpexcept.obj
 0003:00003ec4       $pdata$_raise_exc          0000000180078ec4     libucrt:fpexcept.obj
 0003:00003ed0       $pdata$_raise_exc_ex       0000000180078ed0     libucrt:fpexcept.obj
 0003:00003edc       $pdata$_clrfp              0000000180078edc     libucrt:fpctrl.obj
 0003:00003ee8       $pdata$_ctrlfp             0000000180078ee8     libucrt:fpctrl.obj
 0003:00003ef4       $pdata$_statfp             0000000180078ef4     libucrt:fpctrl.obj
 0003:00003f00       $pdata$_set_statfp         0000000180078f00     libucrt:fpctrl.obj
 0003:00003f0c       $pdata$_IsNonwritableInCurrentImage 0000000180078f0c     LIBCMT:pesect.obj
 0003:00003f18       $pdata$_IsNonwritableInCurrentImage$filt$0 0000000180078f18     LIBCMT:pesect.obj
 0003:00003f24       $pdata$__GSHandlerCheckCommon 0000000180078f24     LIBCMT:gshandler.obj
 0003:00003f30       $pdata$__GSHandlerCheck    0000000180078f30     LIBCMT:gshandler.obj
 0003:00003f48       $pdata$__GSHandlerCheck_SEH 0000000180078f48     LIBCMT:gshandlerseh.obj
 0003:00003f54       $pdata$__report_securityfailure 0000000180078f54     LIBCMT:gs_report.obj
 0003:00003f60       $pdata$__report_rangecheckfailure 0000000180078f60     LIBCMT:gs_report.obj
 0003:00003f6c       $pdata$__report_gsfailure  0000000180078f6c     LIBCMT:gs_report.obj
 0003:00003f78       $pdata$capture_current_context 0000000180078f78     LIBCMT:gs_report.obj
 0003:00003f84       $pdata$capture_previous_context 0000000180078f84     LIBCMT:gs_report.obj
 0003:00003f90       $pdata$__raise_securityfailure 0000000180078f90     LIBCMT:gs_report.obj
 0003:00003f9c       $pdata$_local_unwind       0000000180078f9c     libvcruntime:jmpuwind.obj
 0004:00001374       .idata$6                   000000018007a374     kernel32:KERNEL32.dll
 0004:00001390       .idata$6                   000000018007a390     user32:USER32.dll
 0004:00001434       .idata$6                   000000018007a434     advapi32:ADVAPI32.dll
 0004:00001466       .idata$6                   000000018007a466     shell32:SHELL32.dll
 0004:00001a0e       .idata$6                   000000018007aa0e     lua51:lua51.dll
 0004:00001a5a       .idata$6                   000000018007aa5a     rpcrt4:RPCRT4.dll
 0005:00000000       MoveSmall                  000000018007b000     libvcruntime:memcpy.obj
 0005:00000050       MsetTab                    000000018007b050     libvcruntime:memset.obj
 0006:00000060       $R000000                   000000018007c060     luafar3.res
