 luafar3

 Timestamp is 5ce5f41c (Thu May 23 04:15:08 2019)

 Preferred load address is 0000000180000000

 Start         Length     Name                   Class
 0001:00000000 00000008H .CRT$XCA                CODE
 0001:00000008 00000008H .CRT$XCZ                CODE
 0001:00000010 00000008H .CRT$XIA                CODE
 0001:00000018 00000018H .CRT$XIC                CODE
 0001:00000030 00000008H .CRT$XIZ                CODE
 0001:00000038 00000008H .CRT$XPA                CODE
 0001:00000040 00000018H .CRT$XPX                CODE
 0001:00000058 00000008H .CRT$XPXA               CODE
 0001:00000060 00000008H .CRT$XPZ                CODE
 0001:00000068 00000008H .CRT$XTA                CODE
 0001:00000070 00000010H .CRT$XTZ                CODE
 0001:00000078 00000000H .gfids$y                CODE
 0001:00000080 00019640H .rdata                  CODE
 0001:000196c0 00000000H .rdata$r                CODE
 0001:000196c0 00000280H .rdata$zzzdbg           CODE
 0001:00019940 00000008H .rtc$IAA                CODE
 0001:00019948 00000008H .rtc$IZZ                CODE
 0001:00019950 00000008H .rtc$TAA                CODE
 0001:00019958 00000008H .rtc$TZZ                CODE
 0001:00019960 00041d40H .text$mn                CODE
 0001:0005b6a0 00000020H .text$mn$00             CODE
 0001:0005b6c0 00000490H .text$x                 CODE
 0001:0005bb50 000034e0H .xdata                  CODE
 0001:0005f030 00000000H .xdata$x                CODE
 0001:0005f030 0000049cH .edata                  CODE
 0002:00000000 00005f40H .data                   DATA
 0002:00005f40 00000000H .data$r                 DATA
 0002:00005f40 00001250H .bss                    DATA
 0003:00000000 00003c48H .pdata                  DATA
 0004:00000000 00000710H .idata$5                DATA
 0004:00000710 00000010H .00cfg                  DATA
 0004:00000720 00000078H .idata$2                DATA
 0004:00000798 00000018H .idata$3                DATA
 0004:000007b0 00000710H .idata$4                DATA
 0004:00000ec0 00000f92H .idata$6                DATA
 0005:00000000 00000060H .rsrc$01                DATA
 0005:00000060 00000358H .rsrc$02                DATA

  Address         Publics by Value              Rva+Base               Lib:Object

 0000:00000000       __guard_longjmp_count      0000000000000000     <absolute>
 0000:00000000       __guard_iat_table          0000000000000000     <absolute>
 0000:00000000       __guard_fids_count         0000000000000000     <absolute>
 0000:00000000       __hybrid_code_map_count    0000000000000000     <absolute>
 0000:00000000       __hybrid_code_map          0000000000000000     <absolute>
 0000:00000000       __guard_iat_count          0000000000000000     <absolute>
 0000:00000000       __guard_longjmp_table      0000000000000000     <absolute>
 0000:00000000       __volatile_metadata        0000000000000000     <absolute>
 0000:00000000       __enclave_config           0000000000000000     <absolute>
 0000:00000000       ___safe_se_handler_table   0000000000000000     <absolute>
 0000:00000000       ___safe_se_handler_count   0000000000000000     <absolute>
 0000:00000000       __guard_fids_table         0000000000000000     <absolute>
 0000:00000000       __hybrid_auxiliary_iat     0000000000000000     <absolute>
 0000:00000000       __dynamic_value_reloc_table 0000000000000000     <absolute>
 0000:00000100       __guard_flags              0000000000000100     <absolute>
 0000:00000000       __ImageBase                0000000180000000     <linker-defined>
 0001:00000000       __xc_a                     0000000180001000     LIBCMT:initializers.obj
 0001:00000008       __xc_z                     0000000180001008     LIBCMT:initializers.obj
 0001:00000010       __xi_a                     0000000180001010     LIBCMT:initializers.obj
 0001:00000018       __acrt_stdio_initializer   0000000180001018     libucrt:stdio_initializer.obj
 0001:00000020       __acrt_multibyte_initializer 0000000180001020     libucrt:multibyte_initializer.obj
 0001:00000028       __acrt_tran_fma3_initializer 0000000180001028     libucrt:fma3_initializer.obj
 0001:00000030       __xi_z                     0000000180001030     LIBCMT:initializers.obj
 0001:00000038       __xp_a                     0000000180001038     LIBCMT:initializers.obj
 0001:00000040       __acrt_locale_terminator   0000000180001040     libucrt:locale_initializer.obj
 0001:00000048       __acrt_tmpfile_terminator  0000000180001048     libucrt:tmpfile_initializer.obj
 0001:00000050       __dcrt_console_output_terminator 0000000180001050     libucrt:console_output_initializer.obj
 0001:00000058       __acrt_stdio_terminator    0000000180001058     libucrt:stdio_initializer.obj
 0001:00000060       __xp_z                     0000000180001060     LIBCMT:initializers.obj
 0001:00000068       __xt_a                     0000000180001068     LIBCMT:initializers.obj
 0001:00000070       __xt_z                     0000000180001070     LIBCMT:initializers.obj
 0001:00000250       metatable_name             0000000180001250     bit64.obj
 0001:00000260       ??_C@_04JAOJMBA@bnot@      0000000180001260     bit64.obj
 0001:00000268       ??_C@_04BKGNPECA@band@     0000000180001268     bit64.obj
 0001:00000270       ??_C@_03BBBGIIAC@bor@      0000000180001270     bit64.obj
 0001:00000274       ??_C@_04CKCGDDNF@bxor@     0000000180001274     bit64.obj
 0001:0000027c       ??_C@_06ELFGPGBK@lshift@   000000018000127c     bit64.obj
 0001:00000284       ??_C@_06HMLHBBIJ@rshift@   0000000180001284     bit64.obj
 0001:00000290       ??_C@_07JILILBLL@arshift@  0000000180001290     bit64.obj
 0001:00000298       ??_C@_03CLCAEGCJ@new@      0000000180001298     bit64.obj
 0001:0000029c       ??_C@_03BDGOHNNK@add@      000000018000129c     bit64.obj
 0001:000002a0       ??_C@_03KCMAIMAP@sub@      00000001800012a0     bit64.obj
 0001:000002a4       ??_C@_03IMIFIBCN@mul@      00000001800012a4     bit64.obj
 0001:000002a8       ??_C@_03FEJMGOGI@div@      00000001800012a8     bit64.obj
 0001:000002ac       ??_C@_03FFONCNID@mod@      00000001800012ac     bit64.obj
 0001:000002b0       ??_C@_02HIIGGHJB@eq@       00000001800012b0     bit64.obj
 0001:000002b4       ??_C@_02KCAKIFL@lt@        00000001800012b4     bit64.obj
 0001:000002b8       ??_C@_02FJPJILEL@le@       00000001800012b8     bit64.obj
 0001:000002bc       ??_C@_04GPMDFGEJ@type@     00000001800012bc     bit64.obj
 0001:000002c4       ??_C@_05MEHDOBFN@__add@    00000001800012c4     bit64.obj
 0001:000002cc       ??_C@_05HFNNBAII@__sub@    00000001800012cc     bit64.obj
 0001:000002d4       ??_C@_05FLJIBNKK@__mul@    00000001800012d4     bit64.obj
 0001:000002dc       ??_C@_05IDIBPCOP@__div@    00000001800012dc     bit64.obj
 0001:000002e4       ??_C@_05ICPALBAE@__mod@    00000001800012e4     bit64.obj
 0001:000002ec       ??_C@_05MHFNBPAK@__unm@    00000001800012ec     bit64.obj
 0001:000002f4       ??_C@_04GIMIAOHA@__eq@     00000001800012f4     bit64.obj
 0001:000002fc       ??_C@_04BKGOMBLK@__lt@     00000001800012fc     bit64.obj
 0001:00000304       ??_C@_04EJLHOCKK@__le@     0000000180001304     bit64.obj
 0001:00000310       ??_C@_0L@HDFPAPPH@__tostring@ 0000000180001310     bit64.obj
 0001:00000320       ??_C@_09GPALILFO@bad?5int64@ 0000000180001320     bit64.obj
 0001:0000032c       ??_C@_05LLAMLEHD@?$CFI64d@ 000000018000132c     bit64.obj
 0001:00000334       ??_C@_05OALCLICP@bit64@    0000000180001334     bit64.obj
 0001:00000340       __real@433fffffffffffff    0000000180001340     bit64.obj
 0001:00000350       __xmm@80000000000000008000000000000000 0000000180001350     bit64.obj
 0001:00000360       COLLECTOR_FD               0000000180001360     exported.obj
 0001:00000378       COLLECTOR_OPI              0000000180001378     exported.obj
 0001:00000390       COLLECTOR_PI               0000000180001390     exported.obj
 0001:000003a8       KEY_OBJECT                 00000001800013a8     exported.obj
 0001:00000c40       ??_C@_05GFCDIDHO@debug@    0000000180001c40     exported.obj
 0001:00000c48       ??_C@_09GPFEECNC@traceback@ 0000000180001c48     exported.obj
 0001:00000c54       ??_C@_06NKNNMLDJ@export@   0000000180001c54     exported.obj
 0001:00000c60       ??_C@_07PCNKBAGB@OnError@  0000000180001c60     exported.obj
 0001:00000c68       ??_C@_0N@NJMIGDDL@CreationTime@ 0000000180001c68     exported.obj
 0001:00000c78       ??_C@_0P@MFHPCDDH@LastAccessTime@ 0000000180001c78     exported.obj
 0001:00000c88       ??_C@_0O@FCFNCAHK@LastWriteTime@ 0000000180001c88     exported.obj
 0001:00000c98       ??_C@_0L@FCILKIIG@ChangeTime@ 0000000180001c98     exported.obj
 0001:00000ca8       ??_C@_08BHIEONMC@FileSize@ 0000000180001ca8     exported.obj
 0001:00000cb8       ??_C@_0P@JBACEJLL@AllocationSize@ 0000000180001cb8     exported.obj
 0001:00000cc8       ??_C@_05BOOEKJH@Flags@     0000000180001cc8     exported.obj
 0001:00000cd0       ??_C@_0O@DLGJHFNH@NumberOfLinks@ 0000000180001cd0     exported.obj
 0001:00000ce0       ??_C@_05MHNOECFO@CRC32@    0000000180001ce0     exported.obj
 0001:00000ce8       ??_C@_08FDCJCDOL@FileName@ 0000000180001ce8     exported.obj
 0001:00000cf8       ??_C@_0BC@COCBGKAE@AlternateFileName@ 0000000180001cf8     exported.obj
 0001:00000d10       ??_C@_0M@OHKMKKDH@Description@ 0000000180001d10     exported.obj
 0001:00000d1c       ??_C@_05HDCNEILF@Owner@    0000000180001d1c     exported.obj
 0001:00000d28       ??_C@_0BB@OKGMKOG@CustomColumnData@ 0000000180001d28     exported.obj
 0001:00000d3c       ??_C@_11LOCGONAA@@         0000000180001d3c     exported.obj
 0001:00000d40       ??_C@_08JNHPECBG@UserData@ 0000000180001d40     exported.obj
 0001:00000d50       ??_C@_0M@DFMHDHBL@GetFindData@ 0000000180001d50     exported.obj
 0001:00000d60       ??_C@_08FFPEEIHA@GetFiles@ 0000000180001d60     exported.obj
 0001:00000d70       ??_C@_0BC@IECOKJFL@GetFiles?4DestPath@ 0000000180001d70     exported.obj
 0001:00000d84       ??_C@_05LFOKGKBN@?$DMboot@ 0000000180001d84     exported.obj
 0001:00000d8c       ??_C@_15CBMDENPJ@?$AA?4?$AA?9@ 0000000180001d8c     exported.obj
 0001:00000d98       ??_C@_07KNEGBPNO@package@  0000000180001d98     exported.obj
 0001:00000da0       ??_C@_07GCEAJMEA@preload@  0000000180001da0     exported.obj
 0001:00000da8       ??_C@_19BCNABNAK@?$AA?4?$AAl?$AAu?$AAa@ 0000000180001da8     exported.obj
 0001:00000db4       ??_C@_13BPINEIPE@?$AAr@    0000000180001db4     exported.obj
 0001:00000db8       ??_C@_1DC@PABHCCON@?$AAD?$AAe?$AAf?$AAa?$AAu?$AAl?$AAt?$AA?5?$AAs?$AAc?$AAr?$AAi?$AAp?$AAt?$AA?5@ 0000000180001db8     exported.obj
 0001:00000dec       ??_C@_03JEOKDCFP@far@      0000000180001dec     exported.obj
 0001:00000df0       ??_C@_0BE@HCPAIELH@ReloadDefaultScript@ 0000000180001df0     exported.obj
 0001:00000e08       ??_C@_0L@OCPPMCCK@StructSize@ 0000000180001e08     exported.obj
 0001:00000e14       ??_C@_06LBMCOACO@Buffer@   0000000180001e14     exported.obj
 0001:00000e1c       ??_C@_06EPIAKPGD@OpMode@   0000000180001e1c     exported.obj
 0001:00000e28       ??_C@_07GDADDFBD@Analyse@  0000000180001e28     exported.obj
 0001:00000e30       ??_C@_0BB@CKIGBGLB@GetOpenPanelInfo@ 0000000180001e30     exported.obj
 0001:00000e48       ??_C@_08KDMNIFGM@FreeSize@ 0000000180001e48     exported.obj
 0001:00000e58       ??_C@_08PAJOMFPO@HostFile@ 0000000180001e58     exported.obj
 0001:00000e64       ??_C@_06IBPEEEAJ@CurDir@   0000000180001e64     exported.obj
 0001:00000e6c       ??_C@_06PEPCFMNJ@Format@   0000000180001e6c     exported.obj
 0001:00000e78       ??_C@_0L@CMHIOLLB@PanelTitle@ 0000000180001e78     exported.obj
 0001:00000e88       ??_C@_09PMEOAIAA@InfoLines@ 0000000180001e88     exported.obj
 0001:00000e98       ??_C@_0BA@BLCGOCOG@InfoLinesNumber@ 0000000180001e98     exported.obj
 0001:00000ea8       ??_C@_04OJAHODMC@Text@     0000000180001ea8     exported.obj
 0001:00000eb0       ??_C@_04DICKPMGH@Data@     0000000180001eb0     exported.obj
 0001:00000eb8       ??_C@_0L@FPEHOFAI@DescrFiles@ 0000000180001eb8     exported.obj
 0001:00000ec8       ??_C@_0BA@BBOGKOKF@PanelModesArray@ 0000000180001ec8     exported.obj
 0001:00000ed8       ??_C@_0BB@LFNABPEF@PanelModesNumber@ 0000000180001ed8     exported.obj
 0001:00000ef0       ??_C@_0M@KDJPJFOF@ColumnTypes@ 0000000180001ef0     exported.obj
 0001:00000f00       ??_C@_0N@ILFJPGHI@ColumnWidths@ 0000000180001f00     exported.obj
 0001:00000f10       ??_C@_0BC@KELOOKNK@StatusColumnTypes@ 0000000180001f10     exported.obj
 0001:00000f28       ??_C@_0BD@DNDIPKDK@StatusColumnWidths@ 0000000180001f28     exported.obj
 0001:00000f40       ??_C@_0N@EHCEJHEE@ColumnTitles@ 0000000180001f40     exported.obj
 0001:00000f50       ??_C@_0P@BEEDPJDK@StartPanelMode@ 0000000180001f50     exported.obj
 0001:00000f60       ??_C@_0O@NIFKFGBJ@StartSortMode@ 0000000180001f60     exported.obj
 0001:00000f70       ??_C@_0P@KMACBLNK@StartSortOrder@ 0000000180001f70     exported.obj
 0001:00000f80       ??_C@_06ONGFDHIA@KeyBar@   0000000180001f80     exported.obj
 0001:00000f88       ??_C@_0P@PKDBPEJI@VirtualKeyCode@ 0000000180001f88     exported.obj
 0001:00000f98       ??_C@_0BA@MFFHAKP@ControlKeyState@ 0000000180001f98     exported.obj
 0001:00000fa8       ??_C@_08DGDJEKCP@LongText@ 0000000180001fa8     exported.obj
 0001:00000fb8       ??_C@_0N@IHDKLODA@ShortcutData@ 0000000180001fb8     exported.obj
 0001:00000fc8       ??_C@_05HIFJDKLD@array@    0000000180001fc8     exported.obj
 0001:00000fd0       ??_C@_01EFFIKLCJ@n@        0000000180001fd0     exported.obj
 0001:00000fd2       ??_C@_00CNPNBAHC@@         0000000180001fd2     exported.obj
 0001:00000fd4       ??_C@_04DNCDCIAE@Open@     0000000180001fd4     exported.obj
 0001:00000fdc       ??_C@_04OPJIDECA@hDlg@     0000000180001fdc     exported.obj
 0001:00000fe4       ??_C@_06BNNOMDLO@Handle@   0000000180001fe4     exported.obj
 0001:00000fec       ??_C@_05LNOAKADA@panel@    0000000180001fec     exported.obj
 0001:00000ff8       ??_C@_0L@JMPDJFBN@ClosePanel@ 0000000180001ff8     exported.obj
 0001:00001008       ??_C@_07MBOMJGGF@Compare@  0000000180002008     exported.obj
 0001:00001010       ??_C@_09NANCCILE@Configure@ 0000000180002010     exported.obj
 0001:00001020       ??_C@_0M@MMKKMEFA@DeleteFiles@ 0000000180002020     exported.obj
 0001:00001030       ??_C@_0O@GLLEDHJA@MakeDirectory@ 0000000180002030     exported.obj
 0001:00001040       ??_C@_0BD@PJNONGDB@MakeDirectory?4Name@ 0000000180002040     exported.obj
 0001:00001058       ??_C@_0BC@COPMJGBI@ProcessPanelEvent@ 0000000180002058     exported.obj
 0001:00001070       ??_C@_0BA@DPJAKFGC@ProcessHostFile@ 0000000180002070     exported.obj
 0001:00001080       ??_C@_0BC@HOBKGBBM@ProcessPanelInput@ 0000000180002080     exported.obj
 0001:00001098       ??_C@_08OBOOFGOD@PutFiles@ 0000000180002098     exported.obj
 0001:000010a8       ??_C@_0N@KCFEBPAO@SetDirectory@ 00000001800020a8     exported.obj
 0001:000010b8       ??_C@_0M@PNOHHCCH@SetFindList@ 00000001800020b8     exported.obj
 0001:000010c8       ??_C@_07EACELFAO@ExitFAR@  00000001800020c8     exported.obj
 0001:000010d0       ??_C@_0O@OBCKADMD@GetPluginInfo@ 00000001800020d0     exported.obj
 0001:000010e0       ??_C@_0O@GDMHGAFH@CommandPrefix@ 00000001800020e0     exported.obj
 0001:000010f0       ??_C@_0O@PHBKMNMJ@DiskMenuGuids@ 00000001800020f0     exported.obj
 0001:00001100       ??_C@_0BA@NLBDFPEO@DiskMenuStrings@ 0000000180002100     exported.obj
 0001:00001110       ??_C@_0BA@FOMPNLJF@PluginMenuGuids@ 0000000180002110     exported.obj
 0001:00001120       ??_C@_0BC@DJMJFBJC@PluginMenuStrings@ 0000000180002120     exported.obj
 0001:00001138       ??_C@_0BC@ILBHAHCH@PluginConfigGuids@ 0000000180002138     exported.obj
 0001:00001150       ??_C@_0BE@GAFPNGIP@PluginConfigStrings@ 0000000180002150     exported.obj
 0001:00001168       ??_C@_0BD@DECJPBBK@ProcessEditorInput@ 0000000180002168     exported.obj
 0001:00001180       ??_C@_0BD@GEMPAGBO@ProcessEditorEvent@ 0000000180002180     exported.obj
 0001:00001194       ??_C@_04KOACHJEN@Type@     0000000180002194     exported.obj
 0001:000011a0       ??_C@_0N@EKPHGDMI@StringNumber@ 00000001800021a0     exported.obj
 0001:000011b0       ??_C@_07MOCFLHCN@FileEOL@  00000001800021b0     exported.obj
 0001:000011b8       ??_C@_08DOHJINHB@CodePage@ 00000001800021b8     exported.obj
 0001:000011c8       ??_C@_0BD@GGKMLEJG@ProcessViewerEvent@ 00000001800021c8     exported.obj
 0001:000011e0       ??_C@_0BD@FNHBEIC@ProcessDialogEvent@ 00000001800021e0     exported.obj
 0001:000011f4       ??_C@_06CPBJDKAC@Param2@   00000001800021f4     exported.obj
 0001:000011fc       ??_C@_06EDEGJMB@Param1@    00000001800021fc     exported.obj
 0001:00001204       ??_C@_03MLMOILGK@Msg@      0000000180002204     exported.obj
 0001:00001208       ??_C@_0BE@LHJGGGHN@ProcessSynchroEvent@ 0000000180002208     exported.obj
 0001:00001220       ??_C@_0BB@PHIEFGHD@GetContentFields@ 0000000180002220     exported.obj
 0001:00001238       ??_C@_0P@DPJDPMPI@GetContentData@ 0000000180002238     exported.obj
 0001:00001248       ??_C@_0N@DDJEHLKE@?$DM_globalinfo@ 0000000180002248     exported.obj
 0001:00001258       ??_C@_1CA@IBKDMBNJ@?$AA_?$AAg?$AAl?$AAo?$AAb?$AAa?$AAl?$AAi?$AAn?$AAf?$AAo?$AA?4?$AAl?$AAu?$AAa@ 0000000180002258     exported.obj
 0001:00001278       ??_C@_0O@GJMOPLGM@GetGlobalInfo@ 0000000180002278     exported.obj
 0001:00001288       ??_C@_0O@CALOEOI@MinFarVersion@ 0000000180002288     exported.obj
 0001:00001298       ??_C@_07NGFJPNPN@Version@  0000000180002298     exported.obj
 0001:000012a0       ??_C@_04MJHIICBJ@Guid@     00000001800022a0     exported.obj
 0001:000012a8       ??_C@_05PABKJLOM@Title@    00000001800022a8     exported.obj
 0001:000012b0       ??_C@_06HHECMMLE@Author@   00000001800022b0     exported.obj
 0001:000012b8       ??_C@_0BE@DONMOPMJ@ProcessConsoleInput@ 00000001800022b8     exported.obj
 0001:000012d0       __real@43e0000000000000    00000001800022d0     exported.obj
 0001:000012d8       __real@bff0000000000000    00000001800022d8     exported.obj
 0001:00001b60       Vals                       0000000180002b60     flags.obj
 0001:000031a8       ??_C@_0BI@IDKIJMME@FARMANAGERVERSION_MAJOR@ 00000001800041a8     flags.obj
 0001:000031c0       ??_C@_0BI@DMLKEAFC@FARMANAGERVERSION_MINOR@ 00000001800041c0     flags.obj
 0001:000031d8       ??_C@_0BL@NMALNAFP@FARMANAGERVERSION_REVISION@ 00000001800041d8     flags.obj
 0001:000031f8       ??_C@_0BI@OLPFLLDD@FARMANAGERVERSION_BUILD@ 00000001800041f8     flags.obj
 0001:00003210       ??_C@_0BI@MOOFLFPC@FARMANAGERVERSION_STAGE@ 0000000180004210     flags.obj
 0001:00003228       ??_C@_0L@MIDBGFJO@CP_UNICODE@ 0000000180004228     flags.obj
 0001:00003238       ??_C@_0O@MNMCMEJH@CP_REVERSEBOM@ 0000000180004238     flags.obj
 0001:00003248       ??_C@_0L@JDNPCEDH@CP_DEFAULT@ 0000000180004248     flags.obj
 0001:00003258       ??_C@_0M@OMCMFJHA@CP_REDETECT@ 0000000180004258     flags.obj
 0001:00003268       ??_C@_09MNAPNKKC@INDEXMASK@ 0000000180004268     flags.obj
 0001:00003278       ??_C@_09BLFIDJLF@COLORMASK@ 0000000180004278     flags.obj
 0001:00003288       ??_C@_09ENNBLPJC@ALPHAMASK@ 0000000180004288     flags.obj
 0001:00003298       ??_C@_0L@EHFOPLFD@PANEL_NONE@ 0000000180004298     flags.obj
 0001:000032a8       ??_C@_0N@LPMKALBG@PANEL_ACTIVE@ 00000001800042a8     flags.obj
 0001:000032b8       ??_C@_0O@HPKEABPN@PANEL_PASSIVE@ 00000001800042b8     flags.obj
 0001:000032c8       ??_C@_0L@GOEBPENN@PANEL_STOP@ 00000001800042c8     flags.obj
 0001:000032d8       ??_C@_0N@HLIFAAPJ@EEREDRAW_ALL@ 00000001800042d8     flags.obj
 0001:000032e8       ??_C@_0P@NHNDIKJ@CURRENT_EDITOR@ 00000001800042e8     flags.obj
 0001:000032f8       ??_C@_0BN@PPNDCHHA@EDITOR_COLOR_NORMAL_PRIORITY@ 00000001800042f8     flags.obj
 0001:00003318       ??_C@_07MGGAEAFF@DI_TEXT@  0000000180004318     flags.obj
 0001:00003320       ??_C@_08HODBDEHE@DI_VTEXT@ 0000000180004320     flags.obj
 0001:00003330       ??_C@_0N@IGKKGFMF@DI_SINGLEBOX@ 0000000180004330     flags.obj
 0001:00003340       ??_C@_0N@EDCLIEAE@DI_DOUBLEBOX@ 0000000180004340     flags.obj
 0001:00003350       ??_C@_07DOLIFAEF@DI_EDIT@  0000000180004350     flags.obj
 0001:00003358       ??_C@_0L@EOMEIIFM@DI_PSWEDIT@ 0000000180004358     flags.obj
 0001:00003368       ??_C@_0L@MGOIMBKF@DI_FIXEDIT@ 0000000180004368     flags.obj
 0001:00003378       ??_C@_09GGAEMAPJ@DI_BUTTON@ 0000000180004378     flags.obj
 0001:00003388       ??_C@_0M@MHFHGPHJ@DI_CHECKBOX@ 0000000180004388     flags.obj
 0001:00003398       ??_C@_0P@GIPCGMBE@DI_RADIOBUTTON@ 0000000180004398     flags.obj
 0001:000033a8       ??_C@_0M@MAKBFNGC@DI_COMBOBOX@ 00000001800043a8     flags.obj
 0001:000033b8       ??_C@_0L@ONDMPPPO@DI_LISTBOX@ 00000001800043b8     flags.obj
 0001:000033c8       ??_C@_0P@GDJDPEIK@DI_USERCONTROL@ 00000001800043c8     flags.obj
 0001:000033d8       ??_C@_08KAEGOLOB@DM_FIRST@ 00000001800043d8     flags.obj
 0001:000033e8       ??_C@_08MJMBFJHA@DM_CLOSE@ 00000001800043e8     flags.obj
 0001:000033f8       ??_C@_09KLJOCKAA@DM_ENABLE@ 00000001800043f8     flags.obj
 0001:00003408       ??_C@_0BA@KAMJGFDG@DM_ENABLEREDRAW@ 0000000180004408     flags.obj
 0001:00003418       ??_C@_0O@FKGMMKLP@DM_GETDLGDATA@ 0000000180004418     flags.obj
 0001:00003428       ??_C@_0O@HEGKCPOI@DM_GETDLGITEM@ 0000000180004428     flags.obj
 0001:00003438       ??_C@_0O@BEHCGMCL@DM_GETDLGRECT@ 0000000180004438     flags.obj
 0001:00003448       ??_C@_0L@ELBDNLFO@DM_GETTEXT@ 0000000180004448     flags.obj
 0001:00003454       ??_C@_06IKGPEGEJ@DM_KEY@   0000000180004454     flags.obj
 0001:00003460       ??_C@_0O@DIPLLJEH@DM_MOVEDIALOG@ 0000000180004460     flags.obj
 0001:00003470       ??_C@_0O@EEEDHNPG@DM_SETDLGDATA@ 0000000180004470     flags.obj
 0001:00003480       ??_C@_0O@GKEFJIKB@DM_SETDLGITEM@ 0000000180004480     flags.obj
 0001:00003490       ??_C@_0M@GOFGHDFK@DM_SETFOCUS@ 0000000180004490     flags.obj
 0001:000034a0       ??_C@_09ILPFEDOM@DM_REDRAW@ 00000001800044a0     flags.obj
 0001:000034b0       ??_C@_0L@LDOCOEIP@DM_SETTEXT@ 00000001800044b0     flags.obj
 0001:000034c0       ??_C@_0BE@LABEAIPD@DM_SETMAXTEXTLENGTH@ 00000001800044c0     flags.obj
 0001:000034d8       ??_C@_0O@BIFKIPIP@DM_SHOWDIALOG@ 00000001800044d8     flags.obj
 0001:000034e8       ??_C@_0M@JPHKGACH@DM_GETFOCUS@ 00000001800044e8     flags.obj
 0001:000034f8       ??_C@_0BA@NLMONBKJ@DM_GETCURSORPOS@ 00000001800044f8     flags.obj
 0001:00003508       ??_C@_0BA@KPHABNOF@DM_SETCURSORPOS@ 0000000180004508     flags.obj
 0001:00003518       ??_C@_0O@LGEKFPKK@DM_SETTEXTPTR@ 0000000180004518     flags.obj
 0001:00003528       ??_C@_0M@NCOJHJKI@DM_SHOWITEM@ 0000000180004528     flags.obj
 0001:00003538       ??_C@_0O@GKKCFHIM@DM_ADDHISTORY@ 0000000180004538     flags.obj
 0001:00003548       ??_C@_0M@MCEMDFMD@DM_GETCHECK@ 0000000180004548     flags.obj
 0001:00003558       ??_C@_0M@DDGACGLO@DM_SETCHECK@ 0000000180004558     flags.obj
 0001:00003568       ??_C@_0N@MEGOPFGK@DM_SET3STATE@ 0000000180004568     flags.obj
 0001:00003578       ??_C@_0M@GEPBDDNC@DM_LISTSORT@ 0000000180004578     flags.obj
 0001:00003588       ??_C@_0P@NFJNHAKH@DM_LISTGETITEM@ 0000000180004588     flags.obj
 0001:00003598       ??_C@_0BB@EEIMACNO@DM_LISTGETCURPOS@ 0000000180004598     flags.obj
 0001:000035b0       ??_C@_0BB@GKMJCDEM@DM_LISTSETCURPOS@ 00000001800045b0     flags.obj
 0001:000035c8       ??_C@_0O@NOPCAHGJ@DM_LISTDELETE@ 00000001800045c8     flags.obj
 0001:000035d8       ??_C@_0L@BMEAECNG@DM_LISTADD@ 00000001800045d8     flags.obj
 0001:000035e8       ??_C@_0O@HBHDMHP@DM_LISTADDSTR@ 00000001800045e8     flags.obj
 0001:000035f8       ??_C@_0O@PDFCNPKN@DM_LISTUPDATE@ 00000001800045f8     flags.obj
 0001:00003608       ??_C@_0O@GAAGMJJL@DM_LISTINSERT@ 0000000180004608     flags.obj
 0001:00003618       ??_C@_0BC@MIFCLOBD@DM_LISTFINDSTRING@ 0000000180004618     flags.obj
 0001:00003630       ??_C@_0M@EEAEBLKC@DM_LISTINFO@ 0000000180004630     flags.obj
 0001:00003640       ??_C@_0P@PLJLJFPA@DM_LISTGETDATA@ 0000000180004640     flags.obj
 0001:00003650       ??_C@_0P@DGKKKCB@DM_LISTSETDATA@ 0000000180004650     flags.obj
 0001:00003660       ??_C@_0BB@CELMNLLN@DM_LISTSETTITLES@ 0000000180004660     flags.obj
 0001:00003678       ??_C@_0BB@KPJPKCP@DM_LISTGETTITLES@ 0000000180004678     flags.obj
 0001:00003690       ??_C@_0BA@ICDJCFLE@DM_RESIZEDIALOG@ 0000000180004690     flags.obj
 0001:000036a0       ??_C@_0BD@CNGGHGJF@DM_SETITEMPOSITION@ 00000001800046a0     flags.obj
 0001:000036b8       ??_C@_0BF@JMINBGBA@DM_GETDROPDOWNOPENED@ 00000001800046b8     flags.obj
 0001:000036d0       ??_C@_0BF@LJIGJNAO@DM_SETDROPDOWNOPENED@ 00000001800046d0     flags.obj
 0001:000036e8       ??_C@_0O@NPDKADMJ@DM_SETHISTORY@ 00000001800046e8     flags.obj
 0001:000036f8       ??_C@_0BD@BPHAAEIM@DM_GETITEMPOSITION@ 00000001800046f8     flags.obj
 0001:00003710       ??_C@_0BC@BENFKLNH@DM_SETINPUTNOTIFY@ 0000000180004710     flags.obj
 0001:00003728       ??_C@_0BH@CFMLLNNM@DM_SETMOUSEEVENTNOTIFY@ 0000000180004728     flags.obj
 0001:00003740       ??_C@_0BF@IAGIACOD@DM_EDITUNCHANGEDFLAG@ 0000000180004740     flags.obj
 0001:00003758       ??_C@_0P@OJKNHIPN@DM_GETITEMDATA@ 0000000180004758     flags.obj
 0001:00003768       ??_C@_0P@OGLDKOHO@DM_SETITEMDATA@ 0000000180004768     flags.obj
 0001:00003778       ??_C@_0L@KNFAKFKE@DM_LISTSET@ 0000000180004778     flags.obj
 0001:00003788       ??_C@_0BB@EPMFHAFO@DM_GETCURSORSIZE@ 0000000180004788     flags.obj
 0001:000037a0       ??_C@_0BB@DANLMDCJ@DM_SETCURSORSIZE@ 00000001800047a0     flags.obj
 0001:000037b8       ??_C@_0BD@LAOOKGHD@DM_LISTGETDATASIZE@ 00000001800047b8     flags.obj
 0001:000037d0       ??_C@_0BA@BHGANJAP@DM_GETSELECTION@ 00000001800047d0     flags.obj
 0001:000037e0       ??_C@_0BA@GDNOBFED@DM_SETSELECTION@ 00000001800047e0     flags.obj
 0001:000037f0       ??_C@_0BD@FIHDGIGO@DM_GETEDITPOSITION@ 00000001800047f0     flags.obj
 0001:00003808       ??_C@_0BD@GKGFBKHH@DM_SETEDITPOSITION@ 0000000180004808     flags.obj
 0001:00003820       ??_C@_0BE@MCECGHBC@DM_SETCOMBOBOXEVENT@ 0000000180004820     flags.obj
 0001:00003838       ??_C@_0BE@KGBLNJKA@DM_GETCOMBOBOXEVENT@ 0000000180004838     flags.obj
 0001:00003850       ??_C@_0BD@CJEPBACF@DM_GETCONSTTEXTPTR@ 0000000180004850     flags.obj
 0001:00003868       ??_C@_0BD@HOOHICEG@DM_GETDLGITEMSHORT@ 0000000180004868     flags.obj
 0001:00003880       ??_C@_0BD@EMPBPAFP@DM_SETDLGITEMSHORT@ 0000000180004880     flags.obj
 0001:00003898       ??_C@_0BB@GAPFMPKE@DM_GETDIALOGINFO@ 0000000180004898     flags.obj
 0001:000038b0       ??_C@_0BC@KJOLMFGG@DM_GETDIALOGTITLE@ 00000001800048b0     flags.obj
 0001:000038c8       ??_C@_08COMJOMAC@DN_FIRST@ 00000001800048c8     flags.obj
 0001:000038d8       ??_C@_0M@NNNAPNMA@DN_BTNCLICK@ 00000001800048d8     flags.obj
 0001:000038e8       ??_C@_0BC@MJFJAANN@DN_CTLCOLORDIALOG@ 00000001800048e8     flags.obj
 0001:00003900       ??_C@_0BD@HFGBIBBL@DN_CTLCOLORDLGITEM@ 0000000180004900     flags.obj
 0001:00003918       ??_C@_0BD@JMFJPHPD@DN_CTLCOLORDLGLIST@ 0000000180004918     flags.obj
 0001:00003930       ??_C@_0O@NKBDPILK@DN_DRAWDIALOG@ 0000000180004930     flags.obj
 0001:00003940       ??_C@_0P@KGKEDPBI@DN_DRAWDLGITEM@ 0000000180004940     flags.obj
 0001:00003950       ??_C@_0O@JMKNGFLE@DN_EDITCHANGE@ 0000000180004950     flags.obj
 0001:00003960       ??_C@_0N@OCGKCPJF@DN_ENTERIDLE@ 0000000180004960     flags.obj
 0001:00003970       ??_C@_0M@JHFIBKOO@DN_GOTFOCUS@ 0000000180004970     flags.obj
 0001:00003980       ??_C@_07NJJEMKPA@DN_HELP@  0000000180004980     flags.obj
 0001:00003988       ??_C@_09EDGJFAK@DN_HOTKEY@ 0000000180004988     flags.obj
 0001:00003998       ??_C@_0O@BJECHBCA@DN_INITDIALOG@ 0000000180004998     flags.obj
 0001:000039a8       ??_C@_0N@CHLLLNBO@DN_KILLFOCUS@ 00000001800049a8     flags.obj
 0001:000039b8       ??_C@_0O@CLPABIGO@DN_LISTCHANGE@ 00000001800049b8     flags.obj
 0001:000039c8       ??_C@_0L@MLMFBHN@DN_DRAGGED@ 00000001800049c8     flags.obj
 0001:000039d8       ??_C@_0BB@BOOOCAEG@DN_RESIZECONSOLE@ 00000001800049d8     flags.obj
 0001:000039f0       ??_C@_0BC@FHPPFLKG@DN_DRAWDIALOGDONE@ 00000001800049f0     flags.obj
 0001:00003a08       ??_C@_0O@EONPBNNP@DN_LISTHOTKEY@ 0000000180004a08     flags.obj
 0001:00003a18       ??_C@_08MDDLDGPO@DN_INPUT@ 0000000180004a18     flags.obj
 0001:00003a28       ??_C@_0BA@FGOGLDBC@DN_CONTROLINPUT@ 0000000180004a28     flags.obj
 0001:00003a38       ??_C@_08EHEOFOJD@DN_CLOSE@ 0000000180004a38     flags.obj
 0001:00003a48       ??_C@_0M@POIFBPFN@DN_GETVALUE@ 0000000180004a48     flags.obj
 0001:00003a58       ??_C@_0BC@MHCBFAAO@DN_DROPDOWNOPENED@ 0000000180004a58     flags.obj
 0001:00003a70       ??_C@_0BD@NGEKAPIF@DN_DRAWDLGITEMDONE@ 0000000180004a70     flags.obj
 0001:00003a88       ??_C@_07DIJJNCBA@DM_USER@  0000000180004a88     flags.obj
 0001:00003a90       ??_C@_0BB@HLBBGMAN@BSTATE_UNCHECKED@ 0000000180004a90     flags.obj
 0001:00003aa8       ??_C@_0P@FALAMPGP@BSTATE_CHECKED@ 0000000180004aa8     flags.obj
 0001:00003ab8       ??_C@_0O@KBIFGGHO@BSTATE_3STATE@ 0000000180004ab8     flags.obj
 0001:00003ac8       ??_C@_0O@ILJOJGLD@BSTATE_TOGGLE@ 0000000180004ac8     flags.obj
 0001:00003ad8       ??_C@_08PPADCPCM@CBET_KEY@ 0000000180004ad8     flags.obj
 0001:00003ae8       ??_C@_0L@KHCLMGFJ@CBET_MOUSE@ 0000000180004ae8     flags.obj
 0001:00003af8       ??_C@_0BA@KNHGEBNE@PTYPE_FILEPANEL@ 0000000180004af8     flags.obj
 0001:00003b08       ??_C@_0BA@LPPHNHIG@PTYPE_TREEPANEL@ 0000000180004b08     flags.obj
 0001:00003b18       ??_C@_0BB@JBINOKAI@PTYPE_QVIEWPANEL@ 0000000180004b18     flags.obj
 0001:00003b30       ??_C@_0BA@NKMDEBG@PTYPE_INFOPANEL@ 0000000180004b30     flags.obj
 0001:00003b40       ??_C@_0L@OPHJOKKE@SM_DEFAULT@ 0000000180004b40     flags.obj
 0001:00003b50       ??_C@_0M@JGBFGGEA@SM_UNSORTED@ 0000000180004b50     flags.obj
 0001:00003b60       ??_C@_07KIFHAGIL@SM_NAME@  0000000180004b60     flags.obj
 0001:00003b68       ??_C@_06GJJJNNFE@SM_EXT@   0000000180004b68     flags.obj
 0001:00003b70       ??_C@_08FICJBKFN@SM_MTIME@ 0000000180004b70     flags.obj
 0001:00003b80       ??_C@_08GCCDHLCN@SM_CTIME@ 0000000180004b80     flags.obj
 0001:00003b90       ??_C@_08CPOLNKCG@SM_ATIME@ 0000000180004b90     flags.obj
 0001:00003ba0       ??_C@_07OMPKMIKC@SM_SIZE@  0000000180004ba0     flags.obj
 0001:00003ba8       ??_C@_08BCBPOLMA@SM_DESCR@ 0000000180004ba8     flags.obj
 0001:00003bb8       ??_C@_08MEAGCMBB@SM_OWNER@ 0000000180004bb8     flags.obj
 0001:00003bc8       ??_C@_0BC@NKDBNAHD@SM_COMPRESSEDSIZE@ 0000000180004bc8     flags.obj
 0001:00003be0       ??_C@_0M@PKNLKFI@SM_NUMLINKS@ 0000000180004be0     flags.obj
 0001:00003bf0       ??_C@_0O@CCKEKPHL@SM_NUMSTREAMS@ 0000000180004bf0     flags.obj
 0001:00003c00       ??_C@_0P@PKGMDPMD@SM_STREAMSSIZE@ 0000000180004c00     flags.obj
 0001:00003c10       ??_C@_0M@OAFEBGNH@SM_FULLNAME@ 0000000180004c10     flags.obj
 0001:00003c20       ??_C@_09KFKGJDHC@SM_CHTIME@ 0000000180004c20     flags.obj
 0001:00003c30       ??_C@_08DOEDKINA@SM_COUNT@ 0000000180004c30     flags.obj
 0001:00003c40       ??_C@_0P@FEMAMJLE@EEC_OPEN_ERROR@ 0000000180004c40     flags.obj
 0001:00003c50       ??_C@_0N@GLMELIKF@EEC_MODIFIED@ 0000000180004c50     flags.obj
 0001:00003c60       ??_C@_0BB@HALKEFOL@EEC_NOT_MODIFIED@ 0000000180004c60     flags.obj
 0001:00003c78       ??_C@_0BI@CNPFKHKO@EEC_LOADING_INTERRUPTED@ 0000000180004c78     flags.obj
 0001:00003c90       ??_C@_0BK@PHBCABMB@ACTL_GETFARMANAGERVERSION@ 0000000180004c90     flags.obj
 0001:00003cb0       ??_C@_0N@DPABJDML@ACTL_WAITKEY@ 0000000180004cb0     flags.obj
 0001:00003cc0       ??_C@_0O@CEHHJAFD@ACTL_GETCOLOR@ 0000000180004cc0     flags.obj
 0001:00003cd0       ??_C@_0BD@OKPAACIK@ACTL_GETARRAYCOLOR@ 0000000180004cd0     flags.obj
 0001:00003ce8       ??_C@_0BD@DIFEEKNN@ACTL_GETWINDOWINFO@ 0000000180004ce8     flags.obj
 0001:00003d00       ??_C@_0BE@PJBIPKOD@ACTL_GETWINDOWCOUNT@ 0000000180004d00     flags.obj
 0001:00003d18       ??_C@_0BG@MNKPOEEN@ACTL_SETCURRENTWINDOW@ 0000000180004d18     flags.obj
 0001:00003d30       ??_C@_0M@IHHFGPPA@ACTL_COMMIT@ 0000000180004d30     flags.obj
 0001:00003d40       ??_C@_0BA@CLHFKJJP@ACTL_GETFARHWND@ 0000000180004d40     flags.obj
 0001:00003d50       ??_C@_0BD@JFOOLBPN@ACTL_SETARRAYCOLOR@ 0000000180004d50     flags.obj
 0001:00003d68       ??_C@_0P@JECKFIA@ACTL_REDRAWALL@ 0000000180004d68     flags.obj
 0001:00003d78       ??_C@_0N@DHPLJLHO@ACTL_SYNCHRO@ 0000000180004d78     flags.obj
 0001:00003d88       ??_C@_0BG@IJPADENB@ACTL_SETPROGRESSSTATE@ 0000000180004d88     flags.obj
 0001:00003da0       ??_C@_0BG@ICJFAPHK@ACTL_SETPROGRESSVALUE@ 0000000180004da0     flags.obj
 0001:00003db8       ??_C@_09HNDBKLDC@ACTL_QUIT@ 0000000180004db8     flags.obj
 0001:00003dc8       ??_C@_0BA@LJCPDIKK@ACTL_GETFARRECT@ 0000000180004dc8     flags.obj
 0001:00003dd8       ??_C@_0BC@FELBEIDG@ACTL_GETCURSORPOS@ 0000000180004dd8     flags.obj
 0001:00003df0       ??_C@_0BC@CAAPIEHK@ACTL_SETCURSORPOS@ 0000000180004df0     flags.obj
 0001:00003e08       ??_C@_0BE@NPJGMDBM@ACTL_PROGRESSNOTIFY@ 0000000180004e08     flags.obj
 0001:00003e20       ??_C@_0BD@IPKOEBIA@ACTL_GETWINDOWTYPE@ 0000000180004e20     flags.obj
 0001:00003e38       ??_C@_09CEDFMINA@MSSC_POST@ 0000000180004e38     flags.obj
 0001:00003e48       ??_C@_0L@MOADGAEB@MSSC_CHECK@ 0000000180004e48     flags.obj
 0001:00003e58       ??_C@_0BA@MMOAIEKP@MACROAREA_OTHER@ 0000000180004e58     flags.obj
 0001:00003e68       ??_C@_0BA@DEBOOAEB@MACROAREA_SHELL@ 0000000180004e68     flags.obj
 0001:00003e78       ??_C@_0BB@JIMPEHCD@MACROAREA_VIEWER@ 0000000180004e78     flags.obj
 0001:00003e90       ??_C@_0BB@KILFBFJH@MACROAREA_EDITOR@ 0000000180004e90     flags.obj
 0001:00003ea8       ??_C@_0BB@CADENPFI@MACROAREA_DIALOG@ 0000000180004ea8     flags.obj
 0001:00003ec0       ??_C@_0BB@MLMLHIGE@MACROAREA_SEARCH@ 0000000180004ec0     flags.obj
 0001:00003ed8       ??_C@_0BA@KKMKOLIK@MACROAREA_DISKS@ 0000000180004ed8     flags.obj
 0001:00003ee8       ??_C@_0BD@IGOOIJP@MACROAREA_MAINMENU@ 0000000180004ee8     flags.obj
 0001:00003f00       ??_C@_0P@LFLMAHBF@MACROAREA_MENU@ 0000000180004f00     flags.obj
 0001:00003f10       ??_C@_0P@DKPKIEO@MACROAREA_HELP@ 0000000180004f10     flags.obj
 0001:00003f20       ??_C@_0BE@MDJPICHC@MACROAREA_INFOPANEL@ 0000000180004f20     flags.obj
 0001:00003f38       ??_C@_0BF@NLJMHMPP@MACROAREA_QVIEWPANEL@ 0000000180004f38     flags.obj
 0001:00003f50       ??_C@_0BE@HBMEGBOC@MACROAREA_TREEPANEL@ 0000000180004f50     flags.obj
 0001:00003f68       ??_C@_0BF@FCHKCGLL@MACROAREA_FINDFOLDER@ 0000000180004f68     flags.obj
 0001:00003f80       ??_C@_0BD@JCFMJGDE@MACROAREA_USERMENU@ 0000000180004f80     flags.obj
 0001:00003f98       ??_C@_0BO@OMLEPJPM@MACROAREA_SHELLAUTOCOMPLETION@ 0000000180004f98     flags.obj
 0001:00003fb8       ??_C@_0BP@OIHAIGBK@MACROAREA_DIALOGAUTOCOMPLETION@ 0000000180004fb8     flags.obj
 0001:00003fd8       ??_C@_0BC@EIJFKPMK@MACROAREA_GRABBER@ 0000000180004fd8     flags.obj
 0001:00003ff0       ??_C@_0BC@GNLOCEJP@MACROAREA_DESKTOP@ 0000000180004ff0     flags.obj
 0001:00004008       ??_C@_0BB@JPEEDDOG@MACROAREA_COMMON@ 0000000180005008     flags.obj
 0001:00004020       ??_C@_0BD@DIKEKAIJ@MACROSTATE_NOMACRO@ 0000000180005020     flags.obj
 0001:00004038       ??_C@_0BF@PCDEFEGP@MACROSTATE_EXECUTING@ 0000000180005038     flags.obj
 0001:00004050       ??_C@_0BM@EJOFDENO@MACROSTATE_EXECUTING_COMMON@ 0000000180005050     flags.obj
 0001:00004070       ??_C@_0BF@BGODKPBB@MACROSTATE_RECORDING@ 0000000180005070     flags.obj
 0001:00004088       ??_C@_0BM@OICPADFE@MACROSTATE_RECORDING_COMMON@ 0000000180005088     flags.obj
 0001:000040a8       ??_C@_0N@CGFFMLBC@MPEC_SUCCESS@ 00000001800050a8     flags.obj
 0001:000040b8       ??_C@_0L@FJDDLDNN@MPEC_ERROR@ 00000001800050b8     flags.obj
 0001:000040c8       ??_C@_0N@IBOAADDD@FMVT_UNKNOWN@ 00000001800050c8     flags.obj
 0001:000040d8       ??_C@_0N@BDMFKEKE@FMVT_INTEGER@ 00000001800050d8     flags.obj
 0001:000040e8       ??_C@_0M@LFMLDDKI@FMVT_STRING@ 00000001800050e8     flags.obj
 0001:000040f8       ??_C@_0M@CKDAIOEN@FMVT_DOUBLE@ 00000001800050f8     flags.obj
 0001:00004108       ??_C@_0N@MHKOBOGF@FMVT_BOOLEAN@ 0000000180005108     flags.obj
 0001:00004118       ??_C@_0M@GKPDICDA@FMVT_BINARY@ 0000000180005118     flags.obj
 0001:00004128       ??_C@_0N@FMHCFNDF@FMVT_POINTER@ 0000000180005128     flags.obj
 0001:00004138       ??_C@_08DDPDBBNO@FMVT_NIL@ 0000000180005138     flags.obj
 0001:00004148       ??_C@_0L@DJIKMOJA@FMVT_ARRAY@ 0000000180005148     flags.obj
 0001:00004158       ??_C@_0L@PMDDFEBD@FMVT_PANEL@ 0000000180005158     flags.obj
 0001:00004168       ??_C@_0O@DCGKMPOM@WTYPE_DESKTOP@ 0000000180005168     flags.obj
 0001:00004178       ??_C@_0N@FNCFCPIG@WTYPE_PANELS@ 0000000180005178     flags.obj
 0001:00004188       ??_C@_0N@EJKMDMBK@WTYPE_VIEWER@ 0000000180005188     flags.obj
 0001:00004198       ??_C@_0N@HJNGGOKO@WTYPE_EDITOR@ 0000000180005198     flags.obj
 0001:000041a8       ??_C@_0N@PBFHKEGB@WTYPE_DIALOG@ 00000001800051a8     flags.obj
 0001:000041b8       ??_C@_0M@OMKLELFA@WTYPE_VMENU@ 00000001800051b8     flags.obj
 0001:000041c8       ??_C@_0L@BCEMNGOG@WTYPE_HELP@ 00000001800051c8     flags.obj
 0001:000041d8       ??_C@_0P@MMIDEOJJ@WTYPE_COMBOBOX@ 00000001800051d8     flags.obj
 0001:000041e8       ??_C@_0O@BHEBEELJ@WTYPE_GRABBER@ 00000001800051e8     flags.obj
 0001:000041f8       ??_C@_0M@NFHHCILL@WTYPE_HMENU@ 00000001800051f8     flags.obj
 0001:00004208       ??_C@_0BA@IPEAOBGN@TBPS_NOPROGRESS@ 0000000180005208     flags.obj
 0001:00004218       ??_C@_0BD@HMEHMDAL@TBPS_INDETERMINATE@ 0000000180005218     flags.obj
 0001:00004230       ??_C@_0M@KHLNKPHE@TBPS_NORMAL@ 0000000180005230     flags.obj
 0001:00004240       ??_C@_0L@DFDPCOFD@TBPS_ERROR@ 0000000180005240     flags.obj
 0001:00004250       ??_C@_0M@GHGAPHPP@TBPS_PAUSED@ 0000000180005250     flags.obj
 0001:00004260       ??_C@_0O@MCNCFBLF@VSMT_VIEWMODE@ 0000000180005260     flags.obj
 0001:00004270       ??_C@_09FLKONCNO@VSMT_WRAP@ 0000000180005270     flags.obj
 0001:00004280       ??_C@_0O@INKALKJK@VSMT_WORDWRAP@ 0000000180005280     flags.obj
 0001:00004290       ??_C@_08FNEFFFEL@VMT_TEXT@ 0000000180005290     flags.obj
 0001:000042a0       ??_C@_07FLIHDEDA@VMT_HEX@  00000001800052a0     flags.obj
 0001:000042a8       ??_C@_08BDDNDBMJ@VMT_DUMP@ 00000001800052a8     flags.obj
 0001:000042b8       ??_C@_07OJCLGDHJ@VE_READ@  00000001800052b8     flags.obj
 0001:000042c0       ??_C@_08JIBCCIDC@VE_CLOSE@ 00000001800052c0     flags.obj
 0001:000042d0       ??_C@_0M@FEFKOOMJ@VE_GOTFOCUS@ 00000001800052d0     flags.obj
 0001:000042e0       ??_C@_0N@ICHCAKIB@VE_KILLFOCUS@ 00000001800052e0     flags.obj
 0001:000042f0       ??_C@_07BLBPFFLB@EE_READ@  00000001800052f0     flags.obj
 0001:000042f8       ??_C@_07KJGPGPOC@EE_SAVE@  00000001800052f8     flags.obj
 0001:00004300       ??_C@_09NPOPIKMK@EE_REDRAW@ 0000000180005300     flags.obj
 0001:00004310       ??_C@_08NFPFGIG@EE_CLOSE@  0000000180005310     flags.obj
 0001:00004320       ??_C@_0M@CPNMNBMF@EE_GOTFOCUS@ 0000000180005320     flags.obj
 0001:00004330       ??_C@_0N@ILLPMAJF@EE_KILLFOCUS@ 0000000180005330     flags.obj
 0001:00004340       ??_C@_09MIOGFFI@EE_CHANGE@ 0000000180005340     flags.obj
 0001:00004350       ??_C@_0P@MBHAHBBG@DE_DLGPROCINIT@ 0000000180005350     flags.obj
 0001:00004360       ??_C@_0BC@BMFEJAMO@DE_DEFDLGPROCINIT@ 0000000180005360     flags.obj
 0001:00004378       ??_C@_0O@ICBCOJCG@DE_DLGPROCEND@ 0000000180005378     flags.obj
 0001:00004388       ??_C@_0BB@MNODJNPE@SE_COMMONSYNCHRO@ 0000000180005388     flags.obj
 0001:000043a0       ??_C@_0N@HKGMPMJE@ESPT_TABSIZE@ 00000001800053a0     flags.obj
 0001:000043b0       ??_C@_0BA@GOKHPFCK@ESPT_EXPANDTABS@ 00000001800053b0     flags.obj
 0001:000043c0       ??_C@_0BA@KOADDMLI@ESPT_AUTOINDENT@ 00000001800053c0     flags.obj
 0001:000043d0       ??_C@_0BF@LPNONOMF@ESPT_CURSORBEYONDEOL@ 00000001800053d0     flags.obj
 0001:000043e8       ??_C@_0BC@OECOCGLJ@ESPT_CHARCODEBASE@ 00000001800053e8     flags.obj
 0001:00004400       ??_C@_0O@PIAOJINE@ESPT_CODEPAGE@ 0000000180005400     flags.obj
 0001:00004410       ??_C@_0BG@HAPABMJH@ESPT_SAVEFILEPOSITION@ 0000000180005410     flags.obj
 0001:00004428       ??_C@_0O@KCPDJCKC@ESPT_LOCKMODE@ 0000000180005428     flags.obj
 0001:00004438       ??_C@_0BA@EIGIAOHM@ESPT_SETWORDDIV@ 0000000180005438     flags.obj
 0001:00004448       ??_C@_0BA@FGEHLJDF@ESPT_GETWORDDIV@ 0000000180005448     flags.obj
 0001:00004458       ??_C@_0BE@MACJBCFP@ESPT_SHOWWHITESPACE@ 0000000180005458     flags.obj
 0001:00004470       ??_C@_0M@FICNFPPA@ESPT_SETBOM@ 0000000180005470     flags.obj
 0001:00004480       ??_C@_09FLEMPKKP@EUR_BEGIN@ 0000000180005480     flags.obj
 0001:00004490       ??_C@_07DDJDFJCN@EUR_END@  0000000180005490     flags.obj
 0001:00004498       ??_C@_08FCONALGE@EUR_UNDO@ 0000000180005498     flags.obj
 0001:000044a8       ??_C@_08DHMMFAHF@EUR_REDO@ 00000001800054a8     flags.obj
 0001:000044b8       ??_C@_0O@PKOIFEBO@EXPAND_NOTABS@ 00000001800054b8     flags.obj
 0001:000044c8       ??_C@_0P@MLHPCNDM@EXPAND_ALLTABS@ 00000001800054c8     flags.obj
 0001:000044d8       ??_C@_0P@OONGIIBL@EXPAND_NEWTABS@ 00000001800054d8     flags.obj
 0001:000044e8       ??_C@_0BD@DKHPEOHH@EOPT_EXPANDALLTABS@ 00000001800054e8     flags.obj
 0001:00004500       ??_C@_0BG@BOINMDEK@EOPT_PERSISTENTBLOCKS@ 0000000180005500     flags.obj
 0001:00004518       ??_C@_0BG@PIIHHCAN@EOPT_DELREMOVESBLOCKS@ 0000000180005518     flags.obj
 0001:00004530       ??_C@_0BA@KPJEAKBD@EOPT_AUTOINDENT@ 0000000180005530     flags.obj
 0001:00004540       ??_C@_0BG@MBPADLG@EOPT_SAVEFILEPOSITION@ 0000000180005540     flags.obj
 0001:00004558       ??_C@_0BI@PFHCGCAI@EOPT_AUTODETECTCODEPAGE@ 0000000180005558     flags.obj
 0001:00004570       ??_C@_0BF@IMCOEIAL@EOPT_CURSORBEYONDEOL@ 0000000180005570     flags.obj
 0001:00004588       ??_C@_0BH@CJPAGGLC@EOPT_EXPANDONLYNEWTABS@ 0000000180005588     flags.obj
 0001:000045a0       ??_C@_0BE@DDKCDJDC@EOPT_SHOWWHITESPACE@ 00000001800055a0     flags.obj
 0001:000045b8       ??_C@_08HMMLONBH@EOPT_BOM@ 00000001800055b8     flags.obj
 0001:000045c8       ??_C@_0BD@CLLAKGOA@EOPT_SHOWLINEBREAK@ 00000001800055c8     flags.obj
 0001:000045e0       ??_C@_0BC@JCJEPKEC@EOPT_SHOWTITLEBAR@ 00000001800055e0     flags.obj
 0001:000045f8       ??_C@_0BA@KPGMOBKI@EOPT_SHOWKEYBAR@ 00000001800055f8     flags.obj
 0001:00004608       ??_C@_0BD@EFCFEAD@EOPT_SHOWSCROLLBAR@ 0000000180005608     flags.obj
 0001:00004620       ??_C@_0L@BJCBJJNB@BTYPE_NONE@ 0000000180005620     flags.obj
 0001:00004630       ??_C@_0N@OPHHGFPF@BTYPE_STREAM@ 0000000180005630     flags.obj
 0001:00004640       ??_C@_0N@EMEGNPLI@BTYPE_COLUMN@ 0000000180005640     flags.obj
 0001:00004650       ??_C@_0BB@BNPDAPGB@ECSTATE_MODIFIED@ 0000000180005650     flags.obj
 0001:00004668       ??_C@_0O@GBBGHDFM@ECSTATE_SAVED@ 0000000180005668     flags.obj
 0001:00004678       ??_C@_0P@BECIAJAM@ECSTATE_LOCKED@ 0000000180005678     flags.obj
 0001:00004688       ??_C@_0P@DOBJCNIG@ECTYPE_CHANGED@ 0000000180005688     flags.obj
 0001:00004698       ??_C@_0N@MDEFMEEA@ECTYPE_ADDED@ 0000000180005698     flags.obj
 0001:000046a8       ??_C@_0P@NMOJJPOB@ECTYPE_DELETED@ 00000001800056a8     flags.obj
 0001:000046b8       ??_C@_08HHHKLJPB@PLT_PATH@ 00000001800056b8     flags.obj
 0001:000046c8       ??_C@_08KBAMIIFB@PFM_GUID@ 00000001800056c8     flags.obj
 0001:000046d8       ??_C@_0P@KKEMMPNI@PFM_MODULENAME@ 00000001800056d8     flags.obj
 0001:000046e8       ??_C@_09BOODOHKD@FFT_PANEL@ 00000001800056e8     flags.obj
 0001:000046f8       ??_C@_0N@GMEDAGNH@FFT_FINDFILE@ 00000001800056f8     flags.obj
 0001:00004708       ??_C@_08KKCPIPGP@FFT_COPY@ 0000000180005708     flags.obj
 0001:00004718       ??_C@_0L@EKPDMFDD@FFT_SELECT@ 0000000180005718     flags.obj
 0001:00004728       ??_C@_0L@LGPEDLLD@FFT_CUSTOM@ 0000000180005728     flags.obj
 0001:00004738       ??_C@_0M@OIOMMFOE@FST_UNKNOWN@ 0000000180005738     flags.obj
 0001:00004748       ??_C@_0L@GGGOEGKJ@FST_SUBKEY@ 0000000180005748     flags.obj
 0001:00004758       ??_C@_09LFEEAJIC@FST_QWORD@ 0000000180005758     flags.obj
 0001:00004768       ??_C@_0L@LPMPBKDL@FST_STRING@ 0000000180005768     flags.obj
 0001:00004778       ??_C@_08EJJJCLIG@FST_DATA@ 0000000180005778     flags.obj
 0001:00004788       ??_C@_09OBBBBFPE@FSSF_ROOT@ 0000000180005788     flags.obj
 0001:00004798       ??_C@_0BB@HDKCPBIO@FSSF_HISTORY_CMD@ 0000000180005798     flags.obj
 0001:000047b0       ??_C@_0BE@BLPOFODL@FSSF_HISTORY_FOLDER@ 00000001800057b0     flags.obj
 0001:000047c8       ??_C@_0BC@NJCJCCNH@FSSF_HISTORY_VIEW@ 00000001800057c8     flags.obj
 0001:000047e0       ??_C@_0BC@CODELNPP@FSSF_HISTORY_EDIT@ 00000001800057e0     flags.obj
 0001:000047f8       ??_C@_0BG@IFGEMJIF@FSSF_HISTORY_EXTERNAL@ 00000001800057f8     flags.obj
 0001:00004810       ??_C@_0BG@DGAKDKFK@FSSF_FOLDERSHORTCUT_0@ 0000000180005810     flags.obj
 0001:00004828       ??_C@_0BG@CPBBALBL@FSSF_FOLDERSHORTCUT_1@ 0000000180005828     flags.obj
 0001:00004840       ??_C@_0BG@EDMFINI@FSSF_FOLDERSHORTCUT_2@ 0000000180005840     flags.obj
 0001:00004858       ??_C@_0BG@BNCHGJJJ@FSSF_FOLDERSHORTCUT_3@ 0000000180005858     flags.obj
 0001:00004870       ??_C@_0BG@FCGGPPFO@FSSF_FOLDERSHORTCUT_4@ 0000000180005870     flags.obj
 0001:00004888       ??_C@_0BG@ELHNMOBP@FSSF_FOLDERSHORTCUT_5@ 0000000180005888     flags.obj
 0001:000048a0       ??_C@_0BG@GAFAJNNM@FSSF_FOLDERSHORTCUT_6@ 00000001800058a0     flags.obj
 0001:000048b8       ??_C@_0BG@HJELKMJN@FSSF_FOLDERSHORTCUT_7@ 00000001800058b8     flags.obj
 0001:000048d0       ??_C@_0BG@PONDLAFC@FSSF_FOLDERSHORTCUT_8@ 00000001800058d0     flags.obj
 0001:000048e8       ??_C@_0BG@OHMIIBBD@FSSF_FOLDERSHORTCUT_9@ 00000001800058e8     flags.obj
 0001:00004900       ??_C@_0BD@PBIEGEHP@FSSF_CONFIRMATIONS@ 0000000180005900     flags.obj
 0001:00004918       ??_C@_0M@PIGDMPJB@FSSF_SYSTEM@ 0000000180005918     flags.obj
 0001:00004928       ??_C@_0L@LBFNJGFB@FSSF_PANEL@ 0000000180005928     flags.obj
 0001:00004938       ??_C@_0M@KJLIHDEL@FSSF_EDITOR@ 0000000180005938     flags.obj
 0001:00004948       ??_C@_0M@KEMGKEOF@FSSF_SCREEN@ 0000000180005948     flags.obj
 0001:00004958       ??_C@_0M@CBDJLJIE@FSSF_DIALOG@ 0000000180005958     flags.obj
 0001:00004968       ??_C@_0P@OCDADNBF@FSSF_INTERFACE@ 0000000180005968     flags.obj
 0001:00004978       ??_C@_0BB@GBBEBNKE@FSSF_PANELLAYOUT@ 0000000180005978     flags.obj
 0001:00004990       ??_C@_0M@JCGHGLJF@PSL_ROAMING@ 0000000180005990     flags.obj
 0001:000049a0       ??_C@_09EDBNDHCM@PSL_LOCAL@ 00000001800059a0     flags.obj
 0001:000049b0       ??_C@_07BPEFOPGM@FCT_ANY@  00000001800059b0     flags.obj
 0001:000049b8       ??_C@_0L@CDAEILNM@FCT_STREAM@ 00000001800059b8     flags.obj
 0001:000049c8       ??_C@_0L@IADFDBJB@FCT_COLUMN@ 00000001800059c8     flags.obj
 0001:000049d8       ??_C@_0O@KJFMBLFE@LINK_HARDLINK@ 00000001800059d8     flags.obj
 0001:000049e8       ??_C@_0O@OOAFIIDA@LINK_JUNCTION@ 00000001800059e8     flags.obj
 0001:000049f8       ??_C@_0O@FIAPLKLH@LINK_VOLMOUNT@ 00000001800059f8     flags.obj
 0001:00004a08       ??_C@_0BB@JDBEPJDK@LINK_SYMLINKFILE@ 0000000180005a08     flags.obj
 0001:00004a20       ??_C@_0BA@GFPIOFMG@LINK_SYMLINKDIR@ 0000000180005a20     flags.obj
 0001:00004a30       ??_C@_0N@PJENIJFN@LINK_SYMLINK@ 0000000180005a30     flags.obj
 0001:00004a40       ??_C@_08HNOHKPBK@CPM_FULL@ 0000000180005a40     flags.obj
 0001:00004a50       ??_C@_08LAEGFKJE@CPM_REAL@ 0000000180005a50     flags.obj
 0001:00004a60       ??_C@_0L@NPJNPCJM@CPM_NATIVE@ 0000000180005a60     flags.obj
 0001:00004a70       ??_C@_0L@NCFOENCC@VS_RELEASE@ 0000000180005a70     flags.obj
 0001:00004a80       ??_C@_08BDGLHPMJ@VS_ALPHA@ 0000000180005a80     flags.obj
 0001:00004a90       ??_C@_07OKFPMINB@VS_BETA@  0000000180005a90     flags.obj
 0001:00004a98       ??_C@_05MMFLPJEB@VS_RC@    0000000180005a98     flags.obj
 0001:00004aa0       ??_C@_0BC@OOKLINPG@OPEN_LEFTDISKMENU@ 0000000180005aa0     flags.obj
 0001:00004ab8       ??_C@_0BB@CEFDHHLF@OPEN_PLUGINSMENU@ 0000000180005ab8     flags.obj
 0001:00004ad0       ??_C@_0O@IEJHJCNB@OPEN_FINDLIST@ 0000000180005ad0     flags.obj
 0001:00004ae0       ??_C@_0O@OGDCDPNG@OPEN_SHORTCUT@ 0000000180005ae0     flags.obj
 0001:00004af0       ??_C@_0BB@JHCCMIPF@OPEN_COMMANDLINE@ 0000000180005af0     flags.obj
 0001:00004b08       ??_C@_0M@DMJLHMGM@OPEN_EDITOR@ 0000000180005b08     flags.obj
 0001:00004b18       ??_C@_0M@MOBCONI@OPEN_VIEWER@ 0000000180005b18     flags.obj
 0001:00004b28       ??_C@_0P@LCDNLGDE@OPEN_FILEPANEL@ 0000000180005b28     flags.obj
 0001:00004b38       ??_C@_0M@LEBKLGKD@OPEN_DIALOG@ 0000000180005b38     flags.obj
 0001:00004b48       ??_C@_0N@CBHPGAKB@OPEN_ANALYSE@ 0000000180005b48     flags.obj
 0001:00004b58       ??_C@_0BD@NFNGGFHI@OPEN_RIGHTDISKMENU@ 0000000180005b58     flags.obj
 0001:00004b70       ??_C@_0P@FOKOAMLC@OPEN_FROMMACRO@ 0000000180005b70     flags.obj
 0001:00004b80       ??_C@_0O@NEDDJIHC@OPEN_LUAMACRO@ 0000000180005b80     flags.obj
 0001:00004b90       ??_C@_0P@GBMLNMMI@MCT_MACROPARSE@ 0000000180005b90     flags.obj
 0001:00004ba0       ??_C@_0P@GNPFPCF@MCT_LOADMACROS@ 0000000180005ba0     flags.obj
 0001:00004bb0       ??_C@_0P@HMDDACMI@MCT_ENUMMACROS@ 0000000180005bb0     flags.obj
 0001:00004bc0       ??_C@_0BA@MOCJHMJK@MCT_WRITEMACROS@ 0000000180005bc0     flags.obj
 0001:00004bd0       ??_C@_0N@IGJGAHKE@MCT_GETMACRO@ 0000000180005bd0     flags.obj
 0001:00004be0       ??_C@_0BC@NFGGBILF@MCT_RECORDEDMACRO@ 0000000180005be0     flags.obj
 0001:00004bf8       ??_C@_0N@OLCKOJMI@MCT_DELMACRO@ 0000000180005bf8     flags.obj
 0001:00004c08       ??_C@_0BC@NALHIHJ@MCT_RUNSTARTMACRO@ 0000000180005c08     flags.obj
 0001:00004c20       ??_C@_0P@HOMHAEFB@MCT_EXECSTRING@ 0000000180005c20     flags.obj
 0001:00004c30       ??_C@_0O@CDBDPKIC@MCT_PANELSORT@ 0000000180005c30     flags.obj
 0001:00004c40       ??_C@_0BH@PKKJIOHM@MCT_GETCUSTOMSORTMODES@ 0000000180005c40     flags.obj
 0001:00004c58       ??_C@_0N@FOPIOCHO@MCT_ADDMACRO@ 0000000180005c58     flags.obj
 0001:00004c68       ??_C@_0N@BHFJFHA@MCT_KEYMACRO@ 0000000180005c68     flags.obj
 0001:00004c78       ??_C@_0BB@LPDAOGB@MCT_CANPANELSORT@ 0000000180005c78     flags.obj
 0001:00004c90       ??_C@_0BC@IOECJI@MPRT_NORMALFINISH@ 0000000180005c90     flags.obj
 0001:00004ca8       ??_C@_0BB@PMCBIGCA@MPRT_ERRORFINISH@ 0000000180005ca8     flags.obj
 0001:00004cc0       ??_C@_0BA@BCBAEEOI@MPRT_ERRORPARSE@ 0000000180005cc0     flags.obj
 0001:00004cd0       ??_C@_09EJDAADCN@MPRT_KEYS@ 0000000180005cd0     flags.obj
 0001:00004ce0       ??_C@_0L@GEHHCKFA@MPRT_PRINT@ 0000000180005ce0     flags.obj
 0001:00004cf0       ??_C@_0BA@OBIDLEIM@MPRT_PLUGINCALL@ 0000000180005cf0     flags.obj
 0001:00004d00       ??_C@_0BA@EJFFOAMM@MPRT_PLUGINMENU@ 0000000180005d00     flags.obj
 0001:00004d10       ??_C@_0BC@LEDOPMKI@MPRT_PLUGINCONFIG@ 0000000180005d10     flags.obj
 0001:00004d28       ??_C@_0BD@HHINMPPI@MPRT_PLUGINCOMMAND@ 0000000180005d28     flags.obj
 0001:00004d40       ??_C@_0O@IEMNLPAB@MPRT_USERMENU@ 0000000180005d40     flags.obj
 0001:00004d50       ??_C@_0BA@GEAFHJNF@MPRT_HASNOMACRO@ 0000000180005d50     flags.obj
 0001:00004d60       ??_C@_0BC@PNCKAHJO@FE_CHANGEVIEWMODE@ 0000000180005d60     flags.obj
 0001:00004d78       ??_C@_09DENIDBMJ@FE_REDRAW@ 0000000180005d78     flags.obj
 0001:00004d88       ??_C@_07CLNPDBLG@FE_IDLE@  0000000180005d88     flags.obj
 0001:00004d90       ??_C@_08DENCGKED@FE_CLOSE@ 0000000180005d90     flags.obj
 0001:00004da0       ??_C@_08MOMCCKPB@FE_BREAK@ 0000000180005da0     flags.obj
 0001:00004db0       ??_C@_0L@LELAIPLL@FE_COMMAND@ 0000000180005db0     flags.obj
 0001:00004dc0       ??_C@_0M@FIECADDF@FE_GOTFOCUS@ 0000000180005dc0     flags.obj
 0001:00004dd0       ??_C@_0N@DGHFKMFL@FE_KILLFOCUS@ 0000000180005dd0     flags.obj
 0001:00004de0       ??_C@_0BE@PONEECEM@FE_CHANGESORTPARAMS@ 0000000180005de0     flags.obj
 0001:00004df8       ??_C@_0M@HNDHDHHO@FCF_FG_4BIT@ 0000000180005df8     flags.obj
 0001:00004e08       ??_C@_0M@PJHNDJIE@FCF_BG_4BIT@ 0000000180005e08     flags.obj
 0001:00004e18       ??_C@_0N@HMKJBHOA@FCF_4BITMASK@ 0000000180005e18     flags.obj
 0001:00004e28       ??_C@_0BB@PJFLJJLD@FCF_RAWATTR_MASK@ 0000000180005e28     flags.obj
 0001:00004e40       ??_C@_0BC@NKBLNNIA@FCF_EXTENDEDFLAGS@ 0000000180005e40     flags.obj
 0001:00004e58       ??_C@_0M@LFMGCKHG@FCF_FG_BOLD@ 0000000180005e58     flags.obj
 0001:00004e68       ??_C@_0O@FAPDECBF@FCF_FG_ITALIC@ 0000000180005e68     flags.obj
 0001:00004e78       ??_C@_0BB@NPEFGEGA@FCF_FG_UNDERLINE@ 0000000180005e78     flags.obj
 0001:00004e90       ??_C@_0O@LGBGBIGB@FCF_STYLEMASK@ 0000000180005e90     flags.obj
 0001:00004ea0       ??_C@_08BKNBBLHK@FCF_NONE@ 0000000180005ea0     flags.obj
 0001:00004eb0       ??_C@_08FKIDFHCM@CDF_NONE@ 0000000180005eb0     flags.obj
 0001:00004ec0       ??_C@_0N@ELMEMNDH@FMSG_WARNING@ 0000000180005ec0     flags.obj
 0001:00004ed0       ??_C@_0P@HHIGLJAP@FMSG_ERRORTYPE@ 0000000180005ed0     flags.obj
 0001:00004ee0       ??_C@_0BE@FHOOILPH@FMSG_KEEPBACKGROUND@ 0000000180005ee0     flags.obj
 0001:00004ef8       ??_C@_0P@KBEMNNEP@FMSG_LEFTALIGN@ 0000000180005ef8     flags.obj
 0001:00004f08       ??_C@_0O@FOIOKDHJ@FMSG_ALLINONE@ 0000000180005f08     flags.obj
 0001:00004f18       ??_C@_0L@BGALGPOK@FMSG_MB_OK@ 0000000180005f18     flags.obj
 0001:00004f28       ??_C@_0BB@JGAPGIEP@FMSG_MB_OKCANCEL@ 0000000180005f28     flags.obj
 0001:00004f40       ??_C@_0BJ@BKJADAHA@FMSG_MB_ABORTRETRYIGNORE@ 0000000180005f40     flags.obj
 0001:00004f60       ??_C@_0O@GPCAPHCL@FMSG_MB_YESNO@ 0000000180005f60     flags.obj
 0001:00004f70       ??_C@_0BE@IBNOLCGP@FMSG_MB_YESNOCANCEL@ 0000000180005f70     flags.obj
 0001:00004f88       ??_C@_0BE@OCLAIENB@FMSG_MB_RETRYCANCEL@ 0000000180005f88     flags.obj
 0001:00004fa0       ??_C@_09NEGPLEAH@FMSG_NONE@ 0000000180005fa0     flags.obj
 0001:00004fb0       ??_C@_0N@DHJCDIKM@DIF_BOXCOLOR@ 0000000180005fb0     flags.obj
 0001:00004fc0       ??_C@_09IAEPIICA@DIF_GROUP@ 0000000180005fc0     flags.obj
 0001:00004fd0       ??_C@_0N@GCKJNBCM@DIF_LEFTTEXT@ 0000000180005fd0     flags.obj
 0001:00004fe0       ??_C@_0P@BGPBEDHH@DIF_MOVESELECT@ 0000000180005fe0     flags.obj
 0001:00004ff0       ??_C@_0BC@PDKFKKEI@DIF_SHOWAMPERSAND@ 0000000180005ff0     flags.obj
 0001:00005008       ??_C@_0BA@BLCOKAAO@DIF_CENTERGROUP@ 0000000180006008     flags.obj
 0001:00005018       ??_C@_0P@MKFBJPOB@DIF_NOBRACKETS@ 0000000180006018     flags.obj
 0001:00005028       ??_C@_0BF@JBCDBJCL@DIF_MANUALADDHISTORY@ 0000000180006028     flags.obj
 0001:00005040       ??_C@_0O@JKNMBNLA@DIF_SEPARATOR@ 0000000180006040     flags.obj
 0001:00005050       ??_C@_0P@CGILDLOA@DIF_SEPARATOR2@ 0000000180006050     flags.obj
 0001:00005060       ??_C@_0L@NBPFNGLB@DIF_EDITOR@ 0000000180006060     flags.obj
 0001:00005070       ??_C@_0BE@PFICAGJF@DIF_LISTNOAMPERSAND@ 0000000180006070     flags.obj
 0001:00005088       ??_C@_0O@FFJNBMAD@DIF_LISTNOBOX@ 0000000180006088     flags.obj
 0001:00005098       ??_C@_0M@IPFBMFDN@DIF_HISTORY@ 0000000180006098     flags.obj
 0001:000050a8       ??_C@_0P@EGFAEEDC@DIF_BTNNOCLOSE@ 00000001800060a8     flags.obj
 0001:000050b8       ??_C@_0P@KOJCCCGB@DIF_CENTERTEXT@ 00000001800060b8     flags.obj
 0001:000050c8       ??_C@_0BC@ODEMBOPK@DIF_SEPARATORUSER@ 00000001800060c8     flags.obj
 0001:000050e0       ??_C@_0O@IKJBMPOF@DIF_SETSHIELD@ 00000001800060e0     flags.obj
 0001:000050f0       ??_C@_0P@EEJEDBLH@DIF_EDITEXPAND@ 00000001800060f0     flags.obj
 0001:00005100       ??_C@_0BB@EIMEKEFP@DIF_DROPDOWNLIST@ 0000000180006100     flags.obj
 0001:00005118       ??_C@_0BD@MNGIOLFF@DIF_USELASTHISTORY@ 0000000180006118     flags.obj
 0001:00005130       ??_C@_0N@MOCGNIKC@DIF_MASKEDIT@ 0000000180006130     flags.obj
 0001:00005140       ??_C@_0BD@LPDHCLJI@DIF_LISTTRACKMOUSE@ 0000000180006140     flags.obj
 0001:00005158       ??_C@_0BK@LEFIBDOA@DIF_LISTTRACKMOUSEINFOCUS@ 0000000180006158     flags.obj
 0001:00005178       ??_C@_0BC@JNLDMGBD@DIF_SELECTONENTRY@ 0000000180006178     flags.obj
 0001:00005190       ??_C@_0L@KKNJDNBK@DIF_3STATE@ 0000000180006190     flags.obj
 0001:000051a0       ??_C@_0N@GBGHICKO@DIF_EDITPATH@ 00000001800061a0     flags.obj
 0001:000051b0       ??_C@_0BB@NPNALIGO@DIF_LISTWRAPMODE@ 00000001800061b0     flags.obj
 0001:000051c8       ??_C@_0BD@MFOKKGGF@DIF_NOAUTOCOMPLETE@ 00000001800061c8     flags.obj
 0001:000051e0       ??_C@_0BG@MONEJILE@DIF_LISTAUTOHIGHLIGHT@ 00000001800061e0     flags.obj
 0001:000051f8       ??_C@_0BA@JNOKLHOL@DIF_LISTNOCLOSE@ 00000001800061f8     flags.obj
 0001:00005208       ??_C@_0BB@GMKDKOOP@DIF_EDITPATHEXEC@ 0000000180006208     flags.obj
 0001:00005220       ??_C@_0L@EPNFOPAK@DIF_HIDDEN@ 0000000180006220     flags.obj
 0001:00005230       ??_C@_0N@KOGKCAKJ@DIF_READONLY@ 0000000180006230     flags.obj
 0001:00005240       ??_C@_0M@NLLDINIM@DIF_NOFOCUS@ 0000000180006240     flags.obj
 0001:00005250       ??_C@_0M@HCFLMDHK@DIF_DISABLE@ 0000000180006250     flags.obj
 0001:00005260       ??_C@_0BC@CHAAKEJO@DIF_DEFAULTBUTTON@ 0000000180006260     flags.obj
 0001:00005278       ??_C@_09LCJIOEMN@DIF_FOCUS@ 0000000180006278     flags.obj
 0001:00005288       ??_C@_0O@KJADCBBN@DIF_RIGHTTEXT@ 0000000180006288     flags.obj
 0001:00005298       ??_C@_0N@LAEOODAD@DIF_WORDWRAP@ 0000000180006298     flags.obj
 0001:000052a8       ??_C@_08KFOHCPDE@DIF_NONE@ 00000001800062a8     flags.obj
 0001:000052b8       ??_C@_0N@EDHAFIIL@LIF_SELECTED@ 00000001800062b8     flags.obj
 0001:000052c8       ??_C@_0M@BMGIEAIL@LIF_CHECKED@ 00000001800062c8     flags.obj
 0001:000052d8       ??_C@_0O@KJIFADIG@LIF_SEPARATOR@ 00000001800062d8     flags.obj
 0001:000052e8       ??_C@_0M@HEFHLFIE@LIF_DISABLE@ 00000001800062e8     flags.obj
 0001:000052f8       ??_C@_0L@PKDDGEEG@LIF_GRAYED@ 00000001800062f8     flags.obj
 0001:00005308       ??_C@_0L@PFBGAOEP@LIF_HIDDEN@ 0000000180006308     flags.obj
 0001:00005318       ??_C@_0BD@HEPCOIEH@LIF_DELETEUSERDATA@ 0000000180006318     flags.obj
 0001:00005330       ??_C@_08BODPINCM@LIF_NONE@ 0000000180006330     flags.obj
 0001:00005340       ??_C@_0BC@BGAENNBJ@LIFIND_EXACTMATCH@ 0000000180006340     flags.obj
 0001:00005358       ??_C@_0M@FPOGKIGO@LIFIND_NONE@ 0000000180006358     flags.obj
 0001:00005368       ??_C@_0BA@OOIEKCFB@LINFO_SHOWNOBOX@ 0000000180006368     flags.obj
 0001:00005378       ??_C@_0BE@DECCEGNO@LINFO_AUTOHIGHLIGHT@ 0000000180006378     flags.obj
 0001:00005390       ??_C@_0BH@BADLEILJ@LINFO_REVERSEHIGHLIGHT@ 0000000180006390     flags.obj
 0001:000053a8       ??_C@_0P@KLBMHNCG@LINFO_WRAPMODE@ 00000001800063a8     flags.obj
 0001:000053b8       ??_C@_0BE@OHJCOKAE@LINFO_SHOWAMPERSAND@ 00000001800063b8     flags.obj
 0001:000053d0       ??_C@_0L@EPACPANF@LINFO_NONE@ 00000001800063d0     flags.obj
 0001:000053e0       ??_C@_0N@OLGDMHKL@FDLG_WARNING@ 00000001800063e0     flags.obj
 0001:000053f0       ??_C@_0BB@DKMEBDJJ@FDLG_SMALLDIALOG@ 00000001800063f0     flags.obj
 0001:00005408       ??_C@_0BC@ONGLDAJN@FDLG_NODRAWSHADOW@ 0000000180006408     flags.obj
 0001:00005420       ??_C@_0BB@NPLEEAKK@FDLG_NODRAWPANEL@ 0000000180006420     flags.obj
 0001:00005438       ??_C@_0BG@GHNOOENB@FDLG_KEEPCONSOLETITLE@ 0000000180006438     flags.obj
 0001:00005450       ??_C@_0O@MKFABCNE@FDLG_NONMODAL@ 0000000180006450     flags.obj
 0001:00005460       ??_C@_09NNFHCBNL@FDLG_NONE@ 0000000180006460     flags.obj
 0001:00005470       ??_C@_0N@JOOGIBAO@MIF_SELECTED@ 0000000180006470     flags.obj
 0001:00005480       ??_C@_0M@IHMNAMOE@MIF_CHECKED@ 0000000180006480     flags.obj
 0001:00005490       ??_C@_0O@DEIKOCPA@MIF_SEPARATOR@ 0000000180006490     flags.obj
 0001:000054a0       ??_C@_0M@OPPCPJOL@MIF_DISABLE@ 00000001800064a0     flags.obj
 0001:000054b0       ??_C@_0L@DLLNLLIG@MIF_GRAYED@ 00000001800064b0     flags.obj
 0001:000054c0       ??_C@_0L@DEJINBIP@MIF_HIDDEN@ 00000001800064c0     flags.obj
 0001:000054d0       ??_C@_08JEEJJGP@MIF_NONE@  00000001800064d0     flags.obj
 0001:000054e0       ??_C@_0BE@FALMPPJK@FMENU_SHOWAMPERSAND@ 00000001800064e0     flags.obj
 0001:000054f8       ??_C@_0P@HICDNKDJ@FMENU_WRAPMODE@ 00000001800064f8     flags.obj
 0001:00005508       ??_C@_0BE@IDAMFDEA@FMENU_AUTOHIGHLIGHT@ 0000000180006508     flags.obj
 0001:00005520       ??_C@_0BL@OKAIKPMN@FMENU_REVERSEAUTOHIGHLIGHT@ 0000000180006520     flags.obj
 0001:00005540       ??_C@_0BJ@FCEONOJC@FMENU_CHANGECONSOLETITLE@ 0000000180006540     flags.obj
 0001:00005560       ??_C@_0L@DGFIEOMD@FMENU_NONE@ 0000000180006560     flags.obj
 0001:00005570       ??_C@_0O@JEAJLDHC@PPIF_SELECTED@ 0000000180006570     flags.obj
 0001:00005580       ??_C@_0BC@LPBDBIOM@PPIF_PROCESSDESCR@ 0000000180006580     flags.obj
 0001:00005598       ??_C@_09OIFMMGNJ@PPIF_NONE@ 0000000180006598     flags.obj
 0001:000055a8       ??_C@_0BC@BONLDOOD@PFLAGS_SHOWHIDDEN@ 00000001800065a8     flags.obj
 0001:000055c0       ??_C@_0BB@BCAJEJEH@PFLAGS_HIGHLIGHT@ 00000001800065c0     flags.obj
 0001:000055d8       ??_C@_0BI@BFAFODJ@PFLAGS_REVERSESORTORDER@ 00000001800065d8     flags.obj
 0001:000055f0       ??_C@_0BF@KJNCJPKN@PFLAGS_USESORTGROUPS@ 00000001800065f0     flags.obj
 0001:00005608       ??_C@_0BF@LBBAIOCD@PFLAGS_SELECTEDFIRST@ 0000000180006608     flags.obj
 0001:00005620       ??_C@_0BB@KDANIJNM@PFLAGS_REALNAMES@ 0000000180006620     flags.obj
 0001:00005638       ??_C@_0BB@ILEHDKFJ@PFLAGS_PANELLEFT@ 0000000180006638     flags.obj
 0001:00005650       ??_C@_0BI@EHHAJLOH@PFLAGS_DIRECTORIESFIRST@ 0000000180006650     flags.obj
 0001:00005668       ??_C@_0BA@KJEPHDOM@PFLAGS_USECRC32@ 0000000180006668     flags.obj
 0001:00005678       ??_C@_0O@DBPJGING@PFLAGS_PLUGIN@ 0000000180006678     flags.obj
 0001:00005688       ??_C@_0P@MLDEBNPK@PFLAGS_VISIBLE@ 0000000180006688     flags.obj
 0001:00005698       ??_C@_0N@EOFAELOJ@PFLAGS_FOCUS@ 0000000180006698     flags.obj
 0001:000056a8       ??_C@_0BI@EOCCAHFA@PFLAGS_ALTERNATIVENAMES@ 00000001800066a8     flags.obj
 0001:000056c0       ??_C@_0BA@GHMDCHHI@PFLAGS_SHORTCUT@ 00000001800066c0     flags.obj
 0001:000056d0       ??_C@_0M@NEMAHHGP@PFLAGS_NONE@ 00000001800066d0     flags.obj
 0001:000056e0       ??_C@_0M@IDNADAFL@VF_NONMODAL@ 00000001800066e0     flags.obj
 0001:000056f0       ??_C@_0BB@OCDDPIKL@VF_DELETEONCLOSE@ 00000001800066f0     flags.obj
 0001:00005708       ??_C@_0N@LDHALKKM@VF_ENABLE_F6@ 0000000180006708     flags.obj
 0001:00005718       ??_C@_0BC@DLGKMECC@VF_DISABLEHISTORY@ 0000000180006718     flags.obj
 0001:00005730       ??_C@_0BD@DHJCMLFI@VF_IMMEDIATERETURN@ 0000000180006730     flags.obj
 0001:00005748       ??_C@_0BJ@OGNFHEJG@VF_DELETEONLYFILEONCLOSE@ 0000000180006748     flags.obj
 0001:00005768       ??_C@_07CJJFHP@VF_NONE@    0000000180006768     flags.obj
 0001:00005770       ??_C@_0M@PIFGAPFH@EF_NONMODAL@ 0000000180006770     flags.obj
 0001:00005780       ??_C@_0N@DBHFPBEO@EF_CREATENEW@ 0000000180006780     flags.obj
 0001:00005790       ??_C@_0N@LKLNHALI@EF_ENABLE_F6@ 0000000180006790     flags.obj
 0001:000057a0       ??_C@_0BC@PPEPEFFI@EF_DISABLEHISTORY@ 00000001800067a0     flags.obj
 0001:000057b8       ??_C@_0BB@KGPIDKFC@EF_DELETEONCLOSE@ 00000001800067b8     flags.obj
 0001:000057d0       ??_C@_0BD@IHIGHGPL@EF_IMMEDIATERETURN@ 00000001800067d0     flags.obj
 0001:000057e8       ??_C@_0BJ@ILCPOFKL@EF_DELETEONLYFILEONCLOSE@ 00000001800067e8     flags.obj
 0001:00005808       ??_C@_09IJMPFPLB@EF_LOCKED@ 0000000180006808     flags.obj
 0001:00005818       ??_C@_0BC@GFHJGKD@EF_DISABLESAVEPOS@ 0000000180006818     flags.obj
 0001:00005830       ??_C@_0BB@NILAHAFO@EF_OPENMODE_MASK@ 0000000180006830     flags.obj
 0001:00005848       ??_C@_0BC@GAIDEJIA@EF_OPENMODE_QUERY@ 0000000180006848     flags.obj
 0001:00005860       ??_C@_0BG@BFKJJBAG@EF_OPENMODE_NEWIFOPEN@ 0000000180006860     flags.obj
 0001:00005878       ??_C@_0BI@KGOKGPEI@EF_OPENMODE_USEEXISTING@ 0000000180006878     flags.obj
 0001:00005890       ??_C@_0BI@EJBKKDJ@EF_OPENMODE_BREAKIFOPEN@ 0000000180006890     flags.obj
 0001:000058a8       ??_C@_0BJ@MOLGCBMH@EF_OPENMODE_RELOADIFOPEN@ 00000001800068a8     flags.obj
 0001:000058c8       ??_C@_07MBPCONNA@EN_NONE@  00000001800068c8     flags.obj
 0001:000058d0       ??_C@_0BC@HHNGCBAM@FHELP_NOSHOWERROR@ 00000001800068d0     flags.obj
 0001:000058e8       ??_C@_0P@GANNLHEJ@FHELP_SELFHELP@ 00000001800068e8     flags.obj
 0001:000058f8       ??_C@_0O@FLGGLFLC@FHELP_FARHELP@ 00000001800068f8     flags.obj
 0001:00005908       ??_C@_0BB@KNKDPNI@FHELP_CUSTOMFILE@ 0000000180006908     flags.obj
 0001:00005920       ??_C@_0BB@IHFFPJJA@FHELP_CUSTOMPATH@ 0000000180006920     flags.obj
 0001:00005938       ??_C@_0L@OOIMFPBD@FHELP_GUID@ 0000000180006938     flags.obj
 0001:00005948       ??_C@_0BC@PNPOIHMG@FHELP_USECONTENTS@ 0000000180006948     flags.obj
 0001:00005960       ??_C@_0L@MAGMKNFN@FHELP_NONE@ 0000000180006960     flags.obj
 0001:00005970       ??_C@_0BE@GEGKIINM@KMFLAGS_SILENTCHECK@ 0000000180006970     flags.obj
 0001:00005988       ??_C@_0BM@BBOPLPKC@KMFLAGS_NOSENDKEYSTOPLUGINS@ 0000000180006988     flags.obj
 0001:000059a8       ??_C@_0BF@PHHPAAOK@KMFLAGS_ENABLEOUTPUT@ 00000001800069a8     flags.obj
 0001:000059c0       ??_C@_0BB@NCECNBPK@KMFLAGS_LANGMASK@ 00000001800069c0     flags.obj
 0001:000059d8       ??_C@_0M@HFBACHCP@KMFLAGS_LUA@ 00000001800069d8     flags.obj
 0001:000059e8       ??_C@_0BD@JHNPMIGP@KMFLAGS_MOONSCRIPT@ 00000001800069e8     flags.obj
 0001:00005a00       ??_C@_0N@GIJCDFJI@KMFLAGS_NONE@ 0000000180006a00     flags.obj
 0001:00005a10       ??_C@_0O@GKOLBMFK@AKMFLAGS_NONE@ 0000000180006a10     flags.obj
 0001:00005a20       ??_C@_0P@LMBMJIMF@FSETCLR_REDRAW@ 0000000180006a20     flags.obj
 0001:00005a30       ??_C@_0N@LCOHPDHN@FSETCLR_NONE@ 0000000180006a30     flags.obj
 0001:00005a40       ??_C@_0N@MLMCEKPH@WIF_MODIFIED@ 0000000180006a40     flags.obj
 0001:00005a50       ??_C@_0M@ICPAPCOF@WIF_CURRENT@ 0000000180006a50     flags.obj
 0001:00005a60       ??_C@_09FPGEBDGO@WIF_MODAL@ 0000000180006a60     flags.obj
 0001:00005a70       ??_C@_08DAKKFBIA@WIF_NONE@ 0000000180006a70     flags.obj
 0001:00005a80       ??_C@_0BG@JMJAOELH@VOPT_SAVEFILEPOSITION@ 0000000180006a80     flags.obj
 0001:00005a98       ??_C@_0BI@NCAHLEBN@VOPT_AUTODETECTCODEPAGE@ 0000000180006a98     flags.obj
 0001:00005ab0       ??_C@_0BC@FGLBHLDI@VOPT_SHOWTITLEBAR@ 0000000180006ab0     flags.obj
 0001:00005ac8       ??_C@_0BA@GAIDGLME@VOPT_SHOWKEYBAR@ 0000000180006ac8     flags.obj
 0001:00005ad8       ??_C@_0BD@LEEGOJKA@VOPT_SHOWSCROLLBAR@ 0000000180006ad8     flags.obj
 0001:00005af0       ??_C@_0P@NEIKPMJJ@VOPT_QUICKVIEW@ 0000000180006af0     flags.obj
 0001:00005b00       ??_C@_09FIOJMNJ@VOPT_NONE@ 0000000180006b00     flags.obj
 0001:00005b10       ??_C@_0N@ILNDJNNO@VSMFL_REDRAW@ 0000000180006b10     flags.obj
 0001:00005b20       ??_C@_0L@DLLCFLOD@VSMFL_NONE@ 0000000180006b20     flags.obj
 0001:00005b30       ??_C@_0N@GHEHKHJN@VSP_NOREDRAW@ 0000000180006b30     flags.obj
 0001:00005b40       ??_C@_0M@LHNGMHFO@VSP_PERCENT@ 0000000180006b40     flags.obj
 0001:00005b50       ??_C@_0N@JGGGCNIP@VSP_RELATIVE@ 0000000180006b50     flags.obj
 0001:00005b60       ??_C@_0BA@JKDMJLJG@VSP_NORETNEWPOS@ 0000000180006b60     flags.obj
 0001:00005b70       ??_C@_08MOKEMBNE@VSP_NONE@ 0000000180006b70     flags.obj
 0001:00005b80       ??_C@_08FAPBJAKB@VMF_WRAP@ 0000000180006b80     flags.obj
 0001:00005b90       ??_C@_0N@GHBDMLON@VMF_WORDWRAP@ 0000000180006b90     flags.obj
 0001:00005ba0       ??_C@_08KDJLELDJ@VMF_NONE@ 0000000180006ba0     flags.obj
 0001:00005bb0       ??_C@_0BB@EDGIEBDF@ECF_TABMARKFIRST@ 0000000180006bb0     flags.obj
 0001:00005bc8       ??_C@_0BD@DKGCCJNG@ECF_TABMARKCURRENT@ 0000000180006bc8     flags.obj
 0001:00005be0       ??_C@_0P@BAFEMBAJ@ECF_AUTODELETE@ 0000000180006be0     flags.obj
 0001:00005bf0       ??_C@_08CDFMCHLP@ECF_NONE@ 0000000180006bf0     flags.obj
 0001:00005c00       ??_C@_0BA@KNNLMGCA@FIB_ENABLEEMPTY@ 0000000180006c00     flags.obj
 0001:00005c10       ??_C@_0N@DLDJCGJI@FIB_PASSWORD@ 0000000180006c10     flags.obj
 0001:00005c20       ??_C@_0O@DOHEGELC@FIB_EXPANDENV@ 0000000180006c20     flags.obj
 0001:00005c30       ??_C@_0BF@CEMIHIOK@FIB_NOUSELASTHISTORY@ 0000000180006c30     flags.obj
 0001:00005c48       ??_C@_0M@KJOJJDIM@FIB_BUTTONS@ 0000000180006c48     flags.obj
 0001:00005c58       ??_C@_0BA@COBBDHNL@FIB_NOAMPERSAND@ 0000000180006c58     flags.obj
 0001:00005c68       ??_C@_0N@LBOCEEGH@FIB_EDITPATH@ 0000000180006c68     flags.obj
 0001:00005c78       ??_C@_0BB@DCODFLEL@FIB_EDITPATHEXEC@ 0000000180006c78     flags.obj
 0001:00005c90       ??_C@_08HPFOCDKB@FIB_NONE@ 0000000180006c90     flags.obj
 0001:00005ca0       ??_C@_0L@NMBLFMBN@FPF_LOADED@ 0000000180006ca0     flags.obj
 0001:00005cb0       ??_C@_08GKECKCCJ@FPF_ANSI@ 0000000180006cb0     flags.obj
 0001:00005cc0       ??_C@_08OIOFCNLC@FPF_NONE@ 0000000180006cc0     flags.obj
 0001:00005cd0       ??_C@_0L@HODJIPGA@PN_CMPNAME@ 0000000180006cd0     flags.obj
 0001:00005ce0       ??_C@_0P@KDEENAHJ@PN_CMPNAMELIST@ 0000000180006ce0     flags.obj
 0001:00005cf0       ??_C@_0BA@BJCCEIOI@PN_GENERATENAME@ 0000000180006cf0     flags.obj
 0001:00005d00       ??_C@_0N@FEGPCCPJ@PN_CHECKMASK@ 0000000180006d00     flags.obj
 0001:00005d10       ??_C@_0M@NOOLKEBH@PN_SKIPPATH@ 0000000180006d10     flags.obj
 0001:00005d20       ??_C@_0BE@OPDBOAAE@PN_SHOWERRORMESSAGE@ 0000000180006d20     flags.obj
 0001:00005d38       ??_C@_07PFKJNCJP@PN_NONE@  0000000180006d38     flags.obj
 0001:00005d40       ??_C@_0BG@GOMJDMCK@XLAT_SWITCHKEYBLAYOUT@ 0000000180006d40     flags.obj
 0001:00005d58       ??_C@_0BE@KOIJDNLA@XLAT_SWITCHKEYBBEEP@ 0000000180006d58     flags.obj
 0001:00005d70       ??_C@_0BH@KBFAFPNA@XLAT_USEKEYBLAYOUTNAME@ 0000000180006d70     flags.obj
 0001:00005d88       ??_C@_0BH@IANKLOAC@XLAT_CONVERTALLCMDLINE@ 0000000180006d88     flags.obj
 0001:00005da0       ??_C@_09JCNLKBBK@XLAT_NONE@ 0000000180006da0     flags.obj
 0001:00005db0       ??_C@_0N@PJEDCNNJ@FRS_RETUPDIR@ 0000000180006db0     flags.obj
 0001:00005dc0       ??_C@_09GHEPLOHO@FRS_RECUR@ 0000000180006dc0     flags.obj
 0001:00005dd0       ??_C@_0BA@JCPHOEAE@FRS_SCANSYMLINK@ 0000000180006dd0     flags.obj
 0001:00005de0       ??_C@_08JPCGJJKG@FRS_NONE@ 0000000180006de0     flags.obj
 0001:00005df0       ??_C@_0P@LJPBHEIE@MLF_SHOWERRMSG@ 0000000180006df0     flags.obj
 0001:00005e00       ??_C@_0BF@LMAGFLHF@MLF_DONOTUPDATEPANEL@ 0000000180006e00     flags.obj
 0001:00005e18       ??_C@_0P@EPFBLPAE@MLF_HOLDTARGET@ 0000000180006e18     flags.obj
 0001:00005e28       ??_C@_08EBKEJHAL@MLF_NONE@ 0000000180006e28     flags.obj
 0001:00005e38       ??_C@_0M@JDMKDBDH@FFFS_COMMAS@ 0000000180006e38     flags.obj
 0001:00005e48       ??_C@_0P@JPMLNBKL@FFFS_FLOATSIZE@ 0000000180006e48     flags.obj
 0001:00005e58       ??_C@_0BE@NPKCCEJ@FFFS_SHOWBYTESINDEX@ 0000000180006e58     flags.obj
 0001:00005e70       ??_C@_0O@FPIOAIMC@FFFS_ECONOMIC@ 0000000180006e70     flags.obj
 0001:00005e80       ??_C@_0O@HFIGPFIH@FFFS_THOUSAND@ 0000000180006e80     flags.obj
 0001:00005e90       ??_C@_0BC@LLLANJJO@FFFS_MINSIZEINDEX@ 0000000180006e90     flags.obj
 0001:00005ea8       ??_C@_0BH@PEGBPJKE@FFFS_MINSIZEINDEX_MASK@ 0000000180006ea8     flags.obj
 0001:00005ec0       ??_C@_09PBPAKNEI@FFFS_NONE@ 0000000180006ec0     flags.obj
 0001:00005ed0       ??_C@_0L@NHEJGKCF@PF_PRELOAD@ 0000000180006ed0     flags.obj
 0001:00005ee0       ??_C@_0BB@GCINAIGN@PF_DISABLEPANELS@ 0000000180006ee0     flags.obj
 0001:00005ef8       ??_C@_09OENCMPGE@PF_EDITOR@ 0000000180006ef8     flags.obj
 0001:00005f08       ??_C@_09NEKIJNNA@PF_VIEWER@ 0000000180006f08     flags.obj
 0001:00005f18       ??_C@_0P@MBLBBCNK@PF_FULLCMDLINE@ 0000000180006f18     flags.obj
 0001:00005f28       ??_C@_09GMFDAFKL@PF_DIALOG@ 0000000180006f28     flags.obj
 0001:00005f38       ??_C@_07MGEGJMPI@PF_NONE@  0000000180006f38     flags.obj
 0001:00005f40       ??_C@_0BD@EGELEIIG@IPLFLAGS_SEPARATOR@ 0000000180006f40     flags.obj
 0001:00005f58       ??_C@_0O@JBNJFHHK@IPLFLAGS_NONE@ 0000000180006f58     flags.obj
 0001:00005f68       ??_C@_0BD@KGHJOBGM@PMFLAGS_FULLSCREEN@ 0000000180006f68     flags.obj
 0001:00005f80       ??_C@_0BH@GDAAKEMH@PMFLAGS_DETAILEDSTATUS@ 0000000180006f80     flags.obj
 0001:00005f98       ??_C@_0BI@BMHIBDMH@PMFLAGS_ALIGNEXTENSIONS@ 0000000180006f98     flags.obj
 0001:00005fb0       ??_C@_0BH@KOFCBJBO@PMFLAGS_CASECONVERSION@ 0000000180006fb0     flags.obj
 0001:00005fc8       ??_C@_0N@DLFMCMOB@PMFLAGS_NONE@ 0000000180006fc8     flags.obj
 0001:00005fd8       ??_C@_0BD@PBMGDJEM@OPIF_DISABLEFILTER@ 0000000180006fd8     flags.obj
 0001:00005ff0       ??_C@_0BH@FHBKALPD@OPIF_DISABLESORTGROUPS@ 0000000180006ff0     flags.obj
 0001:00006008       ??_C@_0BJ@NGLIANCL@OPIF_DISABLEHIGHLIGHTING@ 0000000180007008     flags.obj
 0001:00006028       ??_C@_0N@JANKJMLP@OPIF_ADDDOTS@ 0000000180007028     flags.obj
 0001:00006038       ??_C@_0BC@HOFHNJIG@OPIF_RAWSELECTION@ 0000000180007038     flags.obj
 0001:00006050       ??_C@_0P@OFEDJCO@OPIF_REALNAMES@ 0000000180007050     flags.obj
 0001:00006060       ??_C@_0BD@FPGMNAPD@OPIF_SHOWNAMESONLY@ 0000000180007060     flags.obj
 0001:00006078       ??_C@_0BJ@NMIFAPJD@OPIF_SHOWRIGHTALIGNNAMES@ 0000000180007078     flags.obj
 0001:00006098       ??_C@_0BG@HGPMKHIE@OPIF_SHOWPRESERVECASE@ 0000000180007098     flags.obj
 0001:000060b0       ??_C@_0BE@GJEJHNKJ@OPIF_COMPAREFATTIME@ 00000001800070b0     flags.obj
 0001:000060c8       ??_C@_0BB@PELHBPAM@OPIF_EXTERNALGET@ 00000001800070c8     flags.obj
 0001:000060e0       ??_C@_0BB@CFFPNDFK@OPIF_EXTERNALPUT@ 00000001800070e0     flags.obj
 0001:000060f8       ??_C@_0BE@LKEMICNM@OPIF_EXTERNALDELETE@ 00000001800070f8     flags.obj
 0001:00006110       ??_C@_0BD@JIMJPFEP@OPIF_EXTERNALMKDIR@ 0000000180007110     flags.obj
 0001:00006128       ??_C@_0BJ@CALDMPLF@OPIF_USEATTRHIGHLIGHTING@ 0000000180007128     flags.obj
 0001:00006148       ??_C@_0O@JHHHMHIG@OPIF_USECRC32@ 0000000180007148     flags.obj
 0001:00006158       ??_C@_0BB@PFDFAFHG@OPIF_USEFREESIZE@ 0000000180007158     flags.obj
 0001:00006170       ??_C@_0O@FJPLJDBC@OPIF_SHORTCUT@ 0000000180007170     flags.obj
 0001:00006180       ??_C@_09DOPJBMLM@OPIF_NONE@ 0000000180007180     flags.obj
 0001:00006190       ??_C@_0L@GEHHKNBL@OPM_SILENT@ 0000000180007190     flags.obj
 0001:000061a0       ??_C@_08EKEBOKEP@OPM_FIND@ 00000001800071a0     flags.obj
 0001:000061b0       ??_C@_08EHBLNDLO@OPM_VIEW@ 00000001800071b0     flags.obj
 0001:000061c0       ??_C@_08LAAGEMJG@OPM_EDIT@ 00000001800071c0     flags.obj
 0001:000061d0       ??_C@_0N@NDGKAFDM@OPM_TOPLEVEL@ 00000001800071d0     flags.obj
 0001:000061e0       ??_C@_09EBKAPHPA@OPM_DESCR@ 00000001800071e0     flags.obj
 0001:000061f0       ??_C@_0O@OPDAGBBE@OPM_QUICKVIEW@ 00000001800071f0     flags.obj
 0001:00006200       ??_C@_08LCEGJCAC@OPM_PGDN@ 0000000180007200     flags.obj
 0001:00006210       ??_C@_0N@HKCLLJDG@OPM_COMMANDS@ 0000000180007210     flags.obj
 0001:00006220       ??_C@_08EGEBMPBD@OPM_NONE@ 0000000180007220     flags.obj
 0001:00006230       ??_C@_0M@MIGJPBPE@FOSF_ACTIVE@ 0000000180007230     flags.obj
 0001:00006240       ??_C@_09FMOOJHDF@FOSF_NONE@ 0000000180007240     flags.obj
 0001:00006250       ??_C@_09HNBBLIGN@PCIF_NONE@ 0000000180007250     flags.obj
 0001:00006260       ??_C@_0BA@MAEBFMHC@FOREGROUND_BLUE@ 0000000180007260     flags.obj
 0001:00006270       ??_C@_0BB@PDFNMAI@FOREGROUND_GREEN@ 0000000180007270     flags.obj
 0001:00006288       ??_C@_0P@PBJHCFGA@FOREGROUND_RED@ 0000000180007288     flags.obj
 0001:00006298       ??_C@_0BF@OOGEJCC@FOREGROUND_INTENSITY@ 0000000180007298     flags.obj
 0001:000062b0       ??_C@_0BA@PIFINJCK@BACKGROUND_BLUE@ 00000001800072b0     flags.obj
 0001:000062c0       ??_C@_0BB@GKLNBMEL@BACKGROUND_GREEN@ 00000001800072c0     flags.obj
 0001:000062d8       ??_C@_0P@DANALJMC@BACKGROUND_RED@ 00000001800072d8     flags.obj
 0001:000062e8       ??_C@_0BF@NIGKKPCF@BACKGROUND_INTENSITY@ 00000001800072e8     flags.obj
 0001:00006300       ??_C@_0N@FEFOEFHG@CTRL_C_EVENT@ 0000000180007300     flags.obj
 0001:00006310       ??_C@_0BB@ELEIIFAE@CTRL_BREAK_EVENT@ 0000000180007310     flags.obj
 0001:00006328       ??_C@_0BB@KMPDMOKK@CTRL_CLOSE_EVENT@ 0000000180007328     flags.obj
 0001:00006340       ??_C@_0BC@MCKCEPAL@CTRL_LOGOFF_EVENT@ 0000000180007340     flags.obj
 0001:00006358       ??_C@_0BE@BCNEFGKM@CTRL_SHUTDOWN_EVENT@ 0000000180007358     flags.obj
 0001:00006370       ??_C@_0BC@BBOPHMOM@ENABLE_LINE_INPUT@ 0000000180007370     flags.obj
 0001:00006388       ??_C@_0BC@JPFKLHOC@ENABLE_ECHO_INPUT@ 0000000180007388     flags.obj
 0001:000063a0       ??_C@_0BH@EHINFMOF@ENABLE_PROCESSED_INPUT@ 00000001800073a0     flags.obj
 0001:000063b8       ??_C@_0BE@BLAHACNB@ENABLE_WINDOW_INPUT@ 00000001800073b8     flags.obj
 0001:000063d0       ??_C@_0BD@BJECBJPO@ENABLE_MOUSE_INPUT@ 00000001800073d0     flags.obj
 0001:000063e8       ??_C@_0BD@KJBPOMPN@ENABLE_INSERT_MODE@ 00000001800073e8     flags.obj
 0001:00006400       ??_C@_0BH@BJKMFKAO@ENABLE_QUICK_EDIT_MODE@ 0000000180007400     flags.obj
 0001:00006418       ??_C@_0BG@CBCHHIEH@ENABLE_EXTENDED_FLAGS@ 0000000180007418     flags.obj
 0001:00006430       ??_C@_0BF@PEBFEBKN@ENABLE_AUTO_POSITION@ 0000000180007430     flags.obj
 0001:00006448       ??_C@_0BI@MHKNPIFM@ENABLE_PROCESSED_OUTPUT@ 0000000180007448     flags.obj
 0001:00006460       ??_C@_0BK@CDKLKCHJ@ENABLE_WRAP_AT_EOL_OUTPUT@ 0000000180007460     flags.obj
 0001:00006480       ??_C@_09JBABGNAE@KEY_EVENT@ 0000000180007480     flags.obj
 0001:00006490       ??_C@_0M@CPILDGOO@MOUSE_EVENT@ 0000000180007490     flags.obj
 0001:000064a0       ??_C@_0BJ@OHDOHJKG@WINDOW_BUFFER_SIZE_EVENT@ 00000001800074a0     flags.obj
 0001:000064c0       ??_C@_0L@MPODFLFH@MENU_EVENT@ 00000001800074c0     flags.obj
 0001:000064d0       ??_C@_0M@LNGHCCGJ@FOCUS_EVENT@ 00000001800074d0     flags.obj
 0001:000064e0       ??_C@_0M@MKBGBFGO@CAPSLOCK_ON@ 00000001800074e0     flags.obj
 0001:000064f0       ??_C@_0N@EMEOEKDA@ENHANCED_KEY@ 00000001800074f0     flags.obj
 0001:00006500       ??_C@_0BC@GDHABBAP@RIGHT_ALT_PRESSED@ 0000000180007500     flags.obj
 0001:00006518       ??_C@_0BB@MCADLJJO@LEFT_ALT_PRESSED@ 0000000180007518     flags.obj
 0001:00006530       ??_C@_0BD@NEHHNAHO@RIGHT_CTRL_PRESSED@ 0000000180007530     flags.obj
 0001:00006548       ??_C@_0BC@FDNOAAAE@LEFT_CTRL_PRESSED@ 0000000180007548     flags.obj
 0001:00006560       ??_C@_0O@OGDFJMBK@SHIFT_PRESSED@ 0000000180007560     flags.obj
 0001:00006570       ??_C@_0L@IMGKKBIM@NUMLOCK_ON@ 0000000180007570     flags.obj
 0001:00006580       ??_C@_0O@LAHFNPLG@SCROLLLOCK_ON@ 0000000180007580     flags.obj
 0001:00006590       ??_C@_0BN@HACKHGAB@FROM_LEFT_1ST_BUTTON_PRESSED@ 0000000180007590     flags.obj
 0001:000065b0       ??_C@_0BJ@JECFAJNJ@RIGHTMOST_BUTTON_PRESSED@ 00000001800075b0     flags.obj
[...]
 0003:00003720       $pdata$_updatetlocinfoEx_nolock 000000018006c720     libucrt:locale_refcounting.obj
 0003:0000372c       $pdata$__acrt_fp_strflt_to_string 000000018006c72c     libucrt:_fptostr.obj
 0003:00003738       $pdata$__acrt_fltout       000000018006c738     libucrt:cfout.obj
 0003:00003744       $pdata$_isatty             000000018006c744     libucrt:isatty.obj
 0003:00003750       $pdata$__acrt_locale_free_monetary 000000018006c750     libucrt:initmon.obj
 0003:0000375c       $pdata$__acrt_locale_free_numeric 000000018006c75c     libucrt:initnum.obj
 0003:00003768       $pdata$?free_crt_array_internal@@YAXQEAPEBX_K@Z 000000018006c768     libucrt:inittime.obj
 0003:00003774       $pdata$__acrt_locale_free_time 000000018006c774     libucrt:inittime.obj
 0003:00003780       $pdata$__acrt_GetStringTypeA 000000018006c780     libucrt:getstringtypea.obj
 0003:0000378c       $pdata$__acrt_lowio_create_handle_array 000000018006c78c     libucrt:osfinfo.obj
 0003:00003798       $pdata$__acrt_lowio_destroy_handle_array 000000018006c798     libucrt:osfinfo.obj
 0003:000037a4       $pdata$__acrt_lowio_ensure_fh_exists 000000018006c7a4     libucrt:osfinfo.obj
 0003:000037b0       $pdata$__acrt_lowio_set_os_handle 000000018006c7b0     libucrt:osfinfo.obj
 0003:000037bc       $pdata$_alloc_osfhnd       000000018006c7bc     libucrt:osfinfo.obj
 0003:000037c8       $pdata$_free_osfhnd        000000018006c7c8     libucrt:osfinfo.obj
 0003:000037d4       $pdata$_get_osfhandle      000000018006c7d4     libucrt:osfinfo.obj
 0003:000037e0       $pdata$_wcsnicmp           000000018006c7e0     libucrt:wcsnicmp.obj
 0003:000037ec       $pdata$_wcsnicmp_l         000000018006c7ec     libucrt:wcsnicmp.obj
 0003:000037f8       $pdata$?GetTableIndexFromLocaleName@@YAHPEB_W@Z 000000018006c7f8     libucrt:lcidtoname_downlevel.obj
 0003:00003804       $pdata$__acrt_DownlevelLocaleNameToLCID 000000018006c804     libucrt:lcidtoname_downlevel.obj
 0003:00003810       $pdata$__acrt_LCMapStringW 000000018006c810     libucrt:lcmapstringw.obj
 0003:0000381c       $pdata$_msize_base         000000018006c81c     libucrt:msize.obj
 0003:00003828       $pdata$_realloc_base       000000018006c828     libucrt:realloc_base.obj
 0003:00003834       $pdata$_get_fmode          000000018006c834     libucrt:setmode.obj
 0003:00003840       $pdata$_setmode_nolock     000000018006c840     libucrt:setmode.obj
 0003:0000384c       $pdata$_putwch_nolock      000000018006c84c     libucrt:putwch.obj
 0003:00003858       $pdata$_chsize_nolock      000000018006c858     libucrt:chsize.obj
 0003:00003864       $pdata$__acrt_fenv_set_control 000000018006c864     libucrt:_fenvutils.obj
 0003:00003870       $pdata$__acrt_CompareStringW 000000018006c870     libucrt:comparestringw.obj
 0003:0000387c       $pdata$??$construct_environment_block@_W@@YAHQEBQEB_WQEAPEA_W@Z 000000018006c87c     libucrt:cenvarg.obj
 0003:00003888       $pdata$__acrt_pack_wide_command_line_and_environment 000000018006c888     libucrt:cenvarg.obj
 0003:00003894       $pdata$qsort               000000018006c894     libucrt:qsort.obj
 0003:000038a0       $pdata$4$qsort             000000018006c8a0     libucrt:qsort.obj
 0003:000038ac       $pdata$5$qsort             000000018006c8ac     libucrt:qsort.obj
 0003:000038b8       $pdata$_mbsdec_l           000000018006c8b8     libucrt:mbsdec.obj
 0003:000038c4       $pdata$?initialize_multibyte@@YAHXZ 000000018006c8c4     libucrt:multibyte_initializer.obj
 0003:000038d0       $pdata$?__mbrtoc32_utf8@__crt_mbstring@@YA_KPEA_UPEBD_KPEAU_Mbstatet@@@Z 000000018006c8d0     libucrt:mbrtoc32.obj
 0003:000038dc       $pdata$fegetenv            000000018006c8dc     libucrt:fegetenv.obj
 0003:000038e8       $pdata$fesetenv            000000018006c8e8     libucrt:fesetenv.obj
 0003:000038f4       $pdata$feholdexcept        000000018006c8f4     libucrt:feholdexcept.obj
 0003:0000390c       $pdata$__dcrt_lowio_ensure_console_output_initialized 000000018006c90c     libucrt:initcon.obj
 0003:00003918       $pdata$__dcrt_terminate_console_output 000000018006c918     libucrt:initcon.obj
 0003:00003924       $pdata$__dcrt_write_console 000000018006c924     libucrt:initcon.obj
 0003:00003930       $pdata$_call_matherr       000000018006c930     libucrt:libm_error.obj
 0003:0000393c       $pdata$_exception_enabled  000000018006c93c     libucrt:libm_error.obj
 0003:00003948       $pdata$_handle_error       000000018006c948     libucrt:libm_error.obj
 0003:00003954       $pdata$__acrt_initialize_fma3 000000018006c954     libucrt:fma3_available.obj
 0003:00003960       $pdata$_log10_special      000000018006c960     libucrt:log_special.obj
 0003:0000396c       $pdata$_log_special_common 000000018006c96c     libucrt:log_special.obj
 0003:00003978       $pdata$_raise_exc          000000018006c978     libucrt:fpexcept.obj
 0003:00003984       $pdata$_raise_exc_ex       000000018006c984     libucrt:fpexcept.obj
 0003:00003990       $pdata$_set_errno_from_matherr 000000018006c990     libucrt:fpexcept.obj
 0003:0000399c       $pdata$_clrfp              000000018006c99c     libucrt:fpctrl.obj
 0003:000039a8       $pdata$_ctrlfp             000000018006c9a8     libucrt:fpctrl.obj
 0003:000039b4       $pdata$_set_statfp         000000018006c9b4     libucrt:fpctrl.obj
 0003:000039c0       $pdata$_statfp             000000018006c9c0     libucrt:fpctrl.obj
 0003:000039cc       $pdata$_IsNonwritableInCurrentImage 000000018006c9cc     LIBCMT:pesect.obj
 0003:000039d8       $pdata$__GSHandlerCheck    000000018006c9d8     LIBCMT:gshandler.obj
 0003:000039e4       $pdata$__GSHandlerCheckCommon 000000018006c9e4     LIBCMT:gshandler.obj
 0003:000039fc       $pdata$__GSHandlerCheck_SEH 000000018006c9fc     LIBCMT:gshandlerseh.obj
 0003:00003a08       $pdata$__raise_securityfailure 000000018006ca08     LIBCMT:gs_report.obj
 0003:00003a14       $pdata$__report_gsfailure  000000018006ca14     LIBCMT:gs_report.obj
 0003:00003a20       $pdata$__report_rangecheckfailure 000000018006ca20     LIBCMT:gs_report.obj
 0003:00003a2c       $pdata$__report_securityfailure 000000018006ca2c     LIBCMT:gs_report.obj
 0003:00003a38       $pdata$capture_current_context 000000018006ca38     LIBCMT:gs_report.obj
 0003:00003a44       $pdata$capture_previous_context 000000018006ca44     LIBCMT:gs_report.obj
 0003:00003a50       $pdata$_local_unwind       000000018006ca50     libvcruntime:jmpuwind.obj
 0003:00003a68       $pdata$?fin$0@?0??dllmain_crt_process_attach@@YAHQEAUHINSTANCE__@@QEAX@Z@4HA 000000018006ca68     LIBCMT:dll_dllmain.obj
 0003:00003a74       $pdata$?fin$0@?0??dllmain_crt_process_detach@@YAH_N@Z@4HA 000000018006ca74     LIBCMT:dll_dllmain.obj
 0003:00003a80       $pdata$?filt$0@?0??dllmain_dispatch@@YAHQEAUHINSTANCE__@@KQEAX@Z@4HA 000000018006ca80     LIBCMT:dll_dllmain.obj
 0003:00003a8c       $pdata$__scrt_is_nonwritable_in_current_image$filt$0 000000018006ca8c     LIBCMT:utility.obj
 0003:00003a98       $pdata$__DestructExceptionObject$filt$0 000000018006ca98     libvcruntime:ehhelpers.obj
 0003:00003aa4       $pdata$?fin$0@?0???$?RV<lambda_842d9ff0dc9ef11c61343bbaebe7f885>@@AEAV<lambda_c5860995281e5c4ce005b3de8f5874ee>@@V<lambda_d90129c13df834fdcbf8d2b88dafcf2d>@@@?$__crt_seh_guarded_call@X@@QEAAX$$QEAV<lambda_842d9ff0dc9ef11c61343bbaebe7f885>@@AEAV<lambda_c5860995281e5c4ce005b3de8f5874ee>@@$$QEAV<lambda_d90129c13df834fdcbf8d2b88dafcf2d>@@@Z@4HA 000000018006caa4     libucrt:fflush.obj
 0003:00003aa4       $pdata$?fin$0@?0???$?RV<lambda_bdbcead8b570fa3d5ec6d9679862a6e5>@@AEAV<lambda_96f4279ff90247a4c5c5d9824f56f8c1>@@V<lambda_4606be27f17b5e5579e09050fab91818>@@@?$__crt_seh_guarded_call@_K@@QEAA_K$$QEAV<lambda_bdbcead8b570fa3d5ec6d9679862a6e5>@@AEAV<lambda_96f4279ff90247a4c5c5d9824f56f8c1>@@$$QEAV<lambda_4606be27f17b5e5579e09050fab91818>@@@Z@4HA 000000018006caa4     libucrt:fwrite.obj
 0003:00003aa4       $pdata$?fin$0@?0???$?RV<lambda_84ec643ea9557e2f7dc01bb0e9624395>@@AEAV<lambda_ca71763b3c0644891230e4f79ea54fa6>@@V<lambda_439a761618c59b0600e24586724d733b>@@@?$__crt_seh_guarded_call@H@@QEAAH$$QEAV<lambda_84ec643ea9557e2f7dc01bb0e9624395>@@AEAV<lambda_ca71763b3c0644891230e4f79ea54fa6>@@$$QEAV<lambda_439a761618c59b0600e24586724d733b>@@@Z@4HA 000000018006caa4     libucrt:setvbuf.obj
 0003:00003aa4       $pdata$?fin$0@?0???$?RV<lambda_c376a267cfb53b6959b3b692ec76b120>@@AEAV<lambda_9a32fed5bf61b6b509b2d3f6003082a1>@@V<lambda_572fbb9fa0ab338edf41edfd4b5fcc8d>@@@?$__crt_seh_guarded_call@H@@QEAAH$$QEAV<lambda_c376a267cfb53b6959b3b692ec76b120>@@AEAV<lambda_9a32fed5bf61b6b509b2d3f6003082a1>@@$$QEAV<lambda_572fbb9fa0ab338edf41edfd4b5fcc8d>@@@Z@4HA 000000018006caa4     libucrt:fflush.obj
 0003:00003aa4       $pdata$?fin$0@?0???$?RV<lambda_a62c933ada0517137acf5807a1eeac1f>@@AEAV<lambda_a31071773b9a94e445cbd5d04ef99106>@@V<lambda_56065050dbf3ada7e59a83db45153de3>@@@?$__crt_seh_guarded_call@H@@QEAAH$$QEAV<lambda_a62c933ada0517137acf5807a1eeac1f>@@AEAV<lambda_a31071773b9a94e445cbd5d04ef99106>@@$$QEAV<lambda_56065050dbf3ada7e59a83db45153de3>@@@Z@4HA 000000018006caa4     libucrt:output.obj
 0003:00003aa4       $pdata$?fin$0@?0???$?RV<lambda_082dd7c0feb7dbdaf245f261e54a6583>@@AEAV<lambda_f3caf1ecae5fe01a9a1a6239afa44510>@@V<lambda_c640b76c0755ae85b317b35c67c61e6b>@@@?$__crt_seh_guarded_call@H@@QEAAH$$QEAV<lambda_082dd7c0feb7dbdaf245f261e54a6583>@@AEAV<lambda_f3caf1ecae5fe01a9a1a6239afa44510>@@$$QEAV<lambda_c640b76c0755ae85b317b35c67c61e6b>@@@Z@4HA 000000018006caa4     libucrt:input.obj
 0003:00003ab0       $pdata$?fin$0@?0???$common_fsopen@_W@@YAPEAU_iobuf@@QEB_W0H@Z@4HA 000000018006cab0     libucrt:fopen.obj
 0003:00003abc       $pdata$rewind$fin$0        000000018006cabc     libucrt:rewind.obj
 0003:00003abc       $pdata$fclose$fin$0        000000018006cabc     libucrt:fclose.obj
 0003:00003abc       $pdata$clearerr_s$fin$0    000000018006cabc     libucrt:clearerr.obj
 0003:00003abc       $pdata$?fin$0@?0???$common_ftell@J@@YAJV__crt_stdio_stream@@@Z@4HA 000000018006cabc     libucrt:ftell.obj
 0003:00003abc       $pdata$?fin$0@?0??common_fseek@@YAHV__crt_stdio_stream@@_JH@Z@4HA 000000018006cabc     libucrt:fseek.obj
 0003:00003ac8       $pdata$_ctrlfp$filt$0      000000018006cac8     libucrt:fpctrl.obj
 0003:00003ac8       $pdata$common_control87$filt$0 000000018006cac8     libucrt:ieee.obj
 0003:00003ad4       $pdata$?fin$0@?0???$common_freopen@_W@@YAHQEAPEAU_iobuf@@QEB_W1V__crt_stdio_stream@@H@Z@4HA 000000018006cad4     libucrt:freopen.obj
 0003:00003ae0       $pdata$fread_s$fin$0       000000018006cae0     libucrt:fread.obj
 0003:00003aec       $pdata$fgetc$fin$0         000000018006caec     libucrt:fgetc.obj
 0003:00003af8       $pdata$ungetc$fin$0        000000018006caf8     libucrt:ungetc.obj
 0003:00003b04       $pdata$?fin$0@?0???$common_popen@_W@@YAPEAU_iobuf@@QEB_W0@Z@4HA 000000018006cb04     libucrt:popen.obj
 0003:00003b10       $pdata$_pclose$fin$0       000000018006cb10     libucrt:popen.obj
 0003:00003b1c       $pdata$?fin$0@?0???$?RV<lambda_886d6c58226a84441f68b9f2b8217b83>@@AEAV<lambda_ab61a845afdef5b7c387490eaf3616ee>@@V<lambda_f7f22ab5edc0698d5f6905b0d3f44752>@@@?$__crt_seh_guarded_call@X@@QEAAX$$QEAV<lambda_886d6c58226a84441f68b9f2b8217b83>@@AEAV<lambda_ab61a845afdef5b7c387490eaf3616ee>@@$$QEAV<lambda_f7f22ab5edc0698d5f6905b0d3f44752>@@@Z@4HA 000000018006cb1c     libucrt:fflush.obj
 0003:00003b28       $pdata$?fin$0@?0???$common_fgets@D@@YAPEADQEADHV__crt_stdio_stream@@@Z@4HA 000000018006cb28     libucrt:fgets.obj
 0003:00003b34       $pdata$?fin$0@?0??common_tmpfile@@YAHQEAPEAU_iobuf@@H@Z@4HA 000000018006cb34     libucrt:tmpfile.obj
 0003:00003b40       $pdata$?fin$0@?0??common_tmpfile_nolock@@YAHQEAPEAU_iobuf@@H@Z@4HA 000000018006cb40     libucrt:tmpfile.obj
 0003:00003b4c       $pdata$?fin$0@?0???$common_dupenv_s@_W@@YAHQEAPEA_WQEA_KQEB_WHQEBDH@Z@4HA 000000018006cb4c     libucrt:getenv.obj
 0003:00003b58       $pdata$?fin$0@?0???$common_getenv@_W@@YAPEA_WQEB_W@Z@4HA 000000018006cb58     libucrt:getenv.obj
 0003:00003b64       $pdata$?fin$0@?0???$?RV<lambda_d80eeec6fff315bfe5c115232f3240e3>@@AEAV<lambda_6e4b09c48022b2350581041d5f6b0c4c>@@V<lambda_2358e3775559c9db80273638284d5e45>@@@?$__crt_seh_guarded_call@X@@QEAAX$$QEAV<lambda_d80eeec6fff315bfe5c115232f3240e3>@@AEAV<lambda_6e4b09c48022b2350581041d5f6b0c4c>@@$$QEAV<lambda_2358e3775559c9db80273638284d5e45>@@@Z@4HA 000000018006cb64     libucrt:exit.obj
 0003:00003b64       $pdata$?fin$0@?0???$?RV<lambda_efdfa57d1f175319df784efa44bb7b81>@@AEAV<lambda_5f0a4c1567f8adc6734073e5d1e1b35c>@@V<lambda_2e8a7d3640ea6ccb4c2413664c2db6fd>@@@?$__crt_seh_guarded_call@X@@QEAAX$$QEAV<lambda_efdfa57d1f175319df784efa44bb7b81>@@AEAV<lambda_5f0a4c1567f8adc6734073e5d1e1b35c>@@$$QEAV<lambda_2e8a7d3640ea6ccb4c2413664c2db6fd>@@@Z@4HA 000000018006cb64     libucrt:mbctype.obj
 0003:00003b64       $pdata$?fin$0@?0???$?RV<lambda_450d765d439847d4c735a33c368b5fc0>@@AEAV<lambda_44731a7d0e6d81c3e6aa82d741081786>@@V<lambda_601a2a7da3b7a96e9554ac7215c4b07c>@@@?$__crt_seh_guarded_call@P6AXH@Z@@QEAAP6AXH@Z$$QEAV<lambda_450d765d439847d4c735a33c368b5fc0>@@AEAV<lambda_44731a7d0e6d81c3e6aa82d741081786>@@$$QEAV<lambda_601a2a7da3b7a96e9554ac7215c4b07c>@@@Z@4HA 000000018006cb64     libucrt:signal.obj
 0003:00003b64       $pdata$?fin$0@?0???$?RV<lambda_7777bce6b2f8c936911f934f8298dc43>@@AEAV<lambda_f03950bc5685219e0bcd2087efbe011e>@@V<lambda_3883c3dff614d5e0c5f61bb1ac94921c>@@@?$__crt_seh_guarded_call@H@@QEAAH$$QEAV<lambda_7777bce6b2f8c936911f934f8298dc43>@@AEAV<lambda_f03950bc5685219e0bcd2087efbe011e>@@$$QEAV<lambda_3883c3dff614d5e0c5f61bb1ac94921c>@@@Z@4HA 000000018006cb64     libucrt:onexit.obj
 0003:00003b64       $pdata$?fin$0@?0???$?RV<lambda_0ae27a3a962d80f24befdcbee591983d>@@AEAV<lambda_8d0ee55de4b1038c4002e0adecdf1839>@@V<lambda_dc504788e8f1664fe9b84e20bfb512f2>@@@?$__crt_seh_guarded_call@X@@QEAAX$$QEAV<lambda_0ae27a3a962d80f24befdcbee591983d>@@AEAV<lambda_8d0ee55de4b1038c4002e0adecdf1839>@@$$QEAV<lambda_dc504788e8f1664fe9b84e20bfb512f2>@@@Z@4HA 000000018006cb64     libucrt:per_thread_data.obj
 0003:00003b64       $pdata$?fin$0@?0???$?RV<lambda_2d41944a1d46af3157314b8a01080d33>@@AEAV<lambda_8f455de75cd7d7f24b4096f044d8b9e6>@@V<lambda_aa500f224e6afead328df44964fe2772>@@@?$__crt_seh_guarded_call@X@@QEAAX$$QEAV<lambda_2d41944a1d46af3157314b8a01080d33>@@AEAV<lambda_8f455de75cd7d7f24b4096f044d8b9e6>@@$$QEAV<lambda_aa500f224e6afead328df44964fe2772>@@@Z@4HA 000000018006cb64     libucrt:per_thread_data.obj
 0003:00003b64       $pdata$?fin$0@?0???$?RV<lambda_aa87e3671a710a21b5dc78c0bdf72e11>@@AEAV<lambda_92619d2358a28f41a33ba319515a20b9>@@V<lambda_6992ecaafeb10aed2b74cb1fae11a551>@@@?$__crt_seh_guarded_call@X@@QEAAX$$QEAV<lambda_aa87e3671a710a21b5dc78c0bdf72e11>@@AEAV<lambda_92619d2358a28f41a33ba319515a20b9>@@$$QEAV<lambda_6992ecaafeb10aed2b74cb1fae11a551>@@@Z@4HA 000000018006cb64     libucrt:per_thread_data.obj
 0003:00003b64       $pdata$?fin$0@?0???$?RV<lambda_f2e299630e499de9f9a165e60fcd3db5>@@AEAV<lambda_2ae9d31cdba2644fcbeaf08da7c24588>@@V<lambda_40d01ff24d0e7b3814fdbdcee8eab3c7>@@@?$__crt_seh_guarded_call@X@@QEAAX$$QEAV<lambda_f2e299630e499de9f9a165e60fcd3db5>@@AEAV<lambda_2ae9d31cdba2644fcbeaf08da7c24588>@@$$QEAV<lambda_40d01ff24d0e7b3814fdbdcee8eab3c7>@@@Z@4HA 000000018006cb64     libucrt:per_thread_data.obj
 0003:00003b64       $pdata$?fin$0@?0???$?RV<lambda_a22f0c497e5168315e06dae667770027>@@AEAV<lambda_a094494068278ba5130ab06e1292f60a>@@V<lambda_24dc10c13f43218c635520766e23e324>@@@?$__crt_seh_guarded_call@_N@@QEAA_N$$QEAV<lambda_a22f0c497e5168315e06dae667770027>@@AEAV<lambda_a094494068278ba5130ab06e1292f60a>@@$$QEAV<lambda_24dc10c13f43218c635520766e23e324>@@@Z@4HA 000000018006cb64     libucrt:spawnv.obj
 0003:00003b70       $pdata$?filt$0@?0???R<lambda_6e4b09c48022b2350581041d5f6b0c4c>@@QEBA@XZ@4HA 000000018006cb70     libucrt:exit.obj
 0003:00003b7c       $pdata$?fin$0@?0???$?RV<lambda_410d79af7f07d98d83a3f525b3859a53>@@AEAV<lambda_3e16ef9562a7dcce91392c22ab16ea36>@@V<lambda_38119f0e861e05405d8a144b9b982f0a>@@@?$__crt_seh_guarded_call@X@@QEAAX$$QEAV<lambda_410d79af7f07d98d83a3f525b3859a53>@@AEAV<lambda_3e16ef9562a7dcce91392c22ab16ea36>@@$$QEAV<lambda_38119f0e861e05405d8a144b9b982f0a>@@@Z@4HA 000000018006cb7c     libucrt:wsetlocale.obj
 0003:00003b88       $pdata$__acrt_lowio_ensure_fh_exists$fin$0 000000018006cb88     libucrt:osfinfo.obj
 0003:00003b88       $pdata$__acrt_initialize_lowio$fin$0 000000018006cb88     libucrt:ioinit.obj
 0003:00003b88       $pdata$_alloc_osfhnd$fin$0 000000018006cb88     libucrt:osfinfo.obj
 0003:00003b94       $pdata$?fin$0@?0??__acrt_stdio_allocate_stream@@YA?AV__crt_stdio_stream@@XZ@4HA 000000018006cb94     libucrt:stream.obj
 0003:00003b94       $pdata$_fcloseall$fin$0    000000018006cb94     libucrt:closeall.obj
 0003:00003ba0       $pdata$?fin$0@?0???$?RV<lambda_751a882b2c74d4b022dec766aa51a29a>@@AEAV<lambda_628dfdc04ba53c8bfc02c9951375f3f5>@@V<lambda_f6c7be5f7998530c34de24c7437d6b54>@@@?$__crt_seh_guarded_call@H@@QEAAH$$QEAV<lambda_751a882b2c74d4b022dec766aa51a29a>@@AEAV<lambda_628dfdc04ba53c8bfc02c9951375f3f5>@@$$QEAV<lambda_f6c7be5f7998530c34de24c7437d6b54>@@@Z@4HA 000000018006cba0     libucrt:close.obj
 0003:00003ba0       $pdata$?fin$0@?0???$?RV<lambda_a37b2b86f63e897a80ea819b0eb08c01>@@AEAV<lambda_38ce7e780aa69e748d6df282ebc68efe>@@V<lambda_99fb1378e971ab6e7edea83e3a7a83a2>@@@?$__crt_seh_guarded_call@H@@QEAAH$$QEAV<lambda_a37b2b86f63e897a80ea819b0eb08c01>@@AEAV<lambda_38ce7e780aa69e748d6df282ebc68efe>@@$$QEAV<lambda_99fb1378e971ab6e7edea83e3a7a83a2>@@@Z@4HA 000000018006cba0     libucrt:commit.obj
 0003:00003bac       $pdata$_read$fin$0         000000018006cbac     libucrt:read.obj
 0003:00003bb8       $pdata$?fin$0@?0???$common_lseek@J@@YAJHJH@Z@4HA 000000018006cbb8     libucrt:lseek.obj
 0003:00003bb8       $pdata$?fin$0@?0???$common_lseek@_J@@YA_JH_JH@Z@4HA 000000018006cbb8     libucrt:lseek.obj
 0003:00003bb8       $pdata$_write$fin$0        000000018006cbb8     libucrt:write.obj
 0003:00003bc4       $pdata$_pipe$fin$1         000000018006cbc4     libucrt:pipe.obj
 0003:00003bd0       $pdata$_pipe$fin$0         000000018006cbd0     libucrt:pipe.obj
 0003:00003bdc       $pdata$?fin$0@?0???$common_fdopen@_W@@YAPEAU_iobuf@@HQEB_W@Z@4HA 000000018006cbdc     libucrt:fdopen.obj
 0003:00003be8       $pdata$?fin$0@?0???$common_sopen_dispatch@_W@@YAHQEB_WHHHQEAHH@Z@4HA 000000018006cbe8     libucrt:open.obj
 0003:00003be8       $pdata$?fin$0@?0???$common_sopen_dispatch@D@@YAHQEBDHHHQEAHH@Z@4HA 000000018006cbe8     libucrt:open.obj
 0003:00003bf4       $pdata$_rmtmp$fin$0        000000018006cbf4     libucrt:rmtmp.obj
 0003:00003c00       $pdata$_rmtmp$fin$1        000000018006cc00     libucrt:rmtmp.obj
 0003:00003c0c       $pdata$?fin$0@?0??update_thread_multibyte_data_internal@@YAPEAU__crt_multibyte_data@@QEAU__acrt_ptd@@QEAPEAU1@@Z@4HA 000000018006cc0c     libucrt:mbctype.obj
 0003:00003c18       $pdata$_query_new_handler$fin$0 000000018006cc18     libucrt:new_handler.obj
 0003:00003c24       $pdata$raise$fin$0         000000018006cc24     libucrt:signal.obj
 0003:00003c30       $pdata$__acrt_update_thread_locale_data$fin$0 000000018006cc30     libucrt:locale_refcounting.obj
 0003:00003c3c       $pdata$_IsNonwritableInCurrentImage$filt$0 000000018006cc3c     LIBCMT:pesect.obj
 0004:000012b0       .idata$6                   000000018006e2b0     kernel32:KERNEL32.dll
 0004:000012cc       .idata$6                   000000018006e2cc     user32:USER32.dll
 0004:00001370       .idata$6                   000000018006e370     advapi32:ADVAPI32.dll
 0004:000013a2       .idata$6                   000000018006e3a2     shell32:SHELL32.dll
 0004:0000193a       .idata$6                   000000018006e93a     lua51:lua51.dll
 0004:00001986       .idata$6                   000000018006e986     rpcrt4:RPCRT4.dll
 0005:00000060       $R000000                   000000018006f060     luafar3.res
