 FileCase

 Timestamp is 5ce5f3ab (Thu May 23 04:13:15 2019)

 Preferred load address is 0000000180000000

 Start         Length     Name                   Class
 0001:00000000 00000008H .CRT$XCA                CODE
 0001:00000008 00000008H .CRT$XCZ                CODE
 0001:00000010 00000008H .CRT$XIA                CODE
 0001:00000018 00000018H .CRT$XIC                CODE
 0001:00000030 00000008H .CRT$XIZ                CODE
 0001:00000038 00000008H .CRT$XPA                CODE
 0001:00000040 00000010H .CRT$XPX                CODE
 0001:00000050 00000008H .CRT$XPXA               CODE
 0001:00000058 00000008H .CRT$XPZ                CODE
 0001:00000060 00000008H .CRT$XTA                CODE
 0001:00000068 00000008H .CRT$XTZ                CODE
 0001:00000070 00000000H .gfids$y                CODE
 0001:00000070 00007500H .rdata                  CODE
 0001:00007570 000001f4H .rdata$r                CODE
 0001:00007764 000002b4H .rdata$zzzdbg           CODE
 0001:00007a18 00000008H .rtc$IAA                CODE
 0001:00007a20 00000008H .rtc$IZZ                CODE
 0001:00007a28 00000008H .rtc$TAA                CODE
 0001:00007a30 00000010H .rtc$TZZ                CODE
 0001:00007a40 0000dc70H .text$mn                CODE
 0001:000156b0 00000020H .text$mn$00             CODE
 0001:000156d0 00000250H .text$x                 CODE
 0001:00015920 00000cd0H .xdata                  CODE
 0001:000165f0 000000f0H .xdata$x                CODE
 0001:000166e0 00000091H .edata                  CODE
 0002:00000000 000009e0H .data                   DATA
 0002:000009e0 000000a0H .data$r                 DATA
 0002:00000a80 000018a0H .bss                    DATA
 0003:00000000 00000fccH .pdata                  DATA
 0004:00000000 00000248H .idata$5                DATA
 0004:00000248 00000010H .00cfg                  DATA
 0004:00000258 00000014H .idata$2                DATA
 0004:0000026c 00000014H .idata$3                DATA
 0004:00000280 00000248H .idata$4                DATA
 0004:000004c8 00000532H .idata$6                DATA
 0005:00000000 00000060H .rsrc$01                DATA
 0005:00000060 00000390H .rsrc$02                DATA

  Address         Publics by Value              Rva+Base               Lib:Object

 0000:00000000       __hybrid_code_map_count    0000000000000000     <absolute>
 0000:00000000       __hybrid_code_map          0000000000000000     <absolute>
 0000:00000000       __guard_iat_count          0000000000000000     <absolute>
 0000:00000000       __volatile_metadata        0000000000000000     <absolute>
 0000:00000000       __guard_longjmp_count      0000000000000000     <absolute>
 0000:00000000       __guard_longjmp_table      0000000000000000     <absolute>
 0000:00000000       __guard_iat_table          0000000000000000     <absolute>
 0000:00000000       __guard_fids_count         0000000000000000     <absolute>
 0000:00000000       ___safe_se_handler_count   0000000000000000     <absolute>
 0000:00000000       __enclave_config           0000000000000000     <absolute>
 0000:00000000       ___safe_se_handler_table   0000000000000000     <absolute>
 0000:00000000       __guard_fids_table         0000000000000000     <absolute>
 0000:00000000       __hybrid_auxiliary_iat     0000000000000000     <absolute>
 0000:00000000       __dynamic_value_reloc_table 0000000000000000     <absolute>
 0000:00000100       __guard_flags              0000000000000100     <absolute>
 0000:00000000       __ImageBase                0000000180000000     <linker-defined>
 0001:00000000       __xc_a                     0000000180001000     LIBCMT:initializers.obj
 0001:00000008       __xc_z                     0000000180001008     LIBCMT:initializers.obj
 0001:00000010       __xi_a                     0000000180001010     LIBCMT:initializers.obj
 0001:00000018       __acrt_multibyte_initializer 0000000180001018     libucrt:multibyte_initializer.obj
 0001:00000020       __acrt_stdio_initializer   0000000180001020     libucrt:stdio_initializer.obj
 0001:00000028       __acrt_tran_fma3_initializer 0000000180001028     libucrt:fma3_initializer.obj
 0001:00000030       __xi_z                     0000000180001030     LIBCMT:initializers.obj
 0001:00000038       __xp_a                     0000000180001038     LIBCMT:initializers.obj
 0001:00000040       __acrt_locale_terminator   0000000180001040     libucrt:locale_initializer.obj
 0001:00000048       __dcrt_console_output_terminator 0000000180001048     libucrt:console_output_initializer.obj
 0001:00000050       __acrt_stdio_terminator    0000000180001050     libucrt:stdio_initializer.obj
 0001:00000058       __xp_z                     0000000180001058     LIBCMT:initializers.obj
 0001:00000060       __xt_a                     0000000180001060     LIBCMT:initializers.obj
 0001:00000068       __xt_z                     0000000180001068     LIBCMT:initializers.obj
 0001:00000070       MainGuid                   0000000180001070     FileCase.obj
 0001:00000080       MenuGuid                   0000000180001080     FileCase.obj
 0001:00000090       DialogGuid                 0000000180001090     FileCase.obj
 0001:000000a0       ??_C@_1BC@DGHEBOMK@?$AAF?$AAi?$AAl?$AAe?$AAC?$AAa?$AAs?$AAe@ 00000001800010a0     FileCase.obj
 0001:000000c0       ??_C@_1FG@IEAGHMHI@?$AAF?$AAi?$AAl?$AAe?$AA?5?$AAn?$AAa?$AAm?$AAe?$AAs?$AA?5?$AAc?$AAa?$AAs?$AAe@ 00000001800010c0     FileCase.obj
 0001:00000118       ??_C@_1DE@BGKMIKPD@?$AAE?$AAu?$AAg?$AAe?$AAn?$AAe?$AA?5?$AAR?$AAo?$AAs?$AAh?$AAa?$AAl?$AA?5?$AA?$CG@ 0000000180001118     FileCase.obj
 0001:00000150       ??_C@_1BI@NPBILFDJ@?$AAC?$AAo?$AAn?$AAv?$AAe?$AAr?$AAt?$AAM?$AAo?$AAd?$AAe@ 0000000180001150     FileCase.obj
 0001:00000168       ??_C@_1BO@IKHLKIJC@?$AAC?$AAo?$AAn?$AAv?$AAe?$AAr?$AAt?$AAM?$AAo?$AAd?$AAe?$AAE?$AAx?$AAt@ 0000000180001168     FileCase.obj
 0001:00000188       ??_C@_1BM@HMLICANP@?$AAS?$AAk?$AAi?$AAp?$AAM?$AAi?$AAx?$AAe?$AAd?$AAC?$AAa?$AAs?$AAe@ 0000000180001188     FileCase.obj
 0001:000001a8       ??_C@_1BM@BNELJCPP@?$AAP?$AAr?$AAo?$AAc?$AAe?$AAs?$AAs?$AAS?$AAu?$AAb?$AAD?$AAi?$AAr@ 00000001800011a8     FileCase.obj
 0001:000001c8       ??_C@_1BG@DFJACJCJ@?$AAP?$AAr?$AAo?$AAc?$AAe?$AAs?$AAs?$AAD?$AAi?$AAr@ 00000001800011c8     FileCase.obj
 0001:000001e0       ??_C@_15NKPPEEJO@?$AA?5?$AA_@ 00000001800011e0     FileCase.obj
 0001:000001e8       ??_C@_1BA@CAKIGJMA@?$AAW?$AAo?$AAr?$AAd?$AAD?$AAi?$AAv@ 00000001800011e8     FileCase.obj
 0001:000001f8       ??_7?$DialogItemBinding@UFarDialogItem@@@@6B@ 00000001800011f8     filecvt.obj
 0001:00000208       ??_7PluginCheckBoxBinding@@6B@ 0000000180001208     filecvt.obj
 0001:00000218       ??_7PluginRadioButtonBinding@@6B@ 0000000180001218     filecvt.obj
 0001:00000228       ??_7PluginEditFieldBinding@@6B@ 0000000180001228     filecvt.obj
 0001:00000238       ??_7PluginIntEditFieldBinding@@6B@ 0000000180001238     filecvt.obj
 0001:00000248       ??_C@_15EFLNJKHH@?$AA?$CF?$AAu@ 0000000180001248     filecvt.obj
 0001:00000250       ??_7PluginUIntEditFieldBinding@@6B@ 0000000180001250     filecvt.obj
 0001:00000260       ??_7?$DialogBuilderBase@UFarDialogItem@@@@6B@ 0000000180001260     filecvt.obj
 0001:000002a8       ??_7PluginDialogBuilder@@6B@ 00000001800012a8     filecvt.obj
 0001:000002f0       ??_C@_11LOCGONAA@@         00000001800012f0     filecvt.obj
 0001:000002f8       ??_C@_1BC@ENICKDH@?$AAC?$AAo?$AAn?$AAt?$AAe?$AAn?$AAt?$AAs@ 00000001800012f8     filecvt.obj
 0001:00000310       ??_C@_1CC@CKMDHNMO@?$AAF?$AAi?$AAl?$AAe?$AAC?$AAa?$AAs?$AAe?$AA_?$AAW?$AAo?$AAr?$AAd?$AAD?$AAi@ 0000000180001310     filecvt.obj
 0001:00000340       __xmm@00000009000000080000000700000006 0000000180001340     filecvt.obj
 0001:00000350       __xmm@0000000e0000000d0000000c0000000b 0000000180001350     filecvt.obj
 0001:00000360       __xmm@ffffffffffffffff0000000000000002 0000000180001360     filecvt.obj
 0001:00000370       __xmm@ffffffffffffffffffffffffffffffff 0000000180001370     filecvt.obj
 0001:00000380       ??_C@_13JOFGPIOO@?$AA?4@   0000000180001380     ProcessName.obj
 0001:00000388       _pDefaultRawDllMain        0000000180001388     LIBCMT:dll_dllmain.obj
 0001:00000388       _pRawDllMain               0000000180001388     LIBCMT:dll_dllmain.obj
 0001:00000398       ??_7exception@std@@6B@     0000000180001398     LIBCMT:throw_bad_alloc.obj
 0001:000003a8       ??_C@_0BC@EOODALEL@Unknown?5exception@ 00000001800013a8     LIBCMT:throw_bad_alloc.obj
 0001:000003c8       ??_7bad_alloc@std@@6B@     00000001800013c8     LIBCMT:throw_bad_alloc.obj
 0001:000003d8       ??_C@_0P@GHFPNOJB@bad?5allocation@ 00000001800013d8     LIBCMT:throw_bad_alloc.obj
 0001:000003f0       ??_7bad_array_new_length@std@@6B@ 00000001800013f0     LIBCMT:throw_bad_alloc.obj
 0001:00000400       ??_C@_0BF@KINCDENJ@bad?5array?5new?5length@ 0000000180001400     LIBCMT:throw_bad_alloc.obj
 0001:00000420       ??_7type_info@@6B@         0000000180001420     LIBCMT:std_type_info_static.obj
 0001:00000470       _pDestructExceptionObject  0000000180001470     libvcruntime:ehhelpers.obj
 0001:000007b8       ??_C@_08EHJDFFNH@__based?$CI@ 00000001800017b8     libvcruntime:undname.obj
 0001:000007c8       ??_C@_07KOLFKCDI@__cdecl@  00000001800017c8     libvcruntime:undname.obj
 0001:000007d0       ??_C@_08GHMPAG@__pascal@   00000001800017d0     libvcruntime:undname.obj
 0001:000007e0       ??_C@_09IFJBGAPI@__stdcall@ 00000001800017e0     libvcruntime:undname.obj
 0001:000007f0       ??_C@_0L@NPHFGOKO@__thiscall@ 00000001800017f0     libvcruntime:undname.obj
 0001:00000800       ??_C@_0L@JMKHOMEK@__fastcall@ 0000000180001800     libvcruntime:undname.obj
 0001:00000810       ??_C@_0N@BCKKPABJ@__vectorcall@ 0000000180001810     libvcruntime:undname.obj
 0001:00000820       ??_C@_09HIJEGCPM@__clrcall@ 0000000180001820     libvcruntime:undname.obj
 0001:0000082c       ??_C@_06GHPCKEAG@__eabi@   000000018000182c     libvcruntime:undname.obj
 0001:00000838       ??_C@_09IOPIDJLG@__swift_1@ 0000000180001838     libvcruntime:undname.obj
 0001:00000848       ??_C@_09KFNFGKHF@__swift_2@ 0000000180001848     libvcruntime:undname.obj
 0001:00000858       ??_C@_07JOMMBBKO@__ptr64@  0000000180001858     libvcruntime:undname.obj
 0001:00000860       ??_C@_0L@PILCLIHE@__restrict@ 0000000180001860     libvcruntime:undname.obj
 0001:00000870       ??_C@_0M@GFIIJFMG@__unaligned@ 0000000180001870     libvcruntime:undname.obj
 0001:00000880       ??_C@_09DHDLOLLB@restrict?$CI@ 0000000180001880     libvcruntime:undname.obj
 0001:0000088a       ??_C@_00CNPNBAHC@@         000000018000188a     libvcruntime:undname.obj
 0001:0000088c       ??_C@_04NIHEBCM@?5new@     000000018000188c     libvcruntime:undname.obj
 0001:00000898       ??_C@_07FPCDHGMM@?5delete@ 0000000180001898     libvcruntime:undname.obj
 0001:000008a0       ??_C@_01NEMOKFLO@?$DN@     00000001800018a0     libvcruntime:undname.obj
 0001:000008a4       ??_C@_02GPIOPFAK@?$DO?$DO@ 00000001800018a4     libvcruntime:undname.obj
 0001:000008a8       ??_C@_02FODMEDOG@?$DM?$DM@ 00000001800018a8     libvcruntime:undname.obj
 0001:000008ac       ??_C@_01DCLJPIOD@?$CB@     00000001800018ac     libvcruntime:undname.obj
 0001:000008b0       ??_C@_02EGOFBIJA@?$DN?$DN@ 00000001800018b0     libvcruntime:undname.obj
 0001:000008b4       ??_C@_02FDNJECIE@?$CB?$DN@ 00000001800018b4     libvcruntime:undname.obj
 0001:000008b8       ??_C@_02GPECMEKF@?$FL?$FN@ 00000001800018b8     libvcruntime:undname.obj
 0001:000008c0       ??_C@_08LHJFAFGD@operator@ 00000001800018c0     libvcruntime:undname.obj
 0001:000008cc       ??_C@_02HBOOOICD@?9?$DO@   00000001800018cc     libvcruntime:undname.obj
 0001:000008d0       ??_C@_01NBENCBCI@?$CK@     00000001800018d0     libvcruntime:undname.obj
 0001:000008d4       ??_C@_02ECNGHCIF@?$CL?$CL@ 00000001800018d4     libvcruntime:undname.obj
 0001:000008d8       ??_C@_02BAABKJLB@?9?9@     00000001800018d8     libvcruntime:undname.obj
 0001:000008dc       ??_C@_01JOAMLHOP@?9@       00000001800018dc     libvcruntime:undname.obj
 0001:000008e0       ??_C@_01MIFGBAGJ@?$CL@     00000001800018e0     libvcruntime:undname.obj
 0001:000008e4       ??_C@_01HNPIGOCE@?$CG@     00000001800018e4     libvcruntime:undname.obj
 0001:000008e8       ??_C@_03MNHNFDLC@?9?$DO?$CK@ 00000001800018e8     libvcruntime:undname.obj
 0001:000008ec       ??_C@_01KMDKNFGN@?1@       00000001800018ec     libvcruntime:undname.obj
 0001:000008f0       ??_C@_01FGNFDNOH@?$CF@     00000001800018f0     libvcruntime:undname.obj
 0001:000008f4       ??_C@_01MNNFJEPP@?$DM@     00000001800018f4     libvcruntime:undname.obj
 0001:000008f8       ??_C@_02EHCHHCKH@?$DM?$DN@ 00000001800018f8     libvcruntime:undname.obj
 0001:000008fc       ??_C@_01PPODPGHN@?$DO@     00000001800018fc     libvcruntime:undname.obj
 0001:00000900       ??_C@_02EEKDKGMJ@?$DO?$DN@ 0000000180001900     libvcruntime:undname.obj
 0001:00000904       ??_C@_01IHBHIGKO@?0@       0000000180001904     libvcruntime:undname.obj
 0001:00000908       ??_C@_02HCKGKOFO@?$CI?$CJ@ 0000000180001908     libvcruntime:undname.obj
 0001:0000090c       ??_C@_01PJKLJHI@?$HO@      000000018000190c     libvcruntime:undname.obj
 0001:00000910       ??_C@_01JKBOJNNK@?$FO@     0000000180001910     libvcruntime:undname.obj
 0001:00000914       ??_C@_01DNKMNLPK@?$HM@     0000000180001914     libvcruntime:undname.obj
 0001:00000918       ??_C@_02PPKAJPJL@?$CG?$CG@ 0000000180001918     libvcruntime:undname.obj
 0001:0000091c       ??_C@_02NONPIBCD@?$HM?$HM@ 000000018000191c     libvcruntime:undname.obj
 0001:00000920       ??_C@_02FPIMKNGF@?$CK?$DN@ 0000000180001920     libvcruntime:undname.obj
 0001:00000924       ??_C@_02FOEOMHFC@?$CL?$DN@ 0000000180001924     libvcruntime:undname.obj
 0001:00000928       ??_C@_02FKMDLLOA@?9?$DN@   0000000180001928     libvcruntime:undname.obj
 0001:0000092c       ??_C@_02FJEHGPIO@?1?$DN@   000000018000192c     libvcruntime:undname.obj
 0001:00000930       ??_C@_02FENAOKFI@?$CF?$DN@ 0000000180001930     libvcruntime:undname.obj
 0001:00000934       ??_C@_03IKFCCPFF@?$DO?$DO?$DN@ 0000000180001934     libvcruntime:undname.obj
 0001:00000938       ??_C@_03CDNPDDLA@?$DM?$DM?$DN@ 0000000180001938     libvcruntime:undname.obj
 0001:0000093c       ??_C@_02FGJGFEAB@?$CG?$DN@ 000000018000193c     libvcruntime:undname.obj
 0001:00000940       ??_C@_02DHLNPPGH@?$HM?$DN@ 0000000180001940     libvcruntime:undname.obj
 0001:00000944       ??_C@_02MHEGNOJ@?$FO?$DN@  0000000180001944     libvcruntime:undname.obj
 0001:00000948       ??_C@_09IFPLHPGF@?$GAvftable?8@ 0000000180001948     libvcruntime:undname.obj
 0001:00000958       ??_C@_09BLBHBJP@?$GAvbtable?8@ 0000000180001958     libvcruntime:undname.obj
 0001:00000968       ??_C@_07FEEIOKP@?$GAvcall?8@ 0000000180001968     libvcruntime:undname.obj
 0001:00000970       ??_C@_08LLFFHHDJ@?$GAtypeof?8@ 0000000180001970     libvcruntime:undname.obj
 0001:00000980       ??_C@_0BF@KDPPACIK@?$GAlocal?5static?5guard?8@ 0000000180001980     libvcruntime:undname.obj
 0001:00000998       ??_C@_08OBABFOLI@?$GAstring?8@ 0000000180001998     libvcruntime:undname.obj
 0001:000009a8       ??_C@_0BD@JDLKDPAB@?$GAvbase?5destructor?8@ 00000001800019a8     libvcruntime:undname.obj
 0001:000009c0       ??_C@_0BN@DEGPLNFK@?$GAvector?5deleting?5destructor?8@ 00000001800019c0     libvcruntime:undname.obj
 0001:000009e0       ??_C@_0BO@OBMKPJIG@?$GAdefault?5constructor?5closure?8@ 00000001800019e0     libvcruntime:undname.obj
 0001:00000a00       ??_C@_0BN@IMDCHIKM@?$GAscalar?5deleting?5destructor?8@ 0000000180001a00     libvcruntime:undname.obj
 0001:00000a20       ??_C@_0BO@PFGOCPJJ@?$GAvector?5constructor?5iterator?8@ 0000000180001a20     libvcruntime:undname.obj
 0001:00000a40       ??_C@_0BN@LFPFMEDL@?$GAvector?5destructor?5iterator?8@ 0000000180001a40     libvcruntime:undname.obj
 0001:00000a60       ??_C@_0CE@IKBNEHA@?$GAvector?5vbase?5constructor?5itera@ 0000000180001a60     libvcruntime:undname.obj
 0001:00000a88       ??_C@_0BL@NILFHHPC@?$GAvirtual?5displacement?5map?8@ 0000000180001a88     libvcruntime:undname.obj
 0001:00000aa8       ??_C@_0CB@JONCMFFK@?$GAeh?5vector?5constructor?5iterator@ 0000000180001aa8     libvcruntime:undname.obj
 0001:00000ad0       ??_C@_0CA@GCEOPDGL@?$GAeh?5vector?5destructor?5iterator?8@ 0000000180001ad0     libvcruntime:undname.obj
 0001:00000af0       ??_C@_0CH@OOJPLCPH@?$GAeh?5vector?5vbase?5constructor?5it@ 0000000180001af0     libvcruntime:undname.obj
 0001:00000b18       ??_C@_0BL@LLKPOHJI@?$GAcopy?5constructor?5closure?8@ 0000000180001b18     libvcruntime:undname.obj
 0001:00000b38       ??_C@_0BA@KBCDOMBN@?$GAudt?5returning?8@ 0000000180001b38     libvcruntime:undname.obj
 0001:00000b48       ??_C@_03KLGMFNMG@?$GAEH@   0000000180001b48     libvcruntime:undname.obj
 0001:00000b4c       ??_C@_05KHLCHHI@?$GARTTI@  0000000180001b4c     libvcruntime:undname.obj
 0001:00000b58       ??_C@_0BA@KKLDJDLB@?$GAlocal?5vftable?8@ 0000000180001b58     libvcruntime:undname.obj
 0001:00000b68       ??_C@_0CE@IIHCMGGL@?$GAlocal?5vftable?5constructor?5clos@ 0000000180001b68     libvcruntime:undname.obj
 0001:00000b8c       ??_C@_06FHBGPFGH@?5new?$FL?$FN@ 0000000180001b8c     libvcruntime:undname.obj
 0001:00000b98       ??_C@_09LBNFPBCA@?5delete?$FL?$FN@ 0000000180001b98     libvcruntime:undname.obj
 0001:00000ba8       ??_C@_0P@HJKNJFNN@?$GAomni?5callsig?8@ 0000000180001ba8     libvcruntime:undname.obj
 0001:00000bb8       ??_C@_0BL@CNOONJFP@?$GAplacement?5delete?5closure?8@ 0000000180001bb8     libvcruntime:undname.obj
 0001:00000bd8       ??_C@_0BN@CKNJLHMB@?$GAplacement?5delete?$FL?$FN?5closure?8@ 0000000180001bd8     libvcruntime:undname.obj
 0001:00000bf8       ??_C@_0CG@CFDHKGGD@?$GAmanaged?5vector?5constructor?5ite@ 0000000180001bf8     libvcruntime:undname.obj
 0001:00000c20       ??_C@_0CF@IMGKMJNO@?$GAmanaged?5vector?5destructor?5iter@ 0000000180001c20     libvcruntime:undname.obj
 0001:00000c48       ??_C@_0CG@HLDDJMAG@?$GAeh?5vector?5copy?5constructor?5ite@ 0000000180001c48     libvcruntime:undname.obj
 0001:00000c70       ??_C@_0CM@FCBBDIGB@?$GAeh?5vector?5vbase?5copy?5construct@ 0000000180001c70     libvcruntime:undname.obj
 0001:00000ca0       ??_C@_0BL@CLIPGLGB@?$GAdynamic?5initializer?5for?5?8@ 0000000180001ca0     libvcruntime:undname.obj
 0001:00000cc0       ??_C@_0CB@PDBIFEP@?$GAdynamic?5atexit?5destructor?5for?5@ 0000000180001cc0     libvcruntime:undname.obj
 0001:00000ce8       ??_C@_0CD@CGAJBKEJ@?$GAvector?5copy?5constructor?5iterat@ 0000000180001ce8     libvcruntime:undname.obj
 0001:00000d10       ??_C@_0CJ@GJELGAMM@?$GAvector?5vbase?5copy?5constructor?5@ 0000000180001d10     libvcruntime:undname.obj
 0001:00000d40       ??_C@_0CL@FGIJHLCE@?$GAmanaged?5vector?5copy?5constructo@ 0000000180001d40     libvcruntime:undname.obj
 0001:00000d70       ??_C@_0BM@PMGGMLDN@?$GAlocal?5static?5thread?5guard?8@ 0000000180001d70     libvcruntime:undname.obj
 0001:00000d90       ??_C@_0N@BDNMDMOL@operator?5?$CC?$CC?5@ 0000000180001d90     libvcruntime:undname.obj
 0001:00000da0       ??_C@_0BC@GGEBGALA@operator?5co_await@ 0000000180001da0     libvcruntime:undname.obj
 0001:00000db8       ??_C@_0BC@DAFEJGAK@?5Type?5Descriptor?8@ 0000000180001db8     libvcruntime:undname.obj
 0001:00000dd0       ??_C@_0BM@LDKODKLH@?5Base?5Class?5Descriptor?5at?5?$CI@ 0000000180001dd0     libvcruntime:undname.obj
 0001:00000df0       ??_C@_0BD@LGICGFMM@?5Base?5Class?5Array?8@ 0000000180001df0     libvcruntime:undname.obj
 0001:00000e08       ??_C@_0BN@MECKDCOJ@?5Class?5Hierarchy?5Descriptor?8@ 0000000180001e08     libvcruntime:undname.obj
 0001:00000e28       ??_C@_0BK@CFCOFLF@?5Complete?5Object?5Locator?8@ 0000000180001e28     libvcruntime:undname.obj
 0001:00000e60       ??_C@_1DM@KHCHBNEB@?$AAa?$AAp?$AAi?$AA?9?$AAm?$AAs?$AA?9?$AAw?$AAi?$AAn?$AA?9?$AAc?$AAo?$AAr?$AAe@ 0000000180001e60     libvcruntime:winapi_downlevel.obj
 0001:00000ea0       ??_C@_1DK@LPPGFMPP@?$AAa?$AAp?$AAi?$AA?9?$AAm?$AAs?$AA?9?$AAw?$AAi?$AAn?$AA?9?$AAc?$AAo?$AAr?$AAe@ 0000000180001ea0     libvcruntime:winapi_downlevel.obj
 0001:00000ee0       ??_C@_1BC@GDMECMAK@?$AAk?$AAe?$AAr?$AAn?$AAe?$AAl?$AA3?$AA2@ 0000000180001ee0     libvcruntime:winapi_downlevel.obj
 0001:00000ef8       ??_C@_1BA@PFFKHIOG@?$AAa?$AAp?$AAi?$AA?9?$AAm?$AAs?$AA?9@ 0000000180001ef8     libvcruntime:winapi_downlevel.obj
 0001:00000f08       ??_C@_1BA@IAIFMGEF@?$AAe?$AAx?$AAt?$AA?9?$AAm?$AAs?$AA?9@ 0000000180001f08     libvcruntime:winapi_downlevel.obj
 0001:00000f20       ??_C@_08KNHFBNJ@FlsAlloc@  0000000180001f20     libvcruntime:winapi_downlevel.obj
 0001:00000f38       ??_C@_07PEJMOBNF@FlsFree@  0000000180001f38     libvcruntime:winapi_downlevel.obj
 0001:00000f48       ??_C@_0M@GDNOONDI@FlsGetValue@ 0000000180001f48     libvcruntime:winapi_downlevel.obj
 0001:00000f60       ??_C@_0M@JCPCPOEF@FlsSetValue@ 0000000180001f60     libvcruntime:winapi_downlevel.obj
 0001:00000f78       ??_C@_0BM@HCFOFFN@InitializeCriticalSectionEx@ 0000000180001f78     libvcruntime:winapi_downlevel.obj
 0001:00000fa0       __acrt_exception_action_table 0000000180001fa0     libucrt:exception_filter.obj
 0001:00001060       __acrt_signal_action_table_count 0000000180002060     libucrt:exception_filter.obj
 0001:00001068       __acrt_signal_action_first_fpe_index 0000000180002068     libucrt:exception_filter.obj
 0001:00001070       __acrt_signal_action_fpe_count 0000000180002070     libucrt:exception_filter.obj
 0001:00001078       ??_C@_1BI@BGOHAHKC@?$AAm?$AAs?$AAc?$AAo?$AAr?$AAe?$AAe?$AA?4?$AAd?$AAl?$AAl?$AA?$AA@ 0000000180002078     libucrt:exit.obj
 0001:00001090       ??_C@_0P@MIGLKIOC@CorExitProcess?$AA@ 0000000180002090     libucrt:exit.obj
 0001:00001328       ??_C@_1M@HPNHIDJI@?$AAj?$AAa?$AA?9?$AAJ?$AAP?$AA?$AA@ 0000000180002328     libucrt:mbctype.obj
 0001:00001338       ??_C@_1M@BIBDDEMK@?$AAz?$AAh?$AA?9?$AAC?$AAN?$AA?$AA@ 0000000180002338     libucrt:mbctype.obj
 0001:00001348       ??_C@_1M@JLOOOEGK@?$AAk?$AAo?$AA?9?$AAK?$AAR?$AA?$AA@ 0000000180002348     libucrt:mbctype.obj
 0001:00001358       ??_C@_1M@CLNBBOPM@?$AAz?$AAh?$AA?9?$AAT?$AAW?$AA?$AA@ 0000000180002358     libucrt:mbctype.obj
 0001:00001410       ??_C@_1EA@JGEFHKEI@?$AAa?$AAp?$AAi?$AA?9?$AAm?$AAs?$AA?9?$AAw?$AAi?$AAn?$AA?9?$AAc?$AAo?$AAr?$AAe?$AA?9?$AAd?$AAa?$AAt?$AAe?$AAt?$AAi?$AAm?$AAe?$AA?9?$AAl?$AA1?$AA?9?$AA1?$AA?9?$AA1?$AA?$AA@ 0000000180002410     libucrt:winapi_thunks.obj
 0001:00001450       ??_C@_1DM@KHCHBNEB@?$AAa?$AAp?$AAi?$AA?9?$AAm?$AAs?$AA?9?$AAw?$AAi?$AAn?$AA?9?$AAc?$AAo?$AAr?$AAe?$AA?9?$AAf?$AAi?$AAb?$AAe?$AAr?$AAs?$AA?9?$AAl?$AA1?$AA?9?$AA1?$AA?9?$AA1?$AA?$AA@ 0000000180002450     libucrt:winapi_thunks.obj
 0001:00001490       ??_C@_1DI@IJCEHOCB@?$AAa?$AAp?$AAi?$AA?9?$AAm?$AAs?$AA?9?$AAw?$AAi?$AAn?$AA?9?$AAc?$AAo?$AAr?$AAe?$AA?9?$AAf?$AAi?$AAl?$AAe?$AA?9?$AAl?$AA1?$AA?9?$AA2?$AA?9?$AA2?$AA?$AA@ 0000000180002490     libucrt:winapi_thunks.obj
 0001:000014d0       ??_C@_1EI@MPIAOHOC@?$AAa?$AAp?$AAi?$AA?9?$AAm?$AAs?$AA?9?$AAw?$AAi?$AAn?$AA?9?$AAc?$AAo?$AAr?$AAe?$AA?9?$AAl?$AAo?$AAc?$AAa?$AAl?$AAi?$AAz?$AAa?$AAt?$AAi?$AAo?$AAn?$AA?9?$AAl?$AA1?$AA?9@ 00000001800024d0     libucrt:winapi_thunks.obj
 0001:00001520       ??_C@_1FK@FPHCKFIE@?$AAa?$AAp?$AAi?$AA?9?$AAm?$AAs?$AA?9?$AAw?$AAi?$AAn?$AA?9?$AAc?$AAo?$AAr?$AAe?$AA?9?$AAl?$AAo?$AAc?$AAa?$AAl?$AAi?$AAz?$AAa?$AAt?$AAi?$AAo?$AAn?$AA?9?$AAo?$AAb?$AAs@ 0000000180002520     libucrt:winapi_thunks.obj
 0001:00001580       ??_C@_1EM@DILCGIIO@?$AAa?$AAp?$AAi?$AA?9?$AAm?$AAs?$AA?9?$AAw?$AAi?$AAn?$AA?9?$AAc?$AAo?$AAr?$AAe?$AA?9?$AAp?$AAr?$AAo?$AAc?$AAe?$AAs?$AAs?$AAt?$AAh?$AAr?$AAe?$AAa?$AAd?$AAs?$AA?9?$AAl@ 0000000180002580     libucrt:winapi_thunks.obj
 0001:000015d0       ??_C@_1DM@LNCGDDPN@?$AAa?$AAp?$AAi?$AA?9?$AAm?$AAs?$AA?9?$AAw?$AAi?$AAn?$AA?9?$AAc?$AAo?$AAr?$AAe?$AA?9?$AAs?$AAt?$AAr?$AAi?$AAn?$AAg?$AA?9?$AAl?$AA1?$AA?9?$AA1?$AA?9?$AA0?$AA?$AA@ 00000001800025d0     libucrt:winapi_thunks.obj
 0001:00001610       ??_C@_1DK@LPPGFMPP@?$AAa?$AAp?$AAi?$AA?9?$AAm?$AAs?$AA?9?$AAw?$AAi?$AAn?$AA?9?$AAc?$AAo?$AAr?$AAe?$AA?9?$AAs?$AAy?$AAn?$AAc?$AAh?$AA?9?$AAl?$AA1?$AA?9?$AA2?$AA?9?$AA0?$AA?$AA@ 0000000180002610     libucrt:winapi_thunks.obj
 0001:00001650       ??_C@_1DO@FPAPJEMD@?$AAa?$AAp?$AAi?$AA?9?$AAm?$AAs?$AA?9?$AAw?$AAi?$AAn?$AA?9?$AAc?$AAo?$AAr?$AAe?$AA?9?$AAs?$AAy?$AAs?$AAi?$AAn?$AAf?$AAo?$AA?9?$AAl?$AA1?$AA?9?$AA2?$AA?9?$AA1?$AA?$AA@ 0000000180002650     libucrt:winapi_thunks.obj
 0001:00001690       ??_C@_1DK@NDHNAHIO@?$AAa?$AAp?$AAi?$AA?9?$AAm?$AAs?$AA?9?$AAw?$AAi?$AAn?$AA?9?$AAc?$AAo?$AAr?$AAe?$AA?9?$AAw?$AAi?$AAn?$AAr?$AAt?$AA?9?$AAl?$AA1?$AA?9?$AA1?$AA?9?$AA0?$AA?$AA@ 0000000180002690     libucrt:winapi_thunks.obj
 0001:000016d0       ??_C@_1DM@KGHDGBCM@?$AAa?$AAp?$AAi?$AA?9?$AAm?$AAs?$AA?9?$AAw?$AAi?$AAn?$AA?9?$AAc?$AAo?$AAr?$AAe?$AA?9?$AAx?$AAs?$AAt?$AAa?$AAt?$AAe?$AA?9?$AAl?$AA2?$AA?9?$AA1?$AA?9?$AA0?$AA?$AA@ 00000001800026d0     libucrt:winapi_thunks.obj
 0001:00001710       ??_C@_1EO@IJIOEFOH@?$AAa?$AAp?$AAi?$AA?9?$AAm?$AAs?$AA?9?$AAw?$AAi?$AAn?$AA?9?$AAr?$AAt?$AAc?$AAo?$AAr?$AAe?$AA?9?$AAn?$AAt?$AAu?$AAs?$AAe?$AAr?$AA?9?$AAw?$AAi?$AAn?$AAd?$AAo?$AAw?$AA?9@ 0000000180002710     libucrt:winapi_thunks.obj
 0001:00001760       ??_C@_1FG@HHGEKANL@?$AAa?$AAp?$AAi?$AA?9?$AAm?$AAs?$AA?9?$AAw?$AAi?$AAn?$AA?9?$AAs?$AAe?$AAc?$AAu?$AAr?$AAi?$AAt?$AAy?$AA?9?$AAs?$AAy?$AAs?$AAt?$AAe?$AAm?$AAf?$AAu?$AAn?$AAc?$AAt?$AAi@ 0000000180002760     libucrt:winapi_thunks.obj
 0001:000017c0       ??_C@_1EG@DBIOJECG@?$AAe?$AAx?$AAt?$AA?9?$AAm?$AAs?$AA?9?$AAw?$AAi?$AAn?$AA?9?$AAn?$AAt?$AAu?$AAs?$AAe?$AAr?$AA?9?$AAd?$AAi?$AAa?$AAl?$AAo?$AAg?$AAb?$AAo?$AAx?$AA?9?$AAl?$AA1?$AA?9?$AA1@ 00000001800027c0     libucrt:winapi_thunks.obj
 0001:00001810       ??_C@_1EO@FIHMJCLF@?$AAe?$AAx?$AAt?$AA?9?$AAm?$AAs?$AA?9?$AAw?$AAi?$AAn?$AA?9?$AAn?$AAt?$AAu?$AAs?$AAe?$AAr?$AA?9?$AAw?$AAi?$AAn?$AAd?$AAo?$AAw?$AAs?$AAt?$AAa?$AAt?$AAi?$AAo?$AAn?$AA?9@ 0000000180002810     libucrt:winapi_thunks.obj
 0001:00001860       ??_C@_1BC@DNHGCMLG@?$AAa?$AAd?$AAv?$AAa?$AAp?$AAi?$AA3?$AA2?$AA?$AA@ 0000000180002860     libucrt:winapi_thunks.obj
 0001:00001878       ??_C@_1BC@GDMECMAK@?$AAk?$AAe?$AAr?$AAn?$AAe?$AAl?$AA3?$AA2?$AA?$AA@ 0000000180002878     libucrt:winapi_thunks.obj
 0001:00001890       ??_C@_1M@OAIMIKLP@?$AAn?$AAt?$AAd?$AAl?$AAl?$AA?$AA@ 0000000180002890     libucrt:winapi_thunks.obj
 0001:000018a0       ??_C@_1EG@DPGNFKGC@?$AAa?$AAp?$AAi?$AA?9?$AAm?$AAs?$AA?9?$AAw?$AAi?$AAn?$AA?9?$AAa?$AAp?$AAp?$AAm?$AAo?$AAd?$AAe?$AAl?$AA?9?$AAr?$AAu?$AAn?$AAt?$AAi?$AAm?$AAe?$AA?9?$AAl?$AA1?$AA?9?$AA1@ 00000001800028a0     libucrt:winapi_thunks.obj
 0001:000018e8       ??_C@_1O@BCCLBEOE@?$AAu?$AAs?$AAe?$AAr?$AA3?$AA2?$AA?$AA@ 00000001800028e8     libucrt:winapi_thunks.obj
 0001:000018f8       ??_C@_1BA@PFFKHIOG@?$AAa?$AAp?$AAi?$AA?9?$AAm?$AAs?$AA?9?$AA?$AA@ 00000001800028f8     libucrt:winapi_thunks.obj
 0001:00001908       ??_C@_1BA@IAIFMGEF@?$AAe?$AAx?$AAt?$AA?9?$AAm?$AAs?$AA?9?$AA?$AA@ 0000000180002908     libucrt:winapi_thunks.obj
 0001:00001920       ??_C@_0BA@FHFNEAED@AreFileApisANSI?$AA@ 0000000180002920     libucrt:winapi_thunks.obj
 0001:00001938       ??_C@_08KNHFBNJ@FlsAlloc?$AA@ 0000000180002938     libucrt:winapi_thunks.obj
 0001:00001950       ??_C@_07PEJMOBNF@FlsFree?$AA@ 0000000180002950     libucrt:winapi_thunks.obj
 0001:00001960       ??_C@_0M@GDNOONDI@FlsGetValue?$AA@ 0000000180002960     libucrt:winapi_thunks.obj
 0001:00001978       ??_C@_0M@JCPCPOEF@FlsSetValue?$AA@ 0000000180002978     libucrt:winapi_thunks.obj
 0001:00001990       ??_C@_0BM@HCFOFFN@InitializeCriticalSectionEx?$AA@ 0000000180002990     libucrt:winapi_thunks.obj
 0001:000019b8       ??_C@_0O@KKBNKAPF@LCMapStringEx?$AA@ 00000001800029b8     libucrt:winapi_thunks.obj
 0001:000019d0       ??_C@_0BB@HBDEELFH@LocaleNameToLCID?$AA@ 00000001800029d0     libucrt:winapi_thunks.obj
 0001:000019e8       ??_C@_0CF@OJOFEIGO@AppPolicyGetProcessTerminationMe@ 00000001800029e8     libucrt:winapi_thunks.obj
 0001:00001a10       __lc_time_c                0000000180002a10     libucrt:nlsdata.obj
 0001:00001cd0       ??_C@_03KOEHGMDN@Sun?$AA@  0000000180002cd0     libucrt:nlsdata.obj
 0001:00001cd4       ??_C@_03PDAGKDH@Mon?$AA@   0000000180002cd4     libucrt:nlsdata.obj
 0001:00001cd8       ??_C@_03NAGEINEP@Tue?$AA@  0000000180002cd8     libucrt:nlsdata.obj
 0001:00001cdc       ??_C@_03MHOMLAJA@Wed?$AA@  0000000180002cdc     libucrt:nlsdata.obj
 0001:00001ce0       ??_C@_03IOFIKPDN@Thu?$AA@  0000000180002ce0     libucrt:nlsdata.obj
 0001:00001ce4       ??_C@_03IDIOELNC@Fri?$AA@  0000000180002ce4     libucrt:nlsdata.obj
 0001:00001ce8       ??_C@_03FEFJNEK@Sat?$AA@   0000000180002ce8     libucrt:nlsdata.obj
 0001:00001cec       ??_C@_06OOPIFAJ@Sunday?$AA@ 0000000180002cec     libucrt:nlsdata.obj
 0001:00001cf4       ??_C@_06JLEDEDGH@Monday?$AA@ 0000000180002cf4     libucrt:nlsdata.obj
 0001:00001d00       ??_C@_07BAAGCFCM@Tuesday?$AA@ 0000000180002d00     libucrt:nlsdata.obj
 0001:00001d08       ??_C@_09DLIGFAKA@Wednesday?$AA@ 0000000180002d08     libucrt:nlsdata.obj
 0001:00001d18       ??_C@_08HACCIKIA@Thursday?$AA@ 0000000180002d18     libucrt:nlsdata.obj
 0001:00001d24       ??_C@_06JECMNKMI@Friday?$AA@ 0000000180002d24     libucrt:nlsdata.obj
 0001:00001d30       ??_C@_08INBOOONO@Saturday?$AA@ 0000000180002d30     libucrt:nlsdata.obj
 0001:00001d3c       ??_C@_03JIHJHPIE@Jan?$AA@  0000000180002d3c     libucrt:nlsdata.obj
 0001:00001d40       ??_C@_03HJBDCHOM@Feb?$AA@  0000000180002d40     libucrt:nlsdata.obj
 0001:00001d44       ??_C@_03ODNJBKGA@Mar?$AA@  0000000180002d44     libucrt:nlsdata.obj
 0001:00001d48       ??_C@_03LEOLGMJP@Apr?$AA@  0000000180002d48     libucrt:nlsdata.obj
 0001:00001d4c       ??_C@_03CNMDKL@May?$AA@    0000000180002d4c     libucrt:nlsdata.obj
 0001:00001d50       ??_C@_03IDFGHECI@Jun?$AA@  0000000180002d50     libucrt:nlsdata.obj
 0001:00001d54       ??_C@_03LBGABGKK@Jul?$AA@  0000000180002d54     libucrt:nlsdata.obj
 0001:00001d58       ??_C@_03IFJFEIGA@Aug?$AA@  0000000180002d58     libucrt:nlsdata.obj
 0001:00001d5c       ??_C@_03GGCAPAJC@Sep?$AA@  0000000180002d5c     libucrt:nlsdata.obj
 0001:00001d60       ??_C@_03BMAOKBAD@Oct?$AA@  0000000180002d60     libucrt:nlsdata.obj
 0001:00001d64       ??_C@_03JPJOFNIA@Nov?$AA@  0000000180002d64     libucrt:nlsdata.obj
 0001:00001d68       ??_C@_03MKABNOCG@Dec?$AA@  0000000180002d68     libucrt:nlsdata.obj
 0001:00001d70       ??_C@_07CGJPFGJA@January?$AA@ 0000000180002d70     libucrt:nlsdata.obj
 0001:00001d78       ??_C@_08GNJGEPFN@February?$AA@ 0000000180002d78     libucrt:nlsdata.obj
 0001:00001d84       ??_C@_05HPCKOFNC@March?$AA@ 0000000180002d84     libucrt:nlsdata.obj
 0001:00001d8c       ??_C@_05DMJDNLEJ@April?$AA@ 0000000180002d8c     libucrt:nlsdata.obj
 0001:00001d94       ??_C@_04CNLMGBGM@June?$AA@ 0000000180002d94     libucrt:nlsdata.obj
 0001:00001d9c       ??_C@_04MIEPOIFP@July?$AA@ 0000000180002d9c     libucrt:nlsdata.obj
 0001:00001da4       ??_C@_06LBBHFDDG@August?$AA@ 0000000180002da4     libucrt:nlsdata.obj
 0001:00001db0       ??_C@_09BHHEALKD@September?$AA@ 0000000180002db0     libucrt:nlsdata.obj
 0001:00001dc0       ??_C@_07JJNFCEND@October?$AA@ 0000000180002dc0     libucrt:nlsdata.obj
 0001:00001dc8       ??_C@_08HCHEGEOA@November?$AA@ 0000000180002dc8     libucrt:nlsdata.obj
 0001:00001dd8       ??_C@_08EDHMEBNP@December?$AA@ 0000000180002dd8     libucrt:nlsdata.obj
 0001:00001de4       ??_C@_02DEDBPAFC@AM?$AA@   0000000180002de4     libucrt:nlsdata.obj
 0001:00001de8       ??_C@_02CJNFDJBF@PM?$AA@   0000000180002de8     libucrt:nlsdata.obj
 0001:00001df0       ??_C@_08BPBNCDIB@MM?1dd?1yy?$AA@ 0000000180002df0     libucrt:nlsdata.obj
 0001:00001e00       ??_C@_0BE@CKGJFCPC@dddd?0?5MMMM?5dd?0?5yyyy?$AA@ 0000000180002e00     libucrt:nlsdata.obj
 0001:00001e18       ??_C@_08JCCMCCIL@HH?3mm?3ss?$AA@ 0000000180002e18     libucrt:nlsdata.obj
 0001:00001e28       ??_C@_17MBGCMIPB@?$AAS?$AAu?$AAn?$AA?$AA@ 0000000180002e28     libucrt:nlsdata.obj
 0001:00001e30       ??_C@_17KBOMKBF@?$AAM?$AAo?$AAn?$AA?$AA@ 0000000180002e30     libucrt:nlsdata.obj
 0001:00001e38       ??_C@_17BMKGEGOJ@?$AAT?$AAu?$AAe?$AA?$AA@ 0000000180002e38     libucrt:nlsdata.obj
 0001:00001e40       ??_C@_17CJEDCEPE@?$AAW?$AAe?$AAd?$AA?$AA@ 0000000180002e40     libucrt:nlsdata.obj
 0001:00001e48       ??_C@_17PDPHAADD@?$AAT?$AAh?$AAu?$AA?$AA@ 0000000180002e48     libucrt:nlsdata.obj
 0001:00001e50       ??_C@_17HFOLPPLP@?$AAF?$AAr?$AAi?$AA?$AA@ 0000000180002e50     libucrt:nlsdata.obj
 0001:00001e58       ??_C@_17GGIBDPIH@?$AAS?$AAa?$AAt?$AA?$AA@ 0000000180002e58     libucrt:nlsdata.obj
 0001:00001e60       ??_C@_1O@IHNHDHPB@?$AAS?$AAu?$AAn?$AAd?$AAa?$AAy?$AA?$AA@ 0000000180002e60     libucrt:nlsdata.obj
 0001:00001e70       ??_C@_1O@MMNBFLIA@?$AAM?$AAo?$AAn?$AAd?$AAa?$AAy?$AA?$AA@ 0000000180002e70     libucrt:nlsdata.obj
 0001:00001e80       ??_C@_1BA@ENFBFFEK@?$AAT?$AAu?$AAe?$AAs?$AAd?$AAa?$AAy?$AA?$AA@ 0000000180002e80     libucrt:nlsdata.obj
 0001:00001e90       ??_C@_1BE@EBOGMDOH@?$AAW?$AAe?$AAd?$AAn?$AAe?$AAs?$AAd?$AAa?$AAy?$AA?$AA@ 0000000180002e90     libucrt:nlsdata.obj
 0001:00001ea8       ??_C@_1BC@HHMNLIHE@?$AAT?$AAh?$AAu?$AAr?$AAs?$AAd?$AAa?$AAy?$AA?$AA@ 0000000180002ea8     libucrt:nlsdata.obj
 0001:00001ec0       ??_C@_1O@PDICJHAG@?$AAF?$AAr?$AAi?$AAd?$AAa?$AAy?$AA?$AA@ 0000000180002ec0     libucrt:nlsdata.obj
 0001:00001ed0       ??_C@_1BC@ENMNNPAJ@?$AAS?$AAa?$AAt?$AAu?$AAr?$AAd?$AAa?$AAy?$AA?$AA@ 0000000180002ed0     libucrt:nlsdata.obj
 0001:00001ee8       ??_C@_17DKNBKCHM@?$AAJ?$AAa?$AAn?$AA?$AA@ 0000000180002ee8     libucrt:nlsdata.obj
 0001:00001ef0       ??_C@_17LMDJEKJN@?$AAF?$AAe?$AAb?$AA?$AA@ 0000000180002ef0     libucrt:nlsdata.obj
 0001:00001ef8       ??_C@_17CKNLEDEC@?$AAM?$AAa?$AAr?$AA?$AA@ 0000000180002ef8     libucrt:nlsdata.obj
 0001:00001f00       ??_C@_17LFPOIHDD@?$AAA?$AAp?$AAr?$AA?$AA@ 0000000180002f00     libucrt:nlsdata.obj
 0001:00001f08       ??_C@_17PNNKMEED@?$AAM?$AAa?$AAy?$AA?$AA@ 0000000180002f08     libucrt:nlsdata.obj
 0001:00001f10       ??_C@_17KCJGOCPB@?$AAJ?$AAu?$AAn?$AA?$AA@ 0000000180002f10     libucrt:nlsdata.obj
 0001:00001f18       ??_C@_17IJPCKHK@?$AAJ?$AAu?$AAl?$AA?$AA@ 0000000180002f18     libucrt:nlsdata.obj
 0001:00001f20       ??_C@_17ICPELBCN@?$AAA?$AAu?$AAg?$AA?$AA@ 0000000180002f20     libucrt:nlsdata.obj
 0001:00001f28       ??_C@_17HCHCOKMG@?$AAS?$AAe?$AAp?$AA?$AA@ 0000000180002f28     libucrt:nlsdata.obj
 0001:00001f30       ??_C@_17FNLKOI@?$AAO?$AAc?$AAt?$AA?$AA@ 0000000180002f30     libucrt:nlsdata.obj
 0001:00001f38       ??_C@_17BBDMLCIG@?$AAN?$AAo?$AAv?$AA?$AA@ 0000000180002f38     libucrt:nlsdata.obj
 0001:00001f40       ??_C@_17EGKACKIF@?$AAD?$AAe?$AAc?$AA?$AA@ 0000000180002f40     libucrt:nlsdata.obj
 0001:00001f48       ??_C@_1BA@EFMEIEBA@?$AAJ?$AAa?$AAn?$AAu?$AAa?$AAr?$AAy?$AA?$AA@ 0000000180002f48     libucrt:nlsdata.obj
 0001:00001f58       ??_C@_1BC@JGDDFFAM@?$AAF?$AAe?$AAb?$AAr?$AAu?$AAa?$AAr?$AAy?$AA?$AA@ 0000000180002f58     libucrt:nlsdata.obj
 0001:00001f70       ??_C@_1M@IKEENEDF@?$AAM?$AAa?$AAr?$AAc?$AAh?$AA?$AA@ 0000000180002f70     libucrt:nlsdata.obj
 0001:00001f80       ??_C@_1M@GJNLMHFD@?$AAA?$AAp?$AAr?$AAi?$AAl?$AA?$AA@ 0000000180002f80     libucrt:nlsdata.obj
 0001:00001f90       ??_C@_19EPFLPGAP@?$AAJ?$AAu?$AAn?$AAe?$AA?$AA@ 0000000180002f90     libucrt:nlsdata.obj
 0001:00001fa0       ??_C@_19BIFMLPCD@?$AAJ?$AAu?$AAl?$AAy?$AA?$AA@ 0000000180002fa0     libucrt:nlsdata.obj
 0001:00001fb0       ??_C@_1O@PAHLKOAC@?$AAA?$AAu?$AAg?$AAu?$AAs?$AAt?$AA?$AA@ 0000000180002fb0     libucrt:nlsdata.obj
 0001:00001fc0       ??_C@_1BE@DKAAMBJL@?$AAS?$AAe?$AAp?$AAt?$AAe?$AAm?$AAb?$AAe?$AAr?$AA?$AA@ 0000000180002fc0     libucrt:nlsdata.obj
 0001:00001fd8       ??_C@_1BA@EPANDLNG@?$AAO?$AAc?$AAt?$AAo?$AAb?$AAe?$AAr?$AA?$AA@ 0000000180002fd8     libucrt:nlsdata.obj
 0001:00001fe8       ??_C@_1BC@BGLIFPF@?$AAN?$AAo?$AAv?$AAe?$AAm?$AAb?$AAe?$AAr?$AA?$AA@ 0000000180002fe8     libucrt:nlsdata.obj
 0001:00002000       ??_C@_1BC@FEMKIFH@?$AAD?$AAe?$AAc?$AAe?$AAm?$AAb?$AAe?$AAr?$AA?$AA@ 0000000180003000     libucrt:nlsdata.obj
 0001:00002014       ??_C@_15ODEHAHHF@?$AAA?$AAM?$AA?$AA@ 0000000180003014     libucrt:nlsdata.obj
 0001:0000201c       ??_C@_15CLMNNGEL@?$AAP?$AAM?$AA?$AA@ 000000018000301c     libucrt:nlsdata.obj
 0001:00002028       ??_C@_1BC@IEBCMHCM@?$AAM?$AAM?$AA?1?$AAd?$AAd?$AA?1?$AAy?$AAy?$AA?$AA@ 0000000180003028     libucrt:nlsdata.obj
 0001:00002040       ??_C@_1CI@KNAKOEBC@?$AAd?$AAd?$AAd?$AAd?$AA?0?$AA?5?$AAM?$AAM?$AAM?$AAM?$AA?5?$AAd?$AAd?$AA?0?$AA?5?$AAy?$AAy?$AAy?$AAy?$AA?$AA@ 0000000180003040     libucrt:nlsdata.obj
 0001:00002068       ??_C@_1BC@GDGBMEMK@?$AAH?$AAH?$AA?3?$AAm?$AAm?$AA?3?$AAs?$AAs?$AA?$AA@ 0000000180003068     libucrt:nlsdata.obj
 0001:00002080       ??_C@_1M@BMHNFIME@?$AAe?$AAn?$AA?9?$AAU?$AAS?$AA?$AA@ 0000000180003080     libucrt:nlsdata.obj
 0001:00002090       __newctype                 0000000180003090     libucrt:ctype.obj
 0001:00002390       __newclmap                 0000000180003390     libucrt:ctype.obj
 0001:00002510       __newcumap                 0000000180003510     libucrt:ctype.obj
 0001:000034d0       ??_C@_15EMKDOKLE@?$AAa?$AAr?$AA?$AA@ 00000001800044d0     libucrt:lcidtoname_downlevel.obj
 0001:000034d8       ??_C@_15KNPADPLH@?$AAb?$AAg?$AA?$AA@ 00000001800044d8     libucrt:lcidtoname_downlevel.obj
 0001:000034e0       ??_C@_15EDMHLDMO@?$AAc?$AAa?$AA?$AA@ 00000001800044e0     libucrt:lcidtoname_downlevel.obj
 0001:000034e8       ??_C@_1O@BPEAJADD@?$AAz?$AAh?$AA?9?$AAC?$AAH?$AAS?$AA?$AA@ 00000001800044e8     libucrt:lcidtoname_downlevel.obj
 0001:000034f8       ??_C@_15LJNHCMNK@?$AAc?$AAs?$AA?$AA@ 00000001800044f8     libucrt:lcidtoname_downlevel.obj
 0001:00003500       ??_C@_15FOMCIDHG@?$AAd?$AAa?$AA?$AA@ 0000000180004500     libucrt:lcidtoname_downlevel.obj
 0001:00003508       ??_C@_15NBKABECB@?$AAd?$AAe?$AA?$AA@ 0000000180004508     libucrt:lcidtoname_downlevel.obj
 0001:00003510       ??_C@_15GHPEIIAO@?$AAe?$AAl?$AA?$AA@ 0000000180004510     libucrt:lcidtoname_downlevel.obj
 0001:00003518       ??_C@_15MNPNEAIF@?$AAe?$AAn?$AA?$AA@ 0000000180004518     libucrt:lcidtoname_downlevel.obj
 0001:00003520       ??_C@_15GPIOMPMH@?$AAe?$AAs?$AA?$AA@ 0000000180004520     libucrt:lcidtoname_downlevel.obj
 0001:00003528       ??_C@_15NGLOAKJC@?$AAf?$AAi?$AA?$AA@ 0000000180004528     libucrt:lcidtoname_downlevel.obj
 0001:00003530       ??_C@_15FBKGNKAM@?$AAf?$AAr?$AA?$AA@ 0000000180004530     libucrt:lcidtoname_downlevel.obj
 0001:00003538       ??_C@_15KGGCNEFK@?$AAh?$AAe?$AA?$AA@ 0000000180004538     libucrt:lcidtoname_downlevel.obj
 0001:00003540       ??_C@_15PGHLIDMF@?$AAh?$AAu?$AA?$AA@ 0000000180004540     libucrt:lcidtoname_downlevel.obj
 0001:00003548       ??_C@_15BIEMAPLM@?$AAi?$AAs?$AA?$AA@ 0000000180004548     libucrt:lcidtoname_downlevel.obj
 0001:00003550       ??_C@_15IFJLDHAF@?$AAi?$AAt?$AA?$AA@ 0000000180004550     libucrt:lcidtoname_downlevel.obj
 0001:00003558       ??_C@_15GEMIOCAG@?$AAj?$AAa?$AA?$AA@ 0000000180004558     libucrt:lcidtoname_downlevel.obj
 0001:00003560       ??_C@_15EPELEGJA@?$AAk?$AAo?$AA?$AA@ 0000000180004560     libucrt:lcidtoname_downlevel.obj
 0001:00003568       ??_C@_15NDDHIMN@?$AAn?$AAl?$AA?$AA@ 0000000180004568     libucrt:lcidtoname_downlevel.obj
 0001:00003570       ??_C@_15BPIGNHCD@?$AAn?$AAo?$AA?$AA@ 0000000180004570     libucrt:lcidtoname_downlevel.obj
 0001:00003578       ??_C@_15DEOPBLCG@?$AAp?$AAl?$AA?$AA@ 0000000180004578     libucrt:lcidtoname_downlevel.obj
 0001:00003580       ??_C@_15KBECGEFG@?$AAp?$AAt?$AA?$AA@ 0000000180004580     libucrt:lcidtoname_downlevel.obj
 0001:00003588       ??_C@_15GLJCBFMD@?$AAr?$AAo?$AA?$AA@ 0000000180004588     libucrt:lcidtoname_downlevel.obj
 0001:00003590       ??_C@_15FEDGKCDI@?$AAr?$AAu?$AA?$AA@ 0000000180004590     libucrt:lcidtoname_downlevel.obj
 0001:00003598       ??_C@_15GLKMLLHM@?$AAh?$AAr?$AA?$AA@ 0000000180004598     libucrt:lcidtoname_downlevel.obj
 0001:000035a0       ??_C@_15CPKMFBDB@?$AAs?$AAk?$AA?$AA@ 00000001800045a0     libucrt:lcidtoname_downlevel.obj
 0001:000035a8       ??_C@_15BAAIOGMK@?$AAs?$AAq?$AA?$AA@ 00000001800045a8     libucrt:lcidtoname_downlevel.obj
 0001:000035b0       ??_C@_15INNPNOHD@?$AAs?$AAv?$AA?$AA@ 00000001800045b0     libucrt:lcidtoname_downlevel.obj
 0001:000035b8       ??_C@_15CABMMOGH@?$AAt?$AAh?$AA?$AA@ 00000001800045b8     libucrt:lcidtoname_downlevel.obj
 0001:000035c0       ??_C@_15BPLIHJJM@?$AAt?$AAr?$AA?$AA@ 00000001800045c0     libucrt:lcidtoname_downlevel.obj
 0001:000035c8       ??_C@_15NEOEKKDJ@?$AAu?$AAr?$AA?$AA@ 00000001800045c8     libucrt:lcidtoname_downlevel.obj
 0001:000035d0       ??_C@_15NFICGAJK@?$AAi?$AAd?$AA?$AA@ 00000001800045d0     libucrt:lcidtoname_downlevel.obj
 0001:000035d8       ??_C@_15PJPFLCCM@?$AAu?$AAk?$AA?$AA@ 00000001800045d8     libucrt:lcidtoname_downlevel.obj
 0001:000035e0       ??_C@_15HPJPHDM@?$AAb?$AAe?$AA?$AA@ 00000001800045e0     libucrt:lcidtoname_downlevel.obj
 0001:000035e8       ??_C@_15LCHLGJII@?$AAs?$AAl?$AA?$AA@ 00000001800045e8     libucrt:lcidtoname_downlevel.obj
 0001:000035f0       ??_C@_15PCFJPHHO@?$AAe?$AAt?$AA?$AA@ 00000001800045f0     libucrt:lcidtoname_downlevel.obj
 0001:000035f8       ??_C@_15HPFPGODN@?$AAl?$AAv?$AA?$AA@ 00000001800045f8     libucrt:lcidtoname_downlevel.obj
 0001:00003600       ??_C@_15NFFGKGLG@?$AAl?$AAt?$AA?$AA@ 0000000180004600     libucrt:lcidtoname_downlevel.obj
 0001:00003608       ??_C@_15BDAKCCHN@?$AAf?$AAa?$AA?$AA@ 0000000180004608     libucrt:lcidtoname_downlevel.obj
 0001:00003610       ??_C@_15NFGIAIAJ@?$AAv?$AAi?$AA?$AA@ 0000000180004610     libucrt:lcidtoname_downlevel.obj
 0001:00003618       ??_C@_15LMKNDMHN@?$AAh?$AAy?$AA?$AA@ 0000000180004618     libucrt:lcidtoname_downlevel.obj
 0001:00003620       ??_C@_15IJBHMCFL@?$AAa?$AAz?$AA?$AA@ 0000000180004620     libucrt:lcidtoname_downlevel.obj
 0001:00003628       ??_C@_15EKOFJABL@?$AAe?$AAu?$AA?$AA@ 0000000180004628     libucrt:lcidtoname_downlevel.obj
 0001:00003630       ??_C@_15BGHADCNK@?$AAm?$AAk?$AA?$AA@ 0000000180004630     libucrt:lcidtoname_downlevel.obj
 0001:00003638       ??_C@_15JDNICKHM@?$AAa?$AAf?$AA?$AA@ 0000000180004638     libucrt:lcidtoname_downlevel.obj
 0001:00003640       ??_C@_15KPJEDBKD@?$AAk?$AAa?$AA?$AA@ 0000000180004640     libucrt:lcidtoname_downlevel.obj
 0001:00003648       ??_C@_15PDNFFFEO@?$AAf?$AAo?$AA?$AA@ 0000000180004648     libucrt:lcidtoname_downlevel.obj
 0001:00003650       ??_C@_15OMLEGLOC@?$AAh?$AAi?$AA?$AA@ 0000000180004650     libucrt:lcidtoname_downlevel.obj
 0001:00003658       ??_C@_15IDNNENKK@?$AAm?$AAs?$AA?$AA@ 0000000180004658     libucrt:lcidtoname_downlevel.obj
 0001:00003660       ??_C@_15MACJNBMH@?$AAk?$AAk?$AA?$AA@ 0000000180004660     libucrt:lcidtoname_downlevel.obj
 0001:00003668       ??_C@_15DKDJEOND@?$AAk?$AAy?$AA?$AA@ 0000000180004668     libucrt:lcidtoname_downlevel.obj
 0001:00003670       ??_C@_15DFGDLJBG@?$AAs?$AAw?$AA?$AA@ 0000000180004670     libucrt:lcidtoname_downlevel.obj
 0001:00003678       ??_C@_15BBFAICNG@?$AAu?$AAz?$AA?$AA@ 0000000180004678     libucrt:lcidtoname_downlevel.obj
 0001:00003680       ??_C@_15DKNDCGEA@?$AAt?$AAt?$AA?$AA@ 0000000180004680     libucrt:lcidtoname_downlevel.obj
 0001:00003688       ??_C@_15MGIFMDPL@?$AAp?$AAa?$AA?$AA@ 0000000180004688     libucrt:lcidtoname_downlevel.obj
 0001:00003690       ??_C@_15HCNDBBA@?$AAg?$AAu?$AA?$AA@ 0000000180004690     libucrt:lcidtoname_downlevel.obj
 0001:00003698       ??_C@_15FNBEIBON@?$AAt?$AAa?$AA?$AA@ 0000000180004698     libucrt:lcidtoname_downlevel.obj
 0001:000036a0       ??_C@_15NCHGBGLK@?$AAt?$AAe?$AA?$AA@ 00000001800046a0     libucrt:lcidtoname_downlevel.obj
 0001:000036a8       ??_C@_15PHPHCBPF@?$AAk?$AAn?$AA?$AA@ 00000001800046a8     libucrt:lcidtoname_downlevel.obj
 0001:000036b0       ??_C@_15DLGBCKMP@?$AAm?$AAr?$AA?$AA@ 00000001800046b0     libucrt:lcidtoname_downlevel.obj
 0001:000036b8       ??_C@_15EABBLBFF@?$AAs?$AAa?$AA?$AA@ 00000001800046b8     libucrt:lcidtoname_downlevel.obj
 0001:000036c0       ??_C@_15CBKOMCOI@?$AAm?$AAn?$AA?$AA@ 00000001800046c0     libucrt:lcidtoname_downlevel.obj
 0001:000036c8       ??_C@_15CKDMCJAF@?$AAg?$AAl?$AA?$AA@ 00000001800046c8     libucrt:lcidtoname_downlevel.obj
 0001:000036d0       ??_C@_17CNJFBPG@?$AAk?$AAo?$AAk?$AA?$AA@ 00000001800046d0     libucrt:lcidtoname_downlevel.obj
 0001:000036d8       ??_C@_17FFBJICPL@?$AAs?$AAy?$AAr?$AA?$AA@ 00000001800046d8     libucrt:lcidtoname_downlevel.obj
 0001:000036e0       ??_C@_17KPNDCPAF@?$AAd?$AAi?$AAv?$AA?$AA@ 00000001800046e0     libucrt:lcidtoname_downlevel.obj
 0001:000036e8       ??_C@_11LOCGONAA@?$AA?$AA@ 00000001800046e8     libucrt:lcidtoname_downlevel.obj
 0001:000036f0       ??_C@_1M@OKAHONE@?$AAa?$AAr?$AA?9?$AAS?$AAA?$AA?$AA@ 00000001800046f0     libucrt:lcidtoname_downlevel.obj
 0001:00003700       ??_C@_1M@FFFIGIGK@?$AAb?$AAg?$AA?9?$AAB?$AAG?$AA?$AA@ 0000000180004700     libucrt:lcidtoname_downlevel.obj
 0001:00003710       ??_C@_1M@BJNKEDC@?$AAc?$AAa?$AA?9?$AAE?$AAS?$AA?$AA@ 0000000180004710     libucrt:lcidtoname_downlevel.obj
 0001:00003720       ??_C@_1M@IJJHFJHA@?$AAc?$AAs?$AA?9?$AAC?$AAZ?$AA?$AA@ 0000000180004720     libucrt:lcidtoname_downlevel.obj
 0001:00003730       ??_C@_1M@CLPEOBGI@?$AAd?$AAa?$AA?9?$AAD?$AAK?$AA?$AA@ 0000000180004730     libucrt:lcidtoname_downlevel.obj
 0001:00003740       ??_C@_1M@MCMADGCB@?$AAd?$AAe?$AA?9?$AAD?$AAE?$AA?$AA@ 0000000180004740     libucrt:lcidtoname_downlevel.obj
 0001:00003750       ??_C@_1M@OOCKEMAM@?$AAe?$AAl?$AA?9?$AAG?$AAR?$AA?$AA@ 0000000180004750     libucrt:lcidtoname_downlevel.obj
 0001:00003760       ??_C@_1M@DDNJFGID@?$AAf?$AAi?$AA?9?$AAF?$AAI?$AA?$AA@ 0000000180004760     libucrt:lcidtoname_downlevel.obj
 0001:00003770       ??_C@_1M@GLIPPMAC@?$AAf?$AAr?$AA?9?$AAF?$AAR?$AA?$AA@ 0000000180004770     libucrt:lcidtoname_downlevel.obj
 0001:00003780       ??_C@_1M@GFMCHPE@?$AAh?$AAe?$AA?9?$AAI?$AAL?$AA?$AA@ 0000000180004780     libucrt:lcidtoname_downlevel.obj
 0001:00003790       ??_C@_1M@MHLPGNKM@?$AAh?$AAu?$AA?9?$AAH?$AAU?$AA?$AA@ 0000000180004790     libucrt:lcidtoname_downlevel.obj
 0001:000037a0       ??_C@_1M@LPDDNNPN@?$AAi?$AAs?$AA?9?$AAI?$AAS?$AA?$AA@ 00000001800047a0     libucrt:lcidtoname_downlevel.obj
 0001:000037b0       ??_C@_1M@MADIPODN@?$AAi?$AAt?$AA?9?$AAI?$AAT?$AA?$AA@ 00000001800047b0     libucrt:lcidtoname_downlevel.obj
 0001:000037c0       ??_C@_1M@IHBJJGG@?$AAn?$AAl?$AA?9?$AAN?$AAL?$AA?$AA@ 00000001800047c0     libucrt:lcidtoname_downlevel.obj
 0001:000037d0       ??_C@_1M@EANAGDL@?$AAn?$AAb?$AA?9?$AAN?$AAO?$AA?$AA@ 00000001800047d0     libucrt:lcidtoname_downlevel.obj
 0001:000037e0       ??_C@_1M@NEIEMEGP@?$AAp?$AAl?$AA?9?$AAP?$AAL?$AA?$AA@ 00000001800047e0     libucrt:lcidtoname_downlevel.obj
 0001:000037f0       ??_C@_1M@BOCFIGEP@?$AAp?$AAt?$AA?9?$AAB?$AAR?$AA?$AA@ 00000001800047f0     libucrt:lcidtoname_downlevel.obj
 0001:00003800       ??_C@_1M@IMPFOPBG@?$AAr?$AAo?$AA?9?$AAR?$AAO?$AA?$AA@ 0000000180004800     libucrt:lcidtoname_downlevel.obj
 0001:00003810       ??_C@_1M@IDNNEJMM@?$AAr?$AAu?$AA?9?$AAR?$AAU?$AA?$AA@ 0000000180004810     libucrt:lcidtoname_downlevel.obj
 0001:00003820       ??_C@_1M@LILEEOGM@?$AAh?$AAr?$AA?9?$AAH?$AAR?$AA?$AA@ 0000000180004820     libucrt:lcidtoname_downlevel.obj
 0001:00003830       ??_C@_1M@FKIFEHPB@?$AAs?$AAk?$AA?9?$AAS?$AAK?$AA?$AA@ 0000000180004830     libucrt:lcidtoname_downlevel.obj
 0001:00003840       ??_C@_1M@LJMAMNPJ@?$AAs?$AAq?$AA?9?$AAA?$AAL?$AA?$AA@ 0000000180004840     libucrt:lcidtoname_downlevel.obj
 0001:00003850       ??_C@_1M@GIAKDKJK@?$AAs?$AAv?$AA?9?$AAS?$AAE?$AA?$AA@ 0000000180004850     libucrt:lcidtoname_downlevel.obj
 0001:00003860       ??_C@_1M@MKJKIKCL@?$AAt?$AAh?$AA?9?$AAT?$AAH?$AA?$AA@ 0000000180004860     libucrt:lcidtoname_downlevel.obj
 0001:00003870       ??_C@_1M@MFLCCMPB@?$AAt?$AAr?$AA?9?$AAT?$AAR?$AA?$AA@ 0000000180004870     libucrt:lcidtoname_downlevel.obj
 0001:00003880       ??_C@_1M@OIJHDKJN@?$AAu?$AAr?$AA?9?$AAP?$AAK?$AA?$AA@ 0000000180004880     libucrt:lcidtoname_downlevel.obj
 0001:00003890       ??_C@_1M@LHIPCIEK@?$AAi?$AAd?$AA?9?$AAI?$AAD?$AA?$AA@ 0000000180004890     libucrt:lcidtoname_downlevel.obj
 0001:000038a0       ??_C@_1M@MFMOBGI@?$AAu?$AAk?$AA?9?$AAU?$AAA?$AA?$AA@ 00000001800048a0     libucrt:lcidtoname_downlevel.obj
 0001:000038b0       ??_C@_1M@OBGLJIPL@?$AAb?$AAe?$AA?9?$AAB?$AAY?$AA?$AA@ 00000001800048b0     libucrt:lcidtoname_downlevel.obj
 0001:000038c0       ??_C@_1M@BCFAJEAD@?$AAs?$AAl?$AA?9?$AAS?$AAI?$AA?$AA@ 00000001800048c0     libucrt:lcidtoname_downlevel.obj
 0001:000038d0       ??_C@_1M@FKFFEDDN@?$AAe?$AAt?$AA?9?$AAE?$AAE?$AA?$AA@ 00000001800048d0     libucrt:lcidtoname_downlevel.obj
 0001:000038e0       ??_C@_1M@KGKKAACI@?$AAl?$AAv?$AA?9?$AAL?$AAV?$AA?$AA@ 00000001800048e0     libucrt:lcidtoname_downlevel.obj
 0001:000038f0       ??_C@_1M@IFGBIJO@?$AAl?$AAt?$AA?9?$AAL?$AAT?$AA?$AA@ 00000001800048f0     libucrt:lcidtoname_downlevel.obj
 0001:00003900       ??_C@_1M@FGEAHEDM@?$AAf?$AAa?$AA?9?$AAI?$AAR?$AA?$AA@ 0000000180004900     libucrt:lcidtoname_downlevel.obj
 0001:00003910       ??_C@_1M@KBMAIBFN@?$AAv?$AAi?$AA?9?$AAV?$AAN?$AA?$AA@ 0000000180004910     libucrt:lcidtoname_downlevel.obj
 0001:00003920       ??_C@_1M@GPCBKDJK@?$AAh?$AAy?$AA?9?$AAA?$AAM?$AA?$AA@ 0000000180004920     libucrt:lcidtoname_downlevel.obj
 0001:00003930       ??_C@_1BG@BECMDDJB@?$AAa?$AAz?$AA?9?$AAA?$AAZ?$AA?9?$AAL?$AAa?$AAt?$AAn?$AA?$AA@ 0000000180004930     libucrt:lcidtoname_downlevel.obj
 0001:00003948       ??_C@_1M@MAOFCAEA@?$AAe?$AAu?$AA?9?$AAE?$AAS?$AA?$AA@ 0000000180004948     libucrt:lcidtoname_downlevel.obj
 0001:00003958       ??_C@_1M@IGHABKPI@?$AAm?$AAk?$AA?9?$AAM?$AAK?$AA?$AA@ 0000000180004958     libucrt:lcidtoname_downlevel.obj
 0001:00003968       ??_C@_1M@IAIGNEJG@?$AAt?$AAn?$AA?9?$AAZ?$AAA?$AA?$AA@ 0000000180004968     libucrt:lcidtoname_downlevel.obj
 0001:00003978       ??_C@_1M@IIJCOJFA@?$AAx?$AAh?$AA?9?$AAZ?$AAA?$AA?$AA@ 0000000180004978     libucrt:lcidtoname_downlevel.obj
 0001:00003988       ??_C@_1M@LGPJHNJH@?$AAz?$AAu?$AA?9?$AAZ?$AAA?$AA?$AA@ 0000000180004988     libucrt:lcidtoname_downlevel.obj
 0001:00003998       ??_C@_1M@HOKAOIO@?$AAa?$AAf?$AA?9?$AAZ?$AAA?$AA?$AA@ 0000000180004998     libucrt:lcidtoname_downlevel.obj
 0001:000039a8       ??_C@_1M@DPCLHLIE@?$AAk?$AAa?$AA?9?$AAG?$AAE?$AA?$AA@ 00000001800049a8     libucrt:lcidtoname_downlevel.obj
 0001:000039b8       ??_C@_1M@BLKMHJBI@?$AAf?$AAo?$AA?9?$AAF?$AAO?$AA?$AA@ 00000001800049b8     libucrt:lcidtoname_downlevel.obj
 0001:000039c8       ??_C@_1M@LGGJAPPB@?$AAh?$AAi?$AA?9?$AAI?$AAN?$AA?$AA@ 00000001800049c8     libucrt:lcidtoname_downlevel.obj
 0001:000039d8       ??_C@_1M@FIKPIHFE@?$AAm?$AAt?$AA?9?$AAM?$AAT?$AA?$AA@ 00000001800049d8     libucrt:lcidtoname_downlevel.obj
 0001:000039e8       ??_C@_1M@HEGGPBFA@?$AAs?$AAe?$AA?9?$AAN?$AAO?$AA?$AA@ 00000001800049e8     libucrt:lcidtoname_downlevel.obj
 0001:000039f8       ??_C@_1M@EIBJEEPA@?$AAm?$AAs?$AA?9?$AAM?$AAY?$AA?$AA@ 00000001800049f8     libucrt:lcidtoname_downlevel.obj
 0001:00003a08       ??_C@_1M@FHLBGMPP@?$AAk?$AAk?$AA?9?$AAK?$AAZ?$AA?$AA@ 0000000180004a08     libucrt:lcidtoname_downlevel.obj
 0001:00003a18       ??_C@_1M@NGJJLCGI@?$AAk?$AAy?$AA?9?$AAK?$AAG?$AA?$AA@ 0000000180004a18     libucrt:lcidtoname_downlevel.obj
 0001:00003a28       ??_C@_1M@GIENNBFC@?$AAs?$AAw?$AA?9?$AAK?$AAE?$AA?$AA@ 0000000180004a28     libucrt:lcidtoname_downlevel.obj
 0001:00003a38       ??_C@_1BG@NDGMJIMJ@?$AAu?$AAz?$AA?9?$AAU?$AAZ?$AA?9?$AAL?$AAa?$AAt?$AAn?$AA?$AA@ 0000000180004a38     libucrt:lcidtoname_downlevel.obj
 0001:00003a50       ??_C@_1M@IDCCIHBC@?$AAt?$AAt?$AA?9?$AAR?$AAU?$AA?$AA@ 0000000180004a50     libucrt:lcidtoname_downlevel.obj
 0001:00003a60       ??_C@_1M@LOICPMOJ@?$AAb?$AAn?$AA?9?$AAI?$AAN?$AA?$AA@ 0000000180004a60     libucrt:lcidtoname_downlevel.obj
 0001:00003a70       ??_C@_1M@KPKKNEAH@?$AAp?$AAa?$AA?9?$AAI?$AAN?$AA?$AA@ 0000000180004a70     libucrt:lcidtoname_downlevel.obj
 0001:00003a80       ??_C@_1M@PJGPPBOG@?$AAg?$AAu?$AA?9?$AAI?$AAN?$AA?$AA@ 0000000180004a80     libucrt:lcidtoname_downlevel.obj
 0001:00003a90       ??_C@_1M@KMKMOPHI@?$AAt?$AAa?$AA?9?$AAI?$AAN?$AA?$AA@ 0000000180004a90     libucrt:lcidtoname_downlevel.obj
 0001:00003aa0       ??_C@_1M@KFEHEPAC@?$AAt?$AAe?$AA?9?$AAI?$AAN?$AA?$AA@ 0000000180004aa0     libucrt:lcidtoname_downlevel.obj
 0001:00003ab0       ??_C@_1M@CDCLMGHI@?$AAk?$AAn?$AA?9?$AAI?$AAN?$AA?$AA@ 0000000180004ab0     libucrt:lcidtoname_downlevel.obj
 0001:00003ac0       ??_C@_1M@MIODLDKF@?$AAm?$AAl?$AA?9?$AAI?$AAN?$AA?$AA@ 0000000180004ac0     libucrt:lcidtoname_downlevel.obj
 0001:00003ad0       ??_C@_1M@PBIEACPO@?$AAm?$AAr?$AA?9?$AAI?$AAN?$AA?$AA@ 0000000180004ad0     libucrt:lcidtoname_downlevel.obj
 0001:00003ae0       ??_C@_1M@NIDEAGPH@?$AAs?$AAa?$AA?9?$AAI?$AAN?$AA?$AA@ 0000000180004ae0     libucrt:lcidtoname_downlevel.obj
 0001:00003af0       ??_C@_1M@FHIHCBIO@?$AAm?$AAn?$AA?9?$AAM?$AAN?$AA?$AA@ 0000000180004af0     libucrt:lcidtoname_downlevel.obj
 0001:00003b00       ??_C@_1M@JAIJPENP@?$AAc?$AAy?$AA?9?$AAG?$AAB?$AA?$AA@ 0000000180004b00     libucrt:lcidtoname_downlevel.obj
 0001:00003b10       ??_C@_1M@PHGFBEPN@?$AAg?$AAl?$AA?9?$AAE?$AAS?$AA?$AA@ 0000000180004b10     libucrt:lcidtoname_downlevel.obj
 0001:00003b20       ??_C@_1O@KPIPDNCP@?$AAk?$AAo?$AAk?$AA?9?$AAI?$AAN?$AA?$AA@ 0000000180004b20     libucrt:lcidtoname_downlevel.obj
 0001:00003b30       ??_C@_1O@KNHJLDJA@?$AAs?$AAy?$AAr?$AA?9?$AAS?$AAY?$AA?$AA@ 0000000180004b30     libucrt:lcidtoname_downlevel.obj
 0001:00003b40       ??_C@_1O@MKEKBLAH@?$AAd?$AAi?$AAv?$AA?9?$AAM?$AAV?$AA?$AA@ 0000000180004b40     libucrt:lcidtoname_downlevel.obj
 0001:00003b50       ??_C@_1O@OHDCKDDF@?$AAq?$AAu?$AAz?$AA?9?$AAB?$AAO?$AA?$AA@ 0000000180004b50     libucrt:lcidtoname_downlevel.obj
 0001:00003b60       ??_C@_1M@LEPJNLFD@?$AAn?$AAs?$AA?9?$AAZ?$AAA?$AA?$AA@ 0000000180004b60     libucrt:lcidtoname_downlevel.obj
 0001:00003b70       ??_C@_1M@OMLEIIJB@?$AAm?$AAi?$AA?9?$AAN?$AAZ?$AA?$AA@ 0000000180004b70     libucrt:lcidtoname_downlevel.obj
 0001:00003b80       ??_C@_1M@PMPEAILG@?$AAa?$AAr?$AA?9?$AAI?$AAQ?$AA?$AA@ 0000000180004b80     libucrt:lcidtoname_downlevel.obj
 0001:00003b90       ??_C@_1M@CNKPNOEE@?$AAd?$AAe?$AA?9?$AAC?$AAH?$AA?$AA@ 0000000180004b90     libucrt:lcidtoname_downlevel.obj
 0001:00003ba0       ??_C@_1M@LKMGMLKO@?$AAe?$AAn?$AA?9?$AAG?$AAB?$AA?$AA@ 0000000180004ba0     libucrt:lcidtoname_downlevel.obj
 0001:00003bb0       ??_C@_1M@PGKJFFGL@?$AAe?$AAs?$AA?9?$AAM?$AAX?$AA?$AA@ 0000000180004bb0     libucrt:lcidtoname_downlevel.obj
 0001:00003bc0       ??_C@_1M@DNNANBDC@?$AAf?$AAr?$AA?9?$AAB?$AAE?$AA?$AA@ 0000000180004bc0     libucrt:lcidtoname_downlevel.obj
 0001:00003bd0       ??_C@_1M@HLGMDFHM@?$AAi?$AAt?$AA?9?$AAC?$AAH?$AA?$AA@ 0000000180004bd0     libucrt:lcidtoname_downlevel.obj
 0001:00003be0       ??_C@_1M@CLLBGJH@?$AAn?$AAl?$AA?9?$AAB?$AAE?$AA?$AA@ 0000000180004be0     libucrt:lcidtoname_downlevel.obj
 0001:00003bf0       ??_C@_1M@BODBOGLF@?$AAn?$AAn?$AA?9?$AAN?$AAO?$AA?$AA@ 0000000180004bf0     libucrt:lcidtoname_downlevel.obj
 0001:00003c00       ??_C@_1M@HFFAHKAD@?$AAp?$AAt?$AA?9?$AAP?$AAT?$AA?$AA@ 0000000180004c00     libucrt:lcidtoname_downlevel.obj
 0001:00003c10       ??_C@_1BG@LNOAKHIE@?$AAs?$AAr?$AA?9?$AAS?$AAP?$AA?9?$AAL?$AAa?$AAt?$AAn?$AA?$AA@ 0000000180004c10     libucrt:lcidtoname_downlevel.obj
 0001:00003c28       ??_C@_1M@HBMHBGAK@?$AAs?$AAv?$AA?9?$AAF?$AAI?$AA?$AA@ 0000000180004c28     libucrt:lcidtoname_downlevel.obj
 0001:00003c38       ??_C@_1BG@DGCJGJBE@?$AAa?$AAz?$AA?9?$AAA?$AAZ?$AA?9?$AAC?$AAy?$AAr?$AAl?$AA?$AA@ 0000000180004c38     libucrt:lcidtoname_downlevel.obj
 0001:00003c50       ??_C@_1M@KEJDAAHB@?$AAs?$AAe?$AA?9?$AAS?$AAE?$AA?$AA@ 0000000180004c50     libucrt:lcidtoname_downlevel.obj
 0001:00003c60       ??_C@_1M@HEIBJJAD@?$AAm?$AAs?$AA?9?$AAB?$AAN?$AA?$AA@ 0000000180004c60     libucrt:lcidtoname_downlevel.obj
 0001:00003c70       ??_C@_1BG@PBGJMCEM@?$AAu?$AAz?$AA?9?$AAU?$AAZ?$AA?9?$AAC?$AAy?$AAr?$AAl?$AA?$AA@ 0000000180004c70     libucrt:lcidtoname_downlevel.obj
 0001:00003c88       ??_C@_1O@LAOBCMDF@?$AAq?$AAu?$AAz?$AA?9?$AAE?$AAC?$AA?$AA@ 0000000180004c88     libucrt:lcidtoname_downlevel.obj
 0001:00003c98       ??_C@_1M@POEEMAIO@?$AAa?$AAr?$AA?9?$AAE?$AAG?$AA?$AA@ 0000000180004c98     libucrt:lcidtoname_downlevel.obj
 0001:00003ca8       ??_C@_1M@EFAKDEDL@?$AAz?$AAh?$AA?9?$AAH?$AAK?$AA?$AA@ 0000000180004ca8     libucrt:lcidtoname_downlevel.obj
 0001:00003cb8       ??_C@_1M@HKKIJHGI@?$AAd?$AAe?$AA?9?$AAA?$AAT?$AA?$AA@ 0000000180004cb8     libucrt:lcidtoname_downlevel.obj
 0001:00003cc8       ??_C@_1M@KBFBEHJF@?$AAe?$AAn?$AA?9?$AAA?$AAU?$AA?$AA@ 0000000180004cc8     libucrt:lcidtoname_downlevel.obj
 0001:00003cd8       ??_C@_1M@MNPLFAAH@?$AAe?$AAs?$AA?9?$AAE?$AAS?$AA?$AA@ 0000000180004cd8     libucrt:lcidtoname_downlevel.obj
 0001:00003ce8       ??_C@_1M@HJOOJFMA@?$AAf?$AAr?$AA?9?$AAC?$AAA?$AA?$AA@ 0000000180004ce8     libucrt:lcidtoname_downlevel.obj
 0001:00003cf8       ??_C@_1BG@JPOFPNAB@?$AAs?$AAr?$AA?9?$AAS?$AAP?$AA?9?$AAC?$AAy?$AAr?$AAl?$AA?$AA@ 0000000180004cf8     libucrt:lcidtoname_downlevel.obj
 0001:00003d10       ??_C@_1M@LNFOCMOB@?$AAs?$AAe?$AA?9?$AAF?$AAI?$AA?$AA@ 0000000180004d10     libucrt:lcidtoname_downlevel.obj
 0001:00003d20       ??_C@_1O@MGJBOAMB@?$AAq?$AAu?$AAz?$AA?9?$AAP?$AAE?$AA?$AA@ 0000000180004d20     libucrt:lcidtoname_downlevel.obj
 0001:00003d30       ??_C@_1M@GJINLBOK@?$AAa?$AAr?$AA?9?$AAL?$AAY?$AA?$AA@ 0000000180004d30     libucrt:lcidtoname_downlevel.obj
 0001:00003d40       ??_C@_1M@GGMNHJNL@?$AAz?$AAh?$AA?9?$AAS?$AAG?$AA?$AA@ 0000000180004d40     libucrt:lcidtoname_downlevel.obj
 0001:00003d50       ??_C@_1M@HOIKODND@?$AAd?$AAe?$AA?9?$AAL?$AAU?$AA?$AA@ 0000000180004d50     libucrt:lcidtoname_downlevel.obj
 0001:00003d60       ??_C@_1M@DDOCCGFG@?$AAe?$AAn?$AA?9?$AAC?$AAA?$AA?$AA@ 0000000180004d60     libucrt:lcidtoname_downlevel.obj
 0001:00003d70       ??_C@_1M@BNOEMJLF@?$AAe?$AAs?$AA?9?$AAG?$AAT?$AA?$AA@ 0000000180004d70     libucrt:lcidtoname_downlevel.obj
 0001:00003d80       ??_C@_1M@EOGNKEK@?$AAf?$AAr?$AA?9?$AAC?$AAH?$AA?$AA@ 0000000180004d80     libucrt:lcidtoname_downlevel.obj
 0001:00003d90       ??_C@_1M@FLIDJFHL@?$AAh?$AAr?$AA?9?$AAB?$AAA?$AA?$AA@ 0000000180004d90     libucrt:lcidtoname_downlevel.obj
 0001:00003da0       ??_C@_1O@FMCELNAJ@?$AAs?$AAm?$AAj?$AA?9?$AAN?$AAO?$AA?$AA@ 0000000180004da0     libucrt:lcidtoname_downlevel.obj
 0001:00003db0       ??_C@_1M@JHGLJMGJ@?$AAa?$AAr?$AA?9?$AAD?$AAZ?$AA?$AA@ 0000000180004db0     libucrt:lcidtoname_downlevel.obj
 0001:00003dc0       ??_C@_1M@JKKFDCNP@?$AAz?$AAh?$AA?9?$AAM?$AAO?$AA?$AA@ 0000000180004dc0     libucrt:lcidtoname_downlevel.obj
 0001:00003dd0       ??_C@_1M@GEEFALPE@?$AAd?$AAe?$AA?9?$AAL?$AAI?$AA?$AA@ 0000000180004dd0     libucrt:lcidtoname_downlevel.obj
 0001:00003de0       ??_C@_1M@IGEOFBG@?$AAe?$AAn?$AA?9?$AAN?$AAZ?$AA?$AA@ 0000000180004de0     libucrt:lcidtoname_downlevel.obj
 0001:00003df0       ??_C@_1M@KDBONEHP@?$AAe?$AAs?$AA?9?$AAC?$AAR?$AA?$AA@ 0000000180004df0     libucrt:lcidtoname_downlevel.obj
 0001:00003e00       ??_C@_1M@FHMDOHNN@?$AAf?$AAr?$AA?9?$AAL?$AAU?$AA?$AA@ 0000000180004e00     libucrt:lcidtoname_downlevel.obj
 0001:00003e10       ??_C@_1BG@NFKKMAFG@?$AAb?$AAs?$AA?9?$AAB?$AAA?$AA?9?$AAL?$AAa?$AAt?$AAn?$AA?$AA@ 0000000180004e10     libucrt:lcidtoname_downlevel.obj
 0001:00003e28       ??_C@_1O@IMNBEMCI@?$AAs?$AAm?$AAj?$AA?9?$AAS?$AAE?$AA?$AA@ 0000000180004e28     libucrt:lcidtoname_downlevel.obj
 0001:00003e38       ??_C@_1M@DHHMBNDP@?$AAa?$AAr?$AA?9?$AAM?$AAA?$AA?$AA@ 0000000180004e38     libucrt:lcidtoname_downlevel.obj
 0001:00003e48       ??_C@_1M@BNBLJCGH@?$AAe?$AAn?$AA?9?$AAI?$AAE?$AA?$AA@ 0000000180004e48     libucrt:lcidtoname_downlevel.obj
 0001:00003e58       ??_C@_1M@GEPAFMDL@?$AAe?$AAs?$AA?9?$AAP?$AAA?$AA?$AA@ 0000000180004e58     libucrt:lcidtoname_downlevel.obj
 0001:00003e68       ??_C@_1M@OJONDMDL@?$AAf?$AAr?$AA?9?$AAM?$AAC?$AA?$AA@ 0000000180004e68     libucrt:lcidtoname_downlevel.obj
 0001:00003e78       ??_C@_1BG@OBCNFJB@?$AAs?$AAr?$AA?9?$AAB?$AAA?$AA?9?$AAL?$AAa?$AAt?$AAn?$AA?$AA@ 0000000180004e78     libucrt:lcidtoname_downlevel.obj
 0001:00003e90       ??_C@_1O@KEMEEGPO@?$AAs?$AAm?$AAa?$AA?9?$AAN?$AAO?$AA?$AA@ 0000000180004e90     libucrt:lcidtoname_downlevel.obj
 0001:00003ea0       ??_C@_1M@ELMGFODK@?$AAa?$AAr?$AA?9?$AAT?$AAN?$AA?$AA@ 0000000180004ea0     libucrt:lcidtoname_downlevel.obj
 0001:00003eb0       ??_C@_1M@BHDLHFAF@?$AAe?$AAn?$AA?9?$AAZ?$AAA?$AA?$AA@ 0000000180004eb0     libucrt:lcidtoname_downlevel.obj
 0001:00003ec0       ??_C@_1M@BMGIGLIF@?$AAe?$AAs?$AA?9?$AAD?$AAO?$AA?$AA@ 0000000180004ec0     libucrt:lcidtoname_downlevel.obj
 0001:00003ed0       ??_C@_1BG@CMBHIPBE@?$AAs?$AAr?$AA?9?$AAB?$AAA?$AA?9?$AAC?$AAy?$AAr?$AAl?$AA?$AA@ 0000000180004ed0     libucrt:lcidtoname_downlevel.obj
 0001:00003ee8       ??_C@_1O@HEDBLHNP@?$AAs?$AAm?$AAa?$AA?9?$AAS?$AAE?$AA?$AA@ 0000000180004ee8     libucrt:lcidtoname_downlevel.obj
 0001:00003ef8       ??_C@_1M@DAGCADIM@?$AAa?$AAr?$AA?9?$AAO?$AAM?$AA?$AA@ 0000000180004ef8     libucrt:lcidtoname_downlevel.obj
 0001:00003f08       ??_C@_1M@FODLMICG@?$AAe?$AAn?$AA?9?$AAJ?$AAM?$AA?$AA@ 0000000180004f08     libucrt:lcidtoname_downlevel.obj
 0001:00003f18       ??_C@_1M@DNMLCIHB@?$AAe?$AAs?$AA?9?$AAV?$AAE?$AA?$AA@ 0000000180004f18     libucrt:lcidtoname_downlevel.obj
 0001:00003f28       ??_C@_1O@EOKHMKJK@?$AAs?$AAm?$AAs?$AA?9?$AAF?$AAI?$AA?$AA@ 0000000180004f28     libucrt:lcidtoname_downlevel.obj
 0001:00003f38       ??_C@_1M@CAFJMKOF@?$AAa?$AAr?$AA?9?$AAY?$AAE?$AA?$AA@ 0000000180004f38     libucrt:lcidtoname_downlevel.obj
 0001:00003f48       ??_C@_1M@CBFHIJLI@?$AAe?$AAn?$AA?9?$AAC?$AAB?$AA?$AA@ 0000000180004f48     libucrt:lcidtoname_downlevel.obj
 0001:00003f58       ??_C@_1M@BGNFLDN@?$AAe?$AAs?$AA?9?$AAC?$AAO?$AA?$AA@ 0000000180004f58     libucrt:lcidtoname_downlevel.obj
 0001:00003f68       ??_C@_1O@JMPHMAMC@?$AAs?$AAm?$AAn?$AA?9?$AAF?$AAI?$AA?$AA@ 0000000180004f68     libucrt:lcidtoname_downlevel.obj
 0001:00003f78       ??_C@_1M@JLANABKE@?$AAa?$AAr?$AA?9?$AAS?$AAY?$AA?$AA@ 0000000180004f78     libucrt:lcidtoname_downlevel.obj
 0001:00003f88       ??_C@_1M@HPKGCFGN@?$AAe?$AAn?$AA?9?$AAB?$AAZ?$AA?$AA@ 0000000180004f88     libucrt:lcidtoname_downlevel.obj
 0001:00003f98       ??_C@_1M@OLJCMLGM@?$AAe?$AAs?$AA?9?$AAP?$AAE?$AA?$AA@ 0000000180004f98     libucrt:lcidtoname_downlevel.obj
 0001:00003fa8       ??_C@_1M@MKKGFKLE@?$AAa?$AAr?$AA?9?$AAJ?$AAO?$AA?$AA@ 0000000180004fa8     libucrt:lcidtoname_downlevel.obj
 0001:00003fb8       ??_C@_1M@EKPGLDNI@?$AAe?$AAn?$AA?9?$AAT?$AAT?$AA?$AA@ 0000000180004fb8     libucrt:lcidtoname_downlevel.obj
 0001:00003fc8       ??_C@_1M@OONGHFHE@?$AAe?$AAs?$AA?9?$AAA?$AAR?$AA?$AA@ 0000000180004fc8     libucrt:lcidtoname_downlevel.obj
 0001:00003fd8       ??_C@_1M@OOJFGBHE@?$AAa?$AAr?$AA?9?$AAL?$AAB?$AA?$AA@ 0000000180004fd8     libucrt:lcidtoname_downlevel.obj
 0001:00003fe8       ??_C@_1M@GCEJHNEG@?$AAe?$AAn?$AA?9?$AAZ?$AAW?$AA?$AA@ 0000000180004fe8     libucrt:lcidtoname_downlevel.obj
 0001:00003ff8       ??_C@_1M@JNOCAHJI@?$AAe?$AAs?$AA?9?$AAE?$AAC?$AA?$AA@ 0000000180004ff8     libucrt:lcidtoname_downlevel.obj
 0001:00004008       ??_C@_1M@JEFHPGGB@?$AAa?$AAr?$AA?9?$AAK?$AAW?$AA?$AA@ 0000000180005008     libucrt:lcidtoname_downlevel.obj
 0001:00004018       ??_C@_1M@MLKIBJOJ@?$AAe?$AAn?$AA?9?$AAP?$AAH?$AA?$AA@ 0000000180005018     libucrt:lcidtoname_downlevel.obj
 0001:00004028       ??_C@_1M@BDNIPEND@?$AAe?$AAs?$AA?9?$AAC?$AAL?$AA?$AA@ 0000000180005028     libucrt:lcidtoname_downlevel.obj
 0001:00004038       ??_C@_1M@MPNMEKBD@?$AAa?$AAr?$AA?9?$AAA?$AAE?$AA?$AA@ 0000000180005038     libucrt:lcidtoname_downlevel.obj
 0001:00004048       ??_C@_1M@KBJALCPI@?$AAe?$AAs?$AA?9?$AAU?$AAY?$AA?$AA@ 0000000180005048     libucrt:lcidtoname_downlevel.obj
 0001:00004058       ??_C@_1M@LLCCOAGA@?$AAa?$AAr?$AA?9?$AAB?$AAH?$AA?$AA@ 0000000180005058     libucrt:lcidtoname_downlevel.obj
 0001:00004068       ??_C@_1M@PBFNCDEL@?$AAe?$AAs?$AA?9?$AAP?$AAY?$AA?$AA@ 0000000180005068     libucrt:lcidtoname_downlevel.obj
 0001:00004078       ??_C@_1M@EDGINPNP@?$AAa?$AAr?$AA?9?$AAQ?$AAA?$AA?$AA@ 0000000180005078     libucrt:lcidtoname_downlevel.obj
 0001:00004088       ??_C@_1M@MKDBIIJI@?$AAe?$AAs?$AA?9?$AAB?$AAO?$AA?$AA@ 0000000180005088     libucrt:lcidtoname_downlevel.obj
 0001:00004098       ??_C@_1M@CPKKEBLD@?$AAe?$AAs?$AA?9?$AAS?$AAV?$AA?$AA@ 0000000180005098     libucrt:lcidtoname_downlevel.obj
 0001:000040a8       ??_C@_1M@NDBGMMJL@?$AAe?$AAs?$AA?9?$AAH?$AAN?$AA?$AA@ 00000001800050a8     libucrt:lcidtoname_downlevel.obj
 0001:000040b8       ??_C@_1M@JIJIBHDP@?$AAe?$AAs?$AA?9?$AAN?$AAI?$AA?$AA@ 00000001800050b8     libucrt:lcidtoname_downlevel.obj
 0001:000040c8       ??_C@_1M@CGFMKEEK@?$AAe?$AAs?$AA?9?$AAP?$AAR?$AA?$AA@ 00000001800050c8     libucrt:lcidtoname_downlevel.obj
 0001:000040d8       ??_C@_1O@ICJHKIIK@?$AAz?$AAh?$AA?9?$AAC?$AAH?$AAT?$AA?$AA@ 00000001800050d8     libucrt:lcidtoname_downlevel.obj
 0001:000040e8       ??_C@_15CLNEJCE@?$AAs?$AAr?$AA?$AA@ 00000001800050e8     libucrt:lcidtoname_downlevel.obj
 0001:00004f30       ??_C@_1M@KAHEKEIG@?$AAa?$AAf?$AA?9?$AAz?$AAa?$AA?$AA@ 0000000180005f30     libucrt:lcidtoname_downlevel.obj
 0001:00004f40       ??_C@_1M@GIECOABL@?$AAa?$AAr?$AA?9?$AAa?$AAe?$AA?$AA@ 0000000180005f40     libucrt:lcidtoname_downlevel.obj
 0001:00004f50       ??_C@_1M@BMLMEKGI@?$AAa?$AAr?$AA?9?$AAb?$AAh?$AA?$AA@ 0000000180005f50     libucrt:lcidtoname_downlevel.obj
 0001:00004f60       ??_C@_1M@DAPFDGGB@?$AAa?$AAr?$AA?9?$AAd?$AAz?$AA?$AA@ 0000000180005f60     libucrt:lcidtoname_downlevel.obj
 0001:00004f70       ??_C@_1M@FJNKGKIG@?$AAa?$AAr?$AA?9?$AAe?$AAg?$AA?$AA@ 0000000180005f70     libucrt:lcidtoname_downlevel.obj
 0001:00004f80       ??_C@_1M@FLGKKCLO@?$AAa?$AAr?$AA?9?$AAi?$AAq?$AA?$AA@ 0000000180005f80     libucrt:lcidtoname_downlevel.obj
 0001:00004f90       ??_C@_1M@GNDIPALM@?$AAa?$AAr?$AA?9?$AAj?$AAo?$AA?$AA@ 0000000180005f90     libucrt:lcidtoname_downlevel.obj
 0001:00004fa0       ??_C@_1M@DDMJFMGJ@?$AAa?$AAr?$AA?9?$AAk?$AAw?$AA?$AA@ 0000000180005fa0     libucrt:lcidtoname_downlevel.obj
 0001:00004fb0       ??_C@_1M@EJALMLHM@?$AAa?$AAr?$AA?9?$AAl?$AAb?$AA?$AA@ 0000000180005fb0     libucrt:lcidtoname_downlevel.obj
 0001:00004fc0       ??_C@_1M@MOBDBLOC@?$AAa?$AAr?$AA?9?$AAl?$AAy?$AA?$AA@ 0000000180005fc0     libucrt:lcidtoname_downlevel.obj
 0001:00004fd0       ??_C@_1M@JAOCLHDH@?$AAa?$AAr?$AA?9?$AAm?$AAa?$AA?$AA@ 0000000180005fd0     libucrt:lcidtoname_downlevel.obj
 0001:00004fe0       ??_C@_1M@JHPMKJIE@?$AAa?$AAr?$AA?9?$AAo?$AAm?$AA?$AA@ 0000000180005fe0     libucrt:lcidtoname_downlevel.obj
 0001:00004ff0       ??_C@_1M@OEPGHFNH@?$AAa?$AAr?$AA?9?$AAq?$AAa?$AA?$AA@ 0000000180005ff0     libucrt:lcidtoname_downlevel.obj
 0001:00005000       ??_C@_1M@KJDONENM@?$AAa?$AAr?$AA?9?$AAs?$AAa?$AA?$AA@ 0000000180006000     libucrt:lcidtoname_downlevel.obj
 0001:00005010       ??_C@_1M@DMJDKLKM@?$AAa?$AAr?$AA?9?$AAs?$AAy?$AA?$AA@ 0000000180006010     libucrt:lcidtoname_downlevel.obj
 0001:00005020       ??_C@_1M@OMFIPEDC@?$AAa?$AAr?$AA?9?$AAt?$AAn?$AA?$AA@ 0000000180006020     libucrt:lcidtoname_downlevel.obj
 0001:00005030       ??_C@_1M@IHMHGAON@?$AAa?$AAr?$AA?9?$AAy?$AAe?$AA?$AA@ 0000000180006030     libucrt:lcidtoname_downlevel.obj
 0001:00005040       ??_C@_1BG@KDCPGJGB@?$AAa?$AAz?$AA?9?$AAa?$AAz?$AA?9?$AAc?$AAy?$AAr?$AAl?$AA?$AA@ 0000000180006040     libucrt:lcidtoname_downlevel.obj
 0001:00005058       ??_C@_1BG@IBCKDDOE@?$AAa?$AAz?$AA?9?$AAa?$AAz?$AA?9?$AAl?$AAa?$AAt?$AAn?$AA?$AA@ 0000000180006058     libucrt:lcidtoname_downlevel.obj
 0001:00005070       ??_C@_1M@EGPFDCPD@?$AAb?$AAe?$AA?9?$AAb?$AAy?$AA?$AA@ 0000000180006070     libucrt:lcidtoname_downlevel.obj
 0001:00005080       ??_C@_1M@PCMGMCGC@?$AAb?$AAg?$AA?9?$AAb?$AAg?$AA?$AA@ 0000000180006080     libucrt:lcidtoname_downlevel.obj
 0001:00005090       ??_C@_1M@BJBMFGOB@?$AAb?$AAn?$AA?9?$AAi?$AAn?$AA?$AA@ 0000000180006090     libucrt:lcidtoname_downlevel.obj
 0001:000050a0       ??_C@_1BG@EAKMMACD@?$AAb?$AAs?$AA?9?$AAb?$AAa?$AA?9?$AAl?$AAa?$AAt?$AAn?$AA?$AA@ 00000001800060a0     libucrt:lcidtoname_downlevel.obj
 0001:000050b8       ??_C@_1M@KGADAODK@?$AAc?$AAa?$AA?9?$AAe?$AAs?$AA?$AA@ 00000001800060b8     libucrt:lcidtoname_downlevel.obj
 0001:000050c8       ??_C@_1M@COAJPDHI@?$AAc?$AAs?$AA?9?$AAc?$AAz?$AA?$AA@ 00000001800060c8     libucrt:lcidtoname_downlevel.obj
 0001:000050d8       ??_C@_1M@DHBHFONH@?$AAc?$AAy?$AA?9?$AAg?$AAb?$AA?$AA@ 00000001800060d8     libucrt:lcidtoname_downlevel.obj
 0001:000050e8       ??_C@_1M@IMGKELGA@?$AAd?$AAa?$AA?9?$AAd?$AAk?$AA?$AA@ 00000001800060e8     libucrt:lcidtoname_downlevel.obj
 0001:000050f8       ??_C@_1M@NNDGDNGA@?$AAd?$AAe?$AA?9?$AAa?$AAt?$AA?$AA@ 00000001800060f8     libucrt:lcidtoname_downlevel.obj
 0001:00005108       ??_C@_1M@IKDBHEEM@?$AAd?$AAe?$AA?9?$AAc?$AAh?$AA?$AA@ 0000000180006108     libucrt:lcidtoname_downlevel.obj
 0001:00005118       ??_C@_1M@GFFOJMCJ@?$AAd?$AAe?$AA?9?$AAd?$AAe?$AA?$AA@ 0000000180006118     libucrt:lcidtoname_downlevel.obj
 0001:00005128       ??_C@_1M@MDNLKBPM@?$AAd?$AAe?$AA?9?$AAl?$AAi?$AA?$AA@ 0000000180006128     libucrt:lcidtoname_downlevel.obj
 0001:00005138       ??_C@_1M@NJBEEJNL@?$AAd?$AAe?$AA?9?$AAl?$AAu?$AA?$AA@ 0000000180006138     libucrt:lcidtoname_downlevel.obj
 0001:00005148       ??_C@_1O@GNNELBAP@?$AAd?$AAi?$AAv?$AA?9?$AAm?$AAv?$AA?$AA@ 0000000180006148     libucrt:lcidtoname_downlevel.obj
 0001:00005158       ??_C@_1M@EJLEOGAE@?$AAe?$AAl?$AA?9?$AAg?$AAr?$AA?$AA@ 0000000180006158     libucrt:lcidtoname_downlevel.obj
 0001:00005168       ??_C@_1M@GMPONJN@?$AAe?$AAn?$AA?9?$AAa?$AAu?$AA?$AA@ 0000000180006168     libucrt:lcidtoname_downlevel.obj
 0001:00005178       ??_C@_1M@NIDIIPGF@?$AAe?$AAn?$AA?9?$AAb?$AAz?$AA?$AA@ 0000000180006178     libucrt:lcidtoname_downlevel.obj
 0001:00005188       ??_C@_1M@JEHMIMFO@?$AAe?$AAn?$AA?9?$AAc?$AAa?$AA?$AA@ 0000000180006188     libucrt:lcidtoname_downlevel.obj
 0001:00005198       ??_C@_1M@IGMJCDLA@?$AAe?$AAn?$AA?9?$AAc?$AAb?$AA?$AA@ 0000000180006198     libucrt:lcidtoname_downlevel.obj
 0001:000051a8       ??_C@_1M@BNFIGBKG@?$AAe?$AAn?$AA?9?$AAg?$AAb?$AA?$AA@ 00000001800061a8     libucrt:lcidtoname_downlevel.obj
 0001:000051b8       ??_C@_1M@LKIFDIGP@?$AAe?$AAn?$AA?9?$AAi?$AAe?$AA?$AA@ 00000001800061b8     libucrt:lcidtoname_downlevel.obj
 0001:000051c8       ??_C@_1M@PJKFGCCO@?$AAe?$AAn?$AA?9?$AAj?$AAm?$AA?$AA@ 00000001800061c8     libucrt:lcidtoname_downlevel.obj
 0001:000051d8       ??_C@_1M@KPPKEPBO@?$AAe?$AAn?$AA?9?$AAn?$AAz?$AA?$AA@ 00000001800061d8     libucrt:lcidtoname_downlevel.obj
 0001:000051e8       ??_C@_1M@GMDGLDOB@?$AAe?$AAn?$AA?9?$AAp?$AAh?$AA?$AA@ 00000001800061e8     libucrt:lcidtoname_downlevel.obj
 0001:000051f8       ??_C@_1M@ONGIBJNA@?$AAe?$AAn?$AA?9?$AAt?$AAt?$AA?$AA@ 00000001800061f8     libucrt:lcidtoname_downlevel.obj
 0001:00005208       ??_C@_1M@LLODPCMM@?$AAe?$AAn?$AA?9?$AAu?$AAs?$AA?$AA@ 0000000180006208     libucrt:lcidtoname_downlevel.obj
 0001:00005218       ??_C@_1M@LAKFNPAN@?$AAe?$AAn?$AA?9?$AAz?$AAa?$AA?$AA@ 0000000180006218     libucrt:lcidtoname_downlevel.obj
 0001:00005228       ??_C@_1M@MFNHNHEO@?$AAe?$AAn?$AA?9?$AAz?$AAw?$AA?$AA@ 0000000180006228     libucrt:lcidtoname_downlevel.obj
 0001:00005238       ??_C@_1M@EJEINPHM@?$AAe?$AAs?$AA?9?$AAa?$AAr?$AA?$AA@ 0000000180006238     libucrt:lcidtoname_downlevel.obj
 0001:00005248       ??_C@_1M@GNKPCCJA@?$AAe?$AAs?$AA?9?$AAb?$AAo?$AA?$AA@ 0000000180006248     libucrt:lcidtoname_downlevel.obj
 0001:00005258       ??_C@_1M@LEEGFONL@?$AAe?$AAs?$AA?9?$AAc?$AAl?$AA?$AA@ 0000000180006258     libucrt:lcidtoname_downlevel.obj
 0001:00005268       ??_C@_1M@KGPDPBDF@?$AAe?$AAs?$AA?9?$AAc?$AAo?$AA?$AA@ 0000000180006268     libucrt:lcidtoname_downlevel.obj
 0001:00005278       ??_C@_1M@EIAHOHH@?$AAe?$AAs?$AA?9?$AAc?$AAr?$AA?$AA@ 0000000180006278     libucrt:lcidtoname_downlevel.obj
 0001:00005288       ??_C@_1M@LLPGMBIN@?$AAe?$AAs?$AA?9?$AAd?$AAo?$AA?$AA@ 0000000180006288     libucrt:lcidtoname_downlevel.obj
 0001:00005298       ??_C@_1M@DKHMKNJA@?$AAe?$AAs?$AA?9?$AAe?$AAc?$AA?$AA@ 0000000180006298     libucrt:lcidtoname_downlevel.obj
 0001:000052a8       ??_C@_1M@GKGFPKAP@?$AAe?$AAs?$AA?9?$AAe?$AAs?$AA?$AA@ 00000001800062a8     libucrt:lcidtoname_downlevel.obj
 0001:000052b8       ??_C@_1M@LKHKGDLN@?$AAe?$AAs?$AA?9?$AAg?$AAt?$AA?$AA@ 00000001800062b8     libucrt:lcidtoname_downlevel.obj
 0001:000052c8       ??_C@_1M@HEIIGGJD@?$AAe?$AAs?$AA?9?$AAh?$AAn?$AA?$AA@ 00000001800062c8     libucrt:lcidtoname_downlevel.obj
 0001:000052d8       ??_C@_1M@FBDHPPGD@?$AAe?$AAs?$AA?9?$AAm?$AAx?$AA?$AA@ 00000001800062d8     libucrt:lcidtoname_downlevel.obj
 0001:000052e8       ??_C@_1M@DPAGLNDH@?$AAe?$AAs?$AA?9?$AAn?$AAi?$AA?$AA@ 00000001800062e8     libucrt:lcidtoname_downlevel.obj
 0001:000052f8       ??_C@_1M@MDGOPGDD@?$AAe?$AAs?$AA?9?$AAp?$AAa?$AA?$AA@ 00000001800062f8     libucrt:lcidtoname_downlevel.obj
 0001:00005308       ??_C@_1M@EMAMGBGE@?$AAe?$AAs?$AA?9?$AAp?$AAe?$AA?$AA@ 0000000180006308     libucrt:lcidtoname_downlevel.obj
 0001:00005318       ??_C@_1M@IBMCAOEC@?$AAe?$AAs?$AA?9?$AAp?$AAr?$AA?$AA@ 0000000180006318     libucrt:lcidtoname_downlevel.obj
 0001:00005328       ??_C@_1M@FGMDIJED@?$AAe?$AAs?$AA?9?$AAp?$AAy?$AA?$AA@ 0000000180006328     libucrt:lcidtoname_downlevel.obj
 0001:00005338       ??_C@_1M@IIDEOLLL@?$AAe?$AAs?$AA?9?$AAs?$AAv?$AA?$AA@ 0000000180006338     libucrt:lcidtoname_downlevel.obj
 0001:00005348       ??_C@_1M@GAOBIPA@?$AAe?$AAs?$AA?9?$AAu?$AAy?$AA?$AA@ 0000000180006348     libucrt:lcidtoname_downlevel.obj
 0001:00005358       ??_C@_1M@JKFFICHJ@?$AAe?$AAs?$AA?9?$AAv?$AAe?$AA?$AA@ 0000000180006358     libucrt:lcidtoname_downlevel.obj
 0001:00005368       ??_C@_1M@PNMLOJDF@?$AAe?$AAt?$AA?9?$AAe?$AAe?$AA?$AA@ 0000000180006368     libucrt:lcidtoname_downlevel.obj
 0001:00005378       ??_C@_1M@GHHLIKEI@?$AAe?$AAu?$AA?9?$AAe?$AAs?$AA?$AA@ 0000000180006378     libucrt:lcidtoname_downlevel.obj
 0001:00005388       ??_C@_1M@PBNONODE@?$AAf?$AAa?$AA?9?$AAi?$AAr?$AA?$AA@ 0000000180006388     libucrt:lcidtoname_downlevel.obj
 0001:00005398       ??_C@_1M@JEEHPMIL@?$AAf?$AAi?$AA?9?$AAf?$AAi?$AA?$AA@ 0000000180006398     libucrt:lcidtoname_downlevel.obj
 0001:000053a8       ??_C@_1M@LMDCNDBA@?$AAf?$AAo?$AA?9?$AAf?$AAo?$AA?$AA@ 00000001800063a8     libucrt:lcidtoname_downlevel.obj
 0001:000053b8       ??_C@_1M@JKEOHLDK@?$AAf?$AAr?$AA?9?$AAb?$AAe?$AA?$AA@ 00000001800063b8     libucrt:lcidtoname_downlevel.obj
 0001:000053c8       ??_C@_1M@NOHADPMI@?$AAf?$AAr?$AA?9?$AAc?$AAa?$AA?$AA@ 00000001800063c8     libucrt:lcidtoname_downlevel.obj
 0001:000053d8       ??_C@_1M@KDHIHAEC@?$AAf?$AAr?$AA?9?$AAc?$AAh?$AA?$AA@ 00000001800063d8     libucrt:lcidtoname_downlevel.obj
 0001:000053e8       ??_C@_1M@MMBBFGAK@?$AAf?$AAr?$AA?9?$AAf?$AAr?$AA?$AA@ 00000001800063e8     libucrt:lcidtoname_downlevel.obj
 0001:000053f8       ??_C@_1M@PAFNENNF@?$AAf?$AAr?$AA?9?$AAl?$AAu?$AA?$AA@ 00000001800063f8     libucrt:lcidtoname_downlevel.obj
 0001:00005408       ??_C@_1M@EOHDJGDD@?$AAf?$AAr?$AA?9?$AAm?$AAc?$AA?$AA@ 0000000180006408     libucrt:lcidtoname_downlevel.obj
 0001:00005418       ??_C@_1M@FAPLLOPF@?$AAg?$AAl?$AA?9?$AAe?$AAs?$AA?$AA@ 0000000180006418     libucrt:lcidtoname_downlevel.obj
 0001:00005428       ??_C@_1M@FOPBFLOO@?$AAg?$AAu?$AA?9?$AAi?$AAn?$AA?$AA@ 0000000180006428     libucrt:lcidtoname_downlevel.obj
 0001:00005438       ??_C@_1M@KBMCINPM@?$AAh?$AAe?$AA?9?$AAi?$AAl?$AA?$AA@ 0000000180006438     libucrt:lcidtoname_downlevel.obj
 0001:00005448       ??_C@_1M@BBPHKFPJ@?$AAh?$AAi?$AA?9?$AAi?$AAn?$AA?$AA@ 0000000180006448     libucrt:lcidtoname_downlevel.obj
 0001:00005458       ??_C@_1M@PMBNDPHD@?$AAh?$AAr?$AA?9?$AAb?$AAa?$AA?$AA@ 0000000180006458     libucrt:lcidtoname_downlevel.obj
 0001:00005468       ??_C@_1M@BPCKOEGE@?$AAh?$AAr?$AA?9?$AAh?$AAr?$AA?$AA@ 0000000180006468     libucrt:lcidtoname_downlevel.obj
 0001:00005478       ??_C@_1M@GACBMHKE@?$AAh?$AAu?$AA?9?$AAh?$AAu?$AA?$AA@ 0000000180006478     libucrt:lcidtoname_downlevel.obj
 0001:00005488       ??_C@_1M@MILPAJJC@?$AAh?$AAy?$AA?9?$AAa?$AAm?$AA?$AA@ 0000000180006488     libucrt:lcidtoname_downlevel.obj
 0001:00005498       ??_C@_1M@BABBICEC@?$AAi?$AAd?$AA?9?$AAi?$AAd?$AA?$AA@ 0000000180006498     libucrt:lcidtoname_downlevel.obj
 0001:000054a8       ??_C@_1M@BIKNHHPF@?$AAi?$AAs?$AA?9?$AAi?$AAs?$AA?$AA@ 00000001800064a8     libucrt:lcidtoname_downlevel.obj
 0001:000054b8       ??_C@_1M@NMPCJPHE@?$AAi?$AAt?$AA?9?$AAc?$AAh?$AA?$AA@ 00000001800064b8     libucrt:lcidtoname_downlevel.obj
 0001:000054c8       ??_C@_1M@GHKGFEDF@?$AAi?$AAt?$AA?9?$AAi?$AAt?$AA?$AA@ 00000001800064c8     libucrt:lcidtoname_downlevel.obj
 0001:000054d8       ??_C@_1M@NIEJCJJA@?$AAj?$AAa?$AA?9?$AAj?$AAp?$AA?$AA@ 00000001800064d8     libucrt:lcidtoname_downlevel.obj
 0001:000054e8       ??_C@_1M@JILFNBIM@?$AAk?$AAa?$AA?9?$AAg?$AAe?$AA?$AA@ 00000001800064e8     libucrt:lcidtoname_downlevel.obj
 0001:000054f8       ??_C@_1M@PACPMGPH@?$AAk?$AAk?$AA?9?$AAk?$AAz?$AA?$AA@ 00000001800064f8     libucrt:lcidtoname_downlevel.obj
 0001:00005508       ??_C@_1M@IELFGMHA@?$AAk?$AAn?$AA?9?$AAi?$AAn?$AA?$AA@ 0000000180006508     libucrt:lcidtoname_downlevel.obj
 0001:00005518       ??_C@_1O@IBBJHCH@?$AAk?$AAo?$AAk?$AA?9?$AAi?$AAn?$AA?$AA@ 0000000180006518     libucrt:lcidtoname_downlevel.obj
 0001:00005528       ??_C@_1M@DMHAEOGC@?$AAk?$AAo?$AA?9?$AAk?$AAr?$AA?$AA@ 0000000180006528     libucrt:lcidtoname_downlevel.obj
 0001:00005538       ??_C@_1M@HBAHBIGA@?$AAk?$AAy?$AA?9?$AAk?$AAg?$AA?$AA@ 0000000180006538     libucrt:lcidtoname_downlevel.obj
 0001:00005548       ??_C@_1M@KPMILCJG@?$AAl?$AAt?$AA?9?$AAl?$AAt?$AA?$AA@ 0000000180006548     libucrt:lcidtoname_downlevel.obj
 0001:00005558       ??_C@_1M@BDEKKCA@?$AAl?$AAv?$AA?9?$AAl?$AAv?$AA?$AA@ 0000000180006558     libucrt:lcidtoname_downlevel.obj
 0001:00005568       ??_C@_1M@ELCKCCJJ@?$AAm?$AAi?$AA?9?$AAn?$AAz?$AA?$AA@ 0000000180006568     libucrt:lcidtoname_downlevel.obj
 0001:00005578       ??_C@_1M@CBOOLAPA@?$AAm?$AAk?$AA?9?$AAm?$AAk?$AA?$AA@ 0000000180006578     libucrt:lcidtoname_downlevel.obj
 0001:00005588       ??_C@_1M@GPHNBJKN@?$AAm?$AAl?$AA?9?$AAi?$AAn?$AA?$AA@ 0000000180006588     libucrt:lcidtoname_downlevel.obj
 0001:00005598       ??_C@_1M@PABJILIG@?$AAm?$AAn?$AA?9?$AAm?$AAn?$AA?$AA@ 0000000180006598     libucrt:lcidtoname_downlevel.obj
 0001:000055a8       ??_C@_1M@FGBKKIPG@?$AAm?$AAr?$AA?9?$AAi?$AAn?$AA?$AA@ 00000001800065a8     libucrt:lcidtoname_downlevel.obj
 0001:000055b8       ??_C@_1M@NDBPDDAL@?$AAm?$AAs?$AA?9?$AAb?$AAn?$AA?$AA@ 00000001800065b8     libucrt:lcidtoname_downlevel.obj
 0001:000055c8       ??_C@_1M@OPIHOOPI@?$AAm?$AAs?$AA?9?$AAm?$AAy?$AA?$AA@ 00000001800065c8     libucrt:lcidtoname_downlevel.obj
 0001:000055d8       ??_C@_1M@PPDBCNFM@?$AAm?$AAt?$AA?9?$AAm?$AAt?$AA?$AA@ 00000001800065d8     libucrt:lcidtoname_downlevel.obj
 0001:000055e8       ??_C@_1M@KDJDKMDD@?$AAn?$AAb?$AA?9?$AAn?$AAo?$AA?$AA@ 00000001800065e8     libucrt:lcidtoname_downlevel.obj
 0001:000055f8       ??_C@_1M@KFCFLMJP@?$AAn?$AAl?$AA?9?$AAb?$AAe?$AA?$AA@ 00000001800065f8     libucrt:lcidtoname_downlevel.obj
 0001:00005608       ??_C@_1M@KPOPDDGO@?$AAn?$AAl?$AA?9?$AAn?$AAl?$AA?$AA@ 0000000180006608     libucrt:lcidtoname_downlevel.obj
 0001:00005618       ??_C@_1M@LJKPEMLN@?$AAn?$AAn?$AA?9?$AAn?$AAo?$AA?$AA@ 0000000180006618     libucrt:lcidtoname_downlevel.obj
[...]
 0003:00000990       $pdata$__acrt_FlsGetValue  000000018001b990     libucrt:winapi_thunks.obj
 0003:0000099c       $pdata$__acrt_FlsSetValue  000000018001b99c     libucrt:winapi_thunks.obj
 0003:000009a8       $pdata$__acrt_InitializeCriticalSectionEx 000000018001b9a8     libucrt:winapi_thunks.obj
 0003:000009b4       $pdata$__acrt_LCMapStringEx 000000018001b9b4     libucrt:winapi_thunks.obj
 0003:000009c0       $pdata$__acrt_LocaleNameToLCID 000000018001b9c0     libucrt:winapi_thunks.obj
 0003:000009cc       $pdata$__acrt_initialize_winapi_thunks 000000018001b9cc     libucrt:winapi_thunks.obj
 0003:000009d8       $pdata$__acrt_uninitialize_winapi_thunks 000000018001b9d8     libucrt:winapi_thunks.obj
 0003:000009e4       $pdata$__acrt_initialize_heap 000000018001b9e4     libucrt:heap_handle.obj
 0003:000009f0       $pdata$?initialize_inherited_file_handles_nolock@@YAXXZ 000000018001b9f0     libucrt:ioinit.obj
 0003:000009fc       $pdata$?initialize_stdio_handles_nolock@@YAXXZ 000000018001b9fc     libucrt:ioinit.obj
 0003:00000a08       $pdata$__acrt_initialize_lowio 000000018001ba08     libucrt:ioinit.obj
 0003:00000a14       $pdata$__acrt_uninitialize_lowio 000000018001ba14     libucrt:ioinit.obj
 0003:00000a20       $pdata$__acrt_execute_initializers 000000018001ba20     libucrt:shared_initialization.obj
 0003:00000a2c       $pdata$__acrt_execute_uninitializers 000000018001ba2c     libucrt:shared_initialization.obj
 0003:00000a38       $pdata$??$?RV<lambda_450d765d439847d4c735a33c368b5fc0>@@AEAV<lambda_44731a7d0e6d81c3e6aa82d741081786>@@V<lambda_601a2a7da3b7a96e9554ac7215c4b07c>@@@?$__crt_seh_guarded_call@P6AXH@Z@@QEAAP6AXH@Z$$QEAV<lambda_450d765d439847d4c735a33c368b5fc0>@@AEAV<lambda_44731a7d0e6d81c3e6aa82d741081786>@@$$QEAV<lambda_601a2a7da3b7a96e9554ac7215c4b07c>@@@Z 000000018001ba38     libucrt:signal.obj
 0003:00000a44       $pdata$__acrt_get_sigabrt_handler 000000018001ba44     libucrt:signal.obj
 0003:00000a50       $pdata$raise               000000018001ba50     libucrt:signal.obj
 0003:00000a5c       $pdata$??$?RV<lambda_842d9ff0dc9ef11c61343bbaebe7f885>@@AEAV<lambda_c5860995281e5c4ce005b3de8f5874ee>@@V<lambda_d90129c13df834fdcbf8d2b88dafcf2d>@@@?$__crt_seh_guarded_call@X@@QEAAX$$QEAV<lambda_842d9ff0dc9ef11c61343bbaebe7f885>@@AEAV<lambda_c5860995281e5c4ce005b3de8f5874ee>@@$$QEAV<lambda_d90129c13df834fdcbf8d2b88dafcf2d>@@@Z 000000018001ba5c     libucrt:fflush.obj
 0003:00000a68       $pdata$??$?RV<lambda_886d6c58226a84441f68b9f2b8217b83>@@AEAV<lambda_ab61a845afdef5b7c387490eaf3616ee>@@V<lambda_f7f22ab5edc0698d5f6905b0d3f44752>@@@?$__crt_seh_guarded_call@X@@QEAAX$$QEAV<lambda_886d6c58226a84441f68b9f2b8217b83>@@AEAV<lambda_ab61a845afdef5b7c387490eaf3616ee>@@$$QEAV<lambda_f7f22ab5edc0698d5f6905b0d3f44752>@@@Z 000000018001ba68     libucrt:fflush.obj
 0003:00000a74       $pdata$?common_flush_all@@YAH_N@Z 000000018001ba74     libucrt:fflush.obj
 0003:00000a80       $pdata$__acrt_stdio_flush_nolock 000000018001ba80     libucrt:fflush.obj
 0003:00000a8c       $pdata$_fflush_nolock      000000018001ba8c     libucrt:fflush.obj
 0003:00000a98       $pdata$__acrt_initialize_stdio 000000018001ba98     libucrt:_file.obj
 0003:00000aa4       $pdata$__acrt_uninitialize_stdio 000000018001baa4     libucrt:_file.obj
 0003:00000ab0       $pdata$_mbtowc_l           000000018001bab0     libucrt:mbtowc.obj
 0003:00000abc       $pdata$__acrt_update_locale_info 000000018001babc     libucrt:locale_update.obj
 0003:00000ac8       $pdata$__acrt_update_multibyte_info 000000018001bac8     libucrt:locale_update.obj
 0003:00000ad4       $pdata$_fileno             000000018001bad4     libucrt:fileno.obj
 0003:00000ae0       $pdata$??$?RV<lambda_410d79af7f07d98d83a3f525b3859a53>@@AEAV<lambda_3e16ef9562a7dcce91392c22ab16ea36>@@V<lambda_38119f0e861e05405d8a144b9b982f0a>@@@?$__crt_seh_guarded_call@X@@QEAAX$$QEAV<lambda_410d79af7f07d98d83a3f525b3859a53>@@AEAV<lambda_3e16ef9562a7dcce91392c22ab16ea36>@@$$QEAV<lambda_38119f0e861e05405d8a144b9b982f0a>@@@Z 000000018001bae0     libucrt:wsetlocale.obj
 0003:00000aec       $pdata$__acrt_uninitialize_locale 000000018001baec     libucrt:wsetlocale.obj
 0003:00000af8       $pdata$__pctype_func       000000018001baf8     libucrt:ctype.obj
 0003:00000b04       $pdata$__acrt_free_locale  000000018001bb04     libucrt:locale_refcounting.obj
 0003:00000b10       $pdata$__acrt_locale_free_lc_time_if_unreferenced 000000018001bb10     libucrt:locale_refcounting.obj
 0003:00000b1c       $pdata$__acrt_release_locale_ref 000000018001bb1c     libucrt:locale_refcounting.obj
 0003:00000b28       $pdata$__acrt_update_thread_locale_data 000000018001bb28     libucrt:locale_refcounting.obj
 0003:00000b34       $pdata$_updatetlocinfoEx_nolock 000000018001bb34     libucrt:locale_refcounting.obj
 0003:00000b40       $pdata$qsort               000000018001bb40     libucrt:qsort.obj
 0003:00000b4c       $pdata$4$qsort             000000018001bb4c     libucrt:qsort.obj
 0003:00000b58       $pdata$5$qsort             000000018001bb58     libucrt:qsort.obj
 0003:00000b64       $pdata$strncpy_s           000000018001bb64     libucrt:strncpy_s.obj
 0003:00000b70       $pdata$fallbackMethod      000000018001bb70     libucrt:strpbrk.obj
 0003:00000b7c       $pdata$strpbrk             000000018001bb7c     libucrt:strpbrk.obj
 0003:00000b88       $pdata$_mbsdec_l           000000018001bb88     libucrt:mbsdec.obj
 0003:00000b94       $pdata$__acrt_GetStringTypeA 000000018001bb94     libucrt:getstringtypea.obj
 0003:00000ba0       $pdata$?__acrt_LCMapStringA_stat@@YAHPEAU__crt_locale_pointers@@PEB_WKPEBDHPEADHHH@Z 000000018001bba0     libucrt:lcmapstringa.obj
 0003:00000bac       $pdata$__acrt_LCMapStringA 000000018001bbac     libucrt:lcmapstringa.obj
 0003:00000bb8       $pdata$?initialize_multibyte@@YAHXZ 000000018001bbb8     libucrt:multibyte_initializer.obj
 0003:00000bc4       $pdata$_msize_base         000000018001bbc4     libucrt:msize.obj
 0003:00000bd0       $pdata$_realloc_base       000000018001bbd0     libucrt:realloc_base.obj
 0003:00000bdc       $pdata$?GetTableIndexFromLocaleName@@YAHPEB_W@Z 000000018001bbdc     libucrt:lcidtoname_downlevel.obj
 0003:00000be8       $pdata$__acrt_DownlevelLocaleNameToLCID 000000018001bbe8     libucrt:lcidtoname_downlevel.obj
 0003:00000bf4       $pdata$__acrt_lowio_create_handle_array 000000018001bbf4     libucrt:osfinfo.obj
 0003:00000c00       $pdata$__acrt_lowio_destroy_handle_array 000000018001bc00     libucrt:osfinfo.obj
 0003:00000c0c       $pdata$__acrt_lowio_ensure_fh_exists 000000018001bc0c     libucrt:osfinfo.obj
 0003:00000c18       $pdata$_free_osfhnd        000000018001bc18     libucrt:osfinfo.obj
 0003:00000c24       $pdata$_get_osfhandle      000000018001bc24     libucrt:osfinfo.obj
 0003:00000c30       $pdata$??$?RV<lambda_a37b2b86f63e897a80ea819b0eb08c01>@@AEAV<lambda_38ce7e780aa69e748d6df282ebc68efe>@@V<lambda_99fb1378e971ab6e7edea83e3a7a83a2>@@@?$__crt_seh_guarded_call@H@@QEAAH$$QEAV<lambda_a37b2b86f63e897a80ea819b0eb08c01>@@AEAV<lambda_38ce7e780aa69e748d6df282ebc68efe>@@$$QEAV<lambda_99fb1378e971ab6e7edea83e3a7a83a2>@@@Z 000000018001bc30     libucrt:commit.obj
 0003:00000c3c       $pdata$_commit             000000018001bc3c     libucrt:commit.obj
 0003:00000c48       $pdata$?write_double_translated_ansi_nolock@@YA?AUwrite_result@?A0x17268360@@HQEBDI@Z 000000018001bc48     libucrt:write.obj
 0003:00000c54       $pdata$?write_text_ansi_nolock@@YA?AUwrite_result@?A0x17268360@@HQEBDI@Z 000000018001bc54     libucrt:write.obj
 0003:00000c60       $pdata$?write_text_utf16le_nolock@@YA?AUwrite_result@?A0x17268360@@HQEBDI@Z 000000018001bc60     libucrt:write.obj
 0003:00000c6c       $pdata$?write_text_utf8_nolock@@YA?AUwrite_result@?A0x17268360@@HQEBDI@Z 000000018001bc6c     libucrt:write.obj
 0003:00000c78       $pdata$_write              000000018001bc78     libucrt:write.obj
 0003:00000c84       $pdata$_write_nolock       000000018001bc84     libucrt:write.obj
 0003:00000c90       $pdata$_fcloseall          000000018001bc90     libucrt:closeall.obj
 0003:00000c9c       $pdata$__acrt_stdio_free_buffer_nolock 000000018001bc9c     libucrt:_freebuf.obj
 0003:00000ca8       $pdata$_isatty             000000018001bca8     libucrt:isatty.obj
 0003:00000cb4       $pdata$_isleadbyte_l       000000018001bcb4     libucrt:_wctype.obj
 0003:00000cc0       $pdata$?__mbrtowc_utf8@__crt_mbstring@@YA_KPEA_WPEBD_KPEAU_Mbstatet@@@Z 000000018001bcc0     libucrt:mbrtowc.obj
 0003:00000ccc       $pdata$?__mbsrtowcs_utf8@__crt_mbstring@@YA_KPEA_WPEAPEBD_KPEAU_Mbstatet@@@Z 000000018001bccc     libucrt:mbrtowc.obj
 0003:00000cd8       $pdata$__acrt_locale_free_monetary 000000018001bcd8     libucrt:initmon.obj
 0003:00000ce4       $pdata$__acrt_locale_free_numeric 000000018001bce4     libucrt:initnum.obj
 0003:00000cf0       $pdata$?free_crt_array_internal@@YAXQEAPEBX_K@Z 000000018001bcf0     libucrt:inittime.obj
 0003:00000cfc       $pdata$__acrt_locale_free_time 000000018001bcfc     libucrt:inittime.obj
 0003:00000d08       $pdata$??$common_lseek_nolock@_J@@YA_JH_JH@Z 000000018001bd08     libucrt:lseek.obj
 0003:00000d14       $pdata$_putwch_nolock      000000018001bd14     libucrt:putwch.obj
 0003:00000d20       $pdata$_fclose_nolock      000000018001bd20     libucrt:fclose.obj
 0003:00000d2c       $pdata$fclose              000000018001bd2c     libucrt:fclose.obj
 0003:00000d38       $pdata$?__mbrtoc32_utf8@__crt_mbstring@@YA_KPEA_UPEBD_KPEAU_Mbstatet@@@Z 000000018001bd38     libucrt:mbrtoc32.obj
 0003:00000d50       $pdata$__dcrt_lowio_ensure_console_output_initialized 000000018001bd50     libucrt:initcon.obj
 0003:00000d5c       $pdata$__dcrt_terminate_console_output 000000018001bd5c     libucrt:initcon.obj
 0003:00000d68       $pdata$__dcrt_write_console 000000018001bd68     libucrt:initcon.obj
 0003:00000d74       $pdata$??$?RV<lambda_751a882b2c74d4b022dec766aa51a29a>@@AEAV<lambda_628dfdc04ba53c8bfc02c9951375f3f5>@@V<lambda_f6c7be5f7998530c34de24c7437d6b54>@@@?$__crt_seh_guarded_call@H@@QEAAH$$QEAV<lambda_751a882b2c74d4b022dec766aa51a29a>@@AEAV<lambda_628dfdc04ba53c8bfc02c9951375f3f5>@@$$QEAV<lambda_f6c7be5f7998530c34de24c7437d6b54>@@@Z 000000018001bd74     libucrt:close.obj
 0003:00000d80       $pdata$_close              000000018001bd80     libucrt:close.obj
 0003:00000d8c       $pdata$_close_nolock       000000018001bd8c     libucrt:close.obj
 0003:00000d98       $pdata$_call_matherr       000000018001bd98     libucrt:libm_error.obj
 0003:00000da4       $pdata$_exception_enabled  000000018001bda4     libucrt:libm_error.obj
 0003:00000db0       $pdata$_handle_error       000000018001bdb0     libucrt:libm_error.obj
 0003:00000dbc       $pdata$__acrt_initialize_fma3 000000018001bdbc     libucrt:fma3_available.obj
 0003:00000dc8       $pdata$_log10_special      000000018001bdc8     libucrt:log_special.obj
 0003:00000dd4       $pdata$_log_special_common 000000018001bdd4     libucrt:log_special.obj
 0003:00000dec       $pdata$_raise_exc          000000018001bdec     libucrt:fpexcept.obj
 0003:00000df8       $pdata$_raise_exc_ex       000000018001bdf8     libucrt:fpexcept.obj
 0003:00000e04       $pdata$_set_errno_from_matherr 000000018001be04     libucrt:fpexcept.obj
 0003:00000e10       $pdata$_clrfp              000000018001be10     libucrt:fpctrl.obj
 0003:00000e1c       $pdata$_ctrlfp             000000018001be1c     libucrt:fpctrl.obj
 0003:00000e28       $pdata$_set_statfp         000000018001be28     libucrt:fpctrl.obj
 0003:00000e34       $pdata$_statfp             000000018001be34     libucrt:fpctrl.obj
 0003:00000e40       $pdata$_IsNonwritableInCurrentImage 000000018001be40     LIBCMT:pesect.obj
 0003:00000e4c       $pdata$__GSHandlerCheck    000000018001be4c     LIBCMT:gshandler.obj
 0003:00000e58       $pdata$__GSHandlerCheckCommon 000000018001be58     LIBCMT:gshandler.obj
 0003:00000e70       $pdata$__raise_securityfailure 000000018001be70     LIBCMT:gs_report.obj
 0003:00000e7c       $pdata$__report_gsfailure  000000018001be7c     LIBCMT:gs_report.obj
 0003:00000e88       $pdata$__report_rangecheckfailure 000000018001be88     LIBCMT:gs_report.obj
 0003:00000e94       $pdata$__report_securityfailure 000000018001be94     LIBCMT:gs_report.obj
 0003:00000ea0       $pdata$capture_current_context 000000018001bea0     LIBCMT:gs_report.obj
 0003:00000eac       $pdata$capture_previous_context 000000018001beac     LIBCMT:gs_report.obj
 0003:00000ed0       $pdata$?fin$0@?0??dllmain_crt_process_attach@@YAHQEAUHINSTANCE__@@QEAX@Z@4HA 000000018001bed0     LIBCMT:dll_dllmain.obj
 0003:00000edc       $pdata$?fin$0@?0??dllmain_crt_process_detach@@YAH_N@Z@4HA 000000018001bedc     LIBCMT:dll_dllmain.obj
 0003:00000ee8       $pdata$?filt$0@?0??dllmain_dispatch@@YAHQEAUHINSTANCE__@@KQEAX@Z@4HA 000000018001bee8     LIBCMT:dll_dllmain.obj
 0003:00000ef4       $pdata$__scrt_is_nonwritable_in_current_image$filt$0 000000018001bef4     LIBCMT:utility.obj
 0003:00000f00       $pdata$__DestructExceptionObject$filt$0 000000018001bf00     libvcruntime:ehhelpers.obj
 0003:00000f0c       $pdata$_query_new_handler$fin$0 000000018001bf0c     libucrt:new_handler.obj
 0003:00000f18       $pdata$?fin$0@?0???$?RV<lambda_aa87e3671a710a21b5dc78c0bdf72e11>@@AEAV<lambda_92619d2358a28f41a33ba319515a20b9>@@V<lambda_6992ecaafeb10aed2b74cb1fae11a551>@@@?$__crt_seh_guarded_call@X@@QEAAX$$QEAV<lambda_aa87e3671a710a21b5dc78c0bdf72e11>@@AEAV<lambda_92619d2358a28f41a33ba319515a20b9>@@$$QEAV<lambda_6992ecaafeb10aed2b74cb1fae11a551>@@@Z@4HA 000000018001bf18     libucrt:per_thread_data.obj
 0003:00000f18       $pdata$?fin$0@?0???$?RV<lambda_f2e299630e499de9f9a165e60fcd3db5>@@AEAV<lambda_2ae9d31cdba2644fcbeaf08da7c24588>@@V<lambda_40d01ff24d0e7b3814fdbdcee8eab3c7>@@@?$__crt_seh_guarded_call@X@@QEAAX$$QEAV<lambda_f2e299630e499de9f9a165e60fcd3db5>@@AEAV<lambda_2ae9d31cdba2644fcbeaf08da7c24588>@@$$QEAV<lambda_40d01ff24d0e7b3814fdbdcee8eab3c7>@@@Z@4HA 000000018001bf18     libucrt:per_thread_data.obj
 0003:00000f18       $pdata$?fin$0@?0???$?RV<lambda_0ae27a3a962d80f24befdcbee591983d>@@AEAV<lambda_8d0ee55de4b1038c4002e0adecdf1839>@@V<lambda_dc504788e8f1664fe9b84e20bfb512f2>@@@?$__crt_seh_guarded_call@X@@QEAAX$$QEAV<lambda_0ae27a3a962d80f24befdcbee591983d>@@AEAV<lambda_8d0ee55de4b1038c4002e0adecdf1839>@@$$QEAV<lambda_dc504788e8f1664fe9b84e20bfb512f2>@@@Z@4HA 000000018001bf18     libucrt:per_thread_data.obj
 0003:00000f18       $pdata$?fin$0@?0???$?RV<lambda_7777bce6b2f8c936911f934f8298dc43>@@AEAV<lambda_f03950bc5685219e0bcd2087efbe011e>@@V<lambda_3883c3dff614d5e0c5f61bb1ac94921c>@@@?$__crt_seh_guarded_call@H@@QEAAH$$QEAV<lambda_7777bce6b2f8c936911f934f8298dc43>@@AEAV<lambda_f03950bc5685219e0bcd2087efbe011e>@@$$QEAV<lambda_3883c3dff614d5e0c5f61bb1ac94921c>@@@Z@4HA 000000018001bf18     libucrt:onexit.obj
 0003:00000f18       $pdata$?fin$0@?0???$?RV<lambda_efdfa57d1f175319df784efa44bb7b81>@@AEAV<lambda_5f0a4c1567f8adc6734073e5d1e1b35c>@@V<lambda_2e8a7d3640ea6ccb4c2413664c2db6fd>@@@?$__crt_seh_guarded_call@X@@QEAAX$$QEAV<lambda_efdfa57d1f175319df784efa44bb7b81>@@AEAV<lambda_5f0a4c1567f8adc6734073e5d1e1b35c>@@$$QEAV<lambda_2e8a7d3640ea6ccb4c2413664c2db6fd>@@@Z@4HA 000000018001bf18     libucrt:mbctype.obj
 0003:00000f18       $pdata$?fin$0@?0???$?RV<lambda_450d765d439847d4c735a33c368b5fc0>@@AEAV<lambda_44731a7d0e6d81c3e6aa82d741081786>@@V<lambda_601a2a7da3b7a96e9554ac7215c4b07c>@@@?$__crt_seh_guarded_call@P6AXH@Z@@QEAAP6AXH@Z$$QEAV<lambda_450d765d439847d4c735a33c368b5fc0>@@AEAV<lambda_44731a7d0e6d81c3e6aa82d741081786>@@$$QEAV<lambda_601a2a7da3b7a96e9554ac7215c4b07c>@@@Z@4HA 000000018001bf18     libucrt:signal.obj
 0003:00000f18       $pdata$?fin$0@?0???$?RV<lambda_d80eeec6fff315bfe5c115232f3240e3>@@AEAV<lambda_6e4b09c48022b2350581041d5f6b0c4c>@@V<lambda_2358e3775559c9db80273638284d5e45>@@@?$__crt_seh_guarded_call@X@@QEAAX$$QEAV<lambda_d80eeec6fff315bfe5c115232f3240e3>@@AEAV<lambda_6e4b09c48022b2350581041d5f6b0c4c>@@$$QEAV<lambda_2358e3775559c9db80273638284d5e45>@@@Z@4HA 000000018001bf18     libucrt:exit.obj
 0003:00000f18       $pdata$?fin$0@?0???$?RV<lambda_2d41944a1d46af3157314b8a01080d33>@@AEAV<lambda_8f455de75cd7d7f24b4096f044d8b9e6>@@V<lambda_aa500f224e6afead328df44964fe2772>@@@?$__crt_seh_guarded_call@X@@QEAAX$$QEAV<lambda_2d41944a1d46af3157314b8a01080d33>@@AEAV<lambda_8f455de75cd7d7f24b4096f044d8b9e6>@@$$QEAV<lambda_aa500f224e6afead328df44964fe2772>@@@Z@4HA 000000018001bf18     libucrt:per_thread_data.obj
 0003:00000f24       $pdata$?filt$0@?0???R<lambda_6e4b09c48022b2350581041d5f6b0c4c>@@QEBA@XZ@4HA 000000018001bf24     libucrt:exit.obj
 0003:00000f30       $pdata$?fin$0@?0??update_thread_multibyte_data_internal@@YAPEAU__crt_multibyte_data@@QEAU__acrt_ptd@@QEAPEAU1@@Z@4HA 000000018001bf30     libucrt:mbctype.obj
 0003:00000f3c       $pdata$__acrt_lowio_ensure_fh_exists$fin$0 000000018001bf3c     libucrt:osfinfo.obj
 0003:00000f3c       $pdata$__acrt_initialize_lowio$fin$0 000000018001bf3c     libucrt:ioinit.obj
 0003:00000f48       $pdata$raise$fin$0         000000018001bf48     libucrt:signal.obj
 0003:00000f54       $pdata$?fin$0@?0???$?RV<lambda_842d9ff0dc9ef11c61343bbaebe7f885>@@AEAV<lambda_c5860995281e5c4ce005b3de8f5874ee>@@V<lambda_d90129c13df834fdcbf8d2b88dafcf2d>@@@?$__crt_seh_guarded_call@X@@QEAAX$$QEAV<lambda_842d9ff0dc9ef11c61343bbaebe7f885>@@AEAV<lambda_c5860995281e5c4ce005b3de8f5874ee>@@$$QEAV<lambda_d90129c13df834fdcbf8d2b88dafcf2d>@@@Z@4HA 000000018001bf54     libucrt:fflush.obj
 0003:00000f60       $pdata$?fin$0@?0???$?RV<lambda_886d6c58226a84441f68b9f2b8217b83>@@AEAV<lambda_ab61a845afdef5b7c387490eaf3616ee>@@V<lambda_f7f22ab5edc0698d5f6905b0d3f44752>@@@?$__crt_seh_guarded_call@X@@QEAAX$$QEAV<lambda_886d6c58226a84441f68b9f2b8217b83>@@AEAV<lambda_ab61a845afdef5b7c387490eaf3616ee>@@$$QEAV<lambda_f7f22ab5edc0698d5f6905b0d3f44752>@@@Z@4HA 000000018001bf60     libucrt:fflush.obj
 0003:00000f6c       $pdata$?fin$0@?0???$?RV<lambda_410d79af7f07d98d83a3f525b3859a53>@@AEAV<lambda_3e16ef9562a7dcce91392c22ab16ea36>@@V<lambda_38119f0e861e05405d8a144b9b982f0a>@@@?$__crt_seh_guarded_call@X@@QEAAX$$QEAV<lambda_410d79af7f07d98d83a3f525b3859a53>@@AEAV<lambda_3e16ef9562a7dcce91392c22ab16ea36>@@$$QEAV<lambda_38119f0e861e05405d8a144b9b982f0a>@@@Z@4HA 000000018001bf6c     libucrt:wsetlocale.obj
 0003:00000f78       $pdata$__acrt_update_thread_locale_data$fin$0 000000018001bf78     libucrt:locale_refcounting.obj
 0003:00000f84       $pdata$?fin$0@?0???$?RV<lambda_a37b2b86f63e897a80ea819b0eb08c01>@@AEAV<lambda_38ce7e780aa69e748d6df282ebc68efe>@@V<lambda_99fb1378e971ab6e7edea83e3a7a83a2>@@@?$__crt_seh_guarded_call@H@@QEAAH$$QEAV<lambda_a37b2b86f63e897a80ea819b0eb08c01>@@AEAV<lambda_38ce7e780aa69e748d6df282ebc68efe>@@$$QEAV<lambda_99fb1378e971ab6e7edea83e3a7a83a2>@@@Z@4HA 000000018001bf84     libucrt:commit.obj
 0003:00000f84       $pdata$?fin$0@?0???$?RV<lambda_751a882b2c74d4b022dec766aa51a29a>@@AEAV<lambda_628dfdc04ba53c8bfc02c9951375f3f5>@@V<lambda_f6c7be5f7998530c34de24c7437d6b54>@@@?$__crt_seh_guarded_call@H@@QEAAH$$QEAV<lambda_751a882b2c74d4b022dec766aa51a29a>@@AEAV<lambda_628dfdc04ba53c8bfc02c9951375f3f5>@@$$QEAV<lambda_f6c7be5f7998530c34de24c7437d6b54>@@@Z@4HA 000000018001bf84     libucrt:close.obj
 0003:00000f90       $pdata$_write$fin$0        000000018001bf90     libucrt:write.obj
 0003:00000f9c       $pdata$_fcloseall$fin$0    000000018001bf9c     libucrt:closeall.obj
 0003:00000fa8       $pdata$fclose$fin$0        000000018001bfa8     libucrt:fclose.obj
 0003:00000fb4       $pdata$_ctrlfp$filt$0      000000018001bfb4     libucrt:fpctrl.obj
 0003:00000fc0       $pdata$_IsNonwritableInCurrentImage$filt$0 000000018001bfc0     LIBCMT:pesect.obj
 0004:00000504       .idata$6                   000000018001c504     kernel32:KERNEL32.dll
 0005:00000060       $R000000                   000000018001d060     FileCase.res
