 Network

 Timestamp is 6611e6d8 (Sun Apr  7 01:20:40 2024)

 Preferred load address is 0000000180000000

 Start         Length     Name                   Class
 0001:00000000 00000010H .text$di                CODE
 0001:00000010 0001be00H .text$mn                CODE
 0001:0001be10 00000040H .text$mn$00             CODE
 0001:0001be50 00000990H .text$x                 CODE
 0001:0001c7e0 0000000cH .text$yd                CODE
 0002:00000000 00000328H .idata$5                DATA
 0002:00000328 00000028H .00cfg                  DATA
 0002:00000350 00000008H .CRT$XCA                DATA
 0002:00000358 00000008H .CRT$XCU                DATA
 0002:00000360 00000008H .CRT$XCZ                DATA
 0002:00000368 00000008H .CRT$XIA                DATA
 0002:00000370 00000018H .CRT$XIC                DATA
 0002:00000388 00000008H .CRT$XIZ                DATA
 0002:00000390 00000008H .CRT$XPA                DATA
 0002:00000398 00000010H .CRT$XPX                DATA
 0002:000003a8 00000008H .CRT$XPXA               DATA
 0002:000003b0 00000008H .CRT$XPZ                DATA
 0002:000003b8 00000008H .CRT$XTA                DATA
 0002:000003c0 00000010H .CRT$XTZ                DATA
 0002:000003c8 00000000H .gehcont$y              DATA
 0002:000003c8 00000000H .gfids$y                DATA
 0002:000003d0 00007db0H .rdata                  DATA
 0002:00008180 00000000H .rdata$CastGuardVftablesA DATA
 0002:00008180 00000000H .rdata$CastGuardVftablesC DATA
 0002:00008180 000005d4H .rdata$r                DATA
 0002:00008754 00000040H .rdata$voltmd           DATA
 0002:00008794 00000364H .rdata$zzzdbg           DATA
 0002:00008af8 00000008H .rtc$IAA                DATA
 0002:00008b00 00000008H .rtc$IZZ                DATA
 0002:00008b08 00000008H .rtc$TAA                DATA
 0002:00008b10 00000008H .rtc$TZZ                DATA
 0002:00008b18 00002198H .xdata                  DATA
 0002:0000acb0 00000250H .xdata$x                DATA
 0002:0000af00 00000100H _RDATA                  DATA
 0002:0000b000 00000184H .edata                  DATA
 0002:0000b184 00000064H .idata$2                DATA
 0002:0000b1e8 00000018H .idata$3                DATA
 0002:0000b200 00000328H .idata$4                DATA
 0002:0000b528 00000732H .idata$6                DATA
 0003:00000000 00000ad0H .data                   DATA
 0003:00000ad0 00000120H .data$r                 DATA
 0003:00000bf0 000000e0H .data$rs                DATA
 0003:00000cd0 000022a4H .bss                    DATA
 0004:00000000 00001860H .pdata                  DATA
 0005:00000000 00000060H .rsrc$01                DATA
 0005:00000060 00000340H .rsrc$02                DATA

  Address         Publics by Value              Rva+Base               Lib:Object

 0000:00000000       __guard_longjmp_table      0000000000000000     <absolute>
 0000:00000000       __x64_code_ranges_to_entry_points 0000000000000000     <absolute>
 0000:00000000       __x64_code_ranges_to_entry_points_count 0000000000000000     <absolute>
 0000:00000000       __guard_fids_count         0000000000000000     <absolute>
 0000:00000000       __arm64x_redirection_metadata 0000000000000000     <absolute>
 0000:00000000       __guard_iat_table          0000000000000000     <absolute>
 0000:00000000       __arm64x_extra_rfe_table   0000000000000000     <absolute>
 0000:00000000       __guard_iat_count          0000000000000000     <absolute>
 0000:00000000       __hybrid_code_map          0000000000000000     <absolute>
 0000:00000000       __guard_longjmp_count      0000000000000000     <absolute>
 0000:00000000       __arm64x_extra_rfe_table_size 0000000000000000     <absolute>
 0000:00000000       ___safe_se_handler_table   0000000000000000     <absolute>
 0000:00000000       __dynamic_value_reloc_table 0000000000000000     <absolute>
 0000:00000000       ___safe_se_handler_count   0000000000000000     <absolute>
 0000:00000000       __hybrid_auxiliary_iat     0000000000000000     <absolute>
 0000:00000000       __hybrid_auxiliary_iat_copy 0000000000000000     <absolute>
 0000:00000000       __AbsoluteZero             0000000000000000     <absolute>
 0000:00000000       __guard_eh_cont_count      0000000000000000     <absolute>
 0000:00000000       __guard_check_icall_a64n_fptr 0000000000000000     <absolute>
 0000:00000000       __guard_fids_table         0000000000000000     <absolute>
 0000:00000000       __arm64x_redirection_metadata_count 0000000000000000     <absolute>
 0000:00000000       __enclave_config           0000000000000000     <absolute>
 0000:00000000       __guard_eh_cont_table      0000000000000000     <absolute>
 0000:00000000       __arm64x_native_entrypoint 0000000000000000     <absolute>
 0000:00000000       __hybrid_code_map_count    0000000000000000     <absolute>
 0000:00000100       __guard_flags              0000000000000100     <absolute>
 0000:00000000       __ImageBase                0000000180000000     <linker-defined>
 0001:00000010       GetGlobalInfoW             0000000180001010 f   Network.obj
 0001:00000090       SetStartupInfoW            0000000180001090 f   Network.obj
 0001:000001b0       GetPluginInfoW             00000001800011b0 f   Network.obj
 0001:00000280       OpenW                      0000000180001280 f   Network.obj
 0001:00000380       ClosePanelW                0000000180001380 f   Network.obj
 0001:00000430       GetFindDataW               0000000180001430 f   Network.obj
 0001:00000450       FreeFindDataW              0000000180001450 f   Network.obj
 0001:000004d0       GetOpenPanelInfoW          00000001800014d0 f   Network.obj
 0001:000004e0       SetDirectoryW              00000001800014e0 f   Network.obj
 0001:00000500       DeleteFilesW               0000000180001500 f   Network.obj
 0001:000005b0       ProcessPanelInputW         00000001800015b0 f   Network.obj
 0001:000005d0       ProcessPanelEventW         00000001800015d0 f   Network.obj
 0001:000005f0       ConfigureW                 00000001800015f0 f   Network.obj
 0001:00000600       ExitFARW                   0000000180001600 f   Network.obj
 0001:00000640       ??1NetResourceList@@QEAA@XZ 0000000180001640 f i Network.obj
 0001:00000650       ??1?$unique_ptr@VNetBrowser@@U?$default_delete@VNetBrowser@@@std@@@std@@QEAA@XZ 0000000180001650 f i Network.obj
 0001:00000700       ??1?$vector@VNetResource@@V?$allocator@VNetResource@@@std@@@std@@QEAA@XZ 0000000180001700 f i Network.obj
 0001:000007b0       ??1?$basic_string@_WU?$char_traits@_W@std@@V?$allocator@_W@2@@std@@QEAA@XZ 00000001800017b0 f i Network.obj
 0001:00000820       ?_Destroy@?$vector@VNetResource@@V?$allocator@VNetResource@@@std@@@std@@AEAAXPEAVNetResource@@0@Z 0000000180001820 f i Network.obj
 0001:00000860       ?deallocate@?$allocator@VNetResource@@@std@@QEAAXQEAVNetResource@@_K@Z 0000000180001860 f i Network.obj
 0001:000008b0       ??1NetResource@@QEAA@XZ    00000001800018b0 f i Network.obj
 0001:00000a20       ?SaveValue@PluginCheckBoxBinding@@UEAAXPEBUFarDialogItem@@H@Z 0000000180001a20 f i NetCfg.obj
 0001:00000a90       ??_GPluginEditFieldBinding@@UEAAPEAXI@Z 0000000180001a90 f i NetClass.obj
 0001:00000a90       ??_EPluginEditFieldBinding@@UEAAPEAXI@Z 0000000180001a90 f i * CIL library *:* CIL module *
 0001:00000a90       ??_GPluginCheckBoxBinding@@UEAAPEAXI@Z 0000000180001a90 f i NetCfg.obj
 0001:00000a90       ??_EPluginCheckBoxBinding@@UEAAPEAXI@Z 0000000180001a90 f i * CIL library *:* CIL module *
 0001:00000ac0       ?SaveValue@PluginRadioButtonBinding@@UEAAXPEBUFarDialogItem@@H@Z 0000000180001ac0 f i NetCfg.obj
 0001:00000b10       ??_EPluginRadioButtonBinding@@UEAAPEAXI@Z 0000000180001b10 f i * CIL library *:* CIL module *
 0001:00000b10       ??_GPluginRadioButtonBinding@@UEAAPEAXI@Z 0000000180001b10 f i NetCfg.obj
 0001:00000b40       ??0PluginDialogBuilder@@QEAA@AEBUPluginStartupInfo@@AEBU_GUID@@1HPEB_WP6A_JPEAX_J43@Z3_K@Z 0000000180001b40 f i NetCfg.obj
 0001:00000d70       ??1PluginDialogBuilder@@QEAA@XZ 0000000180001d70 f i NetCfg.obj
 0001:00000df0       ?AddRadioButtons@PluginDialogBuilder@@QEAAPEAUFarDialogItem@@PEAHHQEBH_N@Z 0000000180001df0 f i NetCfg.obj
 0001:00001110       ?AddButtons@PluginDialogBuilder@@QEAAXHPEBHHH@Z 0000000180002110 f i NetCfg.obj
 0001:00001410       ?ShowDialogEx@PluginDialogBuilder@@QEAA_JXZ 0000000180002410 f i NetCfg.obj
 0001:00001760       ?AddDialogItem@PluginDialogBuilder@@AEAAPEAUFarDialogItem@@W4FARDIALOGITEMTYPES@@PEB_W@Z 0000000180002760 f i NetCfg.obj
 0001:00001910       ?ItemWidth@PluginDialogBuilder@@CA_JAEBUFarDialogItem@@@Z 0000000180002910 f i NetCfg.obj
 0001:000019a0       ??1PluginSettings@@QEAA@XZ 00000001800029a0 f i NetCfg.obj
 0001:000019c0       ?Config@@YAHXZ             00000001800029c0 f   NetCfg.obj
 0001:000022d0       ?Read@Options@@SAXXZ       00000001800032d0 f   NetCfg.obj
 0001:00002720       ?Write@Options@@SAXXZ      0000000180003720 f   NetCfg.obj
 0001:00002a40       ??0exception@std@@QEAA@AEBV01@@Z 0000000180003a40 f i NetClass.obj
 0001:00002a80       ?what@exception@std@@UEBAPEBDXZ 0000000180003a80 f i NetClass.obj
 0001:00002aa0       ??_Gout_of_range@std@@UEAAPEAXI@Z 0000000180003aa0 f i libcpmt:xthrow.obj
 0001:00002aa0       ??_Ebad_exception@std@@UEAAPEAXI@Z 0000000180003aa0 f i libvcruntime:frame.obj
 0001:00002aa0       ??_Glength_error@std@@UEAAPEAXI@Z 0000000180003aa0 f i libcpmt:xthrow.obj
 0001:00002aa0       ??_Ebad_alloc@std@@UEAAPEAXI@Z 0000000180003aa0 f i * CIL library *:* CIL module *
 0001:00002aa0       ??_Gbad_array_new_length@std@@UEAAPEAXI@Z 0000000180003aa0 f i NetClass.obj
 0001:00002aa0       ??_Gbad_exception@std@@UEAAPEAXI@Z 0000000180003aa0 f i libvcruntime:frame.obj
 0001:00002aa0       ??_Gbad_alloc@std@@UEAAPEAXI@Z 0000000180003aa0 f i NetClass.obj
 0001:00002aa0       ??_Ebad_array_new_length@std@@UEAAPEAXI@Z 0000000180003aa0 f i * CIL library *:* CIL module *
 0001:00002aa0       ??_Glogic_error@std@@UEAAPEAXI@Z 0000000180003aa0 f i libcpmt:xthrow.obj
 0001:00002aa0       ??_Gexception@std@@UEAAPEAXI@Z 0000000180003aa0 f i NetClass.obj
 0001:00002aa0       ??_Elogic_error@std@@UEAAPEAXI@Z 0000000180003aa0 f i libcpmt:xthrow.obj
 0001:00002aa0       ??_Eout_of_range@std@@UEAAPEAXI@Z 0000000180003aa0 f i libcpmt:xthrow.obj
 0001:00002aa0       ??_Eexception@std@@UEAAPEAXI@Z 0000000180003aa0 f i * CIL library *:* CIL module *
 0001:00002aa0       ??_Elength_error@std@@UEAAPEAXI@Z 0000000180003aa0 f i libcpmt:xthrow.obj
 0001:00002af0       ??1out_of_range@std@@UEAA@XZ 0000000180003af0 f i libcpmt:xthrow.obj
 0001:00002af0       ??1bad_alloc@std@@UEAA@XZ  0000000180003af0 f i NetClass.obj
 0001:00002af0       ??1length_error@std@@UEAA@XZ 0000000180003af0 f i libcpmt:xthrow.obj
 0001:00002af0       ??1bad_exception@std@@UEAA@XZ 0000000180003af0 f i libvcruntime:frame.obj
 0001:00002af0       ??1bad_array_new_length@std@@UEAA@XZ 0000000180003af0 f i NetClass.obj
 0001:00002b10       ??0bad_array_new_length@std@@QEAA@XZ 0000000180003b10 f i NetClass.obj
 0001:00002b40       ?_Throw_bad_array_new_length@std@@YAXXZ 0000000180003b40 f i NetClass.obj
 0001:00002b40       ?__scrt_throw_std_bad_array_new_length@@YAXXZ 0000000180003b40 f i LIBCMT:throw_bad_alloc.obj
 0001:00002b60       ??0bad_array_new_length@std@@QEAA@AEBV01@@Z 0000000180003b60 f i NetClass.obj
 0001:00002ba0       ??0bad_alloc@std@@QEAA@AEBV01@@Z 0000000180003ba0 f i NetClass.obj
 0001:00002be0       ?_Xlen_string@std@@YAXXZ   0000000180003be0 f i NetClass.obj
 0001:00002c00       ??0NetResource@@QEAA@AEAU_NETRESOURCEW@@@Z 0000000180003c00 f i NetClass.obj
 0001:00002d70       ?SaveValue@PluginEditFieldBinding@@UEAAXPEBUFarDialogItem@@H@Z 0000000180003d70 f i NetClass.obj
 0001:00002de0       ?Clear@NetResourceList@@QEAAXXZ 0000000180003de0 f   NetClass.obj
 0001:00002e40       ?Push@NetResourceList@@QEAAXAEBVNetResource@@@Z 0000000180003e40 f   NetClass.obj
 0001:00002ef0       ?Enumerate@NetResourceList@@QEAA_NKKKPEAVNetResource@@@Z 0000000180003ef0 f   NetClass.obj
 0001:00003190       ??0NetBrowser@@QEAA@XZ     0000000180004190 f   NetClass.obj
 0001:000033c0       ??4NetResource@@QEAAAEAV0@AEBV0@@Z 00000001800043c0 f i NetClass.obj
 0001:00003480       ?EnumerateNetList@NetBrowser@@AEAA_NXZ 0000000180004480 f   NetClass.obj
 0001:000036c0       ?GetFindData@NetBrowser@@QEAAHPEAPEAUPluginPanelItem@@PEA_K_K@Z 00000001800046c0 f   NetClass.obj
 0001:00003b60       ?ProcessEvent@NetBrowser@@QEAAH_JPEAX@Z 0000000180004b60 f   NetClass.obj
 0001:00003d50       ?CancelConnection@NetBrowser@@AEAA_NPEB_W@Z 0000000180004d50 f   NetClass.obj
 0001:00004080       ?GetDriveToDisconnect@NetBrowser@@AEAA_NPEB_WPEA_W@Z 0000000180005080 f   NetClass.obj
 0001:00004280       ?ConfirmCancelConnection@NetBrowser@@CA_NPEA_W0AEAH@Z 0000000180005280 f   NetClass.obj
 0001:00004720       ?GetOpenPanelInfo@NetBrowser@@QEAAXPEAUOpenPanelInfo@@@Z 0000000180005720 f   NetClass.obj
 0001:00004ac0       ?SetDirectory@NetBrowser@@QEAAHPEB_W_K@Z 0000000180005ac0 f   NetClass.obj
 0001:00004f50       ?ChangeToDirectory@NetBrowser@@AEAA_NPEB_W_K_N@Z 0000000180005f50 f   NetClass.obj
 0001:00005590       ?IsMSNetResource@NetBrowser@@SA_NAEBVNetResource@@@Z 0000000180006590 f   NetClass.obj
 0001:000056b0       ?IsResourceReadable@NetBrowser@@SA_NAEBVNetResource@@@Z 00000001800066b0 f   NetClass.obj
 0001:00005800       ?GetResourceInfo@NetBrowser@@SA_NPEA_WAEAVNetResource@@@Z 0000000180006800 f   NetClass.obj
 0001:00005970       ??4NetResource@@QEAAAEAV0@$$QEAV0@@Z 0000000180006970 f i NetClass.obj
 0001:000059e0       ?GetResourceParent@NetBrowser@@SA_NAEBVNetResource@@PEAV2@@Z 00000001800069e0 f   NetClass.obj
 0001:00005c70       ?EditFavorites@NetBrowser@@QEAA_NXZ 0000000180006c70 f   NetClass.obj
 0001:00006290       ?ProcessKey@NetBrowser@@QEAAHPEBU_INPUT_RECORD@@@Z 0000000180007290 f   NetClass.obj
 0001:000067b0       ?MapNetworkDrive@NetBrowser@@CA_NPEB_W_N1@Z 00000001800077b0 f   NetClass.obj
 0001:00006ff0       ?AskMapDrive@NetBrowser@@CA_NPEA_WAEA_N@Z 0000000180007ff0 f   NetClass.obj
 0001:00007230       ?AddConnection@NetBrowser@@SA_NAEBVNetResource@@_N@Z 0000000180008230 f   NetClass.obj
 0001:000072f0       ?AddConnectionExplicit@NetBrowser@@SA_NPEBVNetResource@@_N@Z 00000001800082f0 f   NetClass.obj
 0001:00007400       ?AddConnectionWithLogon@NetBrowser@@SA_NPEBVNetResource@@PEA_WPEB_W_N@Z 0000000180008400 f   NetClass.obj
 0001:00007670       ?AddConnectionFromFavorites@NetBrowser@@SA_NPEBVNetResource@@_N@Z 0000000180008670 f   NetClass.obj
 0001:00007720       ?DisconnectFromServer@NetBrowser@@CAXPEBVNetResource@@@Z 0000000180008720 f   NetClass.obj
 0001:00007990       ?GetLocalName@NetBrowser@@AEAA?AV?$basic_string@_WU?$char_traits@_W@std@@V?$allocator@_W@2@@std@@PEBV23@@Z 0000000180008990 f   NetClass.obj
 0001:00007ae0       ?GetNameAndPassword@NetBrowser@@CA_NPEAUNameAndPassInfo@@@Z 0000000180008ae0 f   NetClass.obj
 0001:00008c00       ?FileNames2Clipboard@NetBrowser@@AEAAX_N@Z 0000000180009c00 f   NetClass.obj
 0001:00008f20       ?GetRemoteName@NetBrowser@@CA?AV?$basic_string@_WU?$char_traits@_W@std@@V?$allocator@_W@2@@std@@PEAVNetResource@@@Z 0000000180009f20 f   NetClass.obj
 0001:000090b0       ?IsReadable@NetBrowser@@CA_NAEBV?$basic_string@_WU?$char_traits@_W@std@@V?$allocator@_W@2@@std@@@Z 000000018000a0b0 f   NetClass.obj
 0001:00009660       ?SetOpenFromCommandLine@NetBrowser@@QEAA_NPEA_W@Z 000000018000a660 f   NetClass.obj
 0001:000098f0       ?SetOpenFromFilePanel@NetBrowser@@QEAA_NPEA_W@Z 000000018000a8f0 f   NetClass.obj
 0001:00009b00       ?GotoComputer@NetBrowser@@AEAA_NPEB_W@Z 000000018000ab00 f   NetClass.obj
 0001:0000a2f0       ?GotoLocalNetwork@NetBrowser@@QEAAXXZ 000000018000b2f0 f   NetClass.obj
 0001:0000a660       ?RemoveItems@NetBrowser@@AEAAXXZ 000000018000b660 f   NetClass.obj
 0001:0000a8f0       ?GetHiddenShares@NetBrowser@@AEAAXXZ 000000018000b8f0 f   NetClass.obj
 0001:0000ae10       ?compare@?$basic_string@_WU?$char_traits@_W@std@@V?$allocator@_W@2@@std@@QEBAH_K0QEB_W@Z 000000018000be10 f i NetClass.obj
 0001:0000aea0       ??4?$basic_string@_WU?$char_traits@_W@std@@V?$allocator@_W@2@@std@@QEAAAEAV01@$$QEAV01@@Z 000000018000bea0 f i NetClass.obj
 0001:0000af40       ?assign@?$basic_string@_WU?$char_traits@_W@std@@V?$allocator@_W@2@@std@@QEAAAEAV12@QEB_W_K@Z 000000018000bf40 f i NetClass.obj
 0001:0000b0e0       ?_Xran@?$_String_val@U?$_Simple_types@_W@std@@@std@@SAXXZ 000000018000c0e0 f i NetClass.obj
 0001:0000b100       ?allocate@?$allocator@_W@std@@QEAAPEA_W_K@Z 000000018000c100 f i NetClass.obj
 0001:0000b170       ??$_Emplace_reallocate@AEBVNetResource@@@?$vector@VNetResource@@V?$allocator@VNetResource@@@std@@@std@@QEAAPEAVNetResource@@QEAV2@AEBV2@@Z 000000018000c170 f i NetClass.obj
 0001:0000b3f0       ??$_Emplace_reallocate@AEAU_NETRESOURCEW@@@?$vector@VNetResource@@V?$allocator@VNetResource@@@std@@@std@@QEAAPEAVNetResource@@QEAV2@AEAU_NETRESOURCEW@@@Z 000000018000c3f0 f i NetClass.obj
 0001:0000b600       ??$?8_WU?$char_traits@_W@std@@V?$allocator@_W@1@@std@@YA_NAEBV?$basic_string@_WU?$char_traits@_W@std@@V?$allocator@_W@2@@0@0@Z 000000018000c600 f i NetClass.obj
 0001:0000b670       ??$_Reallocate_grow_by@V<lambda_1>@?1??append@?$basic_string@_WU?$char_traits@_W@std@@V?$allocator@_W@2@@std@@QEAAAEAV34@QEB_W_K@Z@PEB_W_K@?$basic_string@_WU?$char_traits@_W@std@@V?$allocator@_W@2@@std@@AEAAAEAV01@_KV<lambda_1>@?1??append@01@QEAAAEAV01@QEB_W0@Z@PEB_W_K@Z 000000018000c670 f i NetClass.obj
 0001:0000b830       ?_Xlength@?$vector@VNetResource@@V?$allocator@VNetResource@@@std@@@std@@CAXXZ 000000018000c830 f i NetClass.obj
 0001:0000b830       ?_Xlength@?$vector@V?$basic_string@_WU?$char_traits@_W@std@@V?$allocator@_W@2@@std@@V?$allocator@V?$basic_string@_WU?$char_traits@_W@std@@V?$allocator@_W@2@@std@@@2@@std@@CAXXZ 000000018000c830 f i NetFavorites.obj
 0001:0000b850       ?_Change_array@?$vector@VNetResource@@V?$allocator@VNetResource@@@std@@@std@@AEAAXQEAVNetResource@@_K1@Z 000000018000c850 f i NetClass.obj
 0001:0000b930       ??0?$basic_string@_WU?$char_traits@_W@std@@V?$allocator@_W@2@@std@@QEAA@AEBV01@@Z 000000018000c930 f i NetClass.obj
 0001:0000ba30       ??$_Assign_range@PEAVNetResource@@@?$vector@VNetResource@@V?$allocator@VNetResource@@@std@@@std@@AEAAXPEAVNetResource@@0Uforward_iterator_tag@1@@Z 000000018000ca30 f i NetClass.obj
 0001:0000bbb0       ??$_Reallocate_grow_by@V<lambda_1>@?1??insert@?$basic_string@_WU?$char_traits@_W@std@@V?$allocator@_W@2@@std@@QEAAAEAV34@_KQEB_W0@Z@_KPEB_W_K@?$basic_string@_WU?$char_traits@_W@std@@V?$allocator@_W@2@@std@@AEAAAEAV01@_KV<lambda_1>@?1??insert@01@QEAAAEAV01@0QEB_W0@Z@_KPEB_W3@Z 000000018000cbb0 f i NetClass.obj
 0001:0000bd60       ??1?$_Uninitialized_backout_al@V?$allocator@VNetResource@@@std@@@std@@QEAA@XZ 000000018000cd60 f i NetClass.obj
 0001:0000bda0       ?_Clear_and_reserve_geometric@?$vector@VNetResource@@V?$allocator@VNetResource@@@std@@@std@@AEAAX_K@Z 000000018000cda0 f i NetClass.obj
 0001:0000bf20       ??$_Copy_unchecked@PEAVNetResource@@PEAV1@@std@@YAPEAVNetResource@@PEAV1@00@Z 000000018000cf20 f i NetClass.obj
 0001:0000c020       ??0NetResource@@QEAA@$$QEAV0@@Z 000000018000d020 f i NetClass.obj
 0001:0000c100       ??0TSaveScreen@@QEAA@XZ    000000018000d100 f   NetCommon.obj
 0001:0000c1a0       ??1TSaveScreen@@QEAA@XZ    000000018000d1a0 f   NetCommon.obj
 0001:0000c9b0       ?EnumFavorites@@YA_NPEBVNetResource@@PEAVNetResourceList@@@Z 000000018000d9b0 f   NetFavorites.obj
 0001:0000ce30       ?InFavoriteExists@@YA_NPEB_W@Z 000000018000de30 f   NetFavorites.obj
 0001:0000d020       ?WriteFavoriteItem@@YAXPEBUFAVORITEITEM@@@Z 000000018000e020 f   NetFavorites.obj
 0001:0000d280       ?ReadFavoriteItem@@YA_NPEAUFAVORITEITEM@@@Z 000000018000e280 f   NetFavorites.obj
 0001:0000d510       ?GetFavoritesParent@@YA_NAEBVNetResource@@PEAV1@@Z 000000018000e510 f   NetFavorites.obj
 0001:0000d6c0       ?GetFavoriteResource@@YA_NPEB_WPEAVNetResource@@@Z 000000018000e6c0 f   NetFavorites.obj
 0001:0000d830       ?RemoveFromFavorites@@YA_NPEB_W@Z 000000018000e830 f   NetFavorites.obj
 0001:0000da30       ??1?$vector@V?$basic_string@_WU?$char_traits@_W@std@@V?$allocator@_W@2@@std@@V?$allocator@V?$basic_string@_WU?$char_traits@_W@std@@V?$allocator@_W@2@@std@@@2@@std@@QEAA@XZ 000000018000ea30 f i NetFavorites.obj
 0001:0000daa0       ?_Reallocate_exactly@?$vector@V?$basic_string@_WU?$char_traits@_W@std@@V?$allocator@_W@2@@std@@V?$allocator@V?$basic_string@_WU?$char_traits@_W@std@@V?$allocator@_W@2@@std@@@2@@std@@AEAAX_K@Z 000000018000eaa0 f i NetFavorites.obj
 0001:0000db50       ?_Change_array@?$vector@V?$basic_string@_WU?$char_traits@_W@std@@V?$allocator@_W@2@@std@@V?$allocator@V?$basic_string@_WU?$char_traits@_W@std@@V?$allocator@_W@2@@std@@@2@@std@@AEAAXQEAV?$basic_string@_WU?$char_traits@_W@std@@V?$allocator@_W@2@@2@_K1@Z 000000018000eb50 f i NetFavorites.obj
 0001:0000dbf0       ?_Destroy@?$vector@V?$basic_string@_WU?$char_traits@_W@std@@V?$allocator@_W@2@@std@@V?$allocator@V?$basic_string@_WU?$char_traits@_W@std@@V?$allocator@_W@2@@std@@@2@@std@@AEAAXPEAV?$basic_string@_WU?$char_traits@_W@std@@V?$allocator@_W@2@@2@0@Z 000000018000ebf0 f i NetFavorites.obj
 0001:0000dc00       ?_Umove_if_noexcept@?$vector@V?$basic_string@_WU?$char_traits@_W@std@@V?$allocator@_W@2@@std@@V?$allocator@V?$basic_string@_WU?$char_traits@_W@std@@V?$allocator@_W@2@@std@@@2@@std@@AEAAXPEAV?$basic_string@_WU?$char_traits@_W@std@@V?$allocator@_W@2@@2@00@Z 000000018000ec00 f i NetFavorites.obj
 0001:0000dc70       ?deallocate@?$allocator@V?$basic_string@_WU?$char_traits@_W@std@@V?$allocator@_W@2@@std@@@std@@QEAAXQEAV?$basic_string@_WU?$char_traits@_W@std@@V?$allocator@_W@2@@2@_K@Z 000000018000ec70 f i NetFavorites.obj
 0001:0000dcc0       ??$_Emplace_reallocate@AEAY09$$CB_W@?$vector@V?$basic_string@_WU?$char_traits@_W@std@@V?$allocator@_W@2@@std@@V?$allocator@V?$basic_string@_WU?$char_traits@_W@std@@V?$allocator@_W@2@@std@@@2@@std@@QEAAPEAV?$basic_string@_WU?$char_traits@_W@std@@V?$allocator@_W@2@@1@QEAV21@AEAY09$$CB_W@Z 000000018000ecc0 f i NetFavorites.obj
 0001:0000de70       ??$?8_WU?$char_traits@_W@std@@V?$allocator@_W@1@@std@@YA_NAEBV?$basic_string@_WU?$char_traits@_W@std@@V?$allocator@_W@2@@0@QEB_W@Z 000000018000ee70 f i NetFavorites.obj
 0001:0000def0       ??$_Emplace_reallocate@AEBV?$basic_string@_WU?$char_traits@_W@std@@V?$allocator@_W@2@@std@@@?$vector@V?$basic_string@_WU?$char_traits@_W@std@@V?$allocator@_W@2@@std@@V?$allocator@V?$basic_string@_WU?$char_traits@_W@std@@V?$allocator@_W@2@@std@@@2@@std@@QEAAPEAV?$basic_string@_WU?$char_traits@_W@std@@V?$allocator@_W@2@@1@QEAV21@AEBV21@@Z 000000018000eef0 f i NetFavorites.obj
 0001:0000e070       ??$_Destroy_range@V?$allocator@V?$basic_string@_WU?$char_traits@_W@std@@V?$allocator@_W@2@@std@@@std@@@std@@YAXPEAV?$basic_string@_WU?$char_traits@_W@std@@V?$allocator@_W@2@@0@QEAV10@AEAV?$allocator@V?$basic_string@_WU?$char_traits@_W@std@@V?$allocator@_W@2@@std@@@0@@Z 000000018000f070 f i NetFavorites.obj
 0001:0000e100       ?_Umove@?$vector@V?$basic_string@_WU?$char_traits@_W@std@@V?$allocator@_W@2@@std@@V?$allocator@V?$basic_string@_WU?$char_traits@_W@std@@V?$allocator@_W@2@@std@@@2@@std@@AEAAPEAV?$basic_string@_WU?$char_traits@_W@std@@V?$allocator@_W@2@@2@PEAV32@00@Z 000000018000f100 f i NetFavorites.obj
 0001:0000e170       ??0bad_alloc@std@@QEAA@XZ  000000018000f170 f i libcpmt:xthrow.obj
 0001:0000e190       ??0length_error@std@@QEAA@AEBV01@@Z 000000018000f190 f i libcpmt:xthrow.obj
 0001:0000e1cc       ??0length_error@std@@QEAA@PEBD@Z 000000018000f1cc f i libcpmt:xthrow.obj
 0001:0000e214       ??0logic_error@std@@QEAA@AEBV01@@Z 000000018000f214 f i libcpmt:xthrow.obj
 0001:0000e250       ??0out_of_range@std@@QEAA@AEBV01@@Z 000000018000f250 f i libcpmt:xthrow.obj
 0001:0000e28c       ??0out_of_range@std@@QEAA@PEBD@Z 000000018000f28c f i libcpmt:xthrow.obj
 0001:0000e2d4       ?_Xlength_error@std@@YAXPEBD@Z 000000018000f2d4 f   libcpmt:xthrow.obj
 0001:0000e2f8       ?_Xout_of_range@std@@YAXPEBD@Z 000000018000f2f8 f   libcpmt:xthrow.obj
 0001:0000e330       __security_check_cookie    000000018000f330 f   LIBCMT:amdsecgs.obj
 0001:0000e350       __raise_securityfailure    000000018000f350 f   LIBCMT:gs_report.obj
 0001:0000e384       __report_gsfailure         000000018000f384 f   LIBCMT:gs_report.obj
 0001:0000e458       __report_rangecheckfailure 000000018000f458 f   LIBCMT:gs_report.obj
 0001:0000e46c       __report_securityfailure   000000018000f46c f   LIBCMT:gs_report.obj
 0001:0000e5ec       ??2@YAPEAX_K@Z             000000018000f5ec f   LIBCMT:new_scalar.obj
 0001:0000e628       ??3@YAXPEAX@Z              000000018000f628 f   LIBCMT:delete_scalar.obj
 0001:0000e630       ??_V@YAXPEAX@Z             000000018000f630 f   LIBCMT:delete_array.obj
 0001:0000e630       ??3@YAXPEAX_K@Z            000000018000f630 f   LIBCMT:delete_scalar_size.obj
 0001:0000e638       ??_U@YAPEAX_K@Z            000000018000f638 f   LIBCMT:new_array.obj
 0001:0000e640       ??_Etype_info@@UEAAPEAXI@Z 000000018000f640 f i LIBCMT:std_type_info_static.obj
 0001:0000e640       ??_Gtype_info@@UEAAPEAXI@Z 000000018000f640 f i LIBCMT:std_type_info_static.obj
 0001:0000e66c       __scrt_acquire_startup_lock 000000018000f66c f   LIBCMT:utility.obj
 0001:0000e6a8       __scrt_dllmain_after_initialize_c 000000018000f6a8 f   LIBCMT:utility.obj
 0001:0000e6dc       __scrt_dllmain_before_initialize_c 000000018000f6dc f   LIBCMT:utility.obj
 0001:0000e6f4       __scrt_dllmain_crt_thread_attach 000000018000f6f4 f   LIBCMT:utility.obj
 0001:0000e71c       __scrt_dllmain_crt_thread_detach 000000018000f71c f   LIBCMT:utility.obj
 0001:0000e734       __scrt_dllmain_exception_filter 000000018000f734 f   LIBCMT:utility.obj
 0001:0000e794       __scrt_dllmain_uninitialize_c 000000018000f794 f   LIBCMT:utility.obj
 0001:0000e7c4       __scrt_dllmain_uninitialize_critical 000000018000f7c4 f   LIBCMT:utility.obj
 0001:0000e7d8       __scrt_initialize_crt      000000018000f7d8 f   LIBCMT:utility.obj
 0001:0000e824       __scrt_initialize_onexit_tables 000000018000f824 f   LIBCMT:utility.obj
 0001:0000e8b0       __scrt_is_nonwritable_in_current_image 000000018000f8b0 f   LIBCMT:utility.obj
 0001:0000e948       __scrt_release_startup_lock 000000018000f948 f   LIBCMT:utility.obj
 0001:0000e96c       __scrt_uninitialize_crt    000000018000f96c f   LIBCMT:utility.obj
 0001:0000e998       _onexit                    000000018000f998 f   LIBCMT:utility.obj
 0001:0000e9d4       atexit                     000000018000f9d4 f   LIBCMT:utility.obj
 0001:0000ed0c       _DllMainCRTStartup         000000018000fd0c f   LIBCMT:dll_dllmain.obj
 0001:0000ed4c       ?__scrt_throw_std_bad_alloc@@YAXXZ 000000018000fd4c f   LIBCMT:throw_bad_alloc.obj
 0001:0000ed6c       __isa_available_init       000000018000fd6c f   LIBCMT:cpu_disp.obj
 0001:0000ef10       _get_startup_argv_mode     000000018000ff10 f   LIBCMT:argv_mode.obj
 0001:0000ef10       DllMain                    000000018000ff10 f   LIBCMT:dll_dllmain_stub.obj
 0001:0000ef18       __scrt_is_ucrt_dll_in_use  000000018000ff18 f   LIBCMT:ucrt_detection.obj
 0001:0000ef24       __crt_debugger_hook        000000018000ff24 f   LIBCMT:utility_desktop.obj
 0001:0000ef2c       __scrt_fastfail            000000018000ff2c f   LIBCMT:utility_desktop.obj
 0001:0000f078       _guard_check_icall_nop     0000000180010078 f i LIBCMT:guard_support.obj
 0001:0000f07c       __security_init_cookie     000000018001007c f   LIBCMT:gs_support.obj
 0001:0000f128       ?__scrt_initialize_type_info@@YAXXZ 0000000180010128 f   LIBCMT:tncleanup.obj
 0001:0000f138       ?__scrt_uninitialize_type_info@@YAXXZ 0000000180010138 f   LIBCMT:tncleanup.obj
 0001:0000f144       __local_stdio_printf_options 0000000180010144 f i LIBCMT:default_local_stdio_options.obj
 0001:0000f14c       __local_stdio_scanf_options 000000018001014c f i LIBCMT:default_local_stdio_options.obj
 0001:0000f154       __scrt_initialize_default_local_stdio_options 0000000180010154 f   LIBCMT:default_local_stdio_options.obj
 0001:0000f170       __scrt_get_dyn_tls_init_callback 0000000180010170 f   LIBCMT:dyn_tls_init.obj
 0001:0000f178       _RTC_Initialize            0000000180010178 f   LIBCMT:initsect.obj
 0001:0000f1b4       _RTC_Terminate             00000001800101b4 f   LIBCMT:initsect.obj
 0001:0000f1f0       ??$_CallSETranslator@V__FrameHandler4@@@@YAHPEAUEHExceptionRecord@@PEA_KPEAU_CONTEXT@@PEAU_xDISPATCHER_CONTEXT@@PEAUFuncInfo4@FH4@@K1H@Z 00000001800101f0 f i libvcruntime:risctrnsctrl.obj
 0001:0000f244       ?DecompFuncInfo@FH4@@YA_JPEAEAEAUFuncInfo4@1@_KH_N@Z 0000000180010244 f i libvcruntime:risctrnsctrl.obj
 0001:0000f368       ?ExecutionInCatch@__FrameHandler4@@SA_NPEAU_xDISPATCHER_CONTEXT@@PEAUFuncInfo4@FH4@@@Z 0000000180010368 f   libvcruntime:risctrnsctrl.obj
 0001:0000f370       ?FrameUnwindToEmptyState@__FrameHandler4@@SAXPEA_KPEAU_xDISPATCHER_CONTEXT@@PEAUFuncInfo4@FH4@@@Z 0000000180010370 f   libvcruntime:risctrnsctrl.obj
 0001:0000f3a4       ?GetEstablisherFrame@__FrameHandler4@@SAPEA_KPEA_KPEAU_xDISPATCHER_CONTEXT@@PEAUFuncInfo4@FH4@@0@Z 00000001800103a4 f   libvcruntime:risctrnsctrl.obj
 0001:0000f3c8       ?GetRangeOfTrysToCheck@__FrameHandler4@@SA?AU?$pair@Viterator@TryBlockMap4@FH4@@V123@@std@@AEAVTryBlockMap4@FH4@@HPEAU_xDISPATCHER_CONTEXT@@PEAUFuncInfo4@5@H@Z 00000001800103c8 f   libvcruntime:risctrnsctrl.obj
 0001:0000f530       ?UnwindNestedFrames@__FrameHandler4@@SAXPEA_KPEAUEHExceptionRecord@@PEAU_CONTEXT@@0PEAXPEAUFuncInfo4@FH4@@HHPEAUHandlerType4@5@PEAU_xDISPATCHER_CONTEXT@@E@Z 0000000180010530 f   libvcruntime:risctrnsctrl.obj
 0001:0000f650       ?setBuffer@TryBlockMap4@FH4@@QEAAXViterator@12@@Z 0000000180010650 f i libvcruntime:risctrnsctrl.obj
 0001:0000f810       _CreateFrameInfo           0000000180010810 f   libvcruntime:risctrnsctrl.obj
 0001:0000f84c       _FindAndUnlinkFrame        000000018001084c f   libvcruntime:risctrnsctrl.obj
 0001:0000f8a0       _GetImageBase              00000001800108a0 f   libvcruntime:risctrnsctrl.obj
 0001:0000f8b4       _GetThrowImageBase         00000001800108b4 f   libvcruntime:risctrnsctrl.obj
 0001:0000f8c8       _SetImageBase              00000001800108c8 f   libvcruntime:risctrnsctrl.obj
 0001:0000f8e0       _SetThrowImageBase         00000001800108e0 f   libvcruntime:risctrnsctrl.obj
 0001:0000f8f8       __CxxFrameHandler4         00000001800108f8 f   libvcruntime:risctrnsctrl.obj
 0001:0000f9b8       __DestructExceptionObject  00000001800109b8 f   libvcruntime:ehhelpers.obj
 0001:0000fa28       ?_CallMemberFunction0@@YAXQEAX0@Z 0000000180010a28 f i libvcruntime:ehhelpers.obj
 0001:0000fa2c       _IsExceptionObjectToBeDestroyed 0000000180010a2c f   libvcruntime:ehhelpers.obj
 0001:0000fa5c       __AdjustPointer            0000000180010a5c f   libvcruntime:ehhelpers.obj
 0001:0000fa80       __FrameUnwindFilter        0000000180010a80 f   libvcruntime:ehhelpers.obj
 0001:0000fae8       __std_terminate            0000000180010ae8 f   libvcruntime:ehhelpers.obj
 0001:0000faf4       __std_exception_copy       0000000180010af4 f   libvcruntime:std_exception.obj
 0001:0000fb84       __std_exception_destroy    0000000180010b84 f   libvcruntime:std_exception.obj
 0001:0000fbac       wcschr                     0000000180010bac f   libvcruntime:wcschr.obj
 0001:0000fc28       _CxxThrowException         0000000180010c28 f   libvcruntime:throw.obj
 0001:0000fcc8       __vcrt_initialize          0000000180010cc8 f   libvcruntime:initialization.obj
 0001:0000fcf0       __vcrt_thread_attach       0000000180010cf0 f   libvcruntime:initialization.obj
 0001:0000fd04       __vcrt_thread_detach       0000000180010d04 f   libvcruntime:initialization.obj
 0001:0000fd18       __vcrt_uninitialize        0000000180010d18 f   libvcruntime:initialization.obj
 0001:0000fd34       __vcrt_uninitialize_critical 0000000180010d34 f   libvcruntime:initialization.obj
 0001:0000fd44       __C_specific_handler       0000000180010d44 f   libvcruntime:riscchandler.obj
 0001:0000ff60       memset_repmovs             0000000180010f60 f   libvcruntime:memset.obj
 0001:0000ff80       memset                     0000000180010f80 f   libvcruntime:memset.obj
 0001:00010110       __std_type_info_compare    0000000180011110 f   libvcruntime:std_type_info.obj
 0001:00010138       __std_type_info_destroy_list 0000000180011138 f   libvcruntime:std_type_info.obj
 0001:00010164       __vcrt_freefls             0000000180011164 f   libvcruntime:per_thread_data.obj
 0001:00010184       __vcrt_freeptd             0000000180011184 f   libvcruntime:per_thread_data.obj
 0001:000101d4       __vcrt_getptd              00000001800111d4 f   libvcruntime:per_thread_data.obj
 0001:000101f0       __vcrt_getptd_noexit       00000001800111f0 f   libvcruntime:per_thread_data.obj
 0001:000102b0       __vcrt_initialize_ptd      00000001800112b0 f   libvcruntime:per_thread_data.obj
 0001:000102f8       __vcrt_uninitialize_ptd    00000001800112f8 f   libvcruntime:per_thread_data.obj
 0001:0001031c       ?StateFromControlPc@__FrameHandler4@@SAHPEAUFuncInfo4@FH4@@PEAU_xDISPATCHER_CONTEXT@@@Z 000000018001131c f   libvcruntime:ehstate.obj
 0001:00010324       ?StateFromIp@__FrameHandler4@@SAHPEAUFuncInfo4@FH4@@PEAU_xDISPATCHER_CONTEXT@@_K@Z 0000000180011324 f   libvcruntime:ehstate.obj
 0001:00010f94       ??$TypeMatchHelper@V__FrameHandler3@@@@YAHPEBU_s_HandlerType@@PEBU_s_CatchableType@@PEBU_s_ThrowInfo@@@Z 0000000180011f94 f i libvcruntime:frame.obj
 0001:000110d4       ??$TypeMatchHelper@V__FrameHandler4@@@@YAHPEAUHandlerType4@FH4@@PEBU_s_CatchableType@@PEBU_s_ThrowInfo@@@Z 00000001800120d4 f i libvcruntime:frame.obj
 0001:00011218       ??$__InternalCxxFrameHandler@V__FrameHandler4@@@@YA?AW4_EXCEPTION_DISPOSITION@@PEAUEHExceptionRecord@@PEA_KPEAU_CONTEXT@@PEAU_xDISPATCHER_CONTEXT@@PEAUFuncInfo4@FH4@@H1E@Z 0000000180012218 f i libvcruntime:frame.obj
 0001:000114ac       ??0HandlerMap4@FH4@@QEAA@PEBUTryBlockMapEntry4@1@_KH@Z 00000001800124ac f i libvcruntime:frame.obj
 0001:00011528       ??0TryBlockMap4@FH4@@QEAA@PEBUFuncInfo4@1@_K@Z 0000000180012528 f i libvcruntime:frame.obj
 0001:00011600       ??0bad_exception@std@@QEAA@AEBV01@@Z 0000000180012600 f i libvcruntime:frame.obj
 0001:0001163c       ??0bad_exception@std@@QEAA@XZ 000000018001263c f i libvcruntime:frame.obj
 0001:0001165c       ?CxxCallCatchBlock@__FrameHandler4@@SAPEAXPEAU_EXCEPTION_RECORD@@@Z 000000018001265c f   libvcruntime:frame.obj
 0001:000118ac       ?DecompHandler@HandlerMap4@FH4@@AEAAXXZ 00000001800128ac f i libvcruntime:frame.obj
 0001:00011aec       ?FrameUnwindToState@__FrameHandler4@@SAXPEA_KPEAU_xDISPATCHER_CONTEXT@@PEAUFuncInfo4@FH4@@H@Z 0000000180012aec f   libvcruntime:frame.obj
 0001:00011f4c       ?ReadEntry@UWMap4@FH4@@AEAAXPEAPEAE@Z 0000000180012f4c f i libvcruntime:frame.obj
 0001:00011fec       ?_CallMemberFunction1@@YAXQEAX00@Z 0000000180012fec f i libvcruntime:frame.obj
 0001:00011ff8       ?_CallMemberFunction2@@YAXQEAX00H@Z 0000000180012ff8 f i libvcruntime:frame.obj
 0001:00012008       ?getStartStop@UWMap4@FH4@@QEAAXHHAEAViterator@12@0@Z 0000000180013008 f i libvcruntime:frame.obj
 0001:000120d8       ?getStateFromIterators@UWMap4@FH4@@SAHAEBViterator@12@H0H0@Z 00000001800130d8 f i libvcruntime:frame.obj
 0001:000121a0       __vcrt_initialize_locks    00000001800131a0 f   libvcruntime:locks.obj
 0001:000121d4       __vcrt_uninitialize_locks  00000001800131d4 f   libvcruntime:locks.obj
 0001:00012220       _NLG_Notify                0000000180013220 f   libvcruntime:notify.obj
 0001:00012240       __NLG_Dispatch2            0000000180013240 f   libvcruntime:notify.obj
 0001:00012250       __NLG_Return2              0000000180013250 f   libvcruntime:notify.obj
 0001:00012254       __except_validate_context_record 0000000180013254 f   libvcruntime:jbcxrval.obj
 0001:000123dc       __vcrt_FlsAlloc            00000001800133dc f   libvcruntime:winapi_downlevel.obj
 0001:00012424       __vcrt_FlsFree             0000000180013424 f   libvcruntime:winapi_downlevel.obj
 0001:0001246c       __vcrt_FlsGetValue         000000018001346c f   libvcruntime:winapi_downlevel.obj
 0001:000124b4       __vcrt_FlsSetValue         00000001800134b4 f   libvcruntime:winapi_downlevel.obj
 0001:00012508       __vcrt_InitializeCriticalSectionEx 0000000180013508 f   libvcruntime:winapi_downlevel.obj
 0001:00012580       _CallSettingFrame          0000000180013580 f   libvcruntime:handlers.obj
 0001:000125d0       _CallSettingFrame_LookupContinuationIndex 00000001800135d0 f   libvcruntime:handlers.obj
 0001:00012600       _CallSettingFrame_NotifyContinuationAddr 0000000180013600 f   libvcruntime:handlers.obj
 0001:00012630       _CallSettingFrameEncoded   0000000180013630 f   libvcruntime:handlers.obj
 0001:00012690       memcpy_repmovs             0000000180013690 f   libvcruntime:memcpy.obj
 0001:000126b0       memcpy                     00000001800136b0 f   libvcruntime:memcpy.obj
 0001:000126b0       memmove                    00000001800136b0 f   libvcruntime:memcpy.obj
 0001:00012d28       __acrt_call_reportfault    0000000180013d28 f   libucrt:invalid_parameter.obj
 0001:00012e84       __acrt_initialize_invalid_parameter_handler 0000000180013e84 f   libucrt:invalid_parameter.obj
 0001:00012e8c       _invalid_parameter         0000000180013e8c f   libucrt:invalid_parameter.obj
 0001:00012f3c       _invalid_parameter_noinfo  0000000180013f3c f   libucrt:invalid_parameter.obj
 0001:00012f5c       _invalid_parameter_noinfo_noreturn 0000000180013f5c f   libucrt:invalid_parameter.obj
 0001:00012f8c       _invoke_watson             0000000180013f8c f   libucrt:invalid_parameter.obj
 0001:00012fd4       _wcsdup                    0000000180013fd4 f   libucrt:wcsdup.obj
 0001:00013058       realloc                    0000000180014058 f   libucrt:realloc.obj
 0001:00013060       free                       0000000180014060 f   libucrt:free.obj
 0001:00013074       malloc                     0000000180014074 f   libucrt:malloc.obj
 0001:0001307c       __acrt_initialize_new_handler 000000018001407c f   libucrt:new_handler.obj
 0001:00013084       _callnewh                  0000000180014084 f   libucrt:new_handler.obj
 0001:000130b4       _query_new_handler         00000001800140b4 f   libucrt:new_handler.obj
 0001:000130e8       _seh_filter_dll            00000001800140e8 f   libucrt:exception_filter.obj
 0001:000130fc       _seh_filter_exe            00000001800140fc f   libucrt:exception_filter.obj
 0001:000134ec       __acrt_initialize_thread_local_exit_callback 00000001800144ec f   libucrt:exit.obj
 0001:000134f4       _cexit                     00000001800144f4 f   libucrt:exit.obj
 0001:00013504       _exit                      0000000180014504 f   libucrt:exit.obj
 0001:00013510       _is_c_termination_complete 0000000180014510 f   libucrt:exit.obj
 0001:000136dc       __acrt_allocate_buffer_for_argv 00000001800146dc f   libucrt:argv_parsing.obj
 0001:0001373c       _configure_narrow_argv     000000018001473c f   libucrt:argv_parsing.obj
 0001:00013ab4       __dcrt_uninitialize_environments_nolock 0000000180014ab4 f   libucrt:environment_initialization.obj
 0001:00013aec       _initialize_narrow_environment 0000000180014aec f   libucrt:environment_initialization.obj
 0001:00013e34       _crt_atexit                0000000180014e34 f   libucrt:onexit.obj
 0001:00013e44       _execute_onexit_table      0000000180014e44 f   libucrt:onexit.obj
 0001:00013e80       _initialize_onexit_table   0000000180014e80 f   libucrt:onexit.obj
 0001:00013ea8       _register_onexit_function  0000000180014ea8 f   libucrt:onexit.obj
 0001:00013f28       __acrt_uninitialize_command_line 0000000180014f28 f   libucrt:argv_data.obj
 0001:00014020       __acrt_initialize          0000000180015020 f   libucrt:initialization.obj
 0001:00014034       __acrt_thread_attach       0000000180015034 f   libucrt:initialization.obj
 0001:00014048       __acrt_thread_detach       0000000180015048 f   libucrt:initialization.obj
 0001:00014058       __acrt_uninitialize        0000000180015058 f   libucrt:initialization.obj
 0001:00014090       __acrt_uninitialize_critical 0000000180015090 f   libucrt:initialization.obj
 0001:000140a0       _initterm                  00000001800150a0 f   libucrt:initterm.obj
 0001:00014104       _initterm_e                0000000180015104 f   libucrt:initterm.obj
 0001:00014144       terminate                  0000000180015144 f   libucrt:terminate.obj
 0001:00014164       abort                      0000000180015164 f   libucrt:abort.obj
 0001:000141bc       strcpy_s                   00000001800151bc f   libucrt:strcpy_s.obj
 0001:0001421c       calloc                     000000018001521c f   libucrt:calloc.obj
 0001:00014224       ??0_LocaleUpdate@@QEAA@QEAU__crt_locale_pointers@@@Z 0000000180015224 f i libucrt:output.obj
 0001:000142d0       strncmp                    00000001800152d0 f   libucrt:strncmp.obj
 0001:00014350       wcsncmp                    0000000180015350 f   libucrt:wcsncmp.obj
 0001:000146f4       __acrt_freeptd             00000001800156f4 f   libucrt:per_thread_data.obj
 0001:00014738       __acrt_getptd              0000000180015738 f   libucrt:per_thread_data.obj
 0001:0001480c       __acrt_getptd_head         000000018001580c f   libucrt:per_thread_data.obj
 0001:000148b4       __acrt_getptd_noexit       00000001800158b4 f   libucrt:per_thread_data.obj
 0001:00014980       __acrt_initialize_ptd      0000000180015980 f   libucrt:per_thread_data.obj
 0001:000149bc       __acrt_uninitialize_ptd    00000001800159bc f   libucrt:per_thread_data.obj
 0001:000149e0       wcscpy_s                   00000001800159e0 f   libucrt:wcscpy_s.obj
 0001:00014a48       _realloc_base              0000000180015a48 f   libucrt:realloc_base.obj
 0001:00014ac4       _free_base                 0000000180015ac4 f   libucrt:free_base.obj
 0001:00014b04       _malloc_base               0000000180015b04 f   libucrt:malloc_base.obj
 0001:00014b64       __acrt_initialize_locks    0000000180015b64 f   libucrt:locks.obj
 0001:00014bac       __acrt_lock                0000000180015bac f   libucrt:locks.obj
 0001:00014bc8       __acrt_uninitialize_locks  0000000180015bc8 f   libucrt:locks.obj
 0001:00014c00       __acrt_unlock              0000000180015c00 f   libucrt:locks.obj
 0001:00014c1c       __acrt_get_process_end_policy 0000000180015c1c f   libucrt:win_policies.obj
 0001:00014c58       __acrt_errno_from_os_error 0000000180015c58 f   libucrt:errno.obj
 0001:00014ca0       __acrt_errno_map_os_error  0000000180015ca0 f   libucrt:errno.obj
 0001:00014cf0       __doserrno                 0000000180015cf0 f   libucrt:errno.obj
 0001:00014d10       _errno                     0000000180015d10 f   libucrt:errno.obj
 0001:00014d30       _calloc_base               0000000180015d30 f   libucrt:calloc_base.obj
 0001:00014dbc       ??$__acrt_mbs_to_wcs_cp@U__crt_win32_buffer_internal_dynamic_resizing@@@@YAHQEBDAEAV?$__crt_win32_buffer@_WU__crt_win32_buffer_internal_dynamic_resizing@@@@I@Z 0000000180015dbc f i libucrt:argv_wildcards.obj
 0001:00014f34       ??$__acrt_wcs_to_mbs_cp@U__crt_win32_buffer_internal_dynamic_resizing@@@@YAHQEB_WAEAV?$__crt_win32_buffer@DU__crt_win32_buffer_internal_dynamic_resizing@@@@I@Z 0000000180015f34 f i libucrt:argv_wildcards.obj
 0001:00015764       __acrt_expand_narrow_argv_wildcards 0000000180016764 f   libucrt:argv_wildcards.obj
 0001:0001576c       ??$__acrt_wcs_to_mbs_cp@U__crt_win32_buffer_no_resizing@@@@YAHQEB_WAEAV?$__crt_win32_buffer@DU__crt_win32_buffer_no_resizing@@@@I@Z 000000018001676c f i libucrt:getmodulefilenamea.obj
 0001:00015880       __acrt_GetModuleFileNameA  0000000180016880 f   libucrt:getmodulefilenamea.obj
 0001:000160cc       __acrt_initialize_multibyte 00000001800170cc f   libucrt:mbctype.obj
 0001:0001612c       __acrt_update_thread_multibyte_data 000000018001712c f   libucrt:mbctype.obj
 0001:00016148       _setmbcp_nolock            0000000180017148 f   libucrt:mbctype.obj
 0001:0001647c       _ismbblead                 000000018001747c f   libucrt:ismbbyte.obj
 0001:00016490       __acrt_initialize_command_line 0000000180017490 f   libucrt:argv_data.obj
 0001:000164b8       __acrt_MultiByteToWideChar 00000001800174b8 f   libucrt:multibytetowidechar.obj
 0001:00016514       __acrt_WideCharToMultiByte 0000000180017514 f   libucrt:widechartomultibyte.obj
 0001:000165ac       __dcrt_get_narrow_environment_from_os 00000001800175ac f   libucrt:get_environment_from_os.obj
 0001:000166b0       _recalloc_base             00000001800176b0 f   libucrt:recalloc.obj
 0001:00016920       __acrt_AppPolicyGetProcessTerminationMethodInternal 0000000180017920 f   libucrt:winapi_thunks.obj
 0001:00016970       __acrt_AreFileApisANSI     0000000180017970 f   libucrt:winapi_thunks.obj
 0001:000169ac       __acrt_FlsAlloc            00000001800179ac f   libucrt:winapi_thunks.obj
 0001:000169f4       __acrt_FlsFree             00000001800179f4 f   libucrt:winapi_thunks.obj
 0001:00016a3c       __acrt_FlsGetValue         0000000180017a3c f   libucrt:winapi_thunks.obj
 0001:00016a84       __acrt_FlsSetValue         0000000180017a84 f   libucrt:winapi_thunks.obj
 0001:00016ad8       __acrt_InitializeCriticalSectionEx 0000000180017ad8 f   libucrt:winapi_thunks.obj
 0001:00016b3c       __acrt_LCMapStringEx       0000000180017b3c f   libucrt:winapi_thunks.obj
 0001:00016c18       __acrt_LocaleNameToLCID    0000000180017c18 f   libucrt:winapi_thunks.obj
 0001:00016c68       __acrt_initialize_winapi_thunks 0000000180017c68 f   libucrt:winapi_thunks.obj
 0001:00016c9c       __acrt_uninitialize_winapi_thunks 0000000180017c9c f   libucrt:winapi_thunks.obj
 0001:00016ce0       __acrt_initialize_heap     0000000180017ce0 f   libucrt:heap_handle.obj
 0001:00016cfc       __acrt_uninitialize_heap   0000000180017cfc f   libucrt:heap_handle.obj
 0001:00016f04       __acrt_initialize_lowio    0000000180017f04 f   libucrt:ioinit.obj
 0001:00016f40       __acrt_uninitialize_lowio  0000000180017f40 f   libucrt:ioinit.obj
 0001:00016f80       __acrt_execute_initializers 0000000180017f80 f   libucrt:shared_initialization.obj
 0001:00017000       __acrt_execute_uninitializers 0000000180018000 f   libucrt:shared_initialization.obj
 0001:00017084       __acrt_get_sigabrt_handler 0000000180018084 f   libucrt:signal.obj
 0001:000170b4       __acrt_initialize_signal_handlers 00000001800180b4 f   libucrt:signal.obj
 0001:000170d4       raise                      00000001800180d4 f   libucrt:signal.obj
 0001:00017340       __acrt_has_user_matherr    0000000180018340 f   libucrt:matherr.obj
 0001:00017360       __acrt_initialize_user_matherr 0000000180018360 f   libucrt:matherr.obj
 0001:00017368       __acrt_invoke_user_matherr 0000000180018368 f   libucrt:matherr.obj
 0001:00017574       __acrt_stdio_flush_nolock  0000000180018574 f   libucrt:fflush.obj
 0001:000175f0       _fflush_nolock             00000001800185f0 f   libucrt:fflush.obj
 0001:0001763c       _flushall                  000000018001863c f   libucrt:fflush.obj
 0001:00017644       __acrt_initialize_stdio    0000000180018644 f   libucrt:_file.obj
 0001:00017764       __acrt_uninitialize_stdio  0000000180018764 f   libucrt:_file.obj
 0001:000177c0       _lock_file                 00000001800187c0 f   libucrt:_file.obj
 0001:000177cc       _unlock_file               00000001800187cc f   libucrt:_file.obj
 0001:000177d8       _mbtowc_l                  00000001800187d8 f   libucrt:mbtowc.obj
 0001:00017958       mbtowc                     0000000180018958 f   libucrt:mbtowc.obj
 0001:00017960       __acrt_update_locale_info  0000000180018960 f   libucrt:locale_update.obj
 0001:00017994       __acrt_update_multibyte_info 0000000180018994 f   libucrt:locale_update.obj
 0001:000179c8       _fileno                    00000001800189c8 f   libucrt:fileno.obj
 0001:00017a60       __acrt_set_locale_changed  0000000180018a60 f   libucrt:wsetlocale.obj
 0001:00017a6c       __acrt_uninitialize_locale 0000000180018a6c f   libucrt:wsetlocale.obj
 0001:00017a9c       __pctype_func              0000000180018a9c f   libucrt:ctype.obj
 0001:00017acc       __acrt_add_locale_ref      0000000180018acc f   libucrt:locale_refcounting.obj
 0001:00017b58       __acrt_free_locale         0000000180018b58 f   libucrt:locale_refcounting.obj
 0001:00017cd0       __acrt_locale_add_lc_time_reference 0000000180018cd0 f   libucrt:locale_refcounting.obj
 0001:00017cf8       __acrt_locale_free_lc_time_if_unreferenced 0000000180018cf8 f   libucrt:locale_refcounting.obj
 0001:00017d30       __acrt_locale_release_lc_time_reference 0000000180018d30 f   libucrt:locale_refcounting.obj
 0001:00017d58       __acrt_release_locale_ref  0000000180018d58 f   libucrt:locale_refcounting.obj
 0001:00017e00       __acrt_update_thread_locale_data 0000000180018e00 f   libucrt:locale_refcounting.obj
 0001:00017e6c       _updatetlocinfoEx_nolock   0000000180018e6c f   libucrt:locale_refcounting.obj
 0001:00017ed4       _query_new_mode            0000000180018ed4 f   libucrt:new_mode.obj
 0001:00017ee0       qsort                      0000000180018ee0 f   libucrt:qsort.obj
 0001:00018290       strncpy_s                  0000000180019290 f   libucrt:strncpy_s.obj
 0001:00018410       strpbrk                    0000000180019410 f   libucrt:strpbrk.obj
 0001:000187f0       _mbsdec                    00000001800197f0 f   libucrt:mbsdec.obj
 0001:000187f8       _mbsdec_l                  00000001800197f8 f   libucrt:mbsdec.obj
 0001:0001888c       __acrt_GetStringTypeA      000000018001988c f   libucrt:getstringtypea.obj
 0001:00018d34       __acrt_LCMapStringA        0000000180019d34 f   libucrt:lcmapstringa.obj
 0001:00018de4       _msize_base                0000000180019de4 f   libucrt:msize.obj
 0001:00018e20       __acrt_DownlevelLocaleNameToLCID 0000000180019e20 f   libucrt:lcidtoname_downlevel.obj
 0001:00018ed0       __acrt_lowio_create_handle_array 0000000180019ed0 f   libucrt:osfinfo.obj
 0001:00018f78       __acrt_lowio_destroy_handle_array 0000000180019f78 f   libucrt:osfinfo.obj
 0001:00018fc8       __acrt_lowio_ensure_fh_exists 0000000180019fc8 f   libucrt:osfinfo.obj
 0001:00019070       __acrt_lowio_lock_fh       000000018001a070 f   libucrt:osfinfo.obj
 0001:00019098       __acrt_lowio_unlock_fh     000000018001a098 f   libucrt:osfinfo.obj
 0001:000190c0       _free_osfhnd               000000018001a0c0 f   libucrt:osfinfo.obj
 0001:0001917c       _get_osfhandle             000000018001a17c f   libucrt:osfinfo.obj
 0001:00019280       _commit                    000000018001a280 f   libucrt:commit.obj
 0001:00019b74       _write                     000000018001ab74 f   libucrt:write.obj
 0001:00019c60       _write_nolock              000000018001ac60 f   libucrt:write.obj
 0001:00019f3c       _fcloseall                 000000018001af3c f   libucrt:closeall.obj
 0001:00019ff0       __acrt_stdio_free_buffer_nolock 000000018001aff0 f   libucrt:_freebuf.obj
 0001:0001a030       _isatty                    000000018001b030 f   libucrt:isatty.obj
 0001:0001a090       _isleadbyte_l              000000018001b090 f i libucrt:_wctype.obj
 0001:0001a0dc       ?__mbrtowc_utf8@__crt_mbstring@@YA_KPEA_WPEBD_KPEAU_Mbstatet@@@Z 000000018001b0dc f   libucrt:mbrtowc.obj
 0001:0001a118       ?__mbsrtowcs_utf8@__crt_mbstring@@YA_KPEA_WPEAPEBD_KPEAU_Mbstatet@@@Z 000000018001b118 f   libucrt:mbrtowc.obj
 0001:0001a290       __acrt_locale_free_monetary 000000018001b290 f   libucrt:initmon.obj
 0001:0001a39c       __acrt_locale_free_numeric 000000018001b39c f   libucrt:initnum.obj
 0001:0001a460       __acrt_locale_free_time    000000018001b460 f   libucrt:inittime.obj
 0001:0001a568       __strncnt                  000000018001b568 f   libucrt:strncnt.obj
 0001:0001a580       __ascii_wcsnicmp           000000018001b580 f   libucrt:wcsnicmp.obj
 0001:0001a5cc       _query_app_type            000000018001b5cc f   libucrt:report_runtime_error.obj
 0001:0001a670       _lseeki64_nolock           000000018001b670 f   libucrt:lseek.obj
 0001:0001a678       _putwch_nolock             000000018001b678 f   libucrt:putwch.obj
 0001:0001a6b4       _fclose_nolock             000000018001b6b4 f   libucrt:fclose.obj
 0001:0001a738       fclose                     000000018001b738 f   libucrt:fclose.obj
 0001:0001a79c       ?__mbrtoc32_utf8@__crt_mbstring@@YA_KPEA_UPEBD_KPEAU_Mbstatet@@@Z 000000018001b79c f   libucrt:mbrtoc32.obj
 0001:0001a980       log10                      000000018001b980 f   libucrt:log10.obj
 0001:0001af2c       __dcrt_lowio_ensure_console_output_initialized 000000018001bf2c f   libucrt:initcon.obj
 0001:0001af80       __dcrt_terminate_console_output 000000018001bf80 f   libucrt:initcon.obj
 0001:0001af9c       __dcrt_write_console       000000018001bf9c f   libucrt:initcon.obj
 0001:0001b0d0       _close                     000000018001c0d0 f   libucrt:close.obj
 0001:0001b174       _close_nolock              000000018001c174 f   libucrt:close.obj
 0001:0001b234       ?__acrt_stdio_free_stream@@YAXV__crt_stdio_stream@@@Z 000000018001c234 f   libucrt:stream.obj
 0001:0001b374       _handle_error              000000018001c374 f   libucrt:libm_error.obj
 0001:0001b4a0       __acrt_initialize_fma3     000000018001c4a0 f   libucrt:fma3_available.obj
 0001:0001b510       _log10_special             000000018001c510 f   libucrt:log_special.obj
 0001:0001b5e0       _get_fpsr                  000000018001c5e0 f   libucrt:fpsr.obj
 0001:0001b5f0       _set_fpsr                  000000018001c5f0 f   libucrt:fpsr.obj
 0001:0001b5fa       _fclrf                     000000018001c5fa f   libucrt:fpsr.obj
 0001:0001b60e       _frnd                      000000018001c60e f   libucrt:fpsr.obj
 0001:0001b630       _raise_exc                 000000018001c630 f   libucrt:fpexcept.obj
 0001:0001b658       _raise_exc_ex              000000018001c658 f   libucrt:fpexcept.obj
 0001:0001b968       _set_errno_from_matherr    000000018001c968 f   libucrt:fpexcept.obj
 0001:0001b998       _clrfp                     000000018001c998 f   libucrt:fpctrl.obj
 0001:0001b9b8       _ctrlfp                    000000018001c9b8 f   libucrt:fpctrl.obj
 0001:0001ba34       _set_statfp                000000018001ca34 f   libucrt:fpctrl.obj
 0001:0001ba54       _statfp                    000000018001ca54 f   libucrt:fpctrl.obj
 0001:0001ba68       __GSHandlerCheck           000000018001ca68 f   LIBCMT:gshandler.obj
 0001:0001ba88       __GSHandlerCheckCommon     000000018001ca88 f   LIBCMT:gshandler.obj
 0001:0001baf0       _FindPESection             000000018001caf0 f   LIBCMT:pesect.obj
 0001:0001bb40       _IsNonwritableInCurrentImage 000000018001cb40 f   LIBCMT:pesect.obj
 0001:0001bb90       _ValidateImageBase         000000018001cb90 f   LIBCMT:pesect.obj
 0001:0001bbc0       __GSHandlerCheck_SEH       000000018001cbc0 f   LIBCMT:gshandlerseh.obj
 0001:0001bc60       _alloca_probe              000000018001cc60 f   LIBCMT:chkstk.obj
 0001:0001bc60       __chkstk                   000000018001cc60 f   LIBCMT:chkstk.obj
 0001:0001bcc0       memcmp                     000000018001ccc0 f   libvcruntime:memcmp.obj
 0001:0001bd88       __GSHandlerCheck_EH4       000000018001cd88 f   LIBCMT:gshandlereh4.obj
 0001:0001be20       _guard_dispatch_icall_nop  000000018001ce20 f   LIBCMT:guard_dispatch.obj
 0001:0001be40       _guard_xfg_dispatch_icall_nop 000000018001ce40 f   LIBCMT:guard_xfg_dispatch.obj
 0002:00000000       __imp_RegOpenKeyExW        000000018001e000     advapi32:ADVAPI32.dll
 0002:00000008       __imp_RegCloseKey          000000018001e008     advapi32:ADVAPI32.dll
 0002:00000010       \177ADVAPI32_NULL_THUNK_DATA 000000018001e010     advapi32:ADVAPI32.dll
 0002:00000018       __imp_lstrlenW             000000018001e018     kernel32:KERNEL32.dll
 0002:00000020       __imp_GetLogicalDrives     000000018001e020     kernel32:KERNEL32.dll
 0002:00000028       __imp_FindFirstFileW       000000018001e028     kernel32:KERNEL32.dll
 0002:00000030       __imp_SetLastError         000000018001e030     kernel32:KERNEL32.dll
 0002:00000038       __imp_lstrcpynW            000000018001e038     kernel32:KERNEL32.dll
 0002:00000040       __imp_ExpandEnvironmentStringsW 000000018001e040     kernel32:KERNEL32.dll
 0002:00000048       __imp_GetModuleFileNameW   000000018001e048     kernel32:KERNEL32.dll
 0002:00000050       __imp_FindClose            000000018001e050     kernel32:KERNEL32.dll
 0002:00000058       __imp_SetCurrentDirectoryW 000000018001e058     kernel32:KERNEL32.dll
 0002:00000060       __imp_GetLastError         000000018001e060     kernel32:KERNEL32.dll
 0002:00000068       __imp_lstrcatW             000000018001e068     kernel32:KERNEL32.dll
 0002:00000070       __imp_LocalFree            000000018001e070     kernel32:KERNEL32.dll
 0002:00000078       __imp_GetComputerNameW     000000018001e078     kernel32:KERNEL32.dll
 0002:00000080       __imp_lstrcpyW             000000018001e080     kernel32:KERNEL32.dll
 0002:00000088       __imp_lstrcmpiW            000000018001e088     kernel32:KERNEL32.dll
 0002:00000090       __imp_lstrcmpW             000000018001e090     kernel32:KERNEL32.dll
 0002:00000098       __imp_WriteConsoleW        000000018001e098     kernel32:KERNEL32.dll
 0002:000000a0       __imp_GetCurrentDirectoryW 000000018001e0a0     kernel32:KERNEL32.dll
 0002:000000a8       __imp_LocalAlloc           000000018001e0a8     kernel32:KERNEL32.dll
 0002:000000b0       __imp_GetSystemDirectoryW  000000018001e0b0     kernel32:KERNEL32.dll
 0002:000000b8       __imp_CloseHandle          000000018001e0b8     kernel32:KERNEL32.dll
 0002:000000c0       __imp_CreateFileW          000000018001e0c0     kernel32:KERNEL32.dll
 0002:000000c8       __imp_SetFilePointerEx     000000018001e0c8     kernel32:KERNEL32.dll
 0002:000000d0       __imp_GetConsoleMode       000000018001e0d0     kernel32:KERNEL32.dll
 0002:000000d8       __imp_GetConsoleCP         000000018001e0d8     kernel32:KERNEL32.dll
 0002:000000e0       __imp_WriteFile            000000018001e0e0     kernel32:KERNEL32.dll
 0002:000000e8       __imp_FlushFileBuffers     000000018001e0e8     kernel32:KERNEL32.dll
 0002:000000f0       __imp_SetStdHandle         000000018001e0f0     kernel32:KERNEL32.dll
 0002:000000f8       __imp_HeapSize             000000018001e0f8     kernel32:KERNEL32.dll
 0002:00000100       __imp_GetStringTypeW       000000018001e100     kernel32:KERNEL32.dll
 0002:00000108       __imp_RtlCaptureContext    000000018001e108     kernel32:KERNEL32.dll
 0002:00000110       __imp_RtlLookupFunctionEntry 000000018001e110     kernel32:KERNEL32.dll
 0002:00000118       __imp_RtlVirtualUnwind     000000018001e118     kernel32:KERNEL32.dll
 0002:00000120       __imp_UnhandledExceptionFilter 000000018001e120     kernel32:KERNEL32.dll
 0002:00000128       __imp_SetUnhandledExceptionFilter 000000018001e128     kernel32:KERNEL32.dll
 0002:00000130       __imp_GetCurrentProcess    000000018001e130     kernel32:KERNEL32.dll
 0002:00000138       __imp_TerminateProcess     000000018001e138     kernel32:KERNEL32.dll
 0002:00000140       __imp_IsProcessorFeaturePresent 000000018001e140     kernel32:KERNEL32.dll
 0002:00000148       __imp_IsDebuggerPresent    000000018001e148     kernel32:KERNEL32.dll
 0002:00000150       __imp_GetStartupInfoW      000000018001e150     kernel32:KERNEL32.dll
 0002:00000158       __imp_GetModuleHandleW     000000018001e158     kernel32:KERNEL32.dll
 0002:00000160       __imp_QueryPerformanceCounter 000000018001e160     kernel32:KERNEL32.dll
 0002:00000168       __imp_GetCurrentProcessId  000000018001e168     kernel32:KERNEL32.dll
 0002:00000170       __imp_GetCurrentThreadId   000000018001e170     kernel32:KERNEL32.dll
 0002:00000178       __imp_GetSystemTimeAsFileTime 000000018001e178     kernel32:KERNEL32.dll
 0002:00000180       __imp_InitializeSListHead  000000018001e180     kernel32:KERNEL32.dll
 0002:00000188       __imp_RtlUnwindEx          000000018001e188     kernel32:KERNEL32.dll
 0002:00000190       __imp_RtlPcToFileHeader    000000018001e190     kernel32:KERNEL32.dll
 0002:00000198       __imp_RaiseException       000000018001e198     kernel32:KERNEL32.dll
 0002:000001a0       __imp_InterlockedFlushSList 000000018001e1a0     kernel32:KERNEL32.dll
 0002:000001a8       __imp_EncodePointer        000000018001e1a8     kernel32:KERNEL32.dll
 0002:000001b0       __imp_EnterCriticalSection 000000018001e1b0     kernel32:KERNEL32.dll
 0002:000001b8       __imp_LeaveCriticalSection 000000018001e1b8     kernel32:KERNEL32.dll
 0002:000001c0       __imp_DeleteCriticalSection 000000018001e1c0     kernel32:KERNEL32.dll
 0002:000001c8       __imp_InitializeCriticalSectionAndSpinCount 000000018001e1c8     kernel32:KERNEL32.dll
 0002:000001d0       __imp_TlsAlloc             000000018001e1d0     kernel32:KERNEL32.dll
 0002:000001d8       __imp_TlsGetValue          000000018001e1d8     kernel32:KERNEL32.dll
 0002:000001e0       __imp_TlsSetValue          000000018001e1e0     kernel32:KERNEL32.dll
 0002:000001e8       __imp_TlsFree              000000018001e1e8     kernel32:KERNEL32.dll
 0002:000001f0       __imp_FreeLibrary          000000018001e1f0     kernel32:KERNEL32.dll
 0002:000001f8       __imp_GetProcAddress       000000018001e1f8     kernel32:KERNEL32.dll
 0002:00000200       __imp_LoadLibraryExW       000000018001e200     kernel32:KERNEL32.dll
 0002:00000208       __imp_ExitProcess          000000018001e208     kernel32:KERNEL32.dll
 0002:00000210       __imp_GetModuleHandleExW   000000018001e210     kernel32:KERNEL32.dll
 0002:00000218       __imp_HeapReAlloc          000000018001e218     kernel32:KERNEL32.dll
 0002:00000220       __imp_HeapFree             000000018001e220     kernel32:KERNEL32.dll
 0002:00000228       __imp_HeapAlloc            000000018001e228     kernel32:KERNEL32.dll
 0002:00000230       __imp_FindFirstFileExW     000000018001e230     kernel32:KERNEL32.dll
 0002:00000238       __imp_FindNextFileW        000000018001e238     kernel32:KERNEL32.dll
 0002:00000240       __imp_IsValidCodePage      000000018001e240     kernel32:KERNEL32.dll
 0002:00000248       __imp_GetACP               000000018001e248     kernel32:KERNEL32.dll
 0002:00000250       __imp_GetOEMCP             000000018001e250     kernel32:KERNEL32.dll
 0002:00000258       __imp_GetCPInfo            000000018001e258     kernel32:KERNEL32.dll
 0002:00000260       __imp_GetCommandLineA      000000018001e260     kernel32:KERNEL32.dll
 0002:00000268       __imp_GetCommandLineW      000000018001e268     kernel32:KERNEL32.dll
 0002:00000270       __imp_MultiByteToWideChar  000000018001e270     kernel32:KERNEL32.dll
 0002:00000278       __imp_WideCharToMultiByte  000000018001e278     kernel32:KERNEL32.dll
 0002:00000280       __imp_GetEnvironmentStringsW 000000018001e280     kernel32:KERNEL32.dll
 0002:00000288       __imp_FreeEnvironmentStringsW 000000018001e288     kernel32:KERNEL32.dll
 0002:00000290       __imp_LCMapStringW         000000018001e290     kernel32:KERNEL32.dll
 0002:00000298       __imp_GetProcessHeap       000000018001e298     kernel32:KERNEL32.dll
 0002:000002a0       __imp_GetStdHandle         000000018001e2a0     kernel32:KERNEL32.dll
 0002:000002a8       __imp_GetFileType          000000018001e2a8     kernel32:KERNEL32.dll
 0002:000002b0       \177KERNEL32_NULL_THUNK_DATA 000000018001e2b0     kernel32:KERNEL32.dll
 0002:000002b8       __imp_WNetGetResourceParentW 000000018001e2b8     mpr:MPR.dll
 0002:000002c0       __imp_WNetAddConnection2W  000000018001e2c0     mpr:MPR.dll
 0002:000002c8       __imp_WNetCancelConnection2W 000000018001e2c8     mpr:MPR.dll
 0002:000002d0       __imp_WNetGetResourceInformationW 000000018001e2d0     mpr:MPR.dll
 0002:000002d8       __imp_WNetCloseEnum        000000018001e2d8     mpr:MPR.dll
 0002:000002e0       __imp_WNetEnumResourceW    000000018001e2e0     mpr:MPR.dll
 0002:000002e8       __imp_WNetOpenEnumW        000000018001e2e8     mpr:MPR.dll
 0002:000002f0       \177MPR_NULL_THUNK_DATA    000000018001e2f0     mpr:MPR.dll
 0002:000002f8       __imp_NetApiBufferFree     000000018001e2f8     netapi32:NETAPI32.dll
 0002:00000300       __imp_NetShareEnum         000000018001e300     netapi32:NETAPI32.dll
 0002:00000308       \177NETAPI32_NULL_THUNK_DATA 000000018001e308     netapi32:NETAPI32.dll
 0002:00000310       __imp_CharUpperW           000000018001e310     user32:USER32.dll
 0002:00000318       __imp_CharUpperBuffW       000000018001e318     user32:USER32.dll
 0002:00000320       \177USER32_NULL_THUNK_DATA 000000018001e320     user32:USER32.dll
 0002:00000328       __guard_check_icall_fptr   000000018001e328     LIBCMT:guard_support.obj
 0002:00000330       __guard_xfg_check_icall_fptr 000000018001e330     LIBCMT:guard_support.obj
 0002:00000338       __guard_dispatch_icall_fptr 000000018001e338     LIBCMT:guard_support.obj
 0002:00000340       __guard_xfg_dispatch_icall_fptr 000000018001e340     LIBCMT:guard_support.obj
 0002:00000348       __guard_xfg_table_dispatch_icall_fptr 000000018001e348     LIBCMT:guard_support.obj
 0002:00000350       __xc_a                     000000018001e350     LIBCMT:initializers.obj
 0002:00000360       __xc_z                     000000018001e360     LIBCMT:initializers.obj
 0002:00000368       __xi_a                     000000018001e368     LIBCMT:initializers.obj
 0002:00000370       __acrt_multibyte_initializer 000000018001e370     libucrt:multibyte_initializer.obj
 0002:00000378       __acrt_stdio_initializer   000000018001e378     libucrt:stdio_initializer.obj
 0002:00000380       __acrt_tran_fma3_initializer 000000018001e380     libucrt:fma3_initializer.obj
 0002:00000388       __xi_z                     000000018001e388     LIBCMT:initializers.obj
 0002:00000390       __xp_a                     000000018001e390     LIBCMT:initializers.obj
 0002:00000398       __acrt_locale_terminator   000000018001e398     libucrt:locale_initializer.obj
 0002:000003a0       __dcrt_console_output_terminator 000000018001e3a0     libucrt:console_output_initializer.obj
 0002:000003a8       __acrt_stdio_terminator    000000018001e3a8     libucrt:stdio_initializer.obj
 0002:000003b0       __xp_z                     000000018001e3b0     LIBCMT:initializers.obj
 0002:000003b8       __xt_a                     000000018001e3b8     LIBCMT:initializers.obj
 0002:000003c0       __xt_z                     000000018001e3c0     LIBCMT:initializers.obj
 0002:000003d8       ??_7exception@std@@6B@     000000018001e3d8     libcpmt:xthrow.obj
 0002:000003f0       ??_7bad_alloc@std@@6B@     000000018001e3f0     libcpmt:xthrow.obj
 0002:00000400       ??_C@_0P@GHFPNOJB@bad?5allocation@ 000000018001e400     libcpmt:xthrow.obj
 0002:00000418       ??_7logic_error@std@@6B@   000000018001e418     libcpmt:xthrow.obj
 0002:00000430       ??_7length_error@std@@6B@  000000018001e430     libcpmt:xthrow.obj
 0002:00000448       ??_7out_of_range@std@@6B@  000000018001e448     libcpmt:xthrow.obj
 0002:00000470       ??_7type_info@@6B@         000000018001e470     LIBCMT:std_type_info_static.obj
 0002:00000478       _pRawDllMain               000000018001e478     LIBCMT:dll_dllmain.obj
 0002:00000478       _pDefaultRawDllMain        000000018001e478     LIBCMT:dll_dllmain.obj
 0002:00000488       ??_7bad_array_new_length@std@@6B@ 000000018001e488     LIBCMT:throw_bad_alloc.obj
 0002:00000498       ?s_negLengthTab@FH4@@3QBCB 000000018001e498     libvcruntime:risctrnsctrl.obj
 0002:000004a8       ?s_shiftTab@FH4@@3QBEB     000000018001e4a8     libvcruntime:risctrnsctrl.obj
 0002:00000558       _pDestructExceptionObject  000000018001e558     libvcruntime:ehhelpers.obj
 0002:00000568       ??_7bad_exception@std@@6B@ 000000018001e568     libvcruntime:frame.obj
 0002:00000578       ??_C@_0O@DPKOEFFH@bad?5exception@ 000000018001e578     libvcruntime:frame.obj
 0002:00000c90       ??_C@_08EHJDFFNH@__based?$CI@ 000000018001ec90     libvcruntime:undname.obj
 0002:00000ca0       ??_C@_07KOLFKCDI@__cdecl@  000000018001eca0     libvcruntime:undname.obj
 0002:00000ca8       ??_C@_08GHMPAG@__pascal@   000000018001eca8     libvcruntime:undname.obj
 0002:00000cb8       ??_C@_09IFJBGAPI@__stdcall@ 000000018001ecb8     libvcruntime:undname.obj
 0002:00000cc8       ??_C@_0L@NPHFGOKO@__thiscall@ 000000018001ecc8     libvcruntime:undname.obj
 0002:00000cd8       ??_C@_0L@JMKHOMEK@__fastcall@ 000000018001ecd8     libvcruntime:undname.obj
 0002:00000ce8       ??_C@_0N@BCKKPABJ@__vectorcall@ 000000018001ece8     libvcruntime:undname.obj
 0002:00000cf8       ??_C@_09HIJEGCPM@__clrcall@ 000000018001ecf8     libvcruntime:undname.obj
 0002:00000d04       ??_C@_06GHPCKEAG@__eabi@   000000018001ed04     libvcruntime:undname.obj
 0002:00000d10       ??_C@_09IOPIDJLG@__swift_1@ 000000018001ed10     libvcruntime:undname.obj
 0002:00000d20       ??_C@_09KFNFGKHF@__swift_2@ 000000018001ed20     libvcruntime:undname.obj
 0002:00000d30       ??_C@_07JOMMBBKO@__ptr64@  000000018001ed30     libvcruntime:undname.obj
 0002:00000d38       ??_C@_0L@PILCLIHE@__restrict@ 000000018001ed38     libvcruntime:undname.obj
 0002:00000d48       ??_C@_0M@GFIIJFMG@__unaligned@ 000000018001ed48     libvcruntime:undname.obj
 0002:00000d58       ??_C@_09DHDLOLLB@restrict?$CI@ 000000018001ed58     libvcruntime:undname.obj
 0002:00000d62       ??_C@_00CNPNBAHC@@         000000018001ed62     libvcruntime:undname.obj
 0002:00000d64       ??_C@_04NIHEBCM@?5new@     000000018001ed64     libvcruntime:undname.obj
 0002:00000d70       ??_C@_07FPCDHGMM@?5delete@ 000000018001ed70     libvcruntime:undname.obj
 0002:00000d78       ??_C@_01NEMOKFLO@?$DN@     000000018001ed78     libvcruntime:undname.obj
 0002:00000d7c       ??_C@_02GPIOPFAK@?$DO?$DO@ 000000018001ed7c     libvcruntime:undname.obj
 0002:00000d80       ??_C@_02FODMEDOG@?$DM?$DM@ 000000018001ed80     libvcruntime:undname.obj
 0002:00000d84       ??_C@_01DCLJPIOD@?$CB@     000000018001ed84     libvcruntime:undname.obj
 0002:00000d88       ??_C@_02EGOFBIJA@?$DN?$DN@ 000000018001ed88     libvcruntime:undname.obj
 0002:00000d8c       ??_C@_02FDNJECIE@?$CB?$DN@ 000000018001ed8c     libvcruntime:undname.obj
 0002:00000d90       ??_C@_02GPECMEKF@?$FL?$FN@ 000000018001ed90     libvcruntime:undname.obj
 0002:00000d98       ??_C@_08LHJFAFGD@operator@ 000000018001ed98     libvcruntime:undname.obj
 0002:00000da4       ??_C@_02HBOOOICD@?9?$DO@   000000018001eda4     libvcruntime:undname.obj
 0002:00000da8       ??_C@_01NBENCBCI@?$CK@     000000018001eda8     libvcruntime:undname.obj
 0002:00000dac       ??_C@_02ECNGHCIF@?$CL?$CL@ 000000018001edac     libvcruntime:undname.obj
 0002:00000db0       ??_C@_02BAABKJLB@?9?9@     000000018001edb0     libvcruntime:undname.obj
 0002:00000db4       ??_C@_01JOAMLHOP@?9@       000000018001edb4     libvcruntime:undname.obj
 0002:00000db8       ??_C@_01MIFGBAGJ@?$CL@     000000018001edb8     libvcruntime:undname.obj
 0002:00000dbc       ??_C@_01HNPIGOCE@?$CG@     000000018001edbc     libvcruntime:undname.obj
 0002:00000dc0       ??_C@_03MNHNFDLC@?9?$DO?$CK@ 000000018001edc0     libvcruntime:undname.obj
 0002:00000dc4       ??_C@_01KMDKNFGN@?1@       000000018001edc4     libvcruntime:undname.obj
 0002:00000dc8       ??_C@_01FGNFDNOH@?$CF@     000000018001edc8     libvcruntime:undname.obj
 0002:00000dcc       ??_C@_01MNNFJEPP@?$DM@     000000018001edcc     libvcruntime:undname.obj
 0002:00000dd0       ??_C@_02EHCHHCKH@?$DM?$DN@ 000000018001edd0     libvcruntime:undname.obj
 0002:00000dd4       ??_C@_01PPODPGHN@?$DO@     000000018001edd4     libvcruntime:undname.obj
 0002:00000dd8       ??_C@_02EEKDKGMJ@?$DO?$DN@ 000000018001edd8     libvcruntime:undname.obj
 0002:00000ddc       ??_C@_01IHBHIGKO@?0@       000000018001eddc     libvcruntime:undname.obj
 0002:00000de0       ??_C@_02HCKGKOFO@?$CI?$CJ@ 000000018001ede0     libvcruntime:undname.obj
 0002:00000de4       ??_C@_01PJKLJHI@?$HO@      000000018001ede4     libvcruntime:undname.obj
 0002:00000de8       ??_C@_01JKBOJNNK@?$FO@     000000018001ede8     libvcruntime:undname.obj
 0002:00000dec       ??_C@_01DNKMNLPK@?$HM@     000000018001edec     libvcruntime:undname.obj
 0002:00000df0       ??_C@_02PPKAJPJL@?$CG?$CG@ 000000018001edf0     libvcruntime:undname.obj
 0002:00000df4       ??_C@_02NONPIBCD@?$HM?$HM@ 000000018001edf4     libvcruntime:undname.obj
 0002:00000df8       ??_C@_02FPIMKNGF@?$CK?$DN@ 000000018001edf8     libvcruntime:undname.obj
 0002:00000dfc       ??_C@_02FOEOMHFC@?$CL?$DN@ 000000018001edfc     libvcruntime:undname.obj
 0002:00000e00       ??_C@_02FKMDLLOA@?9?$DN@   000000018001ee00     libvcruntime:undname.obj
 0002:00000e04       ??_C@_02FJEHGPIO@?1?$DN@   000000018001ee04     libvcruntime:undname.obj
 0002:00000e08       ??_C@_02FENAOKFI@?$CF?$DN@ 000000018001ee08     libvcruntime:undname.obj
 0002:00000e0c       ??_C@_03IKFCCPFF@?$DO?$DO?$DN@ 000000018001ee0c     libvcruntime:undname.obj
 0002:00000e10       ??_C@_03CDNPDDLA@?$DM?$DM?$DN@ 000000018001ee10     libvcruntime:undname.obj
 0002:00000e14       ??_C@_02FGJGFEAB@?$CG?$DN@ 000000018001ee14     libvcruntime:undname.obj
 0002:00000e18       ??_C@_02DHLNPPGH@?$HM?$DN@ 000000018001ee18     libvcruntime:undname.obj
 0002:00000e1c       ??_C@_02MHEGNOJ@?$FO?$DN@  000000018001ee1c     libvcruntime:undname.obj
 0002:00000e20       ??_C@_09IFPLHPGF@?$GAvftable?8@ 000000018001ee20     libvcruntime:undname.obj
 0002:00000e30       ??_C@_09BLBHBJP@?$GAvbtable?8@ 000000018001ee30     libvcruntime:undname.obj
 0002:00000e40       ??_C@_07FEEIOKP@?$GAvcall?8@ 000000018001ee40     libvcruntime:undname.obj
 0002:00000e48       ??_C@_08LLFFHHDJ@?$GAtypeof?8@ 000000018001ee48     libvcruntime:undname.obj
 0002:00000e58       ??_C@_0BF@KDPPACIK@?$GAlocal?5static?5guard?8@ 000000018001ee58     libvcruntime:undname.obj
 0002:00000e70       ??_C@_08OBABFOLI@?$GAstring?8@ 000000018001ee70     libvcruntime:undname.obj
 0002:00000e80       ??_C@_0BD@JDLKDPAB@?$GAvbase?5destructor?8@ 000000018001ee80     libvcruntime:undname.obj
 0002:00000e98       ??_C@_0BN@DEGPLNFK@?$GAvector?5deleting?5destructor?8@ 000000018001ee98     libvcruntime:undname.obj
 0002:00000eb8       ??_C@_0BO@OBMKPJIG@?$GAdefault?5constructor?5closure?8@ 000000018001eeb8     libvcruntime:undname.obj
 0002:00000ed8       ??_C@_0BN@IMDCHIKM@?$GAscalar?5deleting?5destructor?8@ 000000018001eed8     libvcruntime:undname.obj
 0002:00000ef8       ??_C@_0BO@PFGOCPJJ@?$GAvector?5constructor?5iterator?8@ 000000018001eef8     libvcruntime:undname.obj
 0002:00000f18       ??_C@_0BN@LFPFMEDL@?$GAvector?5destructor?5iterator?8@ 000000018001ef18     libvcruntime:undname.obj
 0002:00000f38       ??_C@_0CE@IKBNEHA@?$GAvector?5vbase?5constructor?5itera@ 000000018001ef38     libvcruntime:undname.obj
 0002:00000f60       ??_C@_0BL@NILFHHPC@?$GAvirtual?5displacement?5map?8@ 000000018001ef60     libvcruntime:undname.obj
 0002:00000f80       ??_C@_0CB@JONCMFFK@?$GAeh?5vector?5constructor?5iterator@ 000000018001ef80     libvcruntime:undname.obj
 0002:00000fa8       ??_C@_0CA@GCEOPDGL@?$GAeh?5vector?5destructor?5iterator?8@ 000000018001efa8     libvcruntime:undname.obj
 0002:00000fc8       ??_C@_0CH@OOJPLCPH@?$GAeh?5vector?5vbase?5constructor?5it@ 000000018001efc8     libvcruntime:undname.obj
 0002:00000ff0       ??_C@_0BL@LLKPOHJI@?$GAcopy?5constructor?5closure?8@ 000000018001eff0     libvcruntime:undname.obj
 0002:00001010       ??_C@_0BA@KBCDOMBN@?$GAudt?5returning?8@ 000000018001f010     libvcruntime:undname.obj
 0002:00001020       ??_C@_03KLGMFNMG@?$GAEH@   000000018001f020     libvcruntime:undname.obj
 0002:00001024       ??_C@_05KHLCHHI@?$GARTTI@  000000018001f024     libvcruntime:undname.obj
 0002:00001030       ??_C@_0BA@KKLDJDLB@?$GAlocal?5vftable?8@ 000000018001f030     libvcruntime:undname.obj
 0002:00001040       ??_C@_0CE@IIHCMGGL@?$GAlocal?5vftable?5constructor?5clos@ 000000018001f040     libvcruntime:undname.obj
 0002:00001064       ??_C@_06FHBGPFGH@?5new?$FL?$FN@ 000000018001f064     libvcruntime:undname.obj
 0002:00001070       ??_C@_09LBNFPBCA@?5delete?$FL?$FN@ 000000018001f070     libvcruntime:undname.obj
 0002:00001080       ??_C@_0P@HJKNJFNN@?$GAomni?5callsig?8@ 000000018001f080     libvcruntime:undname.obj
 0002:00001090       ??_C@_0BL@CNOONJFP@?$GAplacement?5delete?5closure?8@ 000000018001f090     libvcruntime:undname.obj
 0002:000010b0       ??_C@_0BN@CKNJLHMB@?$GAplacement?5delete?$FL?$FN?5closure?8@ 000000018001f0b0     libvcruntime:undname.obj
 0002:000010d0       ??_C@_0CG@CFDHKGGD@?$GAmanaged?5vector?5constructor?5ite@ 000000018001f0d0     libvcruntime:undname.obj
 0002:000010f8       ??_C@_0CF@IMGKMJNO@?$GAmanaged?5vector?5destructor?5iter@ 000000018001f0f8     libvcruntime:undname.obj
 0002:00001120       ??_C@_0CG@HLDDJMAG@?$GAeh?5vector?5copy?5constructor?5ite@ 000000018001f120     libvcruntime:undname.obj
 0002:00001148       ??_C@_0CM@FCBBDIGB@?$GAeh?5vector?5vbase?5copy?5construct@ 000000018001f148     libvcruntime:undname.obj
 0002:00001178       ??_C@_0BL@CLIPGLGB@?$GAdynamic?5initializer?5for?5?8@ 000000018001f178     libvcruntime:undname.obj
 0002:00001198       ??_C@_0CB@PDBIFEP@?$GAdynamic?5atexit?5destructor?5for?5@ 000000018001f198     libvcruntime:undname.obj
 0002:000011c0       ??_C@_0CD@CGAJBKEJ@?$GAvector?5copy?5constructor?5iterat@ 000000018001f1c0     libvcruntime:undname.obj
 0002:000011e8       ??_C@_0CJ@GJELGAMM@?$GAvector?5vbase?5copy?5constructor?5@ 000000018001f1e8     libvcruntime:undname.obj
 0002:00001218       ??_C@_0CL@FGIJHLCE@?$GAmanaged?5vector?5copy?5constructo@ 000000018001f218     libvcruntime:undname.obj
 0002:00001248       ??_C@_0BM@PMGGMLDN@?$GAlocal?5static?5thread?5guard?8@ 000000018001f248     libvcruntime:undname.obj
 0002:00001268       ??_C@_0N@BDNMDMOL@operator?5?$CC?$CC?5@ 000000018001f268     libvcruntime:undname.obj
 0002:00001278       ??_C@_0BC@GGEBGALA@operator?5co_await@ 000000018001f278     libvcruntime:undname.obj
 0002:00001290       ??_C@_0M@GAAIMMOH@operator?$DM?$DN?$DO@ 000000018001f290     libvcruntime:undname.obj
 0002:000012a0       ??_C@_0BC@DAFEJGAK@?5Type?5Descriptor?8@ 000000018001f2a0     libvcruntime:undname.obj
 0002:000012b8       ??_C@_0BM@LDKODKLH@?5Base?5Class?5Descriptor?5at?5?$CI@ 000000018001f2b8     libvcruntime:undname.obj
 0002:000012d8       ??_C@_0BD@LGICGFMM@?5Base?5Class?5Array?8@ 000000018001f2d8     libvcruntime:undname.obj
 0002:000012f0       ??_C@_0BN@MECKDCOJ@?5Class?5Hierarchy?5Descriptor?8@ 000000018001f2f0     libvcruntime:undname.obj
 0002:00001310       ??_C@_0BK@CFCOFLF@?5Complete?5Object?5Locator?8@ 000000018001f310     libvcruntime:undname.obj
 0002:00001330       ??_C@_0BG@JNJLAMPM@?$GAanonymous?5namespace?8@ 000000018001f330     libvcruntime:undname.obj
 0002:00001360       ??_C@_1DM@KHCHBNEB@?$AAa?$AAp?$AAi?$AA?9?$AAm?$AAs?$AA?9?$AAw?$AAi?$AAn?$AA?9?$AAc?$AAo?$AAr?$AAe@ 000000018001f360     libvcruntime:winapi_downlevel.obj
 0002:000013a0       ??_C@_1DK@LPPGFMPP@?$AAa?$AAp?$AAi?$AA?9?$AAm?$AAs?$AA?9?$AAw?$AAi?$AAn?$AA?9?$AAc?$AAo?$AAr?$AAe@ 000000018001f3a0     libvcruntime:winapi_downlevel.obj
 0002:000013e0       ??_C@_1BC@GDMECMAK@?$AAk?$AAe?$AAr?$AAn?$AAe?$AAl?$AA3?$AA2@ 000000018001f3e0     libvcruntime:winapi_downlevel.obj
[...]
 0002:0000a634       $unwind$??$?RV<lambda_f2e299630e499de9f9a165e60fcd3db5>@@AEAV<lambda_2ae9d31cdba2644fcbeaf08da7c24588>@@V<lambda_40d01ff24d0e7b3814fdbdcee8eab3c7>@@@?$__crt_seh_guarded_call@X@@QEAAX$$QEAV<lambda_f2e299630e499de9f9a165e60fcd3db5>@@AEAV<lambda_2ae9d31cdba2644fcbeaf08da7c24588>@@$$QEAV<lambda_40d01ff24d0e7b3814fdbdcee8eab3c7>@@@Z 0000000180028634     libucrt:per_thread_data.obj
 0002:0000a658       $unwind$??$?RV<lambda_2d41944a1d46af3157314b8a01080d33>@@AEAV<lambda_8f455de75cd7d7f24b4096f044d8b9e6>@@V<lambda_aa500f224e6afead328df44964fe2772>@@@?$__crt_seh_guarded_call@X@@QEAAX$$QEAV<lambda_2d41944a1d46af3157314b8a01080d33>@@AEAV<lambda_8f455de75cd7d7f24b4096f044d8b9e6>@@$$QEAV<lambda_aa500f224e6afead328df44964fe2772>@@@Z 0000000180028658     libucrt:per_thread_data.obj
 0002:0000a67c       $unwind$??$__acrt_mbs_to_wcs_cp@U__crt_win32_buffer_internal_dynamic_resizing@@@@YAHQEBDAEAV?$__crt_win32_buffer@_WU__crt_win32_buffer_internal_dynamic_resizing@@@@I@Z 000000018002867c     libucrt:argv_wildcards.obj
 0002:0000a694       $unwind$__dcrt_get_narrow_environment_from_os 0000000180028694     libucrt:get_environment_from_os.obj
 0002:0000a694       $unwind$??$__acrt_wcs_to_mbs_cp@U__crt_win32_buffer_internal_dynamic_resizing@@@@YAHQEB_WAEAV?$__crt_win32_buffer@DU__crt_win32_buffer_internal_dynamic_resizing@@@@I@Z 0000000180028694     libucrt:argv_wildcards.obj
 0002:0000a6ac       $unwind$??$common_expand_argv_wildcards@D@@YAHQEAPEADQEAPEAPEAD@Z 00000001800286ac     libucrt:argv_wildcards.obj
 0002:0000a6c4       $unwind$??$copy_and_add_argument_to_buffer@D@@YAHQEBD0_KAEAV?$argument_list@D@?A0x5f5c8891@@@Z 00000001800286c4     libucrt:argv_wildcards.obj
 0002:0000a6e0       $unwind$??$expand_argument_wildcards@D@@YAHQEAD0AEAV?$argument_list@D@?A0x5f5c8891@@@Z 00000001800286e0     libucrt:argv_wildcards.obj
 0002:0000a704       $unwind$__acrt_GetModuleFileNameA 0000000180028704     libucrt:getmodulefilenamea.obj
 0002:0000a720       $unwind$__dcrt_write_console 0000000180028720     libucrt:initcon.obj
 0002:0000a720       $unwind$??$__acrt_wcs_to_mbs_cp@U__crt_win32_buffer_no_resizing@@@@YAHQEB_WAEAV?$__crt_win32_buffer@DU__crt_win32_buffer_no_resizing@@@@I@Z 0000000180028720     libucrt:getmodulefilenamea.obj
 0002:0000a734       $unwind$_setmbcp_nolock    0000000180028734     libucrt:mbctype.obj
 0002:0000a754       $unwind$__dcrt_lowio_ensure_console_output_initialized 0000000180028754     libucrt:initcon.obj
 0002:0000a754       $unwind$_isleadbyte_l      0000000180028754     libucrt:_wctype.obj
 0002:0000a754       $unwind$?getSystemCP@@YAHH@Z 0000000180028754     libucrt:mbctype.obj
 0002:0000a75c       $unwind$?update_thread_multibyte_data_internal@@YAPEAU__crt_multibyte_data@@QEAU__acrt_ptd@@QEAPEAU1@@Z 000000018002875c     libucrt:mbctype.obj
 0002:0000a784       $unwind$?setmbcp_internal@@YAHH_NQEAU__acrt_ptd@@QEAPEAU__crt_multibyte_data@@@Z 0000000180028784     libucrt:mbctype.obj
 0002:0000a794       $unwind$?setSBUpLow@@YAXPEAU__crt_multibyte_data@@@Z 0000000180028794     libucrt:mbctype.obj
 0002:0000a7b0       $unwind$??$?RV<lambda_efdfa57d1f175319df784efa44bb7b81>@@AEAV<lambda_5f0a4c1567f8adc6734073e5d1e1b35c>@@V<lambda_2e8a7d3640ea6ccb4c2413664c2db6fd>@@@?$__crt_seh_guarded_call@X@@QEAAX$$QEAV<lambda_efdfa57d1f175319df784efa44bb7b81>@@AEAV<lambda_5f0a4c1567f8adc6734073e5d1e1b35c>@@$$QEAV<lambda_2e8a7d3640ea6ccb4c2413664c2db6fd>@@@Z 00000001800287b0     libucrt:mbctype.obj
 0002:0000a7d4       $unwind$?x_ismbbtype_l@@YAHPEAU__crt_locale_pointers@@IHH@Z 00000001800287d4     libucrt:ismbbyte.obj
 0002:0000a7e4       $unwind$__GSHandlerCheckCommon 00000001800287e4     LIBCMT:gshandler.obj
 0002:0000a7e4       $unwind$__acrt_WideCharToMultiByte 00000001800287e4     libucrt:widechartomultibyte.obj
 0002:0000a7ec       $unwind$__acrt_initialize_winapi_thunks 00000001800287ec     libucrt:winapi_thunks.obj
 0002:0000a7f4       $unwind$_mbtowc_l          00000001800287f4     libucrt:mbtowc.obj
 0002:0000a7f4       $unwind$__acrt_LCMapStringEx 00000001800287f4     libucrt:winapi_thunks.obj
 0002:0000a808       $unwind$__acrt_initialize_lowio 0000000180028808     libucrt:ioinit.obj
 0002:0000a828       $unwind$?initialize_inherited_file_handles_nolock@@YAXXZ 0000000180028828     libucrt:ioinit.obj
 0002:0000a844       $unwind$__acrt_uninitialize_locale 0000000180028844     libucrt:wsetlocale.obj
 0002:0000a844       $unwind$__acrt_get_sigabrt_handler 0000000180028844     libucrt:signal.obj
 0002:0000a84c       $unwind$raise              000000018002884c     libucrt:signal.obj
 0002:0000a888       $unwind$??$?RV<lambda_450d765d439847d4c735a33c368b5fc0>@@AEAV<lambda_44731a7d0e6d81c3e6aa82d741081786>@@V<lambda_601a2a7da3b7a96e9554ac7215c4b07c>@@@?$__crt_seh_guarded_call@P6AXH@Z@@QEAAP6AXH@Z$$QEAV<lambda_450d765d439847d4c735a33c368b5fc0>@@AEAV<lambda_44731a7d0e6d81c3e6aa82d741081786>@@$$QEAV<lambda_601a2a7da3b7a96e9554ac7215c4b07c>@@@Z 0000000180028888     libucrt:signal.obj
 0002:0000a8ac       $unwind$?common_flush_all@@YAH_N@Z 00000001800288ac     libucrt:fflush.obj
 0002:0000a8b4       $unwind$??$?RV<lambda_842d9ff0dc9ef11c61343bbaebe7f885>@@AEAV<lambda_c5860995281e5c4ce005b3de8f5874ee>@@V<lambda_d90129c13df834fdcbf8d2b88dafcf2d>@@@?$__crt_seh_guarded_call@X@@QEAAX$$QEAV<lambda_842d9ff0dc9ef11c61343bbaebe7f885>@@AEAV<lambda_c5860995281e5c4ce005b3de8f5874ee>@@$$QEAV<lambda_d90129c13df834fdcbf8d2b88dafcf2d>@@@Z 00000001800288b4     libucrt:fflush.obj
 0002:0000a8d8       $unwind$??$?RV<lambda_886d6c58226a84441f68b9f2b8217b83>@@AEAV<lambda_ab61a845afdef5b7c387490eaf3616ee>@@V<lambda_f7f22ab5edc0698d5f6905b0d3f44752>@@@?$__crt_seh_guarded_call@X@@QEAAX$$QEAV<lambda_886d6c58226a84441f68b9f2b8217b83>@@AEAV<lambda_ab61a845afdef5b7c387490eaf3616ee>@@$$QEAV<lambda_f7f22ab5edc0698d5f6905b0d3f44752>@@@Z 00000001800288d8     libucrt:fflush.obj
 0002:0000a900       $unwind$??$?RV<lambda_410d79af7f07d98d83a3f525b3859a53>@@AEAV<lambda_3e16ef9562a7dcce91392c22ab16ea36>@@V<lambda_38119f0e861e05405d8a144b9b982f0a>@@@?$__crt_seh_guarded_call@X@@QEAAX$$QEAV<lambda_410d79af7f07d98d83a3f525b3859a53>@@AEAV<lambda_3e16ef9562a7dcce91392c22ab16ea36>@@$$QEAV<lambda_38119f0e861e05405d8a144b9b982f0a>@@@Z 0000000180028900     libucrt:wsetlocale.obj
 0002:0000a928       $unwind$__acrt_update_thread_locale_data 0000000180028928     libucrt:locale_refcounting.obj
 0002:0000a94c       $unwind$qsort              000000018002894c     libucrt:qsort.obj
 0002:0000a964       $chain$4$qsort             0000000180028964     libucrt:qsort.obj
 0002:0000a988       $chain$5$qsort             0000000180028988     libucrt:qsort.obj
 0002:0000a998       $unwind$fallbackMethod     0000000180028998     libucrt:strpbrk.obj
 0002:0000a9a8       $unwind$_mbsdec_l          00000001800289a8     libucrt:mbsdec.obj
 0002:0000a9b4       $unwind$__acrt_GetStringTypeA 00000001800289b4     libucrt:getstringtypea.obj
 0002:0000a9dc       $unwind$__acrt_LCMapStringA 00000001800289dc     libucrt:lcmapstringa.obj
 0002:0000a9ec       $unwind$?__acrt_LCMapStringA_stat@@YAHPEAU__crt_locale_pointers@@PEB_WKPEBDHPEADHHH@Z 00000001800289ec     libucrt:lcmapstringa.obj
 0002:0000aa14       $unwind$__acrt_lowio_destroy_handle_array 0000000180028a14     libucrt:osfinfo.obj
 0002:0000aa24       $unwind$__acrt_lowio_ensure_fh_exists 0000000180028a24     libucrt:osfinfo.obj
 0002:0000aa50       $unwind$_close             0000000180028a50     libucrt:close.obj
 0002:0000aa50       $unwind$_commit            0000000180028a50     libucrt:commit.obj
 0002:0000aa58       $unwind$??$?RV<lambda_a37b2b86f63e897a80ea819b0eb08c01>@@AEAV<lambda_38ce7e780aa69e748d6df282ebc68efe>@@V<lambda_99fb1378e971ab6e7edea83e3a7a83a2>@@@?$__crt_seh_guarded_call@H@@QEAAH$$QEAV<lambda_a37b2b86f63e897a80ea819b0eb08c01>@@AEAV<lambda_38ce7e780aa69e748d6df282ebc68efe>@@$$QEAV<lambda_99fb1378e971ab6e7edea83e3a7a83a2>@@@Z 0000000180028a58     libucrt:commit.obj
 0002:0000aa7c       $unwind$_write             0000000180028a7c     libucrt:write.obj
 0002:0000aaac       $unwind$_write_nolock      0000000180028aac     libucrt:write.obj
 0002:0000aac4       $unwind$?write_double_translated_ansi_nolock@@YA?AUwrite_result@?A0x17268360@@HQEBDI@Z 0000000180028ac4     libucrt:write.obj
 0002:0000aae8       $unwind$?write_text_ansi_nolock@@YA?AUwrite_result@?A0x17268360@@HQEBDI@Z 0000000180028ae8     libucrt:write.obj
 0002:0000aae8       $unwind$?write_text_utf16le_nolock@@YA?AUwrite_result@?A0x17268360@@HQEBDI@Z 0000000180028ae8     libucrt:write.obj
 0002:0000ab08       $unwind$?write_text_utf8_nolock@@YA?AUwrite_result@?A0x17268360@@HQEBDI@Z 0000000180028b08     libucrt:write.obj
 0002:0000ab2c       $unwind$_fcloseall         0000000180028b2c     libucrt:closeall.obj
 0002:0000ab50       $unwind$?__mbsrtowcs_utf8@__crt_mbstring@@YA_KPEA_WPEAPEBD_KPEAU_Mbstatet@@@Z 0000000180028b50     libucrt:mbrtowc.obj
 0002:0000ab68       $unwind$__acrt_locale_free_monetary 0000000180028b68     libucrt:initmon.obj
 0002:0000ab70       $unwind$__acrt_locale_free_time 0000000180028b70     libucrt:inittime.obj
 0002:0000ab80       $unwind$_putwch_nolock     0000000180028b80     libucrt:putwch.obj
 0002:0000ab88       $unwind$fclose             0000000180028b88     libucrt:fclose.obj
 0002:0000abac       $unwind$?__mbrtoc32_utf8@__crt_mbstring@@YA_KPEA_UPEBD_KPEAU_Mbstatet@@@Z 0000000180028bac     libucrt:mbrtoc32.obj
 0002:0000abc8       $xdatasym                  0000000180028bc8     libucrt:log10.obj
 0002:0000abd4       $unwind$??$?RV<lambda_751a882b2c74d4b022dec766aa51a29a>@@AEAV<lambda_628dfdc04ba53c8bfc02c9951375f3f5>@@V<lambda_f6c7be5f7998530c34de24c7437d6b54>@@@?$__crt_seh_guarded_call@H@@QEAAH$$QEAV<lambda_751a882b2c74d4b022dec766aa51a29a>@@AEAV<lambda_628dfdc04ba53c8bfc02c9951375f3f5>@@$$QEAV<lambda_f6c7be5f7998530c34de24c7437d6b54>@@@Z 0000000180028bd4     libucrt:close.obj
 0002:0000abf8       $unwind$_call_matherr      0000000180028bf8     libucrt:libm_error.obj
 0002:0000ac00       $unwind$_handle_error      0000000180028c00     libucrt:libm_error.obj
 0002:0000ac20       $unwind$__acrt_initialize_fma3 0000000180028c20     libucrt:fma3_available.obj
 0002:0000ac28       $unwind$_log_special_common 0000000180028c28     libucrt:log_special.obj
 0002:0000ac38       $xdatasym                  0000000180028c38     libucrt:fpsr.obj
 0002:0000ac40       $unwind$_raise_exc_ex      0000000180028c40     libucrt:fpexcept.obj
 0002:0000ac54       $unwind$_ctrlfp            0000000180028c54     libucrt:fpctrl.obj
 0002:0000ac7c       $unwind$_IsNonwritableInCurrentImage 0000000180028c7c     LIBCMT:pesect.obj
 0002:0000aca0       $xdatasym                  0000000180028ca0     LIBCMT:chkstk.obj
 0002:0000aca8       $xdatasym                  0000000180028ca8     libvcruntime:memcmp.obj
 0002:0000af00       MsetTab                    0000000180028f00     libvcruntime:memset.obj
 0002:0000af50       MoveSmall                  0000000180028f50     libvcruntime:memcpy.obj
 0002:0000af90       MoveSmallYmm               0000000180028f90     libvcruntime:memcpy.obj
 0002:0000afb4       MoveSmallYmmNT             0000000180028fb4     libvcruntime:memcpy.obj
 0002:0000afd8       MoveSmallXmm               0000000180028fd8     libvcruntime:memcpy.obj
 0002:0000b000       .edata                     0000000180029000     Network.exp
 0002:0000b028       rgpv                       0000000180029028     Network.exp
 0002:0000b060       rgszName                   0000000180029060     Network.exp
 0002:0000b098       rgwOrd                     0000000180029098     Network.exp
 0002:0000b0b4       szName                     00000001800290b4     Network.exp
 0002:0000b0c0       $N00001                    00000001800290c0     Network.exp
 0002:0000b0cc       $N00002                    00000001800290cc     Network.exp
 0002:0000b0d7       $N00003                    00000001800290d7     Network.exp
 0002:0000b0e4       $N00004                    00000001800290e4     Network.exp
 0002:0000b0ed       $N00005                    00000001800290ed     Network.exp
 0002:0000b0fb       $N00006                    00000001800290fb     Network.exp
 0002:0000b108       $N00007                    0000000180029108     Network.exp
 0002:0000b117       $N00008                    0000000180029117     Network.exp
 0002:0000b129       $N00009                    0000000180029129     Network.exp
 0002:0000b138       $N00010                    0000000180029138     Network.exp
 0002:0000b13e       $N00011                    000000018002913e     Network.exp
 0002:0000b151       $N00012                    0000000180029151     Network.exp
 0002:0000b164       $N00013                    0000000180029164     Network.exp
 0002:0000b172       $N00014                    0000000180029172     Network.exp
 0002:0000b668       .idata$6                   0000000180029668     kernel32:KERNEL32.dll
 0002:0000b694       .idata$6                   0000000180029694     advapi32:ADVAPI32.dll
 0002:0000b6c2       .idata$6                   00000001800296c2     user32:USER32.dll
 0002:0000b6f2       .idata$6                   00000001800296f2     netapi32:NETAPI32.dll
 0002:0000b79c       .idata$6                   000000018002979c     mpr:MPR.dll
 0003:00000030       ?__vcrt_flsindex@@3KA      000000018002a030     libvcruntime:per_thread_data.obj
 0003:00000050       ?__acrt_flsindex@@3KA      000000018002a050     libucrt:per_thread_data.obj
 0003:00000054       ?errno_no_memory@@3HA      000000018002a054     libucrt:errno.obj
 0003:00000058       ?doserrno_no_memory@@3KA   000000018002a058     libucrt:errno.obj
 0003:00000290       _mbctypes                  000000018002a290     libucrt:mbctype.obj
 0003:000003a0       _mbcasemaps                000000018002a3a0     libucrt:mbctype.obj
 0003:000004a0       ?__rgctypeflag@@3PADA      000000018002a4a0     libucrt:mbctype.obj
 0003:000004b0       ?__rgcode_page_info@@3PAUcode_page_info@@A 000000018002a4b0     libucrt:mbctype.obj
 0003:000009c0       ?__dcrt_lowio_console_output_handle@@3PEAXEA 000000018002a9c0     libucrt:initcon.obj
 0003:000009d0       ?dazSupported@?1??_ctrlfp@@9@9 000000018002a9d0     libucrt:fpctrl.obj
 0003:000009e8       ?kbt@?BE@??GetOpenPanelInfo@NetBrowser@@QEAAXPEAUOpenPanelInfo@@@Z@4UKeyBarTitles@@A 000000018002a9e8     NetClass.obj
 0003:000009f8       ?kbt@?BN@??GetOpenPanelInfo@NetBrowser@@QEAAXPEAUOpenPanelInfo@@@Z@4UKeyBarTitles@@A 000000018002a9f8     NetClass.obj
 0003:00000a10       ?szFavProv@@3PA_WA         000000018002aa10     NetFavorites.obj
 0003:00000cd0       GS_ExceptionRecord         000000018002acd0     LIBCMT:gs_report.obj
 0003:00000d70       GS_ContextRecord           000000018002ad70     LIBCMT:gs_report.obj
 0003:00001250       ?is_initialized_as_dll@@3_NA 000000018002b250     LIBCMT:utility.obj
 0003:00001251       ?module_local_atexit_table_initialized@@3_NA 000000018002b251     LIBCMT:utility.obj
 0003:00001258       ?module_local_atexit_table@@3U_onexit_table_t@@A 000000018002b258     LIBCMT:utility.obj
 0003:00001270       ?module_local_at_quick_exit_table@@3U_onexit_table_t@@A 000000018002b270     LIBCMT:utility.obj
 0003:00001288       ?__proc_attached@@3HA      000000018002b288     LIBCMT:dll_dllmain.obj
 0003:000012d0       ?__vcrt_startup_thread_ptd@@3U__vcrt_ptd@@A 000000018002b2d0     libvcruntime:per_thread_data.obj
 0003:00001358       __vcrt_lock_table          000000018002b358     libvcruntime:locks.obj
 0003:00001380       __vcrt_locks_initialized   000000018002b380     libvcruntime:locks.obj
 0003:000013c8       ?heap@@3V_HeapManager@@A   000000018002b3c8     libvcruntime:undname.obj
 0003:000013f0       ?module_handles@@3PAPEAUHINSTANCE__@@A 000000018002b3f0     libvcruntime:winapi_downlevel.obj
 0003:00001408       ?function_pointers@@3PAPEAXA 000000018002b408     libvcruntime:winapi_downlevel.obj
 0003:00001430       ?__acrt_invalid_parameter_handler@@3V?$dual_state_global@P6AXPEB_W00I_K@Z@__crt_state_management@@A 000000018002b430     libucrt:invalid_parameter.obj
 0003:00001438       ?__acrt_new_handler@@3V?$dual_state_global@P6AH_K@Z@__crt_state_management@@A 000000018002b438     libucrt:new_handler.obj
 0003:00001440       ?c_termination_complete@@3JA 000000018002b440     libucrt:exit.obj
 0003:00001448       ?thread_local_exit_callback_func@@3P6AXPEAXK0@ZEA 000000018002b448     libucrt:exit.obj
 0003:00001460       ?program_name@?1???$common_configure_argv@D@@YAHW4_crt_argv_mode@@@Z@4PADA 000000018002b460     libucrt:argv_parsing.obj
 0003:000015c0       ?__acrt_lock_table@@3PAU_RTL_CRITICAL_SECTION@@A 000000018002b5c0     libucrt:locks.obj
 0003:000017f0       ?__acrt_locks_initialized@@3IA 000000018002b7f0     libucrt:locks.obj
 0003:00001810       ?fSystemSet@@3HA           000000018002b810     libucrt:mbctype.obj
 0003:00001814       ?initialized@?1??__acrt_initialize_multibyte@@9@4_NA 000000018002b814     libucrt:mbctype.obj
 0003:00001850       ?module_handles@@3PAPEAUHINSTANCE__@@A 000000018002b850     libucrt:winapi_thunks.obj
 0003:000018f0       ?encoded_function_pointers@@3PAPEAXA 000000018002b8f0     libucrt:winapi_thunks.obj
 0003:00001e18       ?ctrlc_action@@3V?$dual_state_global@P6AXH@Z@__crt_state_management@@A 000000018002be18     libucrt:signal.obj
 0003:00001e20       ?ctrlbreak_action@@3V?$dual_state_global@P6AXH@Z@__crt_state_management@@A 000000018002be20     libucrt:signal.obj
 0003:00001e28       ?abort_action@@3V?$dual_state_global@P6AXH@Z@__crt_state_management@@A 000000018002be28     libucrt:signal.obj
 0003:00001e30       ?term_action@@3V?$dual_state_global@P6AXH@Z@__crt_state_management@@A 000000018002be30     libucrt:signal.obj
 0003:00001e38       ?user_matherr@@3V?$dual_state_global@P6AHPEAU_exception@@@Z@__crt_state_management@@A 000000018002be38     libucrt:matherr.obj
 0003:00001e68       ?internal_state@?1??_mbtowc_l@@9@4U_Mbstatet@@A 000000018002be68     libucrt:mbtowc.obj
 0003:00001e74       ?__acrt_global_new_mode@@3V?$dual_state_global@J@__crt_state_management@@A 000000018002be74     libucrt:new_mode.obj
 0003:00001e80       ?__acrt_app_type@@3W4_crt_app_type@@A 000000018002be80     libucrt:report_runtime_error.obj
 0003:00001e88       ?internal_pst@?1??__mbrtoc32_utf8@__crt_mbstring@@YA_KPEA_UPEBD_KPEAU_Mbstatet@@@Z@4U3@A 000000018002be88     libucrt:mbrtoc32.obj
 0003:00002180       ?kbl@?BE@??GetOpenPanelInfo@NetBrowser@@QEAAXPEAUOpenPanelInfo@@@Z@4PAUKeyBarLabel@@A 000000018002c180     NetClass.obj
 0003:00002350       ?kbl@?BN@??GetOpenPanelInfo@NetBrowser@@QEAAXPEAUOpenPanelInfo@@@Z@4PAUKeyBarLabel@@A 000000018002c350     NetClass.obj
 0003:00002540       ?PluginMenuStrings@?1??GetPluginInfoW@@9@4PAPEB_WA 000000018002c540     Network.obj
 0003:00002548       ?DiskMenuStrings@?4??GetPluginInfoW@@9@4PAPEB_WA 000000018002c548     Network.obj
 0003:00002550       ?CurDir@?8??GetOpenPanelInfo@NetBrowser@@QEAAXPEAUOpenPanelInfo@@@Z@4PA_WA 000000018002c550     NetClass.obj
 0003:00002760       ?PanelModesArray@?1??GetOpenPanelInfo@NetBrowser@@QEAAXPEAUOpenPanelInfo@@@Z@4PAUPanelMode@@A 000000018002c760     NetClass.obj
 0003:00002940       ?LastPassword@?1??GetNameAndPassword@NetBrowser@@CA_NPEAUNameAndPassInfo@@@Z@4PA_WA 000000018002c940     NetClass.obj
 0003:00002b40       ?Title@?1??GetOpenPanelInfo@NetBrowser@@QEAAXPEAUOpenPanelInfo@@@Z@4PA_WA 000000018002cb40     NetClass.obj
 0003:00002d50       ?LastName@?1??GetNameAndPassword@NetBrowser@@CA_NPEAUNameAndPassInfo@@@Z@4PA_WA 000000018002cd50     NetClass.obj
 0003:00002f50       ?ColumnTitles@?1??GetOpenPanelInfo@NetBrowser@@QEAAXPEAUOpenPanelInfo@@@Z@4PAPEB_WA 000000018002cf50     NetClass.obj
 0005:00000060       $R000000                   000000018002f060     Network.res
