 sqlite3

 Timestamp is 6611e39c (Sun Apr  7 01:06:52 2024)

 Preferred load address is 0000000180000000

 Start         Length     Name                   Class
 0001:00000000 000e6dd0H .text$mn                CODE
 0001:000e6dd0 00000040H .text$mn$00             CODE
 0001:000e6e10 00000630H .text$x                 CODE
 0002:00000000 00000370H .idata$5                DATA
 0002:00000370 00000028H .00cfg                  DATA
 0002:00000398 00000008H .CRT$XCA                DATA
 0002:000003a0 00000008H .CRT$XCZ                DATA
 0002:000003a8 00000008H .CRT$XIA                DATA
 0002:000003b0 00000020H .CRT$XIC                DATA
 0002:000003d0 00000008H .CRT$XIZ                DATA
 0002:000003d8 00000008H .CRT$XPA                DATA
 0002:000003e0 00000010H .CRT$XPX                DATA
 0002:000003f0 00000008H .CRT$XPXA               DATA
 0002:000003f8 00000008H .CRT$XPZ                DATA
 0002:00000400 00000008H .CRT$XTA                DATA
 0002:00000408 00000008H .CRT$XTZ                DATA
 0002:00000410 00000000H .gehcont$y              DATA
 0002:00000410 00000000H .gfids$y                DATA
 0002:00000410 00015d70H .rdata                  DATA
 0002:00016180 00000000H .rdata$CastGuardVftablesA DATA
 0002:00016180 00000000H .rdata$CastGuardVftablesC DATA
 0002:00016180 00000000H .rdata$r                DATA
 0002:00016180 000002ecH .rdata$voltmd           DATA
 0002:0001646c 000002dcH .rdata$zzzdbg           DATA
 0002:00016748 00000008H .rtc$IAA                DATA
 0002:00016750 00000008H .rtc$IZZ                DATA
 0002:00016758 00000008H .rtc$TAA                DATA
 0002:00016760 00000008H .rtc$TZZ                DATA
 0002:00016768 0000bc58H .xdata                  DATA
 0002:000223c0 00000000H .xdata$x                DATA
 0002:000223c0 00000100H _RDATA                  DATA
 0002:000224c0 000022b8H .edata                  DATA
 0002:00024778 00000014H .idata$2                DATA
 0002:0002478c 00000014H .idata$3                DATA
 0002:000247a0 00000370H .idata$4                DATA
 0002:00024b10 000007e8H .idata$6                DATA
 0003:00000000 000043b0H .data                   DATA
 0003:000043b0 00000000H .data$r                 DATA
 0003:000043b0 00000000H .data$rs                DATA
 0003:000043b0 00001758H .bss                    DATA
 0004:00000000 00009ff0H .pdata                  DATA
 0005:00000000 00000060H .rsrc$01                DATA
 0005:00000060 00000450H .rsrc$02                DATA

  Address         Publics by Value              Rva+Base               Lib:Object

 0000:00000000       __arm64x_redirection_metadata 0000000000000000     <absolute>
 0000:00000000       __guard_iat_table          0000000000000000     <absolute>
 0000:00000000       ___safe_se_handler_table   0000000000000000     <absolute>
 0000:00000000       __guard_iat_count          0000000000000000     <absolute>
 0000:00000000       __guard_longjmp_count      0000000000000000     <absolute>
 0000:00000000       __dynamic_value_reloc_table 0000000000000000     <absolute>
 0000:00000000       __guard_longjmp_table      0000000000000000     <absolute>
 0000:00000000       __x64_code_ranges_to_entry_points 0000000000000000     <absolute>
 0000:00000000       __hybrid_auxiliary_iat     0000000000000000     <absolute>
 0000:00000000       __hybrid_auxiliary_iat_copy 0000000000000000     <absolute>
 0000:00000000       __x64_code_ranges_to_entry_points_count 0000000000000000     <absolute>
 0000:00000000       __guard_fids_count         0000000000000000     <absolute>
 0000:00000000       __arm64x_extra_rfe_table   0000000000000000     <absolute>
 0000:00000000       __AbsoluteZero             0000000000000000     <absolute>
 0000:00000000       __hybrid_code_map          0000000000000000     <absolute>
 0000:00000000       __guard_check_icall_a64n_fptr 0000000000000000     <absolute>
 0000:00000000       __arm64x_extra_rfe_table_size 0000000000000000     <absolute>
 0000:00000000       ___safe_se_handler_count   0000000000000000     <absolute>
 0000:00000000       __guard_fids_table         0000000000000000     <absolute>
 0000:00000000       __guard_eh_cont_count      0000000000000000     <absolute>
 0000:00000000       __arm64x_redirection_metadata_count 0000000000000000     <absolute>
 0000:00000000       __enclave_config           0000000000000000     <absolute>
 0000:00000000       __guard_eh_cont_table      0000000000000000     <absolute>
 0000:00000000       __arm64x_native_entrypoint 0000000000000000     <absolute>
 0000:00000000       __hybrid_code_map_count    0000000000000000     <absolute>
 0000:00000100       __guard_flags              0000000000000100     <absolute>
 0000:00000000       __ImageBase                0000000180000000     <linker-defined>
 0001:00000000       sqlite3_status64           0000000180001000 f   sqlite.obj
 0001:000000e0       sqlite3_status             00000001800010e0 f   sqlite.obj
 0001:000002a0       sqlite3_db_status          00000001800012a0 f   sqlite.obj
 0001:000049a0       sqlite3_vfs_find           00000001800059a0 f   sqlite.obj
 0001:00004a60       sqlite3_vfs_register       0000000180005a60 f   sqlite.obj
 0001:00004b40       sqlite3_vfs_unregister     0000000180005b40 f   sqlite.obj
 0001:00004cc0       sqlite3_release_memory     0000000180005cc0 f   sqlite.obj
 0001:00004cc0       sqlite3_memory_alarm       0000000180005cc0 f   sqlite.obj
 0001:00004cc0       sqlite3_global_recover     0000000180005cc0 f   sqlite.obj
 0001:00004cd0       sqlite3_thread_cleanup     0000000180005cd0 f   sqlite.obj
 0001:00004cd0       _guard_check_icall_nop     0000000180005cd0 f   LIBCMT:guard_support.obj
 0001:00004d80       sqlite3_mutex_alloc        0000000180005d80 f   sqlite.obj
 0001:00004dc0       sqlite3_mutex_free         0000000180005dc0 f   sqlite.obj
 0001:00004dd0       sqlite3_mutex_enter        0000000180005dd0 f   sqlite.obj
 0001:00004de0       sqlite3_mutex_try          0000000180005de0 f   sqlite.obj
 0001:00004df0       sqlite3_mutex_leave        0000000180005df0 f   sqlite.obj
 0001:00005040       sqlite3_soft_heap_limit64  0000000180006040 f   sqlite.obj
 0001:00005120       sqlite3_soft_heap_limit    0000000180006120 f   sqlite.obj
 0001:00005130       sqlite3_hard_heap_limit64  0000000180006130 f   sqlite.obj
 0001:000051c0       sqlite3_memory_used        00000001800061c0 f   sqlite.obj
 0001:00005210       sqlite3_memory_highwater   0000000180006210 f   sqlite.obj
 0001:00005430       sqlite3_malloc             0000000180006430 f   sqlite.obj
 0001:00005460       sqlite3_malloc64           0000000180006460 f   sqlite.obj
 0001:00005490       sqlite3_msize              0000000180006490 f   sqlite.obj
 0001:000054b0       sqlite3_free               00000001800064b0 f   sqlite.obj
 0001:00005930       sqlite3_realloc            0000000180006930 f   sqlite.obj
 0001:00005980       sqlite3_realloc64          0000000180006980 f   sqlite.obj
 0001:000061d0       sqlite3_str_vappendf       00000001800071d0 f   sqlite.obj
 0001:000080e0       sqlite3_str_appendchar     00000001800090e0 f   sqlite.obj
 0001:00008190       sqlite3_str_append         0000000180009190 f   sqlite.obj
 0001:000081c0       sqlite3_str_appendall      00000001800091c0 f   sqlite.obj
 0001:00008440       sqlite3_str_finish         0000000180009440 f   sqlite.obj
 0001:00008520       sqlite3_str_errcode        0000000180009520 f   sqlite.obj
 0001:00008530       sqlite3_str_length         0000000180009530 f   sqlite.obj
 0001:00008540       sqlite3_str_value          0000000180009540 f   sqlite.obj
 0001:00008560       sqlite3_str_reset          0000000180009560 f   sqlite.obj
 0001:000085a0       sqlite3_str_new            00000001800095a0 f   sqlite.obj
 0001:00008700       sqlite3_vmprintf           0000000180009700 f   sqlite.obj
 0001:000087d0       sqlite3_mprintf            00000001800097d0 f   sqlite.obj
 0001:00008810       sqlite3_vsnprintf          0000000180009810 f   sqlite.obj
 0001:00008860       sqlite3_snprintf           0000000180009860 f   sqlite.obj
 0001:000088c0       sqlite3_log                00000001800098c0 f   sqlite.obj
 0001:00008990       sqlite3_str_appendf        0000000180009990 f   sqlite.obj
 0001:00008d90       sqlite3_randomness         0000000180009d90 f   sqlite.obj
 0001:00009ba0       sqlite3_stricmp            000000018000aba0 f   sqlite.obj
 0001:00009c30       sqlite3_strnicmp           000000018000ac30 f   sqlite.obj
 0001:0000c300       sqlite3_win32_write_debug  000000018000d300 f   sqlite.obj
 0001:0000c3b0       sqlite3_win32_sleep        000000018000d3b0 f   sqlite.obj
 0001:0000c3c0       _get_startup_argv_mode     000000018000d3c0 f   LIBCMT:argv_mode.obj
 0001:0000c3c0       sqlite3_win32_is_nt        000000018000d3c0 f   sqlite.obj
 0001:0000c3c0       DllMain                    000000018000d3c0 f   LIBCMT:dll_dllmain_stub.obj
 0001:0000c3c0       sqlite3_threadsafe         000000018000d3c0 f   sqlite.obj
 0001:0000c7c0       sqlite3_win32_utf8_to_unicode 000000018000d7c0 f   sqlite.obj
 0001:0000c7f0       sqlite3_win32_unicode_to_utf8 000000018000d7f0 f   sqlite.obj
 0001:0000c820       sqlite3_win32_mbcs_to_utf8 000000018000d820 f   sqlite.obj
 0001:0000c850       sqlite3_win32_mbcs_to_utf8_v2 000000018000d850 f   sqlite.obj
 0001:0000c890       sqlite3_win32_utf8_to_mbcs 000000018000d890 f   sqlite.obj
 0001:0000c8c0       sqlite3_win32_utf8_to_mbcs_v2 000000018000d8c0 f   sqlite.obj
 0001:0000c900       sqlite3_win32_set_directory8 000000018000d900 f   sqlite.obj
 0001:0000ca40       sqlite3_win32_set_directory16 000000018000da40 f   sqlite.obj
 0001:0000cb20       sqlite3_win32_set_directory 000000018000db20 f   sqlite.obj
 0001:00010960       sqlite3_os_init            0000000180011960 f   sqlite.obj
 0001:00010ca0       sqlite3_os_end             0000000180011ca0 f   sqlite.obj
 0001:00011900       sqlite3_serialize          0000000180012900 f   sqlite.obj
 0001:000124b0       sqlite3_deserialize        00000001800134b0 f   sqlite.obj
 0001:00014860       sqlite3_backup_pagecount   0000000180015860 f   sqlite.obj
 0001:00019580       sqlite3_database_file_object 000000018001a580 f   sqlite.obj
 0001:0001f930       sqlite3_enable_shared_cache 0000000180020930 f   sqlite.obj
 0001:0002f050       sqlite3_backup_init        0000000180030050 f   sqlite.obj
 0001:0002f3a0       sqlite3_backup_step        00000001800303a0 f   sqlite.obj
 0001:0002fb20       sqlite3_backup_finish      0000000180030b20 f   sqlite.obj
 0001:0002fca0       sqlite3_backup_remaining   0000000180030ca0 f   sqlite.obj
 0001:00030720       sqlite3_value_int64        0000000180031720 f   sqlite.obj
 0001:00030720       sqlite3_value_int          0000000180031720 f   sqlite.obj
 0001:000307b0       sqlite3_value_double       00000001800317b0 f   sqlite.obj
 0001:000386c0       sqlite3_expired            00000001800396c0 f   sqlite.obj
 0001:000387a0       sqlite3_finalize           00000001800397a0 f   sqlite.obj
 0001:00038880       sqlite3_reset              0000000180039880 f   sqlite.obj
 0001:00038940       sqlite3_clear_bindings     0000000180039940 f   sqlite.obj
 0001:00038a10       sqlite3_value_blob         0000000180039a10 f   sqlite.obj
 0001:00038a90       sqlite3_value_bytes        0000000180039a90 f   sqlite.obj
 0001:00038ad0       sqlite3_value_bytes16      0000000180039ad0 f   sqlite.obj
 0001:00038b10       sqlite3_value_subtype      0000000180039b10 f   sqlite.obj
 0001:00038b30       sqlite3_value_pointer      0000000180039b30 f   sqlite.obj
 0001:00038b80       sqlite3_value_text         0000000180039b80 f   sqlite.obj
 0001:00038bc0       sqlite3_value_text16le     0000000180039bc0 f   sqlite.obj
 0001:00038bc0       sqlite3_value_text16       0000000180039bc0 f   sqlite.obj
 0001:00038c00       sqlite3_value_text16be     0000000180039c00 f   sqlite.obj
 0001:00038c40       sqlite3_value_type         0000000180039c40 f   sqlite.obj
 0001:00038c60       sqlite3_value_encoding     0000000180039c60 f   sqlite.obj
 0001:00038c70       sqlite3_value_nochange     0000000180039c70 f   sqlite.obj
 0001:00038c90       sqlite3_value_frombind     0000000180039c90 f   sqlite.obj
 0001:00038ca0       sqlite3_value_dup          0000000180039ca0 f   sqlite.obj
 0001:00038e80       sqlite3_value_free         0000000180039e80 f   sqlite.obj
 0001:00039050       sqlite3_result_blob        000000018003a050 f   sqlite.obj
 0001:00039070       sqlite3_result_blob64      000000018003a070 f   sqlite.obj
 0001:000390e0       sqlite3_result_double      000000018003a0e0 f   sqlite.obj
 0001:000390f0       sqlite3_result_error       000000018003a0f0 f   sqlite.obj
 0001:00039120       sqlite3_result_error16     000000018003a120 f   sqlite.obj
 0001:00039150       sqlite3_result_int         000000018003a150 f   sqlite.obj
 0001:00039180       sqlite3_result_int64       000000018003a180 f   sqlite.obj
 0001:000391b0       sqlite3_result_null        000000018003a1b0 f   sqlite.obj
 0001:000391d0       sqlite3_result_pointer     000000018003a1d0 f   sqlite.obj
 0001:00039270       sqlite3_result_subtype     000000018003a270 f   sqlite.obj
 0001:00039280       sqlite3_result_text        000000018003a280 f   sqlite.obj
 0001:000392a0       sqlite3_result_text64      000000018003a2a0 f   sqlite.obj
 0001:00039330       sqlite3_result_text16      000000018003a330 f   sqlite.obj
 0001:00039330       sqlite3_result_text16le    000000018003a330 f   sqlite.obj
 0001:00039350       sqlite3_result_text16be    000000018003a350 f   sqlite.obj
 0001:00039370       sqlite3_result_value       000000018003a370 f   sqlite.obj
 0001:00039400       sqlite3_result_zeroblob    000000018003a400 f   sqlite.obj
 0001:00039410       sqlite3_result_zeroblob64  000000018003a410 f   sqlite.obj
 0001:000394b0       sqlite3_result_error_code  000000018003a4b0 f   sqlite.obj
 0001:00039550       sqlite3_result_error_toobig 000000018003a550 f   sqlite.obj
 0001:00039590       sqlite3_result_error_nomem 000000018003a590 f   sqlite.obj
 0001:00039ae0       sqlite3_step               000000018003aae0 f   sqlite.obj
 0001:0003a070       sqlite3_user_data          000000018003b070 f   sqlite.obj
 0001:0003a080       sqlite3_context_db_handle  000000018003b080 f   sqlite.obj
 0001:0003a090       sqlite3_vtab_nochange      000000018003b090 f   sqlite.obj
 0001:0003a330       sqlite3_vtab_in_first      000000018003b330 f   sqlite.obj
 0001:0003a340       sqlite3_vtab_in_next       000000018003b340 f   sqlite.obj
 0001:0003a430       sqlite3_aggregate_context  000000018003b430 f   sqlite.obj
 0001:0003a450       sqlite3_get_auxdata        000000018003b450 f   sqlite.obj
 0001:0003a490       sqlite3_set_auxdata        000000018003b490 f   sqlite.obj
 0001:0003a580       sqlite3_aggregate_count    000000018003b580 f   sqlite.obj
 0001:0003a590       sqlite3_column_count       000000018003b590 f   sqlite.obj
 0001:0003a5a0       sqlite3_data_count         000000018003b5a0 f   sqlite.obj
 0001:0003a5c0       sqlite3_column_blob        000000018003b5c0 f   sqlite.obj
 0001:0003a680       sqlite3_column_bytes       000000018003b680 f   sqlite.obj
 0001:0003a770       sqlite3_column_bytes16     000000018003b770 f   sqlite.obj
 0001:0003a870       sqlite3_column_double      000000018003b870 f   sqlite.obj
 0001:0003a960       sqlite3_column_int         000000018003b960 f   sqlite.obj
 0001:0003aa80       sqlite3_column_int64       000000018003ba80 f   sqlite.obj
 0001:0003aba0       sqlite3_column_text        000000018003bba0 f   sqlite.obj
 0001:0003ac90       sqlite3_column_value       000000018003bc90 f   sqlite.obj
 0001:0003ad60       sqlite3_column_text16      000000018003bd60 f   sqlite.obj
 0001:0003ae50       sqlite3_column_type        000000018003be50 f   sqlite.obj
 0001:0003b0d0       sqlite3_column_name        000000018003c0d0 f   sqlite.obj
 0001:0003b0e0       sqlite3_column_name16      000000018003c0e0 f   sqlite.obj
 0001:0003b0f0       sqlite3_column_decltype    000000018003c0f0 f   sqlite.obj
 0001:0003b100       sqlite3_column_decltype16  000000018003c100 f   sqlite.obj
 0001:0003b3e0       sqlite3_bind_blob          000000018003c3e0 f   sqlite.obj
 0001:0003b4b0       sqlite3_bind_blob64        000000018003c4b0 f   sqlite.obj
 0001:0003b580       sqlite3_bind_double        000000018003c580 f   sqlite.obj
 0001:0003b5f0       sqlite3_bind_int           000000018003c5f0 f   sqlite.obj
 0001:0003b600       sqlite3_bind_int64         000000018003c600 f   sqlite.obj
 0001:0003b690       sqlite3_bind_null          000000018003c690 f   sqlite.obj
 0001:0003b6d0       sqlite3_bind_pointer       000000018003c6d0 f   sqlite.obj
 0001:0003b7a0       sqlite3_bind_text          000000018003c7a0 f   sqlite.obj
 0001:0003b7c0       sqlite3_bind_text64        000000018003c7c0 f   sqlite.obj
 0001:0003b7f0       sqlite3_bind_text16        000000018003c7f0 f   sqlite.obj
 0001:0003b820       sqlite3_bind_value         000000018003c820 f   sqlite.obj
 0001:0003b930       sqlite3_bind_zeroblob      000000018003c930 f   sqlite.obj
 0001:0003b9d0       sqlite3_bind_zeroblob64    000000018003c9d0 f   sqlite.obj
 0001:0003ba60       sqlite3_bind_parameter_count 000000018003ca60 f   sqlite.obj
 0001:0003ba70       sqlite3_bind_parameter_name 000000018003ca70 f   sqlite.obj
 0001:0003bab0       sqlite3_bind_parameter_index 000000018003cab0 f   sqlite.obj
 0001:0003bc00       sqlite3_transfer_bindings  000000018003cc00 f   sqlite.obj
 0001:0003bc50       sqlite3_db_handle          000000018003cc50 f   sqlite.obj
 0001:0003bc60       sqlite3_stmt_readonly      000000018003cc60 f   sqlite.obj
 0001:0003bc80       sqlite3_stmt_isexplain     000000018003cc80 f   sqlite.obj
 0001:0003bca0       sqlite3_stmt_explain       000000018003cca0 f   sqlite.obj
 0001:0003bde0       sqlite3_stmt_busy          000000018003cde0 f   sqlite.obj
 0001:0003be00       sqlite3_next_stmt          000000018003ce00 f   sqlite.obj
 0001:0003be50       sqlite3_stmt_status        000000018003ce50 f   sqlite.obj
 0001:0003bf00       sqlite3_sql                000000018003cf00 f   sqlite.obj
 0001:0003bf10       sqlite3_expanded_sql       000000018003cf10 f   sqlite.obj
 0001:0003c800       sqlite3_value_numeric_type 000000018003d800 f   sqlite.obj
 0001:00043f10       sqlite3_blob_open          0000000180044f10 f   sqlite.obj
 0001:00044830       sqlite3_blob_close         0000000180045830 f   sqlite.obj
 0001:00044a30       sqlite3_blob_read          0000000180045a30 f   sqlite.obj
 0001:00044a50       sqlite3_blob_write         0000000180045a50 f   sqlite.obj
 0001:00044a70       sqlite3_blob_bytes         0000000180045a70 f   sqlite.obj
 0001:00044a90       sqlite3_blob_reopen        0000000180045a90 f   sqlite.obj
 0001:00061a00       sqlite3_set_authorizer     0000000180062a00 f   sqlite.obj
 0001:000716a0       sqlite3_strglob            00000001800726a0 f   sqlite.obj
 0001:000716d0       sqlite3_strlike            00000001800726d0 f   sqlite.obj
 0001:0007faa0       sqlite3_exec               0000000180080aa0 f   sqlite.obj
 0001:00080b00       sqlite3_load_extension     0000000180081b00 f   sqlite.obj
 0001:00080b80       sqlite3_enable_load_extension 0000000180081b80 f   sqlite.obj
 0001:00080be0       sqlite3_auto_extension     0000000180081be0 f   sqlite.obj
 0001:00080cd0       sqlite3_cancel_auto_extension 0000000180081cd0 f   sqlite.obj
 0001:00080d70       sqlite3_reset_auto_extension 0000000180081d70 f   sqlite.obj
 0001:000884f0       sqlite3_prepare            00000001800894f0 f   sqlite.obj
 0001:00088520       sqlite3_prepare_v2         0000000180089520 f   sqlite.obj
 0001:00088550       sqlite3_prepare_v3         0000000180089550 f   sqlite.obj
 0001:00088770       sqlite3_prepare16          0000000180089770 f   sqlite.obj
 0001:00088790       sqlite3_prepare16_v2       0000000180089790 f   sqlite.obj
 0001:000887c0       sqlite3_prepare16_v3       00000001800897c0 f   sqlite.obj
 0001:0009a170       sqlite3_get_table          000000018009b170 f   sqlite.obj
 0001:0009a430       sqlite3_free_table         000000018009b430 f   sqlite.obj
 0001:000a3c10       sqlite3_create_module      00000001800a4c10 f   sqlite.obj
 0001:000a3ca0       sqlite3_create_module_v2   00000001800a4ca0 f   sqlite.obj
 0001:000a3d40       sqlite3_drop_modules       00000001800a4d40 f   sqlite.obj
 0001:000a4f30       sqlite3_declare_vtab       00000001800a5f30 f   sqlite.obj
 0001:000a5c60       sqlite3_vtab_on_conflict   00000001800a6c60 f   sqlite.obj
 0001:000a5c80       sqlite3_vtab_config        00000001800a6c80 f   sqlite.obj
 0001:000b5450       sqlite3_vtab_collation     00000001800b6450 f   sqlite.obj
 0001:000b54b0       sqlite3_vtab_in            00000001800b64b0 f   sqlite.obj
 0001:000b54f0       sqlite3_vtab_rhs_value     00000001800b64f0 f   sqlite.obj
 0001:000b55e0       sqlite3_vtab_distinct      00000001800b65e0 f   sqlite.obj
 0001:000c5dc0       sqlite3_keyword_name       00000001800c6dc0 f   sqlite.obj
 0001:000c5e00       sqlite3_keyword_count      00000001800c6e00 f   sqlite.obj
 0001:000c5e10       sqlite3_keyword_check      00000001800c6e10 f   sqlite.obj
 0001:000c6c50       sqlite3_complete           00000001800c7c50 f   sqlite.obj
 0001:000c71d0       sqlite3_complete16         00000001800c81d0 f   sqlite.obj
 0001:000c73c0       sqlite3_libversion         00000001800c83c0 f   sqlite.obj
 0001:000c73d0       sqlite3_libversion_number  00000001800c83d0 f   sqlite.obj
 0001:000c73e0       sqlite3_initialize         00000001800c83e0 f   sqlite.obj
 0001:000c7980       sqlite3_shutdown           00000001800c8980 f   sqlite.obj
 0001:000c7a30       sqlite3_config             00000001800c8a30 f   sqlite.obj
 0001:000c81a0       sqlite3_db_mutex           00000001800c91a0 f   sqlite.obj
 0001:000c81b0       sqlite3_db_release_memory  00000001800c91b0 f   sqlite.obj
 0001:000c8260       sqlite3_db_cacheflush      00000001800c9260 f   sqlite.obj
 0001:000c8370       sqlite3_db_config          00000001800c9370 f   sqlite.obj
 0001:000c8620       sqlite3_last_insert_rowid  00000001800c9620 f   sqlite.obj
 0001:000c8630       sqlite3_set_last_insert_rowid 00000001800c9630 f   sqlite.obj
 0001:000c8670       sqlite3_changes64          00000001800c9670 f   sqlite.obj
 0001:000c8680       sqlite3_changes            00000001800c9680 f   sqlite.obj
 0001:000c8690       sqlite3_total_changes64    00000001800c9690 f   sqlite.obj
 0001:000c86a0       sqlite3_total_changes      00000001800c96a0 f   sqlite.obj
 0001:000c8a90       sqlite3_txn_state          00000001800c9a90 f   sqlite.obj
 0001:000c8b40       sqlite3_close              00000001800c9b40 f   sqlite.obj
 0001:000c8b50       sqlite3_close_v2           00000001800c9b50 f   sqlite.obj
 0001:000c95b0       sqlite3_errstr             00000001800ca5b0 f   sqlite.obj
 0001:000c9680       sqlite3_busy_handler       00000001800ca680 f   sqlite.obj
 0001:000c96f0       sqlite3_progress_handler   00000001800ca6f0 f   sqlite.obj
 0001:000c9770       sqlite3_busy_timeout       00000001800ca770 f   sqlite.obj
 0001:000c9820       sqlite3_interrupt          00000001800ca820 f   sqlite.obj
 0001:000c9830       sqlite3_is_interrupted     00000001800ca830 f   sqlite.obj
 0001:000c9d30       sqlite3_create_function    00000001800cad30 f   sqlite.obj
 0001:000c9d80       sqlite3_create_function_v2 00000001800cad80 f   sqlite.obj
 0001:000c9de0       sqlite3_create_window_function 00000001800cade0 f   sqlite.obj
 0001:000c9e50       sqlite3_create_function16  00000001800cae50 f   sqlite.obj
 0001:000ca010       sqlite3_overload_function  00000001800cb010 f   sqlite.obj
 0001:000ca100       sqlite3_trace              00000001800cb100 f   sqlite.obj
 0001:000ca180       sqlite3_trace_v2           00000001800cb180 f   sqlite.obj
 0001:000ca200       sqlite3_profile            00000001800cb200 f   sqlite.obj
 0001:000ca280       sqlite3_commit_hook        00000001800cb280 f   sqlite.obj
 0001:000ca2f0       sqlite3_update_hook        00000001800cb2f0 f   sqlite.obj
 0001:000ca360       sqlite3_rollback_hook      00000001800cb360 f   sqlite.obj
 0001:000ca3d0       sqlite3_autovacuum_pages   00000001800cb3d0 f   sqlite.obj
 0001:000ca4b0       sqlite3_wal_autocheckpoint 00000001800cb4b0 f   sqlite.obj
 0001:000ca540       sqlite3_wal_hook           00000001800cb540 f   sqlite.obj
 0001:000ca5b0       sqlite3_wal_checkpoint_v2  00000001800cb5b0 f   sqlite.obj
 0001:000ca710       sqlite3_wal_checkpoint     00000001800cb710 f   sqlite.obj
 0001:000ca900       sqlite3_errmsg             00000001800cb900 f   sqlite.obj
 0001:000caa20       sqlite3_error_offset       00000001800cba20 f   sqlite.obj
 0001:000caaa0       sqlite3_errmsg16           00000001800cbaa0 f   sqlite.obj
 0001:000cac20       sqlite3_errcode            00000001800cbc20 f   sqlite.obj
 0001:000caca0       sqlite3_extended_errcode   00000001800cbca0 f   sqlite.obj
 0001:000cad20       sqlite3_system_errno       00000001800cbd20 f   sqlite.obj
 0001:000caf50       sqlite3_limit              00000001800cbf50 f   sqlite.obj
 0001:000cbfe0       sqlite3_open               00000001800ccfe0 f   sqlite.obj
 0001:000cbff0       sqlite3_open_v2            00000001800ccff0 f   sqlite.obj
 0001:000cc000       sqlite3_open16             00000001800cd000 f   sqlite.obj
 0001:000cc1f0       sqlite3_create_collation   00000001800cd1f0 f   sqlite.obj
 0001:000cc220       sqlite3_create_collation_v2 00000001800cd220 f   sqlite.obj
 0001:000cc2c0       sqlite3_create_collation16 00000001800cd2c0 f   sqlite.obj
 0001:000cc380       sqlite3_collation_needed   00000001800cd380 f   sqlite.obj
 0001:000cc3f0       sqlite3_collation_needed16 00000001800cd3f0 f   sqlite.obj
 0001:000cc460       sqlite3_get_clientdata     00000001800cd460 f   sqlite.obj
 0001:000cc500       sqlite3_set_clientdata     00000001800cd500 f   sqlite.obj
 0001:000cc6c0       sqlite3_get_autocommit     00000001800cd6c0 f   sqlite.obj
 0001:000cc7c0       sqlite3_table_column_metadata 00000001800cd7c0 f   sqlite.obj
 0001:000ccc40       sqlite3_sleep              00000001800cdc40 f   sqlite.obj
 0001:000cccf0       sqlite3_extended_result_codes 00000001800cdcf0 f   sqlite.obj
 0001:000ccd40       sqlite3_file_control       00000001800cdd40 f   sqlite.obj
 0001:000ccf20       sqlite3_test_control       00000001800cdf20 f   sqlite.obj
 0001:000cd490       sqlite3_create_filename    00000001800ce490 f   sqlite.obj
 0001:000cd630       sqlite3_free_filename      00000001800ce630 f   sqlite.obj
 0001:000cd6e0       sqlite3_uri_parameter      00000001800ce6e0 f   sqlite.obj
 0001:000cd7c0       sqlite3_uri_key            00000001800ce7c0 f   sqlite.obj
 0001:000cd890       sqlite3_uri_boolean        00000001800ce890 f   sqlite.obj
 0001:000cd8e0       sqlite3_uri_int64          00000001800ce8e0 f   sqlite.obj
 0001:000cd920       sqlite3_filename_database  00000001800ce920 f   sqlite.obj
 0001:000cd950       sqlite3_filename_journal   00000001800ce950 f   sqlite.obj
 0001:000cd9f0       sqlite3_filename_wal       00000001800ce9f0 f   sqlite.obj
 0001:000cdaa0       sqlite3_db_name            00000001800ceaa0 f   sqlite.obj
 0001:000cdac0       sqlite3_db_filename        00000001800ceac0 f   sqlite.obj
 0001:000cdb30       sqlite3_db_readonly        00000001800ceb30 f   sqlite.obj
 0001:000cdb80       sqlite3_compileoption_used 00000001800ceb80 f   sqlite.obj
 0001:000cdd00       sqlite3_compileoption_get  00000001800ced00 f   sqlite.obj
 0001:000d86f0       sqlite3_sourceid           00000001800d96f0 f   sqlite.obj
 0001:000d8700       Wrapper_InitializeCriticalSectionEx 00000001800d9700 f   vc_crt_fix_impl.obj
 0001:000d87d0       Wrapper_CompareStringEx    00000001800d97d0 f   vc_crt_fix_impl.obj
 0001:000d8880       Wrapper_LCMapStringEx      00000001800d9880 f   vc_crt_fix_impl.obj
 0001:000d8930       Wrapper_SleepConditionVariableSRW 00000001800d9930 f   vc_crt_fix_impl.obj
 0001:000d89f0       Wrapper_WakeAllConditionVariable 00000001800d99f0 f   vc_crt_fix_impl.obj
 0001:000d8a80       Wrapper_AcquireSRWLockExclusive 00000001800d9a80 f   vc_crt_fix_impl.obj
 0001:000d8b00       Wrapper_ReleaseSRWLockExclusive 00000001800d9b00 f   vc_crt_fix_impl.obj
 0001:000d8b90       __security_check_cookie    00000001800d9b90 f   LIBCMT:amdsecgs.obj
 0001:000d8bb0       __raise_securityfailure    00000001800d9bb0 f   LIBCMT:gs_report.obj
 0001:000d8be4       __report_gsfailure         00000001800d9be4 f   LIBCMT:gs_report.obj
 0001:000d8cb8       __report_rangecheckfailure 00000001800d9cb8 f   LIBCMT:gs_report.obj
 0001:000d8ccc       __report_securityfailure   00000001800d9ccc f   LIBCMT:gs_report.obj
 0001:000d916c       _DllMainCRTStartup         00000001800da16c f   LIBCMT:dll_dllmain.obj
 0001:000d91ac       __security_init_cookie     00000001800da1ac f   LIBCMT:gs_support.obj
 0001:000d9258       ?__scrt_initialize_type_info@@YAXXZ 00000001800da258 f   LIBCMT:tncleanup.obj
 0001:000d9268       ?__scrt_uninitialize_type_info@@YAXXZ 00000001800da268 f   LIBCMT:tncleanup.obj
 0001:000d9274       __local_stdio_printf_options 00000001800da274 f i LIBCMT:default_local_stdio_options.obj
 0001:000d927c       __local_stdio_scanf_options 00000001800da27c f i LIBCMT:default_local_stdio_options.obj
 0001:000d9284       __scrt_initialize_default_local_stdio_options 00000001800da284 f   LIBCMT:default_local_stdio_options.obj
 0001:000d92a0       __scrt_acquire_startup_lock 00000001800da2a0 f   LIBCMT:utility.obj
 0001:000d92dc       __scrt_dllmain_after_initialize_c 00000001800da2dc f   LIBCMT:utility.obj
 0001:000d9310       __scrt_dllmain_before_initialize_c 00000001800da310 f   LIBCMT:utility.obj
 0001:000d9328       __scrt_dllmain_crt_thread_attach 00000001800da328 f   LIBCMT:utility.obj
 0001:000d9350       __scrt_dllmain_crt_thread_detach 00000001800da350 f   LIBCMT:utility.obj
 0001:000d9368       __scrt_dllmain_exception_filter 00000001800da368 f   LIBCMT:utility.obj
 0001:000d93c8       __scrt_dllmain_uninitialize_c 00000001800da3c8 f   LIBCMT:utility.obj
 0001:000d93f8       __scrt_dllmain_uninitialize_critical 00000001800da3f8 f   LIBCMT:utility.obj
 0001:000d940c       __scrt_initialize_crt      00000001800da40c f   LIBCMT:utility.obj
 0001:000d9458       __scrt_initialize_onexit_tables 00000001800da458 f   LIBCMT:utility.obj
 0001:000d94e4       __scrt_is_nonwritable_in_current_image 00000001800da4e4 f   LIBCMT:utility.obj
 0001:000d957c       __scrt_release_startup_lock 00000001800da57c f   LIBCMT:utility.obj
 0001:000d95a0       __scrt_uninitialize_crt    00000001800da5a0 f   LIBCMT:utility.obj
 0001:000d95cc       __scrt_get_dyn_tls_init_callback 00000001800da5cc f   LIBCMT:dyn_tls_init.obj
 0001:000d95d4       __crt_debugger_hook        00000001800da5d4 f   LIBCMT:utility_desktop.obj
 0001:000d95dc       __scrt_fastfail            00000001800da5dc f   LIBCMT:utility_desktop.obj
 0001:000d9728       _RTC_Initialize            00000001800da728 f   LIBCMT:initsect.obj
 0001:000d9764       _RTC_Terminate             00000001800da764 f   LIBCMT:initsect.obj
 0001:000d97a0       __isa_available_init       00000001800da7a0 f   LIBCMT:cpu_disp.obj
 0001:000d9944       __scrt_is_ucrt_dll_in_use  00000001800da944 f   LIBCMT:ucrt_detection.obj
 0001:000d9950       AreFileApisANSI            00000001800da950 f   kernel32:KERNEL32.dll
 0001:000d9956       ReadFile                   00000001800da956 f   kernel32:KERNEL32.dll
 0001:000d995c       HeapCreate                 00000001800da95c f   kernel32:KERNEL32.dll
 0001:000d9962       HeapFree                   00000001800da962 f   kernel32:KERNEL32.dll
 0001:000d9968       GetFullPathNameW           00000001800da968 f   kernel32:KERNEL32.dll
 0001:000d996e       WriteFile                  00000001800da96e f   kernel32:KERNEL32.dll
 0001:000d9974       GetDiskFreeSpaceW          00000001800da974 f   kernel32:KERNEL32.dll
 0001:000d997a       LockFile                   00000001800da97a f   kernel32:KERNEL32.dll
 0001:000d9980       SetFilePointer             00000001800da980 f   kernel32:KERNEL32.dll
 0001:000d9986       SetEndOfFile               00000001800da986 f   kernel32:KERNEL32.dll
 0001:000d998c       UnlockFileEx               00000001800da98c f   kernel32:KERNEL32.dll
 0001:000d9992       GetTempPathW               00000001800da992 f   kernel32:KERNEL32.dll
 0001:000d9998       CreateMutexW               00000001800da998 f   kernel32:KERNEL32.dll
 0001:000d999e       WaitForSingleObject        00000001800da99e f   kernel32:KERNEL32.dll
 0001:000d99a4       CreateFileW                00000001800da9a4 f   kernel32:KERNEL32.dll
 0001:000d99aa       GetFileAttributesW         00000001800da9aa f   kernel32:KERNEL32.dll
 0001:000d99b0       UnmapViewOfFile            00000001800da9b0 f   kernel32:KERNEL32.dll
 0001:000d99b6       HeapValidate               00000001800da9b6 f   kernel32:KERNEL32.dll
 0001:000d99bc       HeapSize                   00000001800da9bc f   kernel32:KERNEL32.dll
 0001:000d99c2       MultiByteToWideChar        00000001800da9c2 f   kernel32:KERNEL32.dll
 0001:000d99c8       Sleep                      00000001800da9c8 f   kernel32:KERNEL32.dll
 0001:000d99ce       FormatMessageW             00000001800da9ce f   kernel32:KERNEL32.dll
 0001:000d99d4       GetLastError               00000001800da9d4 f   kernel32:KERNEL32.dll
 0001:000d99da       GetFileAttributesExW       00000001800da9da f   kernel32:KERNEL32.dll
 0001:000d99e0       OutputDebugStringW         00000001800da9e0 f   kernel32:KERNEL32.dll
 0001:000d99e6       FlushViewOfFile            00000001800da9e6 f   kernel32:KERNEL32.dll
 0001:000d99ec       WaitForSingleObjectEx      00000001800da9ec f   kernel32:KERNEL32.dll
 0001:000d99f2       DeleteFileW                00000001800da9f2 f   kernel32:KERNEL32.dll
 0001:000d99f8       HeapReAlloc                00000001800da9f8 f   kernel32:KERNEL32.dll
 0001:000d99fe       CloseHandle                00000001800da9fe f   kernel32:KERNEL32.dll
 0001:000d9a04       GetSystemInfo              00000001800daa04 f   kernel32:KERNEL32.dll
 0001:000d9a0a       LoadLibraryW               00000001800daa0a f   kernel32:KERNEL32.dll
 0001:000d9a10       HeapAlloc                  00000001800daa10 f   kernel32:KERNEL32.dll
 0001:000d9a16       HeapCompact                00000001800daa16 f   kernel32:KERNEL32.dll
 0001:000d9a1c       HeapDestroy                00000001800daa1c f   kernel32:KERNEL32.dll
 0001:000d9a22       UnlockFile                 00000001800daa22 f   kernel32:KERNEL32.dll
 0001:000d9a28       GetProcAddress             00000001800daa28 f   kernel32:KERNEL32.dll
 0001:000d9a2e       LocalFree                  00000001800daa2e f   kernel32:KERNEL32.dll
 0001:000d9a34       LockFileEx                 00000001800daa34 f   kernel32:KERNEL32.dll
 0001:000d9a3a       GetFileSize                00000001800daa3a f   kernel32:KERNEL32.dll
 0001:000d9a40       GetCurrentProcessId        00000001800daa40 f   kernel32:KERNEL32.dll
 0001:000d9a46       GetProcessHeap             00000001800daa46 f   kernel32:KERNEL32.dll
 0001:000d9a4c       SystemTimeToFileTime       00000001800daa4c f   kernel32:KERNEL32.dll
 0001:000d9a52       FreeLibrary                00000001800daa52 f   kernel32:KERNEL32.dll
 0001:000d9a58       WideCharToMultiByte        00000001800daa58 f   kernel32:KERNEL32.dll
 0001:000d9a5e       GetSystemTimeAsFileTime    00000001800daa5e f   kernel32:KERNEL32.dll
 0001:000d9a64       GetSystemTime              00000001800daa64 f   kernel32:KERNEL32.dll
 0001:000d9a6a       CreateFileMappingW         00000001800daa6a f   kernel32:KERNEL32.dll
 0001:000d9a70       MapViewOfFile              00000001800daa70 f   kernel32:KERNEL32.dll
 0001:000d9a76       QueryPerformanceCounter    00000001800daa76 f   kernel32:KERNEL32.dll
 0001:000d9a7c       GetTickCount               00000001800daa7c f   kernel32:KERNEL32.dll
 0001:000d9a82       FlushFileBuffers           00000001800daa82 f   kernel32:KERNEL32.dll
 0001:000d9a88       __C_specific_handler       00000001800daa88 f   libvcruntime:riscchandler.obj
 0001:000d9c94       strchr                     00000001800dac94 f   libvcruntime:strchr.obj
 0001:000d9d14       strrchr                    00000001800dad14 f   libvcruntime:strrchr.obj
 0001:000d9e40       __std_type_info_destroy_list 00000001800dae40 f   libvcruntime:std_type_info.obj
 0001:000d9e6c       __vcrt_initialize          00000001800dae6c f   libvcruntime:initialization.obj
 0001:000d9e94       __vcrt_thread_attach       00000001800dae94 f   libvcruntime:initialization.obj
 0001:000d9ea8       __vcrt_thread_detach       00000001800daea8 f   libvcruntime:initialization.obj
 0001:000d9ebc       __vcrt_uninitialize        00000001800daebc f   libvcruntime:initialization.obj
 0001:000d9ed8       __vcrt_uninitialize_critical 00000001800daed8 f   libvcruntime:initialization.obj
 0001:000d9ee8       __DestructExceptionObject  00000001800daee8 f   libvcruntime:ehhelpers.obj
 0001:000d9f58       ?_CallMemberFunction0@@YAXQEAX0@Z 00000001800daf58 f i libvcruntime:ehhelpers.obj
 0001:000d9f70       memset_repmovs             00000001800daf70 f   libvcruntime:memset.obj
 0001:000d9f90       memset                     00000001800daf90 f   libvcruntime:memset.obj
 0001:000da130       _NLG_Notify                00000001800db130 f   libvcruntime:notify.obj
 0001:000da150       __NLG_Dispatch2            00000001800db150 f   libvcruntime:notify.obj
 0001:000da160       __NLG_Return2              00000001800db160 f   libvcruntime:notify.obj
 0001:000da164       __except_validate_context_record 00000001800db164 f   libvcruntime:jbcxrval.obj
 0001:000da19c       __vcrt_freefls             00000001800db19c f   libvcruntime:per_thread_data.obj
 0001:000da1bc       __vcrt_freeptd             00000001800db1bc f   libvcruntime:per_thread_data.obj
 0001:000da20c       __vcrt_getptd              00000001800db20c f   libvcruntime:per_thread_data.obj
 0001:000da228       __vcrt_getptd_noexit       00000001800db228 f   libvcruntime:per_thread_data.obj
 0001:000da2e8       __vcrt_initialize_ptd      00000001800db2e8 f   libvcruntime:per_thread_data.obj
 0001:000da330       __vcrt_uninitialize_ptd    00000001800db330 f   libvcruntime:per_thread_data.obj
 0001:000da354       __vcrt_initialize_locks    00000001800db354 f   libvcruntime:locks.obj
 0001:000da388       __vcrt_uninitialize_locks  00000001800db388 f   libvcruntime:locks.obj
 0001:000da510       __vcrt_FlsAlloc            00000001800db510 f   libvcruntime:winapi_downlevel.obj
 0001:000da558       __vcrt_FlsFree             00000001800db558 f   libvcruntime:winapi_downlevel.obj
 0001:000da5a0       __vcrt_FlsGetValue         00000001800db5a0 f   libvcruntime:winapi_downlevel.obj
 0001:000da5e8       __vcrt_FlsSetValue         00000001800db5e8 f   libvcruntime:winapi_downlevel.obj
 0001:000da63c       __vcrt_InitializeCriticalSectionEx 00000001800db63c f   libvcruntime:winapi_downlevel.obj
 0001:000da6b0       _CallSettingFrame          00000001800db6b0 f   libvcruntime:handlers.obj
 0001:000da700       _CallSettingFrame_LookupContinuationIndex 00000001800db700 f   libvcruntime:handlers.obj
 0001:000da730       _CallSettingFrame_NotifyContinuationAddr 00000001800db730 f   libvcruntime:handlers.obj
 0001:000da760       _CallSettingFrameEncoded   00000001800db760 f   libvcruntime:handlers.obj
 0001:000da7c0       memcpy_repmovs             00000001800db7c0 f   libvcruntime:memcpy.obj
 0001:000da7e0       memcpy                     00000001800db7e0 f   libvcruntime:memcpy.obj
 0001:000da7e0       memmove                    00000001800db7e0 f   libvcruntime:memcpy.obj
 0001:000daf84       _beginthreadex             00000001800dbf84 f   libucrt:thread.obj
 0001:000db058       _endthreadex               00000001800dc058 f   libucrt:thread.obj
 0001:000db35c       _localtime64_s             00000001800dc35c f   libucrt:localtime.obj
 0001:000db364       realloc                    00000001800dc364 f   libucrt:realloc.obj
 0001:000db410       strcspn                    00000001800dc410 f   libucrt:strcspn.obj
 0001:000db7d4       _msize                     00000001800dc7d4 f   libucrt:msize.obj
 0001:000db7dc       _msize_base                00000001800dc7dc f   libucrt:msize.obj
 0001:000db830       strncmp                    00000001800dc830 f   libucrt:strncmp.obj
 0001:000db8b0       free                       00000001800dc8b0 f   libucrt:free.obj
 0001:000db990       strspn                     00000001800dc990 f   libucrt:strspn.obj
 0001:000dbd54       malloc                     00000001800dcd54 f   libucrt:malloc.obj
 0001:000dbd5c       _initterm                  00000001800dcd5c f   libucrt:initterm.obj
 0001:000dbdc0       _initterm_e                00000001800dcdc0 f   libucrt:initterm.obj
 0001:000dbe00       _seh_filter_dll            00000001800dce00 f   libucrt:exception_filter.obj
 0001:000dbe14       _seh_filter_exe            00000001800dce14 f   libucrt:exception_filter.obj
 0001:000dc204       __acrt_initialize_thread_local_exit_callback 00000001800dd204 f   libucrt:exit.obj
 0001:000dc20c       _cexit                     00000001800dd20c f   libucrt:exit.obj
 0001:000dc21c       _exit                      00000001800dd21c f   libucrt:exit.obj
 0001:000dc228       _is_c_termination_complete 00000001800dd228 f   libucrt:exit.obj
 0001:000dc3f4       __acrt_allocate_buffer_for_argv 00000001800dd3f4 f   libucrt:argv_parsing.obj
 0001:000dc454       _configure_narrow_argv     00000001800dd454 f   libucrt:argv_parsing.obj
 0001:000dc8a0       __dcrt_get_or_create_narrow_environment_nolock 00000001800dd8a0 f   libucrt:environment_initialization.obj
 0001:000dc8dc       __dcrt_uninitialize_environments_nolock 00000001800dd8dc f   libucrt:environment_initialization.obj
 0001:000dc914       _initialize_narrow_environment 00000001800dd914 f   libucrt:environment_initialization.obj
 0001:000dca70       _execute_onexit_table      00000001800dda70 f   libucrt:onexit.obj
 0001:000dcaac       _initialize_onexit_table   00000001800ddaac f   libucrt:onexit.obj
 0001:000dcb0c       __acrt_uninitialize_command_line 00000001800ddb0c f   libucrt:argv_data.obj
 0001:000dcc04       __acrt_initialize          00000001800ddc04 f   libucrt:initialization.obj
 0001:000dcc18       __acrt_thread_attach       00000001800ddc18 f   libucrt:initialization.obj
 0001:000dcc2c       __acrt_thread_detach       00000001800ddc2c f   libucrt:initialization.obj
 0001:000dcc3c       __acrt_uninitialize        00000001800ddc3c f   libucrt:initialization.obj
 0001:000dcc74       __acrt_uninitialize_critical 00000001800ddc74 f   libucrt:initialization.obj
 0001:000dcc84       terminate                  00000001800ddc84 f   libucrt:terminate.obj
 0001:000dcca4       abort                      00000001800ddca4 f   libucrt:abort.obj
 0001:000dccfc       strcpy_s                   00000001800ddcfc f   libucrt:strcpy_s.obj
 0001:000dcd5c       calloc                     00000001800ddd5c f   libucrt:calloc.obj
 0001:000dcd64       ??0_LocaleUpdate@@QEAA@QEAU__crt_locale_pointers@@@Z 00000001800ddd64 f i libucrt:output.obj
 0001:000dce00       ??$parse_integer@KV?$c_string_character_source@D@__crt_strtox@@@__crt_strtox@@YAKQEAU__crt_locale_pointers@@V?$c_string_character_source@D@0@H_N@Z 00000001800dde00 f i libucrt:atox.obj
 0001:000dd108       _ischartype_l              00000001800de108 f i libucrt:atox.obj
 0001:000dd180       atol                       00000001800de180 f   libucrt:atox.obj
 0001:000dd1ac       wcsncmp                    00000001800de1ac f   libucrt:wcsncmp.obj
 0001:000dd1d8       __acrt_call_reportfault    00000001800de1d8 f   libucrt:invalid_parameter.obj
 0001:000dd334       __acrt_initialize_invalid_parameter_handler 00000001800de334 f   libucrt:invalid_parameter.obj
 0001:000dd33c       _invalid_parameter         00000001800de33c f   libucrt:invalid_parameter.obj
 0001:000dd3ec       _invalid_parameter_noinfo  00000001800de3ec f   libucrt:invalid_parameter.obj
 0001:000dd40c       _invoke_watson             00000001800de40c f   libucrt:invalid_parameter.obj
 0001:000dd454       __acrt_errno_from_os_error 00000001800de454 f   libucrt:errno.obj
 0001:000dd49c       __acrt_errno_map_os_error  00000001800de49c f   libucrt:errno.obj
 0001:000dd4ec       __doserrno                 00000001800de4ec f   libucrt:errno.obj
 0001:000dd50c       _errno                     00000001800de50c f   libucrt:errno.obj
 0001:000dd52c       _calloc_base               00000001800de52c f   libucrt:calloc_base.obj
 0001:000dd5a4       _free_base                 00000001800de5a4 f   libucrt:free_base.obj
 0001:000dd95c       __acrt_freeptd             00000001800de95c f   libucrt:per_thread_data.obj
 0001:000dd9a0       __acrt_getptd              00000001800de9a0 f   libucrt:per_thread_data.obj
 0001:000dda74       __acrt_getptd_head         00000001800dea74 f   libucrt:per_thread_data.obj
 0001:000ddb1c       __acrt_getptd_noexit       00000001800deb1c f   libucrt:per_thread_data.obj
 0001:000ddbe8       __acrt_initialize_ptd      00000001800debe8 f   libucrt:per_thread_data.obj
 0001:000ddc24       __acrt_uninitialize_ptd    00000001800dec24 f   libucrt:per_thread_data.obj
 0001:000dde20       __acrt_AppPolicyGetProcessTerminationMethodInternal 00000001800dee20 f   libucrt:winapi_thunks.obj
 0001:000dde70       __acrt_AppPolicyGetThreadInitializationTypeInternal 00000001800dee70 f   libucrt:winapi_thunks.obj
 0001:000ddec0       __acrt_AreFileApisANSI     00000001800deec0 f   libucrt:winapi_thunks.obj
 0001:000ddefc       __acrt_CompareStringEx     00000001800deefc f   libucrt:winapi_thunks.obj
 0001:000ddfd8       __acrt_FlsAlloc            00000001800defd8 f   libucrt:winapi_thunks.obj
 0001:000de020       __acrt_FlsFree             00000001800df020 f   libucrt:winapi_thunks.obj
 0001:000de068       __acrt_FlsGetValue         00000001800df068 f   libucrt:winapi_thunks.obj
 0001:000de0b0       __acrt_FlsSetValue         00000001800df0b0 f   libucrt:winapi_thunks.obj
 0001:000de104       __acrt_InitializeCriticalSectionEx 00000001800df104 f   libucrt:winapi_thunks.obj
 0001:000de168       __acrt_LCMapStringEx       00000001800df168 f   libucrt:winapi_thunks.obj
 0001:000de244       __acrt_LocaleNameToLCID    00000001800df244 f   libucrt:winapi_thunks.obj
 0001:000de294       __acrt_RoInitialize        00000001800df294 f   libucrt:winapi_thunks.obj
 0001:000de2d4       __acrt_RoUninitialize      00000001800df2d4 f   libucrt:winapi_thunks.obj
 0001:000de308       __acrt_initialize_winapi_thunks 00000001800df308 f   libucrt:winapi_thunks.obj
 0001:000de33c       __acrt_uninitialize_winapi_thunks 00000001800df33c f   libucrt:winapi_thunks.obj
 0001:000de380       __acrt_get_begin_thread_init_policy 00000001800df380 f   libucrt:win_policies.obj
 0001:000de3d4       __acrt_get_process_end_policy 00000001800df3d4 f   libucrt:win_policies.obj
 0001:000de410       __acrt_initialize_timeset  00000001800df410 f   libucrt:timeset.obj
 0001:000de454       __daylight                 00000001800df454 f   libucrt:timeset.obj
 0001:000de45c       __dstbias                  00000001800df45c f   libucrt:timeset.obj
 0001:000de464       __timezone                 00000001800df464 f   libucrt:timeset.obj
 0001:000de46c       __tzname                   00000001800df46c f   libucrt:timeset.obj
 0001:000de474       _get_daylight              00000001800df474 f   libucrt:timeset.obj
 0001:000de4a4       _get_dstbias               00000001800df4a4 f   libucrt:timeset.obj
 0001:000de4d4       _get_timezone              00000001800df4d4 f   libucrt:timeset.obj
 0001:000de504       ??$__crt_time_is_leap_year@H@@YA_NH@Z 00000001800df504 f i libucrt:gmtime.obj
 0001:000de7e8       _gmtime64_s                00000001800df7e8 f   libucrt:gmtime.obj
 0001:000df194       __tzset                    00000001800e0194 f   libucrt:tzset.obj
 0001:000df1d4       _isindst                   00000001800e01d4 f   libucrt:tzset.obj
 0001:000df204       _realloc_base              00000001800e0204 f   libucrt:realloc_base.obj
 0001:000df280       __acrt_initialize_heap     00000001800e0280 f   libucrt:heap_handle.obj
 0001:000df29c       __acrt_uninitialize_heap   00000001800e029c f   libucrt:heap_handle.obj
 0001:000df2a8       _malloc_base               00000001800e02a8 f   libucrt:malloc_base.obj
 0001:000df308       __acrt_initialize_locks    00000001800e0308 f   libucrt:locks.obj
 0001:000df350       __acrt_lock                00000001800e0350 f   libucrt:locks.obj
 0001:000df36c       __acrt_uninitialize_locks  00000001800e036c f   libucrt:locks.obj
 0001:000df3a4       __acrt_unlock              00000001800e03a4 f   libucrt:locks.obj
 0001:000df3d4       ??$__acrt_mbs_to_wcs_cp@U__crt_win32_buffer_internal_dynamic_resizing@@@@YAHQEBDAEAV?$__crt_win32_buffer@_WU__crt_win32_buffer_internal_dynamic_resizing@@@@I@Z 00000001800e03d4 f i libucrt:argv_wildcards.obj
 0001:000df54c       ??$__acrt_wcs_to_mbs_cp@U__crt_win32_buffer_internal_dynamic_resizing@@@@YAHQEB_WAEAV?$__crt_win32_buffer@DU__crt_win32_buffer_internal_dynamic_resizing@@@@I@Z 00000001800e054c f i libucrt:argv_wildcards.obj
 0001:000dfd7c       __acrt_expand_narrow_argv_wildcards 00000001800e0d7c f   libucrt:argv_wildcards.obj
 0001:000dfd84       ??$__acrt_wcs_to_mbs_cp@U__crt_win32_buffer_no_resizing@@@@YAHQEB_WAEAV?$__crt_win32_buffer@DU__crt_win32_buffer_no_resizing@@@@I@Z 00000001800e0d84 f i libucrt:getmodulefilenamea.obj
 0001:000dfe98       __acrt_GetModuleFileNameA  00000001800e0e98 f   libucrt:getmodulefilenamea.obj
 0001:000e06e4       __acrt_initialize_multibyte 00000001800e16e4 f   libucrt:mbctype.obj
 0001:000e0744       __acrt_update_thread_multibyte_data 00000001800e1744 f   libucrt:mbctype.obj
 0001:000e0760       _setmbcp_nolock            00000001800e1760 f   libucrt:mbctype.obj
 0001:000e0a94       _ismbblead                 00000001800e1a94 f   libucrt:ismbbyte.obj
 0001:000e0aa8       __acrt_initialize_command_line 00000001800e1aa8 f   libucrt:argv_data.obj
 0001:000e0ad0       __acrt_MultiByteToWideChar 00000001800e1ad0 f   libucrt:multibytetowidechar.obj
 0001:000e0b2c       __acrt_WideCharToMultiByte 00000001800e1b2c f   libucrt:widechartomultibyte.obj
 0001:000e0bc4       __dcrt_get_narrow_environment_from_os 00000001800e1bc4 f   libucrt:get_environment_from_os.obj
 0001:000e10d0       __dcrt_set_variable_in_narrow_environment_nolock 00000001800e20d0 f   libucrt:setenv.obj
 0001:000e10d8       _recalloc_base             00000001800e20d8 f   libucrt:recalloc.obj
 0001:000e136c       __acrt_initialize_lowio    00000001800e236c f   libucrt:ioinit.obj
 0001:000e13a8       __acrt_uninitialize_lowio  00000001800e23a8 f   libucrt:ioinit.obj
 0001:000e13e8       __acrt_execute_initializers 00000001800e23e8 f   libucrt:shared_initialization.obj
 0001:000e1468       __acrt_execute_uninitializers 00000001800e2468 f   libucrt:shared_initialization.obj
 0001:000e14a4       __acrt_initialize_new_handler 00000001800e24a4 f   libucrt:new_handler.obj
 0001:000e14ac       _callnewh                  00000001800e24ac f   libucrt:new_handler.obj
 0001:000e14dc       _query_new_handler         00000001800e24dc f   libucrt:new_handler.obj
 0001:000e1558       __acrt_get_sigabrt_handler 00000001800e2558 f   libucrt:signal.obj
 0001:000e1588       __acrt_initialize_signal_handlers 00000001800e2588 f   libucrt:signal.obj
 0001:000e15a8       raise                      00000001800e25a8 f   libucrt:signal.obj
 0001:000e1814       __acrt_has_user_matherr    00000001800e2814 f   libucrt:matherr.obj
 0001:000e1834       __acrt_initialize_user_matherr 00000001800e2834 f   libucrt:matherr.obj
 0001:000e183c       __acrt_invoke_user_matherr 00000001800e283c f   libucrt:matherr.obj
 0001:000e1a48       __acrt_stdio_flush_nolock  00000001800e2a48 f   libucrt:fflush.obj
 0001:000e1ac4       _fflush_nolock             00000001800e2ac4 f   libucrt:fflush.obj
 0001:000e1b10       _flushall                  00000001800e2b10 f   libucrt:fflush.obj
 0001:000e1b18       __acrt_initialize_stdio    00000001800e2b18 f   libucrt:_file.obj
 0001:000e1c38       __acrt_uninitialize_stdio  00000001800e2c38 f   libucrt:_file.obj
 0001:000e1c94       _lock_file                 00000001800e2c94 f   libucrt:_file.obj
 0001:000e1ca0       _unlock_file               00000001800e2ca0 f   libucrt:_file.obj
 0001:000e1cac       _mbtowc_l                  00000001800e2cac f   libucrt:mbtowc.obj
 0001:000e1e2c       mbtowc                     00000001800e2e2c f   libucrt:mbtowc.obj
 0001:000e1e34       __acrt_update_locale_info  00000001800e2e34 f   libucrt:locale_update.obj
 0001:000e1e68       __acrt_update_multibyte_info 00000001800e2e68 f   libucrt:locale_update.obj
 0001:000e1e9c       _fileno                    00000001800e2e9c f   libucrt:fileno.obj
 0001:000e1f34       __acrt_set_locale_changed  00000001800e2f34 f   libucrt:wsetlocale.obj
 0001:000e1f40       __acrt_uninitialize_locale 00000001800e2f40 f   libucrt:wsetlocale.obj
 0001:000e1f70       __pctype_func              00000001800e2f70 f   libucrt:ctype.obj
 0001:000e1fa0       _isctype_l                 00000001800e2fa0 f   libucrt:isctype.obj
 0001:000e20a8       _query_new_mode            00000001800e30a8 f   libucrt:new_mode.obj
 0001:000e20b0       __acrt_add_locale_ref      00000001800e30b0 f   libucrt:locale_refcounting.obj
 0001:000e213c       __acrt_free_locale         00000001800e313c f   libucrt:locale_refcounting.obj
 0001:000e22b4       __acrt_locale_add_lc_time_reference 00000001800e32b4 f   libucrt:locale_refcounting.obj
 0001:000e22dc       __acrt_locale_free_lc_time_if_unreferenced 00000001800e32dc f   libucrt:locale_refcounting.obj
 0001:000e2314       __acrt_locale_release_lc_time_reference 00000001800e3314 f   libucrt:locale_refcounting.obj
 0001:000e233c       __acrt_release_locale_ref  00000001800e333c f   libucrt:locale_refcounting.obj
 0001:000e23e4       __acrt_update_thread_locale_data 00000001800e33e4 f   libucrt:locale_refcounting.obj
 0001:000e2450       _updatetlocinfoEx_nolock   00000001800e3450 f   libucrt:locale_refcounting.obj
 0001:000e24b8       __acrt_DownlevelLocaleNameToLCID 00000001800e34b8 f   libucrt:lcidtoname_downlevel.obj
 0001:000e26ec       getenv_s                   00000001800e36ec f   libucrt:getenv.obj
 0001:000e26f4       strncpy_s                  00000001800e36f4 f   libucrt:strncpy_s.obj
 0001:000e27c8       ___lc_codepage_func        00000001800e37c8 f   libucrt:initctype.obj
 0001:000e2800       qsort                      00000001800e3800 f   libucrt:qsort.obj
 0001:000e2c50       strpbrk                    00000001800e3c50 f   libucrt:strpbrk.obj
 0001:000e3030       _mbsdec                    00000001800e4030 f   libucrt:mbsdec.obj
 0001:000e3038       _mbsdec_l                  00000001800e4038 f   libucrt:mbsdec.obj
 0001:000e30cc       __acrt_GetStringTypeA      00000001800e40cc f   libucrt:getstringtypea.obj
 0001:000e3574       __acrt_LCMapStringA        00000001800e4574 f   libucrt:lcmapstringa.obj
 0001:000e3624       _strnicoll                 00000001800e4624 f   libucrt:strnicol.obj
 0001:000e363c       _strnicoll_l               00000001800e463c f   libucrt:strnicol.obj
 0001:000e373c       __acrt_SetEnvironmentVariableA 00000001800e473c f   libucrt:setenvironmentvariablea.obj
 0001:000e38d4       __acrt_lowio_create_handle_array 00000001800e48d4 f   libucrt:osfinfo.obj
 0001:000e397c       __acrt_lowio_destroy_handle_array 00000001800e497c f   libucrt:osfinfo.obj
 0001:000e39cc       __acrt_lowio_ensure_fh_exists 00000001800e49cc f   libucrt:osfinfo.obj
 0001:000e3a74       __acrt_lowio_lock_fh       00000001800e4a74 f   libucrt:osfinfo.obj
 0001:000e3a9c       __acrt_lowio_unlock_fh     00000001800e4a9c f   libucrt:osfinfo.obj
 0001:000e3ac4       _free_osfhnd               00000001800e4ac4 f   libucrt:osfinfo.obj
 0001:000e3b80       _get_osfhandle             00000001800e4b80 f   libucrt:osfinfo.obj
 0001:000e3c84       _commit                    00000001800e4c84 f   libucrt:commit.obj
 0001:000e4578       _write                     00000001800e5578 f   libucrt:write.obj
 0001:000e4664       _write_nolock              00000001800e5664 f   libucrt:write.obj
 0001:000e4940       _fcloseall                 00000001800e5940 f   libucrt:closeall.obj
 0001:000e49f4       __acrt_stdio_free_buffer_nolock 00000001800e59f4 f   libucrt:_freebuf.obj
 0001:000e4a34       _isatty                    00000001800e5a34 f   libucrt:isatty.obj
 0001:000e4a94       _isleadbyte_l              00000001800e5a94 f i libucrt:_wctype.obj
 0001:000e4ae0       ?__mbrtowc_utf8@__crt_mbstring@@YA_KPEA_WPEBD_KPEAU_Mbstatet@@@Z 00000001800e5ae0 f   libucrt:mbrtowc.obj
 0001:000e4b1c       ?__mbsrtowcs_utf8@__crt_mbstring@@YA_KPEA_WPEAPEBD_KPEAU_Mbstatet@@@Z 00000001800e5b1c f   libucrt:mbrtowc.obj
 0001:000e4c94       __acrt_locale_free_monetary 00000001800e5c94 f   libucrt:initmon.obj
 0001:000e4da0       __acrt_locale_free_numeric 00000001800e5da0 f   libucrt:initnum.obj
 0001:000e4e64       __acrt_locale_free_time    00000001800e5e64 f   libucrt:inittime.obj
 0001:000e4f6c       __ascii_wcsnicmp           00000001800e5f6c f   libucrt:wcsnicmp.obj
 0001:000e4fb8       __strncnt                  00000001800e5fb8 f   libucrt:strncnt.obj
 0001:000e4fd0       __ascii_strnicmp           00000001800e5fd0 f   libucrt:strnicmp.obj
 0001:000e501c       _strnicmp                  00000001800e601c f   libucrt:strnicmp.obj
 0001:000e506c       _strnicmp_l                00000001800e606c f   libucrt:strnicmp.obj
 0001:000e547c       __acrt_CompareStringA      00000001800e647c f   libucrt:comparestringa.obj
 0001:000e5508       _query_app_type            00000001800e6508 f   libucrt:report_runtime_error.obj
 0001:000e55ac       _lseeki64_nolock           00000001800e65ac f   libucrt:lseek.obj
 0001:000e55b4       _putwch_nolock             00000001800e65b4 f   libucrt:putwch.obj
 0001:000e55f0       _fclose_nolock             00000001800e65f0 f   libucrt:fclose.obj
 0001:000e5674       fclose                     00000001800e6674 f   libucrt:fclose.obj
 0001:000e56d8       ?__mbrtoc32_utf8@__crt_mbstring@@YA_KPEA_UPEBD_KPEAU_Mbstatet@@@Z 00000001800e66d8 f   libucrt:mbrtoc32.obj
 0001:000e58c0       log10                      00000001800e68c0 f   libucrt:log10.obj
 0001:000e5e6c       __dcrt_lowio_ensure_console_output_initialized 00000001800e6e6c f   libucrt:initcon.obj
 0001:000e5ec0       __dcrt_terminate_console_output 00000001800e6ec0 f   libucrt:initcon.obj
 0001:000e5edc       __dcrt_write_console       00000001800e6edc f   libucrt:initcon.obj
 0001:000e6010       _close                     00000001800e7010 f   libucrt:close.obj
 0001:000e60b4       _close_nolock              00000001800e70b4 f   libucrt:close.obj
 0001:000e6174       ?__acrt_stdio_free_stream@@YAXV__crt_stdio_stream@@@Z 00000001800e7174 f   libucrt:stream.obj
 0001:000e62b4       _handle_error              00000001800e72b4 f   libucrt:libm_error.obj
 0001:000e63e0       __acrt_initialize_fma3     00000001800e73e0 f   libucrt:fma3_available.obj
 0001:000e6450       _log10_special             00000001800e7450 f   libucrt:log_special.obj
 0001:000e6520       _get_fpsr                  00000001800e7520 f   libucrt:fpsr.obj
 0001:000e6530       _set_fpsr                  00000001800e7530 f   libucrt:fpsr.obj
 0001:000e653a       _fclrf                     00000001800e753a f   libucrt:fpsr.obj
 0001:000e654e       _frnd                      00000001800e754e f   libucrt:fpsr.obj
 0001:000e6570       _raise_exc                 00000001800e7570 f   libucrt:fpexcept.obj
 0001:000e6598       _raise_exc_ex              00000001800e7598 f   libucrt:fpexcept.obj
 0001:000e68a8       _set_errno_from_matherr    00000001800e78a8 f   libucrt:fpexcept.obj
 0001:000e68d8       _clrfp                     00000001800e78d8 f   libucrt:fpctrl.obj
 0001:000e68f8       _ctrlfp                    00000001800e78f8 f   libucrt:fpctrl.obj
 0001:000e6974       _set_statfp                00000001800e7974 f   libucrt:fpctrl.obj
 0001:000e6994       _statfp                    00000001800e7994 f   libucrt:fpctrl.obj
 0001:000e69b0       _FindPESection             00000001800e79b0 f   LIBCMT:pesect.obj
 0001:000e6a00       _IsNonwritableInCurrentImage 00000001800e7a00 f   LIBCMT:pesect.obj
 0001:000e6a50       _ValidateImageBase         00000001800e7a50 f   LIBCMT:pesect.obj
 0001:000e6a80       __GSHandlerCheck           00000001800e7a80 f   LIBCMT:gshandler.obj
 0001:000e6aa0       __GSHandlerCheckCommon     00000001800e7aa0 f   LIBCMT:gshandler.obj
 0001:000e6afc       __GSHandlerCheck_SEH       00000001800e7afc f   LIBCMT:gshandlerseh.obj
 0001:000e6ba0       _alloca_probe              00000001800e7ba0 f   LIBCMT:chkstk.obj
 0001:000e6ba0       __chkstk                   00000001800e7ba0 f   LIBCMT:chkstk.obj
 0001:000e6c00       memcmp                     00000001800e7c00 f   libvcruntime:memcmp.obj
 0001:000e6ce0       memchr                     00000001800e7ce0 f   libvcruntime:memchr.obj
 0001:000e6d60       strcmp                     00000001800e7d60 f   libucrt:strcmp.obj
 0001:000e6de0       _guard_dispatch_icall_nop  00000001800e7de0 f   LIBCMT:guard_dispatch.obj
 0001:000e6e00       _guard_xfg_dispatch_icall_nop 00000001800e7e00 f   LIBCMT:guard_xfg_dispatch.obj
 0002:00000000       __imp_AreFileApisANSI      00000001800e9000     kernel32:KERNEL32.dll
 0002:00000008       __imp_ReadFile             00000001800e9008     kernel32:KERNEL32.dll
 0002:00000010       __imp_TryEnterCriticalSection 00000001800e9010     kernel32:KERNEL32.dll
 0002:00000018       __imp_HeapCreate           00000001800e9018     kernel32:KERNEL32.dll
 0002:00000020       __imp_HeapFree             00000001800e9020     kernel32:KERNEL32.dll
 0002:00000028       __imp_EnterCriticalSection 00000001800e9028     kernel32:KERNEL32.dll
 0002:00000030       __imp_GetFullPathNameW     00000001800e9030     kernel32:KERNEL32.dll
 0002:00000038       __imp_WriteFile            00000001800e9038     kernel32:KERNEL32.dll
 0002:00000040       __imp_GetDiskFreeSpaceW    00000001800e9040     kernel32:KERNEL32.dll
 0002:00000048       __imp_LockFile             00000001800e9048     kernel32:KERNEL32.dll
 0002:00000050       __imp_LeaveCriticalSection 00000001800e9050     kernel32:KERNEL32.dll
 0002:00000058       __imp_InitializeCriticalSection 00000001800e9058     kernel32:KERNEL32.dll
 0002:00000060       __imp_SetFilePointer       00000001800e9060     kernel32:KERNEL32.dll
 0002:00000068       __imp_SetEndOfFile         00000001800e9068     kernel32:KERNEL32.dll
 0002:00000070       __imp_UnlockFileEx         00000001800e9070     kernel32:KERNEL32.dll
 0002:00000078       __imp_GetTempPathW         00000001800e9078     kernel32:KERNEL32.dll
 0002:00000080       __imp_CreateMutexW         00000001800e9080     kernel32:KERNEL32.dll
 0002:00000088       __imp_WaitForSingleObject  00000001800e9088     kernel32:KERNEL32.dll
 0002:00000090       __imp_CreateFileW          00000001800e9090     kernel32:KERNEL32.dll
 0002:00000098       __imp_GetFileAttributesW   00000001800e9098     kernel32:KERNEL32.dll
 0002:000000a0       __imp_GetCurrentThreadId   00000001800e90a0     kernel32:KERNEL32.dll
 0002:000000a8       __imp_UnmapViewOfFile      00000001800e90a8     kernel32:KERNEL32.dll
 0002:000000b0       __imp_HeapValidate         00000001800e90b0     kernel32:KERNEL32.dll
 0002:000000b8       __imp_HeapSize             00000001800e90b8     kernel32:KERNEL32.dll
 0002:000000c0       __imp_MultiByteToWideChar  00000001800e90c0     kernel32:KERNEL32.dll
 0002:000000c8       __imp_Sleep                00000001800e90c8     kernel32:KERNEL32.dll
 0002:000000d0       __imp_FormatMessageW       00000001800e90d0     kernel32:KERNEL32.dll
 0002:000000d8       __imp_GetLastError         00000001800e90d8     kernel32:KERNEL32.dll
 0002:000000e0       __imp_GetFileAttributesExW 00000001800e90e0     kernel32:KERNEL32.dll
 0002:000000e8       __imp_OutputDebugStringW   00000001800e90e8     kernel32:KERNEL32.dll
 0002:000000f0       __imp_FlushViewOfFile      00000001800e90f0     kernel32:KERNEL32.dll
 0002:000000f8       __imp_WaitForSingleObjectEx 00000001800e90f8     kernel32:KERNEL32.dll
 0002:00000100       __imp_DeleteFileW          00000001800e9100     kernel32:KERNEL32.dll
 0002:00000108       __imp_HeapReAlloc          00000001800e9108     kernel32:KERNEL32.dll
 0002:00000110       __imp_CloseHandle          00000001800e9110     kernel32:KERNEL32.dll
 0002:00000118       __imp_RaiseException       00000001800e9118     kernel32:KERNEL32.dll
 0002:00000120       __imp_GetSystemInfo        00000001800e9120     kernel32:KERNEL32.dll
 0002:00000128       __imp_LoadLibraryW         00000001800e9128     kernel32:KERNEL32.dll
 0002:00000130       __imp_HeapAlloc            00000001800e9130     kernel32:KERNEL32.dll
 0002:00000138       __imp_HeapCompact          00000001800e9138     kernel32:KERNEL32.dll
 0002:00000140       __imp_HeapDestroy          00000001800e9140     kernel32:KERNEL32.dll
 0002:00000148       __imp_UnlockFile           00000001800e9148     kernel32:KERNEL32.dll
 0002:00000150       __imp_GetProcAddress       00000001800e9150     kernel32:KERNEL32.dll
 0002:00000158       __imp_LocalFree            00000001800e9158     kernel32:KERNEL32.dll
 0002:00000160       __imp_LockFileEx           00000001800e9160     kernel32:KERNEL32.dll
 0002:00000168       __imp_GetFileSize          00000001800e9168     kernel32:KERNEL32.dll
 0002:00000170       __imp_DeleteCriticalSection 00000001800e9170     kernel32:KERNEL32.dll
 0002:00000178       __imp_GetCurrentProcessId  00000001800e9178     kernel32:KERNEL32.dll
 0002:00000180       __imp_GetProcessHeap       00000001800e9180     kernel32:KERNEL32.dll
 0002:00000188       __imp_SystemTimeToFileTime 00000001800e9188     kernel32:KERNEL32.dll
 0002:00000190       __imp_FreeLibrary          00000001800e9190     kernel32:KERNEL32.dll
 0002:00000198       __imp_WideCharToMultiByte  00000001800e9198     kernel32:KERNEL32.dll
 0002:000001a0       __imp_GetSystemTimeAsFileTime 00000001800e91a0     kernel32:KERNEL32.dll
 0002:000001a8       __imp_GetSystemTime        00000001800e91a8     kernel32:KERNEL32.dll
 0002:000001b0       __imp_CreateFileMappingW   00000001800e91b0     kernel32:KERNEL32.dll
 0002:000001b8       __imp_MapViewOfFile        00000001800e91b8     kernel32:KERNEL32.dll
 0002:000001c0       __imp_QueryPerformanceCounter 00000001800e91c0     kernel32:KERNEL32.dll
 0002:000001c8       __imp_GetTickCount         00000001800e91c8     kernel32:KERNEL32.dll
 0002:000001d0       __imp_FlushFileBuffers     00000001800e91d0     kernel32:KERNEL32.dll
 0002:000001d8       __imp_CompareStringW       00000001800e91d8     kernel32:KERNEL32.dll
 0002:000001e0       __imp_SetLastError         00000001800e91e0     kernel32:KERNEL32.dll
 0002:000001e8       __imp_GetModuleFileNameW   00000001800e91e8     kernel32:KERNEL32.dll
 0002:000001f0       __imp_LCMapStringW         00000001800e91f0     kernel32:KERNEL32.dll
 0002:000001f8       __imp_GetModuleHandleW     00000001800e91f8     kernel32:KERNEL32.dll
 0002:00000200       __imp_RtlCaptureContext    00000001800e9200     kernel32:KERNEL32.dll
 0002:00000208       __imp_RtlLookupFunctionEntry 00000001800e9208     kernel32:KERNEL32.dll
 0002:00000210       __imp_RtlVirtualUnwind     00000001800e9210     kernel32:KERNEL32.dll
 0002:00000218       __imp_UnhandledExceptionFilter 00000001800e9218     kernel32:KERNEL32.dll
 0002:00000220       __imp_SetUnhandledExceptionFilter 00000001800e9220     kernel32:KERNEL32.dll
 0002:00000228       __imp_GetCurrentProcess    00000001800e9228     kernel32:KERNEL32.dll
 0002:00000230       __imp_TerminateProcess     00000001800e9230     kernel32:KERNEL32.dll
 0002:00000238       __imp_IsProcessorFeaturePresent 00000001800e9238     kernel32:KERNEL32.dll
 0002:00000240       __imp_InitializeSListHead  00000001800e9240     kernel32:KERNEL32.dll
 0002:00000248       __imp_IsDebuggerPresent    00000001800e9248     kernel32:KERNEL32.dll
 0002:00000250       __imp_GetStartupInfoW      00000001800e9250     kernel32:KERNEL32.dll
 0002:00000258       __imp_WriteConsoleW        00000001800e9258     kernel32:KERNEL32.dll
 0002:00000260       __imp_RtlUnwindEx          00000001800e9260     kernel32:KERNEL32.dll
 0002:00000268       __imp_InterlockedFlushSList 00000001800e9268     kernel32:KERNEL32.dll
 0002:00000270       __imp_InitializeCriticalSectionAndSpinCount 00000001800e9270     kernel32:KERNEL32.dll
 0002:00000278       __imp_TlsAlloc             00000001800e9278     kernel32:KERNEL32.dll
 0002:00000280       __imp_TlsGetValue          00000001800e9280     kernel32:KERNEL32.dll
 0002:00000288       __imp_TlsSetValue          00000001800e9288     kernel32:KERNEL32.dll
 0002:00000290       __imp_TlsFree              00000001800e9290     kernel32:KERNEL32.dll
 0002:00000298       __imp_LoadLibraryExW       00000001800e9298     kernel32:KERNEL32.dll
 0002:000002a0       __imp_CreateThread         00000001800e92a0     kernel32:KERNEL32.dll
 0002:000002a8       __imp_ExitThread           00000001800e92a8     kernel32:KERNEL32.dll
 0002:000002b0       __imp_FreeLibraryAndExitThread 00000001800e92b0     kernel32:KERNEL32.dll
 0002:000002b8       __imp_GetModuleHandleExW   00000001800e92b8     kernel32:KERNEL32.dll
 0002:000002c0       __imp_ExitProcess          00000001800e92c0     kernel32:KERNEL32.dll
 0002:000002c8       __imp_GetTimeZoneInformation 00000001800e92c8     kernel32:KERNEL32.dll
 0002:000002d0       __imp_FindClose            00000001800e92d0     kernel32:KERNEL32.dll
 0002:000002d8       __imp_FindFirstFileExW     00000001800e92d8     kernel32:KERNEL32.dll
 0002:000002e0       __imp_FindNextFileW        00000001800e92e0     kernel32:KERNEL32.dll
 0002:000002e8       __imp_IsValidCodePage      00000001800e92e8     kernel32:KERNEL32.dll
 0002:000002f0       __imp_GetACP               00000001800e92f0     kernel32:KERNEL32.dll
 0002:000002f8       __imp_GetOEMCP             00000001800e92f8     kernel32:KERNEL32.dll
 0002:00000300       __imp_GetCPInfo            00000001800e9300     kernel32:KERNEL32.dll
 0002:00000308       __imp_GetCommandLineA      00000001800e9308     kernel32:KERNEL32.dll
 0002:00000310       __imp_GetCommandLineW      00000001800e9310     kernel32:KERNEL32.dll
 0002:00000318       __imp_GetEnvironmentStringsW 00000001800e9318     kernel32:KERNEL32.dll
 0002:00000320       __imp_FreeEnvironmentStringsW 00000001800e9320     kernel32:KERNEL32.dll
 0002:00000328       __imp_SetEnvironmentVariableW 00000001800e9328     kernel32:KERNEL32.dll
 0002:00000330       __imp_GetStdHandle         00000001800e9330     kernel32:KERNEL32.dll
 0002:00000338       __imp_GetFileType          00000001800e9338     kernel32:KERNEL32.dll
 0002:00000340       __imp_GetStringTypeW       00000001800e9340     kernel32:KERNEL32.dll
 0002:00000348       __imp_SetStdHandle         00000001800e9348     kernel32:KERNEL32.dll
 0002:00000350       __imp_GetConsoleCP         00000001800e9350     kernel32:KERNEL32.dll
 0002:00000358       __imp_GetConsoleMode       00000001800e9358     kernel32:KERNEL32.dll
 0002:00000360       __imp_SetFilePointerEx     00000001800e9360     kernel32:KERNEL32.dll
 0002:00000368       \177KERNEL32_NULL_THUNK_DATA 00000001800e9368     kernel32:KERNEL32.dll
 0002:00000370       __guard_check_icall_fptr   00000001800e9370     LIBCMT:guard_support.obj
 0002:00000378       __guard_xfg_check_icall_fptr 00000001800e9378     LIBCMT:guard_support.obj
 0002:00000380       __guard_dispatch_icall_fptr 00000001800e9380     LIBCMT:guard_support.obj
 0002:00000388       __guard_xfg_dispatch_icall_fptr 00000001800e9388     LIBCMT:guard_support.obj
 0002:00000390       __guard_xfg_table_dispatch_icall_fptr 00000001800e9390     LIBCMT:guard_support.obj
 0002:00000398       __xc_a                     00000001800e9398     LIBCMT:initializers.obj
 0002:000003a0       __xc_z                     00000001800e93a0     LIBCMT:initializers.obj
 0002:000003a8       __xi_a                     00000001800e93a8     LIBCMT:initializers.obj
 0002:000003b0       __acrt_timeset_initializer 00000001800e93b0     libucrt:timeset_initializer.obj
 0002:000003b8       __acrt_multibyte_initializer 00000001800e93b8     libucrt:multibyte_initializer.obj
 0002:000003c0       __acrt_stdio_initializer   00000001800e93c0     libucrt:stdio_initializer.obj
 0002:000003c8       __acrt_tran_fma3_initializer 00000001800e93c8     libucrt:fma3_initializer.obj
 0002:000003d0       __xi_z                     00000001800e93d0     LIBCMT:initializers.obj
 0002:000003d8       __xp_a                     00000001800e93d8     LIBCMT:initializers.obj
 0002:000003e0       __acrt_locale_terminator   00000001800e93e0     libucrt:locale_initializer.obj
 0002:000003e8       __dcrt_console_output_terminator 00000001800e93e8     libucrt:console_output_initializer.obj
 0002:000003f0       __acrt_stdio_terminator    00000001800e93f0     libucrt:stdio_initializer.obj
 0002:000003f8       __xp_z                     00000001800e93f8     LIBCMT:initializers.obj
 0002:00000400       __xt_a                     00000001800e9400     LIBCMT:initializers.obj
 0002:00000408       __xt_z                     00000001800e9408     LIBCMT:initializers.obj
 0002:00000410       __imp_InitializeCriticalSectionEx 00000001800e9410     vc_crt_fix.obj
 0002:00000418       __imp_CompareStringEx      00000001800e9418     vc_crt_fix.obj
 0002:00000420       __imp_LCMapStringEx        00000001800e9420     vc_crt_fix.obj
 0002:00000428       __imp_AcquireSRWLockExclusive 00000001800e9428     vc_crt_fix.obj
 0002:00000430       __imp_ReleaseSRWLockExclusive 00000001800e9430     vc_crt_fix.obj
 0002:00000438       __imp_SleepConditionVariableSRW 00000001800e9438     vc_crt_fix.obj
 0002:00000440       __imp_WakeAllConditionVariable 00000001800e9440     vc_crt_fix.obj
 0002:00000458       _pRawDllMain               00000001800e9458     LIBCMT:dll_dllmain.obj
 0002:00000458       _pDefaultRawDllMain        00000001800e9458     LIBCMT:dll_dllmain.obj
 0002:00000460       _pDestructExceptionObject  00000001800e9460     libvcruntime:ehhelpers.obj
 0002:00000b70       ??_C@_08EHJDFFNH@__based?$CI@ 00000001800e9b70     libvcruntime:undname.obj
 0002:00000b80       ??_C@_07KOLFKCDI@__cdecl@  00000001800e9b80     libvcruntime:undname.obj
 0002:00000b88       ??_C@_08GHMPAG@__pascal@   00000001800e9b88     libvcruntime:undname.obj
 0002:00000b98       ??_C@_09IFJBGAPI@__stdcall@ 00000001800e9b98     libvcruntime:undname.obj
 0002:00000ba8       ??_C@_0L@NPHFGOKO@__thiscall@ 00000001800e9ba8     libvcruntime:undname.obj
 0002:00000bb8       ??_C@_0L@JMKHOMEK@__fastcall@ 00000001800e9bb8     libvcruntime:undname.obj
 0002:00000bc8       ??_C@_0N@BCKKPABJ@__vectorcall@ 00000001800e9bc8     libvcruntime:undname.obj
 0002:00000bd8       ??_C@_09HIJEGCPM@__clrcall@ 00000001800e9bd8     libvcruntime:undname.obj
 0002:00000be4       ??_C@_06GHPCKEAG@__eabi@   00000001800e9be4     libvcruntime:undname.obj
 0002:00000bf0       ??_C@_09IOPIDJLG@__swift_1@ 00000001800e9bf0     libvcruntime:undname.obj
 0002:00000c00       ??_C@_09KFNFGKHF@__swift_2@ 00000001800e9c00     libvcruntime:undname.obj
 0002:00000c10       ??_C@_07JOMMBBKO@__ptr64@  00000001800e9c10     libvcruntime:undname.obj
 0002:00000c18       ??_C@_0L@PILCLIHE@__restrict@ 00000001800e9c18     libvcruntime:undname.obj
 0002:00000c28       ??_C@_0M@GFIIJFMG@__unaligned@ 00000001800e9c28     libvcruntime:undname.obj
 0002:00000c38       ??_C@_09DHDLOLLB@restrict?$CI@ 00000001800e9c38     libvcruntime:undname.obj
 0002:00000c44       ??_C@_04NIHEBCM@?5new@     00000001800e9c44     libvcruntime:undname.obj
 0002:00000c50       ??_C@_07FPCDHGMM@?5delete@ 00000001800e9c50     libvcruntime:undname.obj
 0002:00000c58       ??_C@_01NEMOKFLO@?$DN@     00000001800e9c58     libvcruntime:undname.obj
 0002:00000c5c       ??_C@_02GPIOPFAK@?$DO?$DO@ 00000001800e9c5c     libvcruntime:undname.obj
 0002:00000c60       ??_C@_02FODMEDOG@?$DM?$DM@ 00000001800e9c60     libvcruntime:undname.obj
 0002:00000c64       ??_C@_01DCLJPIOD@?$CB@     00000001800e9c64     libvcruntime:undname.obj
 0002:00000c68       ??_C@_02EGOFBIJA@?$DN?$DN@ 00000001800e9c68     libvcruntime:undname.obj
 0002:00000c6c       ??_C@_02FDNJECIE@?$CB?$DN@ 00000001800e9c6c     libvcruntime:undname.obj
 0002:00000c70       ??_C@_08LHJFAFGD@operator@ 00000001800e9c70     libvcruntime:undname.obj
 0002:00000c7c       ??_C@_02ECNGHCIF@?$CL?$CL@ 00000001800e9c7c     libvcruntime:undname.obj
 0002:00000c80       ??_C@_02BAABKJLB@?9?9@     00000001800e9c80     libvcruntime:undname.obj
 0002:00000c84       ??_C@_01MIFGBAGJ@?$CL@     00000001800e9c84     libvcruntime:undname.obj
 0002:00000c88       ??_C@_01HNPIGOCE@?$CG@     00000001800e9c88     libvcruntime:undname.obj
 0002:00000c8c       ??_C@_03MNHNFDLC@?9?$DO?$CK@ 00000001800e9c8c     libvcruntime:undname.obj
 0002:00000c90       ??_C@_01KMDKNFGN@?1@       00000001800e9c90     libvcruntime:undname.obj
 0002:00000c94       ??_C@_02EHCHHCKH@?$DM?$DN@ 00000001800e9c94     libvcruntime:undname.obj
 0002:00000c98       ??_C@_02EEKDKGMJ@?$DO?$DN@ 00000001800e9c98     libvcruntime:undname.obj
 0002:00000c9c       ??_C@_02HCKGKOFO@?$CI?$CJ@ 00000001800e9c9c     libvcruntime:undname.obj
 0002:00000ca0       ??_C@_01PJKLJHI@?$HO@      00000001800e9ca0     libvcruntime:undname.obj
 0002:00000ca4       ??_C@_01JKBOJNNK@?$FO@     00000001800e9ca4     libvcruntime:undname.obj
 0002:00000ca8       ??_C@_01DNKMNLPK@?$HM@     00000001800e9ca8     libvcruntime:undname.obj
 0002:00000cac       ??_C@_02PPKAJPJL@?$CG?$CG@ 00000001800e9cac     libvcruntime:undname.obj
 0002:00000cb0       ??_C@_02NONPIBCD@?$HM?$HM@ 00000001800e9cb0     libvcruntime:undname.obj
 0002:00000cb4       ??_C@_02FPIMKNGF@?$CK?$DN@ 00000001800e9cb4     libvcruntime:undname.obj
 0002:00000cb8       ??_C@_02FOEOMHFC@?$CL?$DN@ 00000001800e9cb8     libvcruntime:undname.obj
 0002:00000cbc       ??_C@_02FKMDLLOA@?9?$DN@   00000001800e9cbc     libvcruntime:undname.obj
 0002:00000cc0       ??_C@_02FJEHGPIO@?1?$DN@   00000001800e9cc0     libvcruntime:undname.obj
 0002:00000cc4       ??_C@_02FENAOKFI@?$CF?$DN@ 00000001800e9cc4     libvcruntime:undname.obj
 0002:00000cc8       ??_C@_03IKFCCPFF@?$DO?$DO?$DN@ 00000001800e9cc8     libvcruntime:undname.obj
 0002:00000ccc       ??_C@_03CDNPDDLA@?$DM?$DM?$DN@ 00000001800e9ccc     libvcruntime:undname.obj
 0002:00000cd0       ??_C@_02FGJGFEAB@?$CG?$DN@ 00000001800e9cd0     libvcruntime:undname.obj
 0002:00000cd4       ??_C@_02DHLNPPGH@?$HM?$DN@ 00000001800e9cd4     libvcruntime:undname.obj
 0002:00000cd8       ??_C@_02MHEGNOJ@?$FO?$DN@  00000001800e9cd8     libvcruntime:undname.obj
 0002:00000ce0       ??_C@_09IFPLHPGF@?$GAvftable?8@ 00000001800e9ce0     libvcruntime:undname.obj
 0002:00000cf0       ??_C@_09BLBHBJP@?$GAvbtable?8@ 00000001800e9cf0     libvcruntime:undname.obj
[...]
 0002:00023f9d       $N00190                    000000018010cf9d     sqlite3.exp
 0002:00023fb5       $N00191                    000000018010cfb5     sqlite3.exp
 0002:00023fcf       $N00192                    000000018010cfcf     sqlite3.exp
 0002:00023fe0       $N00193                    000000018010cfe0     sqlite3.exp
 0002:00023fec       $N00194                    000000018010cfec     sqlite3.exp
 0002:00023ffb       $N00195                    000000018010cffb     sqlite3.exp
 0002:0002400c       $N00196                    000000018010d00c     sqlite3.exp
 0002:00024019       $N00197                    000000018010d019     sqlite3.exp
 0002:0002402b       $N00198                    000000018010d02b     sqlite3.exp
 0002:00024040       $N00199                    000000018010d040     sqlite3.exp
 0002:00024057       $N00200                    000000018010d057     sqlite3.exp
 0002:0002406d       $N00201                    000000018010d06d     sqlite3.exp
 0002:00024081       $N00202                    000000018010d081     sqlite3.exp
 0002:00024094       $N00203                    000000018010d094     sqlite3.exp
 0002:000240aa       $N00204                    000000018010d0aa     sqlite3.exp
 0002:000240c1       $N00205                    000000018010d0c1     sqlite3.exp
 0002:000240d5       $N00206                    000000018010d0d5     sqlite3.exp
 0002:000240e9       $N00207                    000000018010d0e9     sqlite3.exp
 0002:000240fc       $N00208                    000000018010d0fc     sqlite3.exp
 0002:0002410f       $N00209                    000000018010d10f     sqlite3.exp
 0002:0002411f       $N00210                    000000018010d11f     sqlite3.exp
 0002:00024131       $N00211                    000000018010d131     sqlite3.exp
 0002:00024143       $N00212                    000000018010d143     sqlite3.exp
 0002:00024158       $N00213                    000000018010d158     sqlite3.exp
 0002:00024168       $N00214                    000000018010d168     sqlite3.exp
 0002:00024178       $N00215                    000000018010d178     sqlite3.exp
 0002:00024188       $N00216                    000000018010d188     sqlite3.exp
 0002:00024199       $N00217                    000000018010d199     sqlite3.exp
 0002:000241ae       $N00218                    000000018010d1ae     sqlite3.exp
 0002:000241cc       $N00219                    000000018010d1cc     sqlite3.exp
 0002:000241e3       $N00220                    000000018010d1e3     sqlite3.exp
 0002:000241f8       $N00221                    000000018010d1f8     sqlite3.exp
 0002:0002420f       $N00222                    000000018010d20f     sqlite3.exp
 0002:00024222       $N00223                    000000018010d222     sqlite3.exp
 0002:00024238       $N00224                    000000018010d238     sqlite3.exp
 0002:00024250       $N00225                    000000018010d250     sqlite3.exp
 0002:0002425e       $N00226                    000000018010d25e     sqlite3.exp
 0002:0002426f       $N00227                    000000018010d26f     sqlite3.exp
 0002:00024289       $N00228                    000000018010d289     sqlite3.exp
 0002:0002429b       $N00229                    000000018010d29b     sqlite3.exp
 0002:000242af       $N00230                    000000018010d2af     sqlite3.exp
 0002:000242c3       $N00231                    000000018010d2c3     sqlite3.exp
 0002:000242d5       $N00232                    000000018010d2d5     sqlite3.exp
 0002:000242e5       $N00233                    000000018010d2e5     sqlite3.exp
 0002:000242fb       $N00234                    000000018010d2fb     sqlite3.exp
 0002:0002430d       $N00235                    000000018010d30d     sqlite3.exp
 0002:00024320       $N00236                    000000018010d320     sqlite3.exp
 0002:00024334       $N00237                    000000018010d334     sqlite3.exp
 0002:0002434a       $N00238                    000000018010d34a     sqlite3.exp
 0002:0002435f       $N00239                    000000018010d35f     sqlite3.exp
 0002:00024371       $N00240                    000000018010d371     sqlite3.exp
 0002:00024388       $N00241                    000000018010d388     sqlite3.exp
 0002:0002439b       $N00242                    000000018010d39b     sqlite3.exp
 0002:000243b2       $N00243                    000000018010d3b2     sqlite3.exp
 0002:000243c4       $N00244                    000000018010d3c4     sqlite3.exp
 0002:000243d8       $N00245                    000000018010d3d8     sqlite3.exp
 0002:000243ef       $N00246                    000000018010d3ef     sqlite3.exp
 0002:0002440a       $N00247                    000000018010d40a     sqlite3.exp
 0002:00024420       $N00248                    000000018010d420     sqlite3.exp
 0002:00024436       $N00249                    000000018010d436     sqlite3.exp
 0002:00024449       $N00250                    000000018010d449     sqlite3.exp
 0002:0002445e       $N00251                    000000018010d45e     sqlite3.exp
 0002:00024475       $N00252                    000000018010d475     sqlite3.exp
 0002:0002448c       $N00253                    000000018010d48c     sqlite3.exp
 0002:0002449f       $N00254                    000000018010d49f     sqlite3.exp
 0002:000244af       $N00255                    000000018010d4af     sqlite3.exp
 0002:000244c0       $N00256                    000000018010d4c0     sqlite3.exp
 0002:000244d5       $N00257                    000000018010d4d5     sqlite3.exp
 0002:000244ec       $N00258                    000000018010d4ec     sqlite3.exp
 0002:000244fd       $N00259                    000000018010d4fd     sqlite3.exp
 0002:0002450f       $N00260                    000000018010d50f     sqlite3.exp
 0002:00024526       $N00261                    000000018010d526     sqlite3.exp
 0002:0002453a       $N00262                    000000018010d53a     sqlite3.exp
 0002:00024550       $N00263                    000000018010d550     sqlite3.exp
 0002:00024560       $N00264                    000000018010d560     sqlite3.exp
 0002:00024576       $N00265                    000000018010d576     sqlite3.exp
 0002:0002458b       $N00266                    000000018010d58b     sqlite3.exp
 0002:000245a1       $N00267                    000000018010d5a1     sqlite3.exp
 0002:000245ba       $N00268                    000000018010d5ba     sqlite3.exp
 0002:000245d1       $N00269                    000000018010d5d1     sqlite3.exp
 0002:000245ec       $N00270                    000000018010d5ec     sqlite3.exp
 0002:00024603       $N00271                    000000018010d603     sqlite3.exp
 0002:0002461d       $N00272                    000000018010d61d     sqlite3.exp
 0002:0002462e       $N00273                    000000018010d62e     sqlite3.exp
 0002:00024642       $N00274                    000000018010d642     sqlite3.exp
 0002:0002465d       $N00275                    000000018010d65d     sqlite3.exp
 0002:0002467b       $N00276                    000000018010d67b     sqlite3.exp
 0002:00024697       $N00277                    000000018010d697     sqlite3.exp
 0002:000246b5       $N00278                    000000018010d6b5     sqlite3.exp
 0002:000246d2       $N00279                    000000018010d6d2     sqlite3.exp
 0002:000246e6       $N00280                    000000018010d6e6     sqlite3.exp
 0002:00024704       $N00281                    000000018010d704     sqlite3.exp
 0002:0002471f       $N00282                    000000018010d71f     sqlite3.exp
 0002:0002473d       $N00283                    000000018010d73d     sqlite3.exp
 0002:0002475b       $N00284                    000000018010d75b     sqlite3.exp
 0002:00025084       .idata$6                   000000018010e084     kernel32:KERNEL32.dll
 0003:00000030       ?__vcrt_flsindex@@3KA      000000018010f030     libvcruntime:per_thread_data.obj
 0003:00000044       ?errno_no_memory@@3HA      000000018010f044     libucrt:errno.obj
 0003:00000048       ?doserrno_no_memory@@3KA   000000018010f048     libucrt:errno.obj
 0003:0000004c       ?__acrt_flsindex@@3KA      000000018010f04c     libucrt:per_thread_data.obj
 0003:00000050       ?tzstd_program@@3PADA      000000018010f050     libucrt:timeset.obj
 0003:00000090       ?tzdst_program@@3PADA      000000018010f090     libucrt:timeset.obj
 0003:000000d0       ?tzname_states@@3PAY01PEADA 000000018010f0d0     libucrt:timeset.obj
 0003:000000e0       ?dststart@@3Utransitiondate@?A0x7639d0b4@@A 000000018010f0e0     libucrt:tzset.obj
 0003:000000f0       ?dstend@@3Utransitiondate@?A0x7639d0b4@@A 000000018010f0f0     libucrt:tzset.obj
 0003:00000330       _mbctypes                  000000018010f330     libucrt:mbctype.obj
 0003:00000440       _mbcasemaps                000000018010f440     libucrt:mbctype.obj
 0003:00000540       ?__rgctypeflag@@3PADA      000000018010f540     libucrt:mbctype.obj
 0003:00000550       ?__rgcode_page_info@@3PAUcode_page_info@@A 000000018010f550     libucrt:mbctype.obj
 0003:00000a60       ?__dcrt_lowio_console_output_handle@@3PEAXEA 000000018010fa60     libucrt:initcon.obj
 0003:00000a70       ?dazSupported@?1??_ctrlfp@@9@9 000000018010fa70     libucrt:fpctrl.obj
 0003:00000a80       winNolockAppData           000000018010fa80     sqlite.obj
 0003:00000aa0       memdb_vfs                  000000018010faa0     sqlite.obj
 0003:00000b48       sqlite3OomStr              000000018010fb48     sqlite.obj
 0003:00000b70       ?winVfs@?1??sqlite3_os_init@@9@9 000000018010fb70     sqlite.obj
 0003:00000c18       winAppData                 000000018010fc18     sqlite.obj
 0003:00000c30       ?aCacheMode@?BD@??sqlite3ParseUri@@9@9 000000018010fc30     sqlite.obj
 0003:00000c60       winIoerrRetry              000000018010fc60     sqlite.obj
 0003:00000c64       sqlite3PendingByte         000000018010fc64     sqlite.obj
 0003:00000c70       jsonTreeModule             000000018010fc70     sqlite.obj
 0003:00000d40       ?aJsonFunc@?1??sqlite3RegisterJsonFunctions@@9@9 000000018010fd40     sqlite.obj
 0003:00001640       ?aOpenMode@?BE@??sqlite3ParseUri@@9@9 0000000180110640     sqlite.obj
 0003:00001690       winMutex_isNt              0000000180110690     sqlite.obj
 0003:000016a0       jsonEachModule             00000001801106a0     sqlite.obj
 0003:00001770       ?aAlterTableFuncs@?1??sqlite3AlterFunctions@@9@9 0000000180110770     sqlite.obj
 0003:000018e0       aSyscall                   00000001801108e0     sqlite.obj
 0003:00002060       ?winLongPathNolockVfs@?1??sqlite3_os_init@@9@9 0000000180111060     sqlite.obj
 0003:00002110       ?winNolockVfs@?1??sqlite3_os_init@@9@9 0000000180111110     sqlite.obj
 0003:000021c0       ?aWindowFuncs@?1??sqlite3WindowFunctions@@9@9 00000001801111c0     sqlite.obj
 0003:00002600       sqlite3StdType             0000000180111600     sqlite.obj
 0003:00002630       sqlite3Config              0000000180111630     sqlite.obj
 0003:000027f0       winMutex_staticMutexes     00000001801117f0     sqlite.obj
 0003:00002a30       ?aDateTimeFuncs@?1??sqlite3RegisterDateTimeFunctions@@9@9 0000000180111a30     sqlite.obj
 0003:00002d00       ?winLongPathVfs@?1??sqlite3_os_init@@9@9 0000000180111d00     sqlite.obj
 0003:00002db0       ?aBuiltinFunc@?1??sqlite3RegisterBuiltinFunctions@@9@9 0000000180111db0     sqlite.obj
 0003:000043a0       winIoerrRetryDelay         00000001801133a0     sqlite.obj
 0003:000043b0       GS_ExceptionRecord         00000001801133b0     LIBCMT:gs_report.obj
 0003:00004450       GS_ContextRecord           0000000180113450     LIBCMT:gs_report.obj
 0003:00004920       ?__proc_attached@@3HA      0000000180113920     LIBCMT:dll_dllmain.obj
 0003:00004960       ?is_initialized_as_dll@@3_NA 0000000180113960     LIBCMT:utility.obj
 0003:00004961       ?module_local_atexit_table_initialized@@3_NA 0000000180113961     LIBCMT:utility.obj
 0003:00004968       ?module_local_atexit_table@@3U_onexit_table_t@@A 0000000180113968     LIBCMT:utility.obj
 0003:00004980       ?module_local_at_quick_exit_table@@3U_onexit_table_t@@A 0000000180113980     LIBCMT:utility.obj
 0003:000049c0       ?__vcrt_startup_thread_ptd@@3U__vcrt_ptd@@A 00000001801139c0     libvcruntime:per_thread_data.obj
 0003:00004a80       ?heap@@3V_HeapManager@@A   0000000180113a80     libvcruntime:undname.obj
 0003:00004aa8       __vcrt_lock_table          0000000180113aa8     libvcruntime:locks.obj
 0003:00004ad0       __vcrt_locks_initialized   0000000180113ad0     libvcruntime:locks.obj
 0003:00004ad8       ?module_handles@@3PAPEAUHINSTANCE__@@A 0000000180113ad8     libvcruntime:winapi_downlevel.obj
 0003:00004af0       ?function_pointers@@3PAPEAXA 0000000180113af0     libvcruntime:winapi_downlevel.obj
 0003:00004b20       ?c_termination_complete@@3JA 0000000180113b20     libucrt:exit.obj
 0003:00004b28       ?thread_local_exit_callback_func@@3P6AXPEAXK0@ZEA 0000000180113b28     libucrt:exit.obj
 0003:00004b40       ?program_name@?1???$common_configure_argv@D@@YAHW4_crt_argv_mode@@@Z@4PADA 0000000180113b40     libucrt:argv_parsing.obj
 0003:00004c98       ?__acrt_invalid_parameter_handler@@3V?$dual_state_global@P6AXPEB_W00I_K@Z@__crt_state_management@@A 0000000180113c98     libucrt:invalid_parameter.obj
 0003:00004ca0       ?module_handles@@3PAPEAUHINSTANCE__@@A 0000000180113ca0     libucrt:winapi_thunks.obj
 0003:00004d40       ?encoded_function_pointers@@3PAPEAXA 0000000180113d40     libucrt:winapi_thunks.obj
 0003:00004e50       ?state_cache@?1???$get_cached_win_policy@Ubegin_thread_init_policy_properties@?1??__acrt_get_begin_thread_init_policy@@YA?AW4begin_thread_init_policy@@XZ@@@YA?AW4begin_thread_init_policy@@W4AppPolicyThreadInitializationType@@@Z@4JA 0000000180113e50     libucrt:win_policies.obj
 0003:00004e68       ?_tzname@@3V?$dual_state_global@PEAPEAD@__crt_state_management@@A 0000000180113e68     libucrt:timeset.obj
 0003:00004e70       ?last_tz@@3PEADEA          0000000180113e70     libucrt:tzset.obj
 0003:00004e80       ?tz_api_used@@3HA          0000000180113e80     libucrt:tzset.obj
 0003:00004e90       ?tz_info@@3U_TIME_ZONE_INFORMATION@@A 0000000180113e90     libucrt:tzset.obj
 0003:00004f3c       ?first_time@?1??__tzset@@9@4JA 0000000180113f3c     libucrt:tzset.obj
 0003:00004f50       ?__acrt_lock_table@@3PAU_RTL_CRITICAL_SECTION@@A 0000000180113f50     libucrt:locks.obj
 0003:00005180       ?__acrt_locks_initialized@@3IA 0000000180114180     libucrt:locks.obj
 0003:000051a0       ?fSystemSet@@3HA           00000001801141a0     libucrt:mbctype.obj
 0003:000051a4       ?initialized@?1??__acrt_initialize_multibyte@@9@4_NA 00000001801141a4     libucrt:mbctype.obj
 0003:000055e8       ?__acrt_new_handler@@3V?$dual_state_global@P6AH_K@Z@__crt_state_management@@A 00000001801145e8     libucrt:new_handler.obj
 0003:000055f0       ?ctrlc_action@@3V?$dual_state_global@P6AXH@Z@__crt_state_management@@A 00000001801145f0     libucrt:signal.obj
 0003:000055f8       ?ctrlbreak_action@@3V?$dual_state_global@P6AXH@Z@__crt_state_management@@A 00000001801145f8     libucrt:signal.obj
 0003:00005600       ?abort_action@@3V?$dual_state_global@P6AXH@Z@__crt_state_management@@A 0000000180114600     libucrt:signal.obj
 0003:00005608       ?term_action@@3V?$dual_state_global@P6AXH@Z@__crt_state_management@@A 0000000180114608     libucrt:signal.obj
 0003:00005610       ?user_matherr@@3V?$dual_state_global@P6AHPEAU_exception@@@Z@__crt_state_management@@A 0000000180114610     libucrt:matherr.obj
 0003:00005640       ?internal_state@?1??_mbtowc_l@@9@4U_Mbstatet@@A 0000000180114640     libucrt:mbtowc.obj
 0003:0000564c       ?__acrt_global_new_mode@@3V?$dual_state_global@J@__crt_state_management@@A 000000018011464c     libucrt:new_mode.obj
 0003:00005658       ?__acrt_app_type@@3W4_crt_app_type@@A 0000000180114658     libucrt:report_runtime_error.obj
 0003:00005660       ?internal_pst@?1??__mbrtoc32_utf8@__crt_mbstring@@YA_KPEA_UPEBD_KPEAU_Mbstatet@@@Z@4U3@A 0000000180114660     libucrt:mbrtoc32.obj
 0003:00005680       mem0                       0000000180114680     sqlite.obj
 0003:000056a0       sqlite3WhereTrace          00000001801146a0     sqlite.obj
 0003:000056a8       sqlite3Hooks               00000001801146a8     sqlite.obj
 0003:000056b8       sqlite3SharedCacheList     00000001801146b8     sqlite.obj
 0003:000056c0       winBigLock                 00000001801146c0     sqlite.obj
 0003:000056c8       ?nullElement@?1??findElementWithHash@@9@9 00000001801146c8     sqlite.obj
 0003:000056e8       ?aNull@?1??jsonFunctionArgToBlob@@9@9 00000001801146e8     sqlite.obj
 0003:000056f0       sqlite3Stat                00000001801146f0     sqlite.obj
 0003:00005790       winMutex_lock              0000000180114790     sqlite.obj
 0003:00005798       winShmNodeList             0000000180114798     sqlite.obj
 0003:000057a0       sqlite3TreeTrace           00000001801147a0     sqlite.obj
 0003:000057a4       ?fakeCursor@?1??sqlite3BtreeFakeValidCursor@@9@9 00000001801147a4     sqlite.obj
 0003:000057a8       winMutex_isInit            00000001801147a8     sqlite.obj
 0003:000057b0       sqlite3Autoext             00000001801147b0     sqlite.obj
 0003:000057c0       vfsList                    00000001801147c0     sqlite.obj
 0003:000057d0       winSysInfo                 00000001801147d0     sqlite.obj
 0003:00005800       pcache1_g                  0000000180114800     sqlite.obj
 0003:00005890       ?dummy@?1??sqlite3VdbeGetOp@@9@9 0000000180114890     sqlite.obj
 0003:000058a8       memdb_g                    00000001801148a8     sqlite.obj
 0003:000058c0       sqlite3BuiltinFunctions    00000001801148c0     sqlite.obj
 0003:00005980       sqlite3Prng                0000000180114980     sqlite.obj
 0003:00005a10       sqlite3SavedPrng           0000000180114a10     sqlite.obj
 0003:00005a98       ?FunctionPointer@?1??Wrapper_WakeAllConditionVariable@@9@4Q6AXPEAU_RTL_CONDITION_VARIABLE@@@ZEA 0000000180114a98     vc_crt_fix_impl.obj
 0003:00005aa0       ?$S21@?1??Wrapper_ReleaseSRWLockExclusive@@9@4IA 0000000180114aa0     vc_crt_fix_impl.obj
 0003:00005aa4       ?$S15@?1??Wrapper_InitializeCriticalSectionEx@@9@4IA 0000000180114aa4     vc_crt_fix_impl.obj
 0003:00005aa8       ?$S17@?1??Wrapper_LCMapStringEx@@9@4IA 0000000180114aa8     vc_crt_fix_impl.obj
 0003:00005ab0       ?FunctionPointer@?1??Wrapper_LCMapStringEx@@9@4Q6AHPEB_WK0HPEA_WHPEAU_nlsversioninfo@@PEAX_J@ZEA 0000000180114ab0     vc_crt_fix_impl.obj
 0003:00005ab8       ?$S18@?1??Wrapper_SleepConditionVariableSRW@@9@4IA 0000000180114ab8     vc_crt_fix_impl.obj
 0003:00005abc       ?$S20@?1??Wrapper_AcquireSRWLockExclusive@@9@4IA 0000000180114abc     vc_crt_fix_impl.obj
 0003:00005ac0       ?FunctionPointer@?1??Wrapper_InitializeCriticalSectionEx@@9@4Q6AHPEAU_RTL_CRITICAL_SECTION@@KK@ZEA 0000000180114ac0     vc_crt_fix_impl.obj
 0003:00005ac8       ?$S19@?1??Wrapper_WakeAllConditionVariable@@9@4IA 0000000180114ac8     vc_crt_fix_impl.obj
 0003:00005ad0       ?FunctionPointer@?1??Wrapper_ReleaseSRWLockExclusive@@9@4Q6AXPEAU_RTL_SRWLOCK@@@ZEA 0000000180114ad0     vc_crt_fix_impl.obj
 0003:00005ad8       ?FunctionPointer@?1??Wrapper_SleepConditionVariableSRW@@9@4Q6AHPEAU_RTL_CONDITION_VARIABLE@@PEAU_RTL_SRWLOCK@@KK@ZEA 0000000180114ad8     vc_crt_fix_impl.obj
 0003:00005ae0       ?$S16@?1??Wrapper_CompareStringEx@@9@4IA 0000000180114ae0     vc_crt_fix_impl.obj
 0003:00005ae8       ?FunctionPointer@?1??Wrapper_CompareStringEx@@9@4Q6AHPEB_WK0H0HPEAU_nlsversioninfo@@PEAX_J@ZEA 0000000180114ae8     vc_crt_fix_impl.obj
 0003:00005af0       ?FunctionPointer@?1??Wrapper_AcquireSRWLockExclusive@@9@4Q6AXPEAU_RTL_SRWLOCK@@@ZEA 0000000180114af0     vc_crt_fix_impl.obj
 0005:00000060       $R000000                   000000018011f060     sqlite.res
